
========== RTKRCV 启动 ==========
时间: 2025-11-16T06:38:02.614Z
配置文件: 3530812.conf
进程 PID: 3451502
================================


[TCP数据流] 2025/11/16 14:38:07 - 浮点解 (30颗卫星)
  ECEF: X=-1932877.1689 Y=5106590.2350 Z=3286374.6267
  LLH:  Lat=31.213318469° Lon=110.731975860° H=445.8638m
  原始数据:
2025/11/16 06:38:25.000   31.213318469  110.731975860   445.8638   2  30   0.6348   0.6369   1.8598   0.0616   0.1437  -0.7644   0.00    0.0 3530812

[TCP数据流] 2025/11/16 14:38:08 - 浮点解 (30颗卫星)
  ECEF: X=-1932877.1516 Y=5106590.3061 Z=3286374.6005
  LLH:  Lat=31.213317985° Lon=110.731975426° H=445.9018m
  原始数据:
2025/11/16 06:38:26.000   31.213317985  110.731975426   445.9018   2  30   0.4613   0.4652   1.3587   0.0426   0.0991  -0.5548   0.00    0.0 3530812

[TCP数据流] 2025/11/16 14:38:09 - 浮点解 (30颗卫星)
  ECEF: X=-1932877.1099 Y=5106590.0968 Z=3286374.5218
  LLH:  Lat=31.213318362° Lon=110.731975794° H=445.6810m
  原始数据:
2025/11/16 06:38:27.000   31.213318362  110.731975794   445.6810   2  30   0.3799   0.3841   1.1202   0.0339   0.0809  -0.4562   0.00    0.0 3530812

[TCP数据流] 2025/11/16 14:38:10 - 浮点解 (30颗卫星)
  ECEF: X=-1932877.0429 Y=5106590.0208 Z=3286374.4907
  LLH:  Lat=31.213318565° Lon=110.731975419° H=445.5839m
  原始数据:
2025/11/16 06:38:28.000   31.213318565  110.731975419   445.5839   2  30   0.3302   0.3345   0.9731   0.0284   0.0710  -0.3957   0.00    0.0 3530812

[TCP数据流] 2025/11/16 14:38:11 - 浮点解 (30颗卫星)
  ECEF: X=-1932876.8570 Y=5106589.7156 Z=3286374.3402
  LLH:  Lat=31.213319046° Lon=110.731974728° H=445.2055m
  原始数据:
2025/11/16 06:38:29.000   31.213319046  110.731974728   445.2055   2  30   0.2957   0.3001   0.8702   0.0242   0.0648  -0.3535   0.00    0.0 3530812

[TCP数据流] 2025/11/16 14:38:12 - 浮点解 (30颗卫星)
  ECEF: X=-1932876.7844 Y=5106589.6092 Z=3286374.2797
  LLH:  Lat=31.213319164° Lon=110.731974411° H=445.0670m
  原始数据:
2025/11/16 06:38:30.000   31.213319164  110.731974411   445.0670   2  30   0.2700   0.2746   0.7926   0.0209   0.0606  -0.3218   0.00    0.0 3530812

[TCP数据流] 2025/11/16 14:38:13 - 浮点解 (30颗卫星)
  ECEF: X=-1932876.7565 Y=5106589.5867 Z=3286374.2601
  LLH:  Lat=31.213319158° Lon=110.731974221° H=445.0304m
  原始数据:
2025/11/16 06:38:31.000   31.213319158  110.731974221   445.0304   2  30   0.2497   0.2545   0.7311   0.0179   0.0578  -0.2966   0.00    0.0 3530812

[TCP数据流] 2025/11/16 14:38:14 - 浮点解 (30颗卫星)
  ECEF: X=-1932876.7408 Y=5106589.5153 Z=3286374.2246
  LLH:  Lat=31.213319222° Lon=110.731974332° H=444.9501m
  原始数据:
2025/11/16 06:38:32.000   31.213319222  110.731974332   444.9501   2  30   0.2332   0.2383   0.6805   0.0151   0.0558  -0.2759   0.00    0.0 3530812

[TCP数据流] 2025/11/16 14:38:15 - 浮点解 (30颗卫星)
  ECEF: X=-1932876.7251 Y=5106589.4436 Z=3286374.1889
  LLH:  Lat=31.213319286° Lon=110.731974444° H=444.8696m
  原始数据:
2025/11/16 06:38:33.000   31.213319286  110.731974444   444.8696   2  30   0.2194   0.2248   0.6378   0.0123   0.0544  -0.2584   0.00    0.0 3530812

[TCP数据流] 2025/11/16 14:38:16 - 浮点解 (30颗卫星)
  ECEF: X=-1932876.7121 Y=5106589.3935 Z=3286374.1676
  LLH:  Lat=31.213319362° Lon=110.731974502° H=444.8145m
  原始数据:
2025/11/16 06:38:34.000   31.213319362  110.731974502   444.8145   2  30   0.2076   0.2134   0.6009   0.0092   0.0534  -0.2433   0.00    0.0 3530812

[TCP数据流] 2025/11/16 14:38:17 - 浮点解 (30颗卫星)
  ECEF: X=-1932876.6310 Y=5106589.1705 Z=3286374.0566
  LLH:  Lat=31.213319615° Lon=110.731974535° H=444.5540m
  原始数据:
2025/11/16 06:38:35.000   31.213319615  110.731974535   444.5540   2  30   0.1974   0.2035   0.5688   0.0056   0.0525  -0.2301   1.00    0.0 3530812

[TCP数据流] 2025/11/16 14:38:18 - 浮点解 (30颗卫星)
  ECEF: X=-1932876.6408 Y=5106589.1930 Z=3286374.0573
  LLH:  Lat=31.213319506° Lon=110.731974547° H=444.5754m
  原始数据:
2025/11/16 06:38:36.000   31.213319506  110.731974547   444.5754   2  30   0.1883   0.1948   0.5399  -0.0044   0.0520  -0.2183   0.00    0.0 3530812

[TCP数据流] 2025/11/16 14:38:19 - 浮点解 (30颗卫星)
  ECEF: X=-1932876.6041 Y=5106589.0894 Z=3286373.9949
  LLH:  Lat=31.213319538° Lon=110.731974572° H=444.4490m
  原始数据:
2025/11/16 06:38:37.000   31.213319538  110.731974572   444.4490   2  30   0.1803   0.1871   0.5143  -0.0079   0.0516  -0.2078   1.00    0.0 3530812

[TCP数据流] 2025/11/16 14:38:20 - 浮点解 (30颗卫星)
  ECEF: X=-1932876.6148 Y=5106589.1171 Z=3286374.0043
  LLH:  Lat=31.213319472° Lon=110.731974574° H=444.4793m
  原始数据:
2025/11/16 06:38:38.000   31.213319472  110.731974574   444.4793   2  30   0.1730   0.1803   0.4906  -0.0102   0.0513  -0.1981   0.00    0.0 3530812

[TCP数据流] 2025/11/16 14:38:21 - 浮点解 (30颗卫星)
  ECEF: X=-1932876.6141 Y=5106589.1150 Z=3286374.0210
  LLH:  Lat=31.213319611° Lon=110.731974575° H=444.4861m
  原始数据:
2025/11/16 06:38:39.000   31.213319611  110.731974575   444.4861   2  30   0.1664   0.1741   0.4691  -0.0119   0.0512  -0.1892   0.00    1.5 3530812

[TCP数据流] 2025/11/16 14:38:22 - 浮点解 (30颗卫星)
  ECEF: X=-1932876.6517 Y=5106589.1890 Z=3286374.0668
  LLH:  Lat=31.213319578° Lon=110.731974669° H=444.5804m
  原始数据:
2025/11/16 06:38:40.000   31.213319578  110.731974669   444.5804   2  30   0.1604   0.1685   0.4492  -0.0132   0.0511  -0.1810   0.00    1.5 3530812

[TCP数据流] 2025/11/16 14:38:25 - 浮点解 (30颗卫星)
  ECEF: X=-1932876.6512 Y=5106589.2075 Z=3286374.0663
  LLH:  Lat=31.213319494° Lon=110.731974596° H=444.5948m
  原始数据:
2025/11/16 06:38:43.000   31.213319494  110.731974596   444.5948   2  30   0.1543   0.1633   0.4271  -0.0153   0.0520  -0.1719   0.00    2.4 3530812

[TCP数据流] 2025/11/16 14:38:26 - 浮点解 (30颗卫星)
  ECEF: X=-1932876.6277 Y=5106589.1596 Z=3286374.0563
  LLH:  Lat=31.213319666° Lon=110.731974543° H=444.5442m
  原始数据:
2025/11/16 06:38:44.000   31.213319666  110.731974543   444.5442   2  30   0.1487   0.1586   0.4073  -0.0168   0.0525  -0.1637   0.00    2.5 3530812

[TCP数据流] 2025/11/16 14:38:27 - 浮点解 (24颗卫星)
  ECEF: X=-1932876.6181 Y=5106589.1450 Z=3286374.0395
  LLH:  Lat=31.213319616° Lon=110.731974503° H=444.5209m
  原始数据:
2025/11/16 06:38:45.000   31.213319616  110.731974503   444.5209   2  24   0.1448   0.1548   0.3935  -0.0188   0.0529  -0.1588   0.00    3.0 3530812

[TCP数据流] 2025/11/16 14:38:28 - 固定解 (23颗卫星)
  ECEF: X=-1932877.0252 Y=5106589.0207 Z=3286374.3123
  LLH:  Lat=31.213321590° Lon=110.731978960° H=444.6861m
  原始数据:
2025/11/16 06:38:46.000   31.213321590  110.731978960   444.6861   1  23   0.0006   0.0007   0.0020   0.0001  -0.0004  -0.0007   0.00    4.7 3530812

[TCP数据流] 2025/11/16 14:38:29 - 固定解 (30颗卫星)
  ECEF: X=-1932877.0252 Y=5106589.0206 Z=3286374.3123
  LLH:  Lat=31.213321590° Lon=110.731978960° H=444.6860m
  原始数据:
2025/11/16 06:38:47.000   31.213321590  110.731978960   444.6860   1  30   0.0006   0.0007   0.0019   0.0001  -0.0004  -0.0007   0.00    4.7 3530812

[TCP数据流] 2025/11/16 14:38:31 - 固定解 (30颗卫星)
  ECEF: X=-1932877.0252 Y=5106589.0204 Z=3286374.3122
  LLH:  Lat=31.213321590° Lon=110.731978961° H=444.6858m
  原始数据:
2025/11/16 06:38:49.000   31.213321590  110.731978961   444.6858   1  30   0.0006   0.0007   0.0019   0.0001  -0.0003  -0.0007   0.00    4.7 3530812

[TCP数据流] 2025/11/16 14:38:32 - 固定解 (30颗卫星)
  ECEF: X=-1932877.0251 Y=5106589.0204 Z=3286374.3123
  LLH:  Lat=31.213321591° Lon=110.731978960° H=444.6858m
  原始数据:
2025/11/16 06:38:50.000   31.213321591  110.731978960   444.6858   1  30   0.0006   0.0007   0.0018   0.0001  -0.0003  -0.0007   0.00    4.7 3530812

[TCP数据流] 2025/11/16 14:38:33 - 固定解 (30颗卫星)
  ECEF: X=-1932877.0251 Y=5106589.0204 Z=3286374.3123
  LLH:  Lat=31.213321591° Lon=110.731978960° H=444.6858m
  原始数据:
2025/11/16 06:38:51.000   31.213321591  110.731978960   444.6858   1  30   0.0005   0.0007   0.0018   0.0001  -0.0003  -0.0007   0.00    4.7 3530812

[TCP数据流] 2025/11/16 14:38:34 - 固定解 (30颗卫星)
  ECEF: X=-1932877.0251 Y=5106589.0203 Z=3286374.3122
  LLH:  Lat=31.213321591° Lon=110.731978960° H=444.6857m
  原始数据:
2025/11/16 06:38:52.000   31.213321591  110.731978960   444.6857   1  30   0.0005   0.0007   0.0018   0.0001  -0.0003  -0.0006   0.00    4.7 3530812

[TCP数据流] 2025/11/16 14:38:35 - 固定解 (30颗卫星)
  ECEF: X=-1932877.0251 Y=5106589.0203 Z=3286374.3122
  LLH:  Lat=31.213321591° Lon=110.731978961° H=444.6857m
  原始数据:
2025/11/16 06:38:53.000   31.213321591  110.731978961   444.6857   1  30   0.0005   0.0007   0.0017   0.0001  -0.0003  -0.0006   0.00    4.7 3530812

[TCP数据流] 2025/11/16 14:38:37 - 固定解 (30颗卫星)
  ECEF: X=-1932877.0251 Y=5106589.0203 Z=3286374.3122
  LLH:  Lat=31.213321591° Lon=110.731978960° H=444.6857m
  原始数据:
2025/11/16 06:38:55.000   31.213321591  110.731978960   444.6857   1  30   0.0005   0.0006   0.0017   0.0001  -0.0003  -0.0006   0.00    4.7 3530812

[TCP数据流] 2025/11/16 14:38:38 - 固定解 (30颗卫星)
  ECEF: X=-1932877.0250 Y=5106589.0203 Z=3286374.3121
  LLH:  Lat=31.213321590° Lon=110.731978960° H=444.6856m
  原始数据:
2025/11/16 06:38:56.000   31.213321590  110.731978960   444.6856   1  30   0.0005   0.0006   0.0017   0.0001  -0.0003  -0.0006   0.00    4.7 3530812

[TCP数据流] 2025/11/16 14:38:39 - 固定解 (30颗卫星)
  ECEF: X=-1932877.0249 Y=5106589.0203 Z=3286374.3120
  LLH:  Lat=31.213321590° Lon=110.731978959° H=444.6855m
  原始数据:
2025/11/16 06:38:57.000   31.213321590  110.731978959   444.6855   1  30   0.0005   0.0006   0.0016   0.0001  -0.0003  -0.0006   0.00    4.7 3530812

[TCP数据流] 2025/11/16 14:38:40 - 固定解 (30颗卫星)
  ECEF: X=-1932877.0249 Y=5106589.0202 Z=3286374.3120
  LLH:  Lat=31.213321590° Lon=110.731978959° H=444.6854m
  原始数据:
2025/11/16 06:38:58.000   31.213321590  110.731978959   444.6854   1  30   0.0005   0.0006   0.0016   0.0001  -0.0003  -0.0006   0.00    4.7 3530812

[TCP数据流] 2025/11/16 14:38:41 - 固定解 (30颗卫星)
  ECEF: X=-1932877.0249 Y=5106589.0201 Z=3286374.3119
  LLH:  Lat=31.213321590° Lon=110.731978959° H=444.6853m
  原始数据:
2025/11/16 06:38:59.000   31.213321590  110.731978959   444.6853   1  30   0.0005   0.0006   0.0016   0.0001  -0.0003  -0.0006   0.00    4.7 3530812

[TCP数据流] 2025/11/16 14:38:42 - 固定解 (30颗卫星)
  ECEF: X=-1932877.0249 Y=5106589.0200 Z=3286374.3119
  LLH:  Lat=31.213321590° Lon=110.731978960° H=444.6852m
  原始数据:
2025/11/16 06:39:00.000   31.213321590  110.731978960   444.6852   1  30   0.0005   0.0006   0.0015   0.0001  -0.0003  -0.0006   0.00    4.7 3530812

[TCP数据流] 2025/11/16 14:38:43 - 固定解 (30颗卫星)
  ECEF: X=-1932877.0249 Y=5106589.0200 Z=3286374.3119
  LLH:  Lat=31.213321590° Lon=110.731978960° H=444.6852m
  原始数据:
2025/11/16 06:39:01.000   31.213321590  110.731978960   444.6852   1  30   0.0005   0.0006   0.0015   0.0001  -0.0003  -0.0006   0.00    4.7 3530812

[TCP数据流] 2025/11/16 14:38:44 - 固定解 (30颗卫星)
  ECEF: X=-1932877.0248 Y=5106589.0199 Z=3286374.3118
  LLH:  Lat=31.213321590° Lon=110.731978959° H=444.6851m
  原始数据:
2025/11/16 06:39:02.000   31.213321590  110.731978959   444.6851   1  30   0.0005   0.0006   0.0015   0.0001  -0.0003  -0.0005   0.00    4.7 3530812

[TCP数据流] 2025/11/16 14:38:45 - 固定解 (30颗卫星)
  ECEF: X=-1932877.0247 Y=5106589.0198 Z=3286374.3117
  LLH:  Lat=31.213321590° Lon=110.731978959° H=444.6849m
  原始数据:
2025/11/16 06:39:03.000   31.213321590  110.731978959   444.6849   1  30   0.0004   0.0006   0.0015   0.0001  -0.0003  -0.0005   0.00    4.7 3530812

[TCP数据流] 2025/11/16 14:38:46 - 固定解 (30颗卫星)
  ECEF: X=-1932877.0247 Y=5106589.0198 Z=3286374.3117
  LLH:  Lat=31.213321590° Lon=110.731978959° H=444.6849m
  原始数据:
2025/11/16 06:39:04.000   31.213321590  110.731978959   444.6849   1  30   0.0004   0.0006   0.0015   0.0001  -0.0003  -0.0005   0.00    4.7 3530812

[TCP数据流] 2025/11/16 14:38:47 - 固定解 (30颗卫星)
  ECEF: X=-1932877.0247 Y=5106589.0197 Z=3286374.3117
  LLH:  Lat=31.213321590° Lon=110.731978959° H=444.6848m
  原始数据:
2025/11/16 06:39:05.000   31.213321590  110.731978959   444.6848   1  30   0.0004   0.0005   0.0014   0.0001  -0.0003  -0.0005   0.00    4.7 3530812

[TCP数据流] 2025/11/16 14:38:48 - 固定解 (30颗卫星)
  ECEF: X=-1932877.0265 Y=5106589.0209 Z=3286374.3128
  LLH:  Lat=31.213321591° Lon=110.731978972° H=444.6869m
  原始数据:
2025/11/16 06:39:06.000   31.213321591  110.731978972   444.6869   1  30   0.0004   0.0005   0.0014   0.0001  -0.0003  -0.0005   0.00    4.5 3530812

[TCP数据流] 2025/11/16 14:38:49 - 固定解 (30颗卫星)
  ECEF: X=-1932877.0250 Y=5106589.0199 Z=3286374.3118
  LLH:  Lat=31.213321590° Lon=110.731978961° H=444.6851m
  原始数据:
2025/11/16 06:39:07.000   31.213321590  110.731978961   444.6851   1  30   0.0004   0.0005   0.0014   0.0001  -0.0003  -0.0005   0.00    3.9 3530812

[TCP数据流] 2025/11/16 14:38:50 - 固定解 (30颗卫星)
  ECEF: X=-1932877.0257 Y=5106589.0211 Z=3286374.3114
  LLH:  Lat=31.213321580° Lon=110.731978963° H=444.6861m
  原始数据:
2025/11/16 06:39:08.000   31.213321580  110.731978963   444.6861   1  30   0.0004   0.0005   0.0013   0.0001  -0.0003  -0.0005   0.00    4.3 3530812

[TCP数据流] 2025/11/16 14:38:51 - 固定解 (21颗卫星)
  ECEF: X=-1932877.0280 Y=5106589.0114 Z=3286374.3038
  LLH:  Lat=31.213321560° Lon=110.731979022° H=444.6751m
  原始数据:
2025/11/16 06:39:09.000   31.213321560  110.731979022   444.6751   1  21   0.0005   0.0008   0.0018  -0.0001  -0.0008  -0.0006   0.00    7.7 3530812

[TCP数据流] 2025/11/16 14:38:52 - 固定解 (30颗卫星)
  ECEF: X=-1932877.0254 Y=5106589.0192 Z=3286374.3107
  LLH:  Lat=31.213321584° Lon=110.731978968° H=444.6841m
  原始数据:
2025/11/16 06:39:10.000   31.213321584  110.731978968   444.6841   1  30   0.0004   0.0005   0.0013   0.0000  -0.0003  -0.0005   0.00    4.3 3530812

[TCP数据流] 2025/11/16 14:38:53 - 固定解 (30颗卫星)
  ECEF: X=-1932877.0255 Y=5106589.0191 Z=3286374.3108
  LLH:  Lat=31.213321585° Lon=110.731978969° H=444.6841m
  原始数据:
2025/11/16 06:39:11.000   31.213321585  110.731978969   444.6841   1  30   0.0004   0.0005   0.0013   0.0000  -0.0003  -0.0005   0.00    4.3 3530812

[TCP数据流] 2025/11/16 14:38:54 - 固定解 (30颗卫星)
  ECEF: X=-1932877.0270 Y=5106589.0218 Z=3286374.3098
  LLH:  Lat=31.213321563° Lon=110.731978974° H=444.6862m
  原始数据:
2025/11/16 06:39:12.000   31.213321563  110.731978974   444.6862   1  30   0.0004   0.0005   0.0012   0.0000  -0.0003  -0.0005   0.00    3.4 3530812

[TCP数据流] 2025/11/16 14:38:55 - 固定解 (30颗卫星)
  ECEF: X=-1932877.0270 Y=5106589.0218 Z=3286374.3098
  LLH:  Lat=31.213321563° Lon=110.731978974° H=444.6862m
  原始数据:
2025/11/16 06:39:13.000   31.213321563  110.731978974   444.6862   1  30   0.0004   0.0005   0.0012   0.0000  -0.0003  -0.0005   1.00    3.4 3530812

[TCP数据流] 2025/11/16 14:38:56 - 固定解 (30颗卫星)
  ECEF: X=-1932877.0271 Y=5106589.0183 Z=3286374.3084
  LLH:  Lat=31.213321567° Lon=110.731978988° H=444.6827m
  原始数据:
2025/11/16 06:39:14.000   31.213321567  110.731978988   444.6827   1  30   0.0004   0.0004   0.0012  -0.0001  -0.0002  -0.0004   0.00    3.4 3530812

[TCP数据流] 2025/11/16 14:38:57 - 固定解 (30颗卫星)
  ECEF: X=-1932877.0272 Y=5106589.0184 Z=3286374.3084
  LLH:  Lat=31.213321567° Lon=110.731978988° H=444.6828m
  原始数据:
2025/11/16 06:39:15.000   31.213321567  110.731978988   444.6828   1  30   0.0004   0.0004   0.0011  -0.0001  -0.0002  -0.0004   0.00    3.4 3530812

[TCP数据流] 2025/11/16 14:38:58 - 固定解 (30颗卫星)
  ECEF: X=-1932877.0270 Y=5106589.0133 Z=3286374.3064
  LLH:  Lat=31.213321574° Lon=110.731979005° H=444.6776m
  原始数据:
2025/11/16 06:39:16.000   31.213321574  110.731979005   444.6776   1  30   0.0003   0.0004   0.0011  -0.0001  -0.0001  -0.0004   0.00    3.1 3530812

[TCP数据流] 2025/11/16 14:38:59 - 固定解 (30颗卫星)
  ECEF: X=-1932877.0269 Y=5106589.0133 Z=3286374.3064
  LLH:  Lat=31.213321574° Lon=110.731979004° H=444.6776m
  原始数据:
2025/11/16 06:39:17.000   31.213321574  110.731979004   444.6776   1  30   0.0003   0.0004   0.0011  -0.0001  -0.0001  -0.0004   0.00    3.1 3530812

[TCP数据流] 2025/11/16 14:39:00 - 固定解 (23颗卫星)
  ECEF: X=-1932877.0249 Y=5106589.0200 Z=3286374.3118
  LLH:  Lat=31.213321589° Lon=110.731978960° H=444.6852m
  原始数据:
2025/11/16 06:39:18.000   31.213321589  110.731978960   444.6852   1  23   0.0004   0.0005   0.0012   0.0001  -0.0002  -0.0005   0.00    4.9 3530812

[TCP数据流] 2025/11/16 14:39:01 - 固定解 (30颗卫星)
  ECEF: X=-1932877.0269 Y=5106589.0134 Z=3286374.3066
  LLH:  Lat=31.213321575° Lon=110.731979004° H=444.6778m
  原始数据:
2025/11/16 06:39:19.000   31.213321575  110.731979004   444.6778   1  30   0.0003   0.0004   0.0011  -0.0001  -0.0001  -0.0004   0.00    3.1 3530812

[TCP数据流] 2025/11/16 14:39:02 - 固定解 (30颗卫星)
  ECEF: X=-1932877.0269 Y=5106589.0134 Z=3286374.3065
  LLH:  Lat=31.213321574° Lon=110.731979004° H=444.6778m
  原始数据:
2025/11/16 06:39:20.000   31.213321574  110.731979004   444.6778   1  30   0.0003   0.0004   0.0011  -0.0001  -0.0001  -0.0004   0.00    3.1 3530812

[TCP数据流] 2025/11/16 14:41:25 - 固定解 (30颗卫星)
  ECEF: X=-1932877.0299 Y=5106589.0133 Z=3286374.3076
  LLH:  Lat=31.213321578° Lon=110.731979034° H=444.6792m
  原始数据:
2025/11/16 06:41:43.000   31.213321578  110.731979034   444.6792   1  30   0.0003   0.0004   0.0010  -0.0001  -0.0001  -0.0004   0.00    3.1 3530812

[TCP数据流] 2025/11/16 14:41:26 - 固定解 (30颗卫星)
  ECEF: X=-1932877.0300 Y=5106589.0135 Z=3286374.3077
  LLH:  Lat=31.213321578° Lon=110.731979034° H=444.6794m
  原始数据:
2025/11/16 06:41:44.000   31.213321578  110.731979034   444.6794   1  30   0.0003   0.0004   0.0010  -0.0001  -0.0001  -0.0004   0.00    3.1 3530812

[TCP数据流] 2025/11/16 14:41:27 - 固定解 (30颗卫星)
  ECEF: X=-1932877.0302 Y=5106589.0136 Z=3286374.3078
  LLH:  Lat=31.213321578° Lon=110.731979035° H=444.6796m
  原始数据:
2025/11/16 06:41:45.000   31.213321578  110.731979035   444.6796   1  30   0.0003   0.0004   0.0010  -0.0001  -0.0001  -0.0004   0.00    3.1 3530812

[TCP数据流] 2025/11/16 14:41:28 - 固定解 (30颗卫星)
  ECEF: X=-1932877.0302 Y=5106589.0138 Z=3286374.3079
  LLH:  Lat=31.213321578° Lon=110.731979035° H=444.6798m
  原始数据:
2025/11/16 06:41:46.000   31.213321578  110.731979035   444.6798   1  30   0.0003   0.0004   0.0010  -0.0001  -0.0001  -0.0004   0.00    3.1 3530812

[TCP数据流] 2025/11/16 14:41:29 - 固定解 (30颗卫星)
  ECEF: X=-1932877.0304 Y=5106589.0139 Z=3286374.3080
  LLH:  Lat=31.213321578° Lon=110.731979036° H=444.6800m
  原始数据:
2025/11/16 06:41:47.000   31.213321578  110.731979036   444.6800   1  30   0.0003   0.0004   0.0010  -0.0001  -0.0001  -0.0004   0.00    3.1 3530812

[TCP数据流] 2025/11/16 14:41:30 - 固定解 (30颗卫星)
  ECEF: X=-1932877.0305 Y=5106589.0140 Z=3286374.3080
  LLH:  Lat=31.213321577° Lon=110.731979037° H=444.6801m
  原始数据:
2025/11/16 06:41:48.000   31.213321577  110.731979037   444.6801   1  30   0.0003   0.0004   0.0009  -0.0001   0.0001  -0.0004   0.00    3.1 3530812

[TCP数据流] 2025/11/16 14:41:31 - 固定解 (30颗卫星)
  ECEF: X=-1932877.0306 Y=5106589.0142 Z=3286374.3081
  LLH:  Lat=31.213321577° Lon=110.731979037° H=444.6803m
  原始数据:
2025/11/16 06:41:49.000   31.213321577  110.731979037   444.6803   1  30   0.0003   0.0004   0.0009  -0.0001   0.0001  -0.0004   0.00    3.1 3530812

[TCP数据流] 2025/11/16 14:41:32 - 固定解 (30颗卫星)
  ECEF: X=-1932877.0307 Y=5106589.0142 Z=3286374.3081
  LLH:  Lat=31.213321577° Lon=110.731979038° H=444.6804m
  原始数据:
2025/11/16 06:41:50.000   31.213321577  110.731979038   444.6804   1  30   0.0003   0.0003   0.0009  -0.0001   0.0001  -0.0004   0.00    3.1 3530812

========== RTKRCV 退出 ==========
时间: 2025-11-16T06:41:32.691Z
退出码: 0
信号: null
================================

