
========== RTKRCV 启动 ==========
时间: 2025-11-16T06:31:24.506Z
配置文件: 6539837.conf
进程 PID: 3450297
================================


[TCP数据流] 2025/11/16 14:31:30 - 浮点解 (25颗卫星)
  ECEF: X=-1798969.7848 Y=5608298.6102 Z=2439752.9536
  LLH:  Lat=22.637498263° Lon=107.784643867° H=92.8185m
  原始数据:
2025/11/16 06:31:48.000   22.637498263  107.784643867    92.8185   2  25   0.5995   0.7349   2.0705   0.2471   0.5377   0.1217   1.00    0.0 6539837

[TCP数据流] 2025/11/16 14:31:31 - 浮点解 (25颗卫星)
  ECEF: X=-1798970.0842 Y=5608298.6538 Z=2439753.0846
  LLH:  Lat=22.637498893° Lon=107.784646511° H=92.9917m
  原始数据:
2025/11/16 06:31:49.000   22.637498893  107.784646511    92.9917   2  25   0.4289   0.5265   1.4906   0.1729   0.3761   0.0938   1.00    0.0 6539837

[TCP数据流] 2025/11/16 14:31:32 - 浮点解 (25颗卫星)
  ECEF: X=-1798970.4778 Y=5608299.2449 Z=2439753.4597
  LLH:  Lat=22.637499645° Lon=107.784648401° H=93.7665m
  原始数据:
2025/11/16 06:31:50.000   22.637499645  107.784648401    93.7665   2  25   0.3518   0.4319   1.2236   0.1403   0.3057   0.0771   1.00    0.0 6539837

[TCP数据流] 2025/11/16 14:31:33 - 浮点解 (25颗卫星)
  ECEF: X=-1798970.9825 Y=5608299.7920 Z=2439753.8952
  LLH:  Lat=22.637500928° Lon=107.784651450° H=94.5572m
  原始数据:
2025/11/16 06:31:51.000   22.637500928  107.784651450    94.5572   2  25   0.3053   0.3753   1.0627   0.1204   0.2657   0.0635   1.00    0.0 6539837

[TCP数据流] 2025/11/16 14:31:34 - 浮点解 (25颗卫星)
  ECEF: X=-1798971.1992 Y=5608300.3210 Z=2439754.1982
  LLH:  Lat=22.637501473° Lon=107.784651886° H=95.1999m
  原始数据:
2025/11/16 06:31:52.000   22.637501473  107.784651886    95.1999   2  25   0.2734   0.3363   0.9511   0.1071   0.2380   0.0547   1.00    0.0 6539837

[TCP数据流] 2025/11/16 14:31:35 - 浮点解 (25颗卫星)
  ECEF: X=-1798971.3853 Y=5608300.6734 Z=2439754.4119
  LLH:  Lat=22.637501890° Lon=107.784652562° H=95.6443m
  原始数据:
2025/11/16 06:31:53.000   22.637501890  107.784652562    95.6443   2  25   0.2495   0.3072   0.8667   0.0977   0.2162   0.0508   1.00    0.0 6539837

[TCP数据流] 2025/11/16 14:31:36 - 浮点解 (25颗卫星)
  ECEF: X=-1798971.4845 Y=5608300.6887 Z=2439754.4974
  LLH:  Lat=22.637502447° Lon=107.784653436° H=95.7186m
  原始数据:
2025/11/16 06:31:54.000   22.637502447  107.784653436    95.7186   2  25   0.2310   0.2846   0.8011   0.0900   0.2001   0.0455   1.00    0.0 6539837

[TCP数据流] 2025/11/16 14:31:37 - 浮点解 (17颗卫星)
  ECEF: X=-1798971.4910 Y=5608300.6262 Z=2439754.4568
  LLH:  Lat=22.637502308° Lon=107.784653682° H=95.6499m
  原始数据:
2025/11/16 06:31:55.000   22.637502308  107.784653682    95.6499   2  17   0.2200   0.2722   0.7618   0.0851   0.1885   0.0296   2.00    0.0 6539837

[TCP数据流] 2025/11/16 14:31:38 - 浮点解 (25颗卫星)
  ECEF: X=-1798971.5256 Y=5608300.5374 Z=2439754.4095
  LLH:  Lat=22.637502171° Lon=107.784654266° H=95.5634m
  原始数据:
2025/11/16 06:31:56.000   22.637502171  107.784654266    95.5634   2  25   0.2074   0.2575   0.7177   0.0816   0.1808   0.0363   3.00    0.0 6539837

[TCP数据流] 2025/11/16 14:31:39 - 浮点解 (26颗卫星)
  ECEF: X=-1798971.6041 Y=5608300.5805 Z=2439754.4039
  LLH:  Lat=22.637501899° Lon=107.784654865° H=95.6212m
  原始数据:
2025/11/16 06:31:57.000   22.637501899  107.784654865    95.6212   2  26   0.1962   0.2437   0.6765   0.0769   0.1706   0.0334   1.00    0.0 6539837

[TCP数据流] 2025/11/16 14:31:40 - 浮点解 (20颗卫星)
  ECEF: X=-1798971.6716 Y=5608300.5672 Z=2439754.4379
  LLH:  Lat=22.637502154° Lon=107.784655530° H=95.6417m
  原始数据:
2025/11/16 06:31:58.000   22.637502154  107.784655530    95.6417   2  20   0.1887   0.2353   0.6499   0.0753   0.1649   0.0356   2.00    0.0 6539837

[TCP数据流] 2025/11/16 14:31:41 - 浮点解 (26颗卫星)
  ECEF: X=-1798971.6319 Y=5608300.4137 Z=2439754.3644
  LLH:  Lat=22.637502092° Lon=107.784655618° H=95.4673m
  原始数据:
2025/11/16 06:31:59.000   22.637502092  107.784655618    95.4673   2  26   0.1803   0.2246   0.6178   0.0716   0.1557   0.0301   1.00    0.0 6539837

[TCP数据流] 2025/11/16 14:31:42 - 浮点解 (26颗卫星)
  ECEF: X=-1798971.7091 Y=5608300.4324 Z=2439754.3836
  LLH:  Lat=22.637502108° Lon=107.784656278° H=95.5129m
  原始数据:
2025/11/16 06:32:00.000   22.637502108  107.784656278    95.5129   2  26   0.1727   0.2159   0.5892   0.0691   0.1502   0.0322   1.00    0.0 6539837

[TCP数据流] 2025/11/16 14:31:43 - 浮点解 (26颗卫星)
  ECEF: X=-1798971.7102 Y=5608300.3756 Z=2439754.3683
  LLH:  Lat=22.637502167° Lon=107.784656457° H=95.4574m
  原始数据:
2025/11/16 06:32:01.000   22.637502167  107.784656457    95.4574   2  26   0.1660   0.2082   0.5639   0.0668   0.1451   0.0327   1.00    0.0 6539837

[TCP数据流] 2025/11/16 14:31:44 - 浮点解 (26颗卫星)
  ECEF: X=-1798971.7696 Y=5608300.3907 Z=2439754.4103
  LLH:  Lat=22.637502404° Lon=107.784656962° H=95.5035m
  原始数据:
2025/11/16 06:32:02.000   22.637502404  107.784656962    95.5035   2  26   0.1599   0.2012   0.5408   0.0646   0.1406   0.0330   1.00    0.0 6539837

[TCP数据流] 2025/11/16 14:31:45 - 浮点解 (26颗卫星)
  ECEF: X=-1798971.7328 Y=5608300.3701 Z=2439754.3732
  LLH:  Lat=22.637502202° Lon=107.784656683° H=95.4608m
  原始数据:
2025/11/16 06:32:03.000   22.637502202  107.784656683    95.4608   2  26   0.1544   0.1943   0.5189   0.0621   0.1347   0.0309   1.00    0.0 6539837

[TCP数据流] 2025/11/16 14:31:46 - 浮点解 (26颗卫星)
  ECEF: X=-1798971.7524 Y=5608300.3665 Z=2439754.3907
  LLH:  Lat=22.637502339° Lon=107.784656875° H=95.4699m
  原始数据:
2025/11/16 06:32:04.000   22.637502339  107.784656875    95.4699   2  26   0.1494   0.1886   0.4997   0.0603   0.1308   0.0307   1.00    0.0 6539837

[TCP数据流] 2025/11/16 14:31:47 - 浮点解 (26颗卫星)
  ECEF: X=-1798971.6867 Y=5608300.2524 Z=2439754.3275
  LLH:  Lat=22.637502260° Lon=107.784656605° H=95.3268m
  原始数据:
2025/11/16 06:32:05.000   22.637502260  107.784656605    95.3268   2  26   0.1447   0.1829   0.4813   0.0581   0.1260   0.0287   1.00    1.3 6539837

[TCP数据流] 2025/11/16 14:31:48 - 浮点解 (26颗卫星)
  ECEF: X=-1798971.5995 Y=5608300.1383 Z=2439754.2454
  LLH:  Lat=22.637502046° Lon=107.784656137° H=95.1703m
  原始数据:
2025/11/16 06:32:06.000   22.637502046  107.784656137    95.1703   2  26   0.1405   0.1777   0.4645   0.0562   0.1218   0.0270   1.00    1.1 6539837

[TCP数据流] 2025/11/16 14:31:49 - 浮点解 (26颗卫星)
  ECEF: X=-1798971.7037 Y=5608300.2276 Z=2439754.3093
  LLH:  Lat=22.637502172° Lon=107.784656837° H=95.3027m
  原始数据:
2025/11/16 06:32:07.000   22.637502172  107.784656837    95.3027   2  26   0.1365   0.1729   0.4489   0.0544   0.1178   0.0256   1.00    1.1 6539837

[TCP数据流] 2025/11/16 14:31:50 - 浮点解 (26颗卫星)
  ECEF: X=-1798971.7817 Y=5608300.2351 Z=2439754.3339
  LLH:  Lat=22.637502270° Lon=107.784657537° H=95.3408m
  原始数据:
2025/11/16 06:32:08.000   22.637502270  107.784657537    95.3408   2  26   0.1328   0.1684   0.4342   0.0528   0.1140   0.0245   1.00    1.0 6539837

[TCP数据流] 2025/11/16 14:31:51 - 浮点解 (18颗卫星)
  ECEF: X=-1798971.8676 Y=5608300.2524 Z=2439754.3826
  LLH:  Lat=22.637502527° Lon=107.784658281° H=95.3990m
  原始数据:
2025/11/16 06:32:09.000   22.637502527  107.784658281    95.3990   2  18   0.1302   0.1656   0.4228   0.0515   0.1107   0.0211   1.00    1.0 6539837

[TCP数据流] 2025/11/16 14:31:53 - 浮点解 (26颗卫星)
  ECEF: X=-1798971.8844 Y=5608300.2060 Z=2439754.3765
  LLH:  Lat=22.637502612° Lon=107.784658574° H=95.3606m
  原始数据:
2025/11/16 06:32:11.000   22.637502612  107.784658574    95.3606   2  26   0.1269   0.1616   0.4091   0.0500   0.1069   0.0191   1.00    1.0 6539837

[TCP数据流] 2025/11/16 14:31:54 - 浮点解 (26颗卫星)
  ECEF: X=-1798971.9112 Y=5608300.1913 Z=2439754.3808
  LLH:  Lat=22.637502668° Lon=107.784658866° H=95.3569m
  原始数据:
2025/11/16 06:32:12.000   22.637502668  107.784658866    95.3569   2  26   0.1237   0.1579   0.3959   0.0486   0.1036   0.0185   1.00    1.1 6539837

[TCP数据流] 2025/11/16 14:31:55 - 浮点解 (18颗卫星)
  ECEF: X=-1798971.9467 Y=5608300.1533 Z=2439754.3772
  LLH:  Lat=22.637502726° Lon=107.784659308° H=95.3321m
  原始数据:
2025/11/16 06:32:13.000   22.637502726  107.784659308    95.3321   2  18   0.1215   0.1556   0.3854   0.0475   0.1007   0.0154   1.00    1.0 6539837

[TCP数据流] 2025/11/16 14:31:56 - 浮点解 (26颗卫星)
  ECEF: X=-1798971.9805 Y=5608300.1480 Z=2439754.3753
  LLH:  Lat=22.637502692° Lon=107.784659637° H=95.3362m
  原始数据:
2025/11/16 06:32:14.000   22.637502692  107.784659637    95.3362   2  26   0.1186   0.1522   0.3736   0.0462   0.0978   0.0151   1.00    1.0 6539837

[TCP数据流] 2025/11/16 14:31:57 - 浮点解 (26颗卫星)
  ECEF: X=-1798971.9828 Y=5608300.1154 Z=2439754.3478
  LLH:  Lat=22.637502568° Lon=107.784659755° H=95.2976m
  原始数据:
2025/11/16 06:32:15.000   22.637502568  107.784659755    95.2976   2  26   0.1160   0.1491   0.3630   0.0451   0.0952   0.0150   2.00    1.2 6539837

[TCP数据流] 2025/11/16 14:31:58 - 浮点解 (27颗卫星)
  ECEF: X=-1798971.9590 Y=5608300.0336 Z=2439754.2900
  LLH:  Lat=22.637502382° Lon=107.784659778° H=95.1968m
  原始数据:
2025/11/16 06:32:16.000   22.637502382  107.784659778    95.1968   2  27   0.1137   0.1462   0.3537   0.0441   0.0929   0.0148   3.00    1.0 6539837

[TCP数据流] 2025/11/16 14:31:59 - 浮点解 (27颗卫星)
  ECEF: X=-1798971.9630 Y=5608299.9718 Z=2439754.2596
  LLH:  Lat=22.637502329° Lon=107.784659998° H=95.1319m
  原始数据:
2025/11/16 06:32:17.000   22.637502329  107.784659998    95.1319   2  27   0.1112   0.1434   0.3435   0.0429   0.0904   0.0140   1.00    1.1 6539837

[TCP数据流] 2025/11/16 14:32:00 - 浮点解 (27颗卫星)
  ECEF: X=-1798971.9487 Y=5608299.9512 Z=2439754.2434
  LLH:  Lat=22.637502278° Lon=107.784659927° H=95.1035m
  原始数据:
2025/11/16 06:32:18.000   22.637502278  107.784659927    95.1035   2  27   0.1089   0.1407   0.3338   0.0418   0.0881   0.0137   1.00    1.0 6539837

[TCP数据流] 2025/11/16 14:32:01 - 浮点解 (27颗卫星)
  ECEF: X=-1798971.9649 Y=5608299.9274 Z=2439754.2293
  LLH:  Lat=22.637502222° Lon=107.784660148° H=95.0818m
  原始数据:
2025/11/16 06:32:19.000   22.637502222  107.784660148    95.0818   2  27   0.1067   0.1382   0.3247   0.0408   0.0860   0.0135   1.00    1.0 6539837

[TCP数据流] 2025/11/16 14:32:02 - 浮点解 (27颗卫星)
  ECEF: X=-1798971.9642 Y=5608299.9401 Z=2439754.2296
  LLH:  Lat=22.637502183° Lon=107.784660104° H=95.0929m
  原始数据:
2025/11/16 06:32:20.000   22.637502183  107.784660104    95.0929   2  27   0.1046   0.1358   0.3159   0.0399   0.0839   0.0132   1.00    1.1 6539837

[TCP数据流] 2025/11/16 14:32:03 - 浮点解 (27颗卫星)
  ECEF: X=-1798971.9465 Y=5608299.9130 Z=2439754.2116
  LLH:  Lat=22.637502141° Lon=107.784660020° H=95.0571m
  原始数据:
2025/11/16 06:32:21.000   22.637502141  107.784660020    95.0571   2  27   0.1026   0.1335   0.3076   0.0390   0.0819   0.0129   1.00    1.1 6539837

[TCP数据流] 2025/11/16 14:32:04 - 浮点解 (27颗卫星)
  ECEF: X=-1798971.9157 Y=5608299.9030 Z=2439754.1982
  LLH:  Lat=22.637502095° Lon=107.784659765° H=95.0345m
  原始数据:
2025/11/16 06:32:22.000   22.637502095  107.784659765    95.0345   2  27   0.1006   0.1313   0.2996   0.0381   0.0801   0.0126   1.00    1.1 6539837

[TCP数据流] 2025/11/16 14:32:05 - 浮点解 (21颗卫星)
  ECEF: X=-1798971.9294 Y=5608299.9475 Z=2439754.2198
  LLH:  Lat=22.637502114° Lon=107.784659759° H=95.0858m
  原始数据:
2025/11/16 06:32:23.000   22.637502114  107.784659759    95.0858   2  21   0.0993   0.1298   0.2958   0.0376   0.0787   0.0127   1.00    1.3 6539837

[TCP数据流] 2025/11/16 14:32:07 - 浮点解 (27颗卫星)
  ECEF: X=-1798971.9504 Y=5608299.9241 Z=2439754.2168
  LLH:  Lat=22.637502144° Lon=107.784660023° H=95.0700m
  原始数据:
2025/11/16 06:32:25.000   22.637502144  107.784660023    95.0700   2  27   0.0974   0.1278   0.2875   0.0368   0.0768   0.0124   1.00    1.1 6539837

[TCP数据流] 2025/11/16 14:32:08 - 浮点解 (27颗卫星)
  ECEF: X=-1798971.9428 Y=5608299.8698 Z=2439754.1944
  LLH:  Lat=22.637502145° Lon=107.784660114° H=95.0115m
  原始数据:
2025/11/16 06:32:26.000   22.637502145  107.784660114    95.0115   2  27   0.0956   0.1258   0.2796   0.0360   0.0750   0.0122   1.00    1.1 6539837

[TCP数据流] 2025/11/16 14:32:10 - 浮点解 (27颗卫星)
  ECEF: X=-1798971.9553 Y=5608299.8608 Z=2439754.1849
  LLH:  Lat=22.637502082° Lon=107.784660257° H=95.0034m
  原始数据:
2025/11/16 06:32:28.000   22.637502082  107.784660257    95.0034   2  27   0.0938   0.1239   0.2716   0.0351   0.0732   0.0118   1.00    1.2 6539837

[TCP数据流] 2025/11/16 14:32:11 - 浮点解 (27颗卫星)
  ECEF: X=-1798971.9487 Y=5608299.8130 Z=2439754.1831
  LLH:  Lat=22.637502232° Lon=107.784660338° H=94.9589m
  原始数据:
2025/11/16 06:32:29.000   22.637502232  107.784660338    94.9589   2  27   0.0921   0.1221   0.2641   0.0344   0.0715   0.0114   1.00    1.2 6539837

[TCP数据流] 2025/11/16 14:32:12 - 浮点解 (26颗卫星)
  ECEF: X=-1798971.9501 Y=5608299.7751 Z=2439754.1852
  LLH:  Lat=22.637502374° Lon=107.784660463° H=94.9268m
  原始数据:
2025/11/16 06:32:30.000   22.637502374  107.784660463    94.9268   2  26   0.0904   0.1204   0.2571   0.0336   0.0698   0.0109   1.00    1.1 6539837

[TCP数据流] 2025/11/16 14:32:13 - 浮点解 (26颗卫星)
  ECEF: X=-1798971.9497 Y=5608299.7338 Z=2439754.1797
  LLH:  Lat=22.637502465° Lon=107.784660583° H=94.8882m
  原始数据:
2025/11/16 06:32:31.000   22.637502465  107.784660583    94.8882   2  26   0.0889   0.1188   0.2504   0.0329   0.0683   0.0104   1.00    1.1 6539837

[TCP数据流] 2025/11/16 14:32:14 - 浮点解 (20颗卫星)
  ECEF: X=-1798971.9293 Y=5608299.6983 Z=2439754.1741
  LLH:  Lat=22.637502558° Lon=107.784660499° H=94.8491m
  原始数据:
2025/11/16 06:32:32.000   22.637502558  107.784660499    94.8491   2  20   0.0878   0.1176   0.2475   0.0325   0.0671   0.0101   1.00    1.5 6539837

[TCP数据流] 2025/11/16 14:32:15 - 浮点解 (26颗卫星)
  ECEF: X=-1798971.9342 Y=5608299.6499 Z=2439754.1689
  LLH:  Lat=22.637502669° Lon=107.784660688° H=94.8060m
  原始数据:
2025/11/16 06:32:33.000   22.637502669  107.784660688    94.8060   2  26   0.0863   0.1161   0.2410   0.0317   0.0657   0.0096   1.00    1.2 6539837

[TCP数据流] 2025/11/16 14:32:16 - 浮点解 (26颗卫星)
  ECEF: X=-1798971.9352 Y=5608299.6075 Z=2439754.1586
  LLH:  Lat=22.637502723° Lon=107.784660823° H=94.7650m
  原始数据:
2025/11/16 06:32:34.000   22.637502723  107.784660823    94.7650   2  26   0.0848   0.1146   0.2348   0.0311   0.0643   0.0092   1.00    1.1 6539837

[TCP数据流] 2025/11/16 14:32:17 - 浮点解 (26颗卫星)
  ECEF: X=-1798971.9182 Y=5608299.5443 Z=2439754.1419
  LLH:  Lat=22.637502811° Lon=107.784660854° H=94.6983m
  原始数据:
2025/11/16 06:32:35.000   22.637502811  107.784660854    94.6983   2  26   0.0834   0.1131   0.2290   0.0305   0.0630   0.0089   1.00    1.3 6539837

[TCP数据流] 2025/11/16 14:32:18 - 浮点解 (20颗卫星)
  ECEF: X=-1798971.8986 Y=5608299.5317 Z=2439754.1368
  LLH:  Lat=22.637502831° Lon=107.784660710° H=94.6797m
  原始数据:
2025/11/16 06:32:36.000   22.637502831  107.784660710    94.6797   2  20   0.0824   0.1121   0.2265   0.0301   0.0619   0.0086   1.00    1.2 6539837

[TCP数据流] 2025/11/16 14:32:19 - 浮点解 (26颗卫星)
  ECEF: X=-1798971.8671 Y=5608299.4630 Z=2439754.1155
  LLH:  Lat=22.637502914° Lon=107.784660622° H=94.6023m
  原始数据:
2025/11/16 06:32:37.000   22.637502914  107.784660622    94.6023   2  26   0.0811   0.1107   0.2209   0.0295   0.0607   0.0083   1.00    1.1 6539837

[TCP数据流] 2025/11/16 14:32:20 - 浮点解 (26颗卫星)
  ECEF: X=-1798971.8538 Y=5608299.4169 Z=2439754.1023
  LLH:  Lat=22.637502971° Lon=107.784660636° H=94.5529m
  原始数据:
2025/11/16 06:32:38.000   22.637502971  107.784660636    94.5529   2  26   0.0798   0.1094   0.2155   0.0289   0.0595   0.0079   1.00    1.0 6539837

[TCP数据流] 2025/11/16 14:32:21 - 浮点解 (26颗卫星)
  ECEF: X=-1798971.8118 Y=5608299.3505 Z=2439754.0730
  LLH:  Lat=22.637502991° Lon=107.784660444° H=94.4714m
  原始数据:
2025/11/16 06:32:39.000   22.637502991  107.784660444    94.4714   2  26   0.0786   0.1081   0.2103   0.0283   0.0585   0.0076   1.00    1.1 6539837

[TCP数据流] 2025/11/16 14:32:22 - 浮点解 (26颗卫星)
  ECEF: X=-1798971.7743 Y=5608299.2831 Z=2439754.0409
  LLH:  Lat=22.637502986° Lon=107.784660297° H=94.3893m
  原始数据:
2025/11/16 06:32:40.000   22.637502986  107.784660297    94.3893   2  26   0.0774   0.1069   0.2055   0.0279   0.0576   0.0075   1.00    1.1 6539837

[TCP数据流] 2025/11/16 14:32:23 - 浮点解 (26颗卫星)
  ECEF: X=-1798971.7627 Y=5608299.2729 Z=2439754.0453
  LLH:  Lat=22.637503069° Lon=107.784660220° H=94.3787m
  原始数据:
2025/11/16 06:32:41.000   22.637503069  107.784660220    94.3787   2  26   0.0762   0.1058   0.2008   0.0274   0.0567   0.0074   1.00    1.1 6539837

[TCP数据流] 2025/11/16 14:32:24 - 浮点解 (26颗卫星)
  ECEF: X=-1798971.7448 Y=5608299.2278 Z=2439754.0339
  LLH:  Lat=22.637503142° Lon=107.784660188° H=94.3296m
  原始数据:
2025/11/16 06:32:42.000   22.637503142  107.784660188    94.3296   2  26   0.0751   0.1047   0.1964   0.0269   0.0559   0.0073   1.00    1.2 6539837

[TCP数据流] 2025/11/16 14:32:25 - 浮点解 (26颗卫星)
  ECEF: X=-1798971.7289 Y=5608299.2061 Z=2439754.0255
  LLH:  Lat=22.637503161° Lon=107.784660105° H=94.3029m
  原始数据:
2025/11/16 06:32:43.000   22.637503161  107.784660105    94.3029   2  26   0.0740   0.1036   0.1921   0.0265   0.0551   0.0072   1.00    1.2 6539837

[TCP数据流] 2025/11/16 14:32:26 - 浮点解 (26颗卫星)
  ECEF: X=-1798971.7104 Y=5608299.1558 Z=2439754.0085
  LLH:  Lat=22.637503205° Lon=107.784660083° H=94.2469m
  原始数据:
2025/11/16 06:32:44.000   22.637503205  107.784660083    94.2469   2  26   0.0729   0.1025   0.1880   0.0260   0.0542   0.0070   1.00    1.3 6539837

[TCP数据流] 2025/11/16 14:32:27 - 浮点解 (26颗卫星)
  ECEF: X=-1798971.6845 Y=5608299.1015 Z=2439753.9877
  LLH:  Lat=22.637503239° Lon=107.784660004° H=94.1839m
  原始数据:
2025/11/16 06:32:45.000   22.637503239  107.784660004    94.1839   2  26   0.0718   0.1015   0.1841   0.0256   0.0535   0.0069   1.00    1.3 6539837

[TCP数据流] 2025/11/16 14:32:28 - 浮点解 (18颗卫星)
  ECEF: X=-1798971.6420 Y=5608299.0584 Z=2439753.9646
  LLH:  Lat=22.637503235° Lon=107.784659739° H=94.1251m
  原始数据:
2025/11/16 06:32:46.000   22.637503235  107.784659739    94.1251   2  18   0.0710   0.1008   0.1805   0.0253   0.0527   0.0062   1.00    1.3 6539837

[TCP数据流] 2025/11/16 14:32:29 - 浮点解 (26颗卫星)
  ECEF: X=-1798971.6006 Y=5608298.9999 Z=2439753.9368
  LLH:  Lat=22.637503240° Lon=107.784659529° H=94.0513m
  原始数据:
2025/11/16 06:32:47.000   22.637503240  107.784659529    94.0513   2  26   0.0700   0.0998   0.1768   0.0247   0.0518   0.0057   1.00    1.1 6539837

[TCP数据流] 2025/11/16 14:32:30 - 浮点解 (26颗卫星)
  ECEF: X=-1798971.5811 Y=5608298.9750 Z=2439753.9303
  LLH:  Lat=22.637503289° Lon=107.784659423° H=94.0215m
  原始数据:
2025/11/16 06:32:48.000   22.637503289  107.784659423    94.0215   2  26   0.0690   0.0988   0.1732   0.0243   0.0510   0.0052   1.00    1.1 6539837

[TCP数据流] 2025/11/16 14:32:31 - 浮点解 (26颗卫星)
  ECEF: X=-1798971.5642 Y=5608298.9504 Z=2439753.9240
  LLH:  Lat=22.637503336° Lon=107.784659339° H=93.9926m
  原始数据:
2025/11/16 06:32:49.000   22.637503336  107.784659339    93.9926   2  26   0.0681   0.0978   0.1698   0.0238   0.0502   0.0046   1.00    1.1 6539837

[TCP数据流] 2025/11/16 14:32:32 - 浮点解 (26颗卫星)
  ECEF: X=-1798971.5645 Y=5608298.9333 Z=2439753.9219
  LLH:  Lat=22.637503375° Lon=107.784659393° H=93.9769m
  原始数据:
2025/11/16 06:32:50.000   22.637503375  107.784659393    93.9769   2  26   0.0671   0.0968   0.1665   0.0233   0.0495   0.0040   1.00    1.2 6539837

[TCP数据流] 2025/11/16 14:32:33 - 浮点解 (26颗卫星)
  ECEF: X=-1798971.5573 Y=5608298.8936 Z=2439753.9086
  LLH:  Lat=22.637503403° Lon=107.784659444° H=93.9348m
  原始数据:
2025/11/16 06:32:51.000   22.637503403  107.784659444    93.9348   2  26   0.0662   0.0959   0.1633   0.0228   0.0488   0.0034   1.00    1.1 6539837

[TCP数据流] 2025/11/16 14:32:34 - 浮点解 (18颗卫星)
  ECEF: X=-1798971.5464 Y=5608298.8563 Z=2439753.9057
  LLH:  Lat=22.637503514° Lon=107.784659454° H=93.8979m
  原始数据:
2025/11/16 06:32:52.000   22.637503514  107.784659454    93.8979   2  18   0.0655   0.0953   0.1604   0.0226   0.0481   0.0026   1.00    1.2 6539837

[TCP数据流] 2025/11/16 14:32:35 - 浮点解 (26颗卫星)
  ECEF: X=-1798971.5400 Y=5608298.8330 Z=2439753.8992
  LLH:  Lat=22.637503544° Lon=107.784659464° H=93.8731m
  原始数据:
2025/11/16 06:32:53.000   22.637503544  107.784659464    93.8731   2  26   0.0646   0.0944   0.1574   0.0221   0.0474   0.0015   1.00    1.1 6539837

[TCP数据流] 2025/11/16 14:32:36 - 浮点解 (26颗卫星)
  ECEF: X=-1798971.5362 Y=5608298.8165 Z=2439753.8971
  LLH:  Lat=22.637503585° Lon=107.784659478° H=93.8567m
  原始数据:
2025/11/16 06:32:54.000   22.637503585  107.784659478    93.8567   2  26   0.0638   0.0936   0.1545   0.0217   0.0468   0.0004   1.00    1.0 6539837

[TCP数据流] 2025/11/16 14:32:37 - 浮点解 (26颗卫星)
  ECEF: X=-1798971.5512 Y=5608298.8165 Z=2439753.9045
  LLH:  Lat=22.637503631° Lon=107.784659617° H=93.8638m
  原始数据:
2025/11/16 06:32:55.000   22.637503631  107.784659617    93.8638   2  26   0.0629   0.0928   0.1517   0.0213   0.0461  -0.0026   1.00    1.0 6539837

[TCP数据流] 2025/11/16 14:32:38 - 浮点解 (26颗卫星)
  ECEF: X=-1798971.5599 Y=5608298.8079 Z=2439753.9078
  LLH:  Lat=22.637503677° Lon=107.784659723° H=93.8600m
  原始数据:
2025/11/16 06:32:56.000   22.637503677  107.784659723    93.8600   2  26   0.0622   0.0920   0.1490   0.0210   0.0454  -0.0037   1.00    1.1 6539837

[TCP数据流] 2025/11/16 14:32:39 - 浮点解 (20颗卫星)
  ECEF: X=-1798971.5633 Y=5608298.8193 Z=2439753.9132
  LLH:  Lat=22.637503681° Lon=107.784659721° H=93.8730m
  原始数据:
2025/11/16 06:32:57.000   22.637503681  107.784659721    93.8730   2  20   0.0616   0.0914   0.1479   0.0208   0.0447  -0.0046   1.00    1.2 6539837

[TCP数据流] 2025/11/16 14:32:40 - 浮点解 (26颗卫星)
  ECEF: X=-1798971.5663 Y=5608298.8107 Z=2439753.9183
  LLH:  Lat=22.637503749° Lon=107.784659774° H=93.8683m
  原始数据:
2025/11/16 06:32:58.000   22.637503749  107.784659774    93.8683   2  26   0.0608   0.0906   0.1452   0.0205   0.0440  -0.0051   1.00    1.0 6539837

[TCP数据流] 2025/11/16 14:32:41 - 浮点解 (18颗卫星)
  ECEF: X=-1798971.5551 Y=5608298.7789 Z=2439753.9091
  LLH:  Lat=22.637503789° Lon=107.784659765° H=93.8336m
  原始数据:
2025/11/16 06:32:59.000   22.637503789  107.784659765    93.8336   2  18   0.0602   0.0901   0.1428   0.0202   0.0435  -0.0053   1.00    1.1 6539837

[TCP数据流] 2025/11/16 14:32:42 - 浮点解 (27颗卫星)
  ECEF: X=-1798971.5471 Y=5608298.7554 Z=2439753.9042
  LLH:  Lat=22.637503835° Lon=107.784659760° H=93.8088m
  原始数据:
2025/11/16 06:33:00.000   22.637503835  107.784659760    93.8088   2  27   0.0594   0.0894   0.1403   0.0199   0.0429  -0.0058   1.00    1.1 6539837

[TCP数据流] 2025/11/16 14:32:43 - 浮点解 (26颗卫星)
  ECEF: X=-1798971.5321 Y=5608298.7312 Z=2439753.8957
  LLH:  Lat=22.637503860° Lon=107.784659693° H=93.7801m
  原始数据:
2025/11/16 06:33:01.000   22.637503860  107.784659693    93.7801   2  26   0.0587   0.0886   0.1378   0.0196   0.0423  -0.0063   1.00    1.0 6539837

[TCP数据流] 2025/11/16 14:32:44 - 浮点解 (15颗卫星)
  ECEF: X=-1798971.5343 Y=5608298.7398 Z=2439753.8974
  LLH:  Lat=22.637503843° Lon=107.784659688° H=93.7889m
  原始数据:
2025/11/16 06:33:02.000   22.637503843  107.784659688    93.7889   2  15   0.0585   0.0883   0.1376   0.0194   0.0421  -0.0068   1.00    1.1 6539837

[TCP数据流] 2025/11/16 14:32:45 - 浮点解 (26颗卫星)
  ECEF: X=-1798971.5263 Y=5608298.7135 Z=2439753.8960
  LLH:  Lat=22.637503927° Lon=107.784659692° H=93.7630m
  原始数据:
2025/11/16 06:33:03.000   22.637503927  107.784659692    93.7630   2  26   0.0577   0.0876   0.1351   0.0191   0.0415  -0.0071   1.00    1.0 6539837

[TCP数据流] 2025/11/16 14:32:46 - 浮点解 (26颗卫星)
  ECEF: X=-1798971.5279 Y=5608298.6948 Z=2439753.8931
  LLH:  Lat=22.637503963° Lon=107.784659762° H=93.7459m
  原始数据:
2025/11/16 06:33:04.000   22.637503963  107.784659762    93.7459   2  26   0.0570   0.0869   0.1327   0.0188   0.0409  -0.0073   1.00    1.3 6539837

[TCP数据流] 2025/11/16 14:32:47 - 浮点解 (26颗卫星)
  ECEF: X=-1798971.5206 Y=5608298.6642 Z=2439753.8830
  LLH:  Lat=22.637503988° Lon=107.784659786° H=93.7131m
  原始数据:
2025/11/16 06:33:05.000   22.637503988  107.784659786    93.7131   2  26   0.0563   0.0862   0.1304   0.0185   0.0404  -0.0076   1.00    1.0 6539837

[TCP数据流] 2025/11/16 14:32:48 - 浮点解 (26颗卫星)
  ECEF: X=-1798971.5180 Y=5608298.6383 Z=2439753.8736
  LLH:  Lat=22.637503998° Lon=107.784659839° H=93.6859m
  原始数据:
2025/11/16 06:33:06.000   22.637503998  107.784659839    93.6859   2  26   0.0556   0.0855   0.1282   0.0182   0.0398  -0.0078   1.00    1.0 6539837

[TCP数据流] 2025/11/16 14:32:49 - 浮点解 (26颗卫星)
  ECEF: X=-1798971.5072 Y=5608298.6114 Z=2439753.8657
  LLH:  Lat=22.637504033° Lon=107.784659819° H=93.6562m
  原始数据:
2025/11/16 06:33:07.000   22.637504033  107.784659819    93.6562   2  26   0.0550   0.0849   0.1260   0.0179   0.0393  -0.0080   1.00    1.1 6539837

[TCP数据流] 2025/11/16 14:32:50 - 浮点解 (26颗卫星)
  ECEF: X=-1798971.4899 Y=5608298.5718 Z=2439753.8536
  LLH:  Lat=22.637504081° Lon=107.784659776° H=93.6119m
  原始数据:
2025/11/16 06:33:08.000   22.637504081  107.784659776    93.6119   2  26   0.0543   0.0842   0.1239   0.0176   0.0388  -0.0081   1.00    1.1 6539837

[TCP数据流] 2025/11/16 14:32:51 - 浮点解 (26颗卫星)
  ECEF: X=-1798971.4765 Y=5608298.5402 Z=2439753.8422
  LLH:  Lat=22.637504105° Lon=107.784659746° H=93.5759m
  原始数据:
2025/11/16 06:33:09.000   22.637504105  107.784659746    93.5759   2  26   0.0537   0.0836   0.1218   0.0173   0.0383  -0.0083   1.00    1.3 6539837

[TCP数据流] 2025/11/16 14:32:52 - 浮点解 (26颗卫星)
  ECEF: X=-1798971.4605 Y=5608298.5112 Z=2439753.8281
  LLH:  Lat=22.637504101° Lon=107.784659684° H=93.5405m
  原始数据:
2025/11/16 06:33:10.000   22.637504101  107.784659684    93.5405   2  26   0.0530   0.0830   0.1199   0.0170   0.0378  -0.0084   1.00    1.2 6539837

[TCP数据流] 2025/11/16 14:32:53 - 浮点解 (26颗卫星)
  ECEF: X=-1798971.4506 Y=5608298.4872 Z=2439753.8239
  LLH:  Lat=22.637504155° Lon=107.784659663° H=93.5150m
  原始数据:
2025/11/16 06:33:11.000   22.637504155  107.784659663    93.5150   2  26   0.0524   0.0824   0.1179   0.0168   0.0373  -0.0085   1.00    1.0 6539837

[TCP数据流] 2025/11/16 14:32:54 - 浮点解 (26颗卫星)
  ECEF: X=-1798971.4417 Y=5608298.4651 Z=2439753.8174
  LLH:  Lat=22.637504184° Lon=107.784659646° H=93.4906m
  原始数据:
2025/11/16 06:33:12.000   22.637504184  107.784659646    93.4906   2  26   0.0518   0.0818   0.1161   0.0165   0.0369  -0.0086   1.00    1.0 6539837

[TCP数据流] 2025/11/16 14:32:55 - 浮点解 (18颗卫星)
  ECEF: X=-1798971.4345 Y=5608298.4525 Z=2439753.8067
  LLH:  Lat=22.637504144° Lon=107.784659617° H=93.4734m
  原始数据:
2025/11/16 06:33:13.000   22.637504144  107.784659617    93.4734   2  18   0.0513   0.0814   0.1143   0.0163   0.0365  -0.0085   1.00    1.1 6539837

[TCP数据流] 2025/11/16 14:32:56 - 浮点解 (26颗卫星)
  ECEF: X=-1798971.4216 Y=5608298.4407 Z=2439753.8037
  LLH:  Lat=22.637504172° Lon=107.784659533° H=93.4582m
  原始数据:
2025/11/16 06:33:14.000   22.637504172  107.784659533    93.4582   2  26   0.0507   0.0808   0.1126   0.0161   0.0361  -0.0086   1.00    1.1 6539837

[TCP数据流] 2025/11/16 14:32:57 - 浮点解 (26颗卫星)
  ECEF: X=-1798971.4036 Y=5608298.4146 Z=2439753.7895
  LLH:  Lat=22.637504159° Lon=107.784659444° H=93.4247m
  原始数据:
2025/11/16 06:33:15.000   22.637504159  107.784659444    93.4247   2  26   0.0502   0.0802   0.1110   0.0158   0.0357  -0.0088   2.00    1.0 6539837

[TCP数据流] 2025/11/16 14:32:58 - 浮点解 (26颗卫星)
  ECEF: X=-1798971.3958 Y=5608298.3917 Z=2439753.7794
  LLH:  Lat=22.637504159° Lon=107.784659439° H=93.3985m
  原始数据:
2025/11/16 06:33:16.000   22.637504159  107.784659439    93.3985   2  26   0.0496   0.0797   0.1093   0.0156   0.0353  -0.0088   1.00    1.1 6539837

[TCP数据流] 2025/11/16 14:32:59 - 浮点解 (26颗卫星)
  ECEF: X=-1798971.3923 Y=5608298.3813 Z=2439753.7768
  LLH:  Lat=22.637504175° Lon=107.784659438° H=93.3874m
  原始数据:
2025/11/16 06:33:17.000   22.637504175  107.784659438    93.3874   2  26   0.0491   0.0791   0.1077   0.0153   0.0349  -0.0089   1.00    1.1 6539837

[TCP数据流] 2025/11/16 14:33:00 - 浮点解 (20颗卫星)
  ECEF: X=-1798971.3882 Y=5608298.3786 Z=2439753.7732
  LLH:  Lat=22.637504158° Lon=107.784659408° H=93.3825m
  原始数据:
2025/11/16 06:33:18.000   22.637504158  107.784659408    93.3825   2  20   0.0487   0.0787   0.1070   0.0152   0.0343  -0.0091   1.00    2.1 6539837

[TCP数据流] 2025/11/16 14:33:01 - 浮点解 (26颗卫星)
  ECEF: X=-1798971.3739 Y=5608298.3578 Z=2439753.7683
  LLH:  Lat=22.637504202° Lon=107.784659337° H=93.3583m
  原始数据:
2025/11/16 06:33:19.000   22.637504202  107.784659337    93.3583   2  26   0.0482   0.0782   0.1054   0.0150   0.0339  -0.0091   1.00    1.1 6539837

[TCP数据流] 2025/11/16 14:33:02 - 浮点解 (26颗卫星)
  ECEF: X=-1798971.3749 Y=5608298.3511 Z=2439753.7697
  LLH:  Lat=22.637504234° Lon=107.784659366° H=93.3532m
  原始数据:
2025/11/16 06:33:20.000   22.637504234  107.784659366    93.3532   2  26   0.0476   0.0777   0.1038   0.0147   0.0336  -0.0092   1.00    1.1 6539837

[TCP数据流] 2025/11/16 14:33:03 - 浮点解 (26颗卫星)
  ECEF: X=-1798971.3633 Y=5608298.3348 Z=2439753.7636
  LLH:  Lat=22.637504250° Lon=107.784659307° H=93.3333m
  原始数据:
2025/11/16 06:33:21.000   22.637504250  107.784659307    93.3333   2  26   0.0471   0.0772   0.1023   0.0145   0.0332  -0.0092   1.00    1.1 6539837

[TCP数据流] 2025/11/16 14:33:04 - 浮点解 (26颗卫星)
  ECEF: X=-1798971.3535 Y=5608298.3208 Z=2439753.7588
  LLH:  Lat=22.637504267° Lon=107.784659258° H=93.3163m
  原始数据:
2025/11/16 06:33:22.000   22.637504267  107.784659258    93.3163   2  26   0.0466   0.0767   0.1008   0.0142   0.0328  -0.0093   1.00    1.1 6539837

[TCP数据流] 2025/11/16 14:33:05 - 浮点解 (26颗卫星)
  ECEF: X=-1798971.3414 Y=5608298.3120 Z=2439753.7492
  LLH:  Lat=22.637504229° Lon=107.784659172° H=93.3015m
  原始数据:
2025/11/16 06:33:23.000   22.637504229  107.784659172    93.3015   2  26   0.0461   0.0762   0.0993   0.0140   0.0325  -0.0093   1.00    1.0 6539837

[TCP数据流] 2025/11/16 14:33:06 - 浮点解 (26颗卫星)
  ECEF: X=-1798971.3297 Y=5608298.2980 Z=2439753.7378
  LLH:  Lat=22.637504192° Lon=107.784659106° H=93.2815m
  原始数据:
2025/11/16 06:33:24.000   22.637504192  107.784659106    93.2815   2  26   0.0456   0.0757   0.0979   0.0138   0.0322  -0.0093   1.00    1.1 6539837

[TCP数据流] 2025/11/16 14:33:07 - 浮点解 (26颗卫星)
  ECEF: X=-1798971.3180 Y=5608298.2891 Z=2439753.7313
  LLH:  Lat=22.637504180° Lon=107.784659024° H=93.2679m
  原始数据:
2025/11/16 06:33:25.000   22.637504180  107.784659024    93.2679   2  26   0.0451   0.0752   0.0965   0.0136   0.0319  -0.0093   1.00    1.1 6539837

[TCP数据流] 2025/11/16 14:33:08 - 浮点解 (26颗卫星)
  ECEF: X=-1798971.3041 Y=5608298.2728 Z=2439753.7221
  LLH:  Lat=22.637504172° Lon=107.784658943° H=93.2461m
  原始数据:
2025/11/16 06:33:26.000   22.637504172  107.784658943    93.2461   2  26   0.0446   0.0747   0.0951   0.0133   0.0315  -0.0094   1.00    1.0 6539837

[TCP数据流] 2025/11/16 14:33:09 - 浮点解 (26颗卫星)
  ECEF: X=-1798971.2969 Y=5608298.2595 Z=2439753.7179
  LLH:  Lat=22.637504189° Lon=107.784658916° H=93.2308m
  原始数据:
2025/11/16 06:33:27.000   22.637504189  107.784658916    93.2308   2  26   0.0442   0.0742   0.0938   0.0131   0.0312  -0.0094   1.00    1.1 6539837

[TCP数据流] 2025/11/16 14:33:10 - 浮点解 (26颗卫星)
  ECEF: X=-1798971.2922 Y=5608298.2518 Z=2439753.7166
  LLH:  Lat=22.637504208° Lon=107.784658895° H=93.2222m
  原始数据:
2025/11/16 06:33:28.000   22.637504208  107.784658895    93.2222   2  26   0.0437   0.0738   0.0925   0.0129   0.0309  -0.0094   1.00    1.1 6539837

[TCP数据流] 2025/11/16 14:33:11 - 浮点解 (26颗卫星)
  ECEF: X=-1798971.2929 Y=5608298.2429 Z=2439753.7149
  LLH:  Lat=22.637504223° Lon=107.784658928° H=93.2139m
  原始数据:
2025/11/16 06:33:29.000   22.637504223  107.784658928    93.2139   2  26   0.0432   0.0733   0.0913   0.0127   0.0306  -0.0094   1.00    1.0 6539837

[TCP数据流] 2025/11/16 14:33:12 - 浮点解 (26颗卫星)
  ECEF: X=-1798971.2950 Y=5608298.2312 Z=2439753.7092
  LLH:  Lat=22.637504212° Lon=107.784658983° H=93.2020m
  原始数据:
2025/11/16 06:33:30.000   22.637504212  107.784658983    93.2020   2  26   0.0428   0.0729   0.0900   0.0125   0.0303  -0.0094   1.00    1.1 6539837

[TCP数据流] 2025/11/16 14:33:13 - 浮点解 (26颗卫星)
  ECEF: X=-1798971.3041 Y=5608298.2274 Z=2439753.7083
  LLH:  Lat=22.637504207° Lon=107.784659078° H=93.2009m
  原始数据:
2025/11/16 06:33:31.000   22.637504207  107.784659078    93.2009   2  26   0.0424   0.0724   0.0888   0.0123   0.0300  -0.0094   1.00    1.1 6539837

[TCP数据流] 2025/11/16 14:33:14 - 浮点解 (26颗卫星)
  ECEF: X=-1798971.3027 Y=5608298.2110 Z=2439753.7017
  LLH:  Lat=22.637504208° Lon=107.784659114° H=93.1835m
  原始数据:
2025/11/16 06:33:32.000   22.637504208  107.784659114    93.1835   2  26   0.0419   0.0720   0.0877   0.0121   0.0297  -0.0094   1.00    1.1 6539837

[TCP数据流] 2025/11/16 14:33:15 - 浮点解 (26颗卫星)
  ECEF: X=-1798971.2997 Y=5608298.2033 Z=2439753.6988
  LLH:  Lat=22.637504213° Lon=107.784659109° H=93.1748m
  原始数据:
2025/11/16 06:33:33.000   22.637504213  107.784659109    93.1748   2  26   0.0415   0.0716   0.0865   0.0119   0.0294  -0.0094   1.00    1.1 6539837

[TCP数据流] 2025/11/16 14:33:16 - 浮点解 (26颗卫星)
  ECEF: X=-1798971.2988 Y=5608298.1939 Z=2439753.6939
  LLH:  Lat=22.637504204° Lon=107.784659129° H=93.1644m
  原始数据:
2025/11/16 06:33:34.000   22.637504204  107.784659129    93.1644   2  26   0.0411   0.0712   0.0854   0.0117   0.0292  -0.0094   1.00    1.1 6539837

[TCP数据流] 2025/11/16 14:33:17 - 浮点解 (26颗卫星)
  ECEF: X=-1798971.3047 Y=5608298.1908 Z=2439753.6907
  LLH:  Lat=22.637504181° Lon=107.784659193° H=93.1621m
  原始数据:
2025/11/16 06:33:35.000   22.637504181  107.784659193    93.1621   2  26   0.0407   0.0707   0.0843   0.0116   0.0289  -0.0094   1.00    1.1 6539837

[TCP数据流] 2025/11/16 14:33:18 - 浮点解 (26颗卫星)
  ECEF: X=-1798971.3012 Y=5608298.1775 Z=2439753.6815
  LLH:  Lat=22.637504152° Lon=107.784659200° H=93.1459m
  原始数据:
2025/11/16 06:33:36.000   22.637504152  107.784659200    93.1459   2  26   0.0403   0.0703   0.0833   0.0114   0.0286  -0.0094   1.00    1.2 6539837

[TCP数据流] 2025/11/16 14:33:19 - 浮点解 (26颗卫星)
  ECEF: X=-1798971.2940 Y=5608298.1626 Z=2439753.6757
  LLH:  Lat=22.637504161° Lon=107.784659177° H=93.1285m
  原始数据:
2025/11/16 06:33:37.000   22.637504161  107.784659177    93.1285   2  26   0.0399   0.0699   0.0822   0.0112   0.0284  -0.0094   1.00    1.2 6539837

[TCP数据流] 2025/11/16 14:33:20 - 浮点解 (26颗卫星)
  ECEF: X=-1798971.2974 Y=5608298.1445 Z=2439753.6663
  LLH:  Lat=22.637504139° Lon=107.784659262° H=93.1100m
  原始数据:
2025/11/16 06:33:38.000   22.637504139  107.784659262    93.1100   2  26   0.0395   0.0695   0.0812   0.0110   0.0281  -0.0094   1.00    1.0 6539837

[TCP数据流] 2025/11/16 14:33:21 - 浮点解 (26颗卫星)
  ECEF: X=-1798971.2955 Y=5608298.1288 Z=2439753.6615
  LLH:  Lat=22.637504153° Lon=107.784659292° H=93.0938m
  原始数据:
2025/11/16 06:33:39.000   22.637504153  107.784659292    93.0938   2  26   0.0391   0.0691   0.0802   0.0108   0.0278  -0.0094   1.00    1.0 6539837

[TCP数据流] 2025/11/16 14:33:22 - 浮点解 (26颗卫星)
  ECEF: X=-1798971.2963 Y=5608298.1180 Z=2439753.6595
  LLH:  Lat=22.637504171° Lon=107.784659331° H=93.0838m
  原始数据:
2025/11/16 06:33:40.000   22.637504171  107.784659331    93.0838   2  26   0.0387   0.0687   0.0792   0.0106   0.0276  -0.0094   1.00    1.1 6539837

[TCP数据流] 2025/11/16 14:33:23 - 浮点解 (26颗卫星)
  ECEF: X=-1798971.2954 Y=5608298.0998 Z=2439753.6516
  LLH:  Lat=22.637504166° Lon=107.784659377° H=93.0645m
  原始数据:
2025/11/16 06:33:41.000   22.637504166  107.784659377    93.0645   2  26   0.0384   0.0684   0.0782   0.0105   0.0274  -0.0093   1.00    1.0 6539837

[TCP数据流] 2025/11/16 14:33:24 - 浮点解 (26颗卫星)
  ECEF: X=-1798971.2981 Y=5608298.0920 Z=2439753.6501
  LLH:  Lat=22.637504177° Lon=107.784659425° H=93.0578m
  原始数据:
2025/11/16 06:33:42.000   22.637504177  107.784659425    93.0578   2  26   0.0380   0.0680   0.0773   0.0103   0.0271  -0.0093   1.00    1.0 6539837

[TCP数据流] 2025/11/16 14:33:25 - 浮点解 (26颗卫星)
  ECEF: X=-1798971.2994 Y=5608298.0842 Z=2439753.6488
  LLH:  Lat=22.637504190° Lon=107.784659460° H=93.0508m
  原始数据:
2025/11/16 06:33:43.000   22.637504190  107.784659460    93.0508   2  26   0.0376   0.0676   0.0764   0.0101   0.0269  -0.0093   1.00    1.0 6539837

[TCP数据流] 2025/11/16 14:33:26 - 浮点解 (26颗卫星)
  ECEF: X=-1798971.2970 Y=5608298.0719 Z=2439753.6451
  LLH:  Lat=22.637504203° Lon=107.784659474° H=93.0379m
  原始数据:
2025/11/16 06:33:44.000   22.637504203  107.784659474    93.0379   2  26   0.0373   0.0672   0.0755   0.0100   0.0266  -0.0093   1.00    1.0 6539837

[TCP数据流] 2025/11/16 14:33:27 - 浮点解 (18颗卫星)
  ECEF: X=-1798971.2989 Y=5608298.0632 Z=2439753.6411
  LLH:  Lat=22.637504196° Lon=107.784659518° H=93.0293m
  原始数据:
2025/11/16 06:33:45.000   22.637504196  107.784659518    93.0293   2  18   0.0369   0.0670   0.0746   0.0098   0.0265  -0.0092   1.00    1.1 6539837

[TCP数据流] 2025/11/16 14:33:28 - 浮点解 (26颗卫星)
  ECEF: X=-1798971.2933 Y=5608298.0497 Z=2439753.6336
  LLH:  Lat=22.637504184° Lon=107.784659506° H=93.0129m
  原始数据:
2025/11/16 06:33:46.000   22.637504184  107.784659506    93.0129   2  26   0.0366   0.0666   0.0738   0.0097   0.0263  -0.0091   1.00    1.0 6539837

[TCP数据流] 2025/11/16 14:33:29 - 浮点解 (26颗卫星)
  ECEF: X=-1798971.2860 Y=5608298.0436 Z=2439753.6274
  LLH:  Lat=22.637504161° Lon=107.784659457° H=93.0031m
  原始数据:
2025/11/16 06:33:47.000   22.637504161  107.784659457    93.0031   2  26   0.0363   0.0662   0.0729   0.0095   0.0260  -0.0091   1.00    1.0 6539837

[TCP数据流] 2025/11/16 14:33:30 - 浮点解 (26颗卫星)
  ECEF: X=-1798971.2820 Y=5608298.0339 Z=2439753.6197
  LLH:  Lat=22.637504133° Lon=107.784659448° H=92.9905m
  原始数据:
2025/11/16 06:33:48.000   22.637504133  107.784659448    92.9905   2  26   0.0359   0.0659   0.0721   0.0093   0.0258  -0.0091   1.00    1.0 6539837

[TCP数据流] 2025/11/16 14:33:31 - 浮点解 (26颗卫星)
  ECEF: X=-1798971.2786 Y=5608298.0223 Z=2439753.6122
  LLH:  Lat=22.637504112° Lon=107.784659451° H=92.9764m
  原始数据:
2025/11/16 06:33:49.000   22.637504112  107.784659451    92.9764   2  26   0.0356   0.0655   0.0712   0.0092   0.0256  -0.0091   1.00    1.0 6539837

[TCP数据流] 2025/11/16 14:33:32 - 浮点解 (26颗卫星)
  ECEF: X=-1798971.2732 Y=5608298.0169 Z=2439753.6112
  LLH:  Lat=22.637504128° Lon=107.784659417° H=92.9698m
  原始数据:
2025/11/16 06:33:50.000   22.637504128  107.784659417    92.9698   2  26   0.0353   0.0652   0.0704   0.0090   0.0254  -0.0091   0.00    1.0 6539837

[TCP数据流] 2025/11/16 14:33:33 - 浮点解 (26颗卫星)
  ECEF: X=-1798971.2685 Y=5608298.0078 Z=2439753.6032
  LLH:  Lat=22.637504096° Lon=107.784659401° H=92.9574m
  原始数据:
2025/11/16 06:33:51.000   22.637504096  107.784659401    92.9574   2  26   0.0349   0.0649   0.0696   0.0088   0.0252  -0.0090   1.00    1.1 6539837

[TCP数据流] 2025/11/16 14:33:34 - 浮点解 (26颗卫星)
  ECEF: X=-1798971.2627 Y=5608297.9991 Z=2439753.5960
  LLH:  Lat=22.637504071° Lon=107.784659373° H=92.9454m
  原始数据:
2025/11/16 06:33:52.000   22.637504071  107.784659373    92.9454   2  26   0.0346   0.0645   0.0688   0.0087   0.0250  -0.0090   1.00    1.1 6539837

[TCP数据流] 2025/11/16 14:33:35 - 浮点解 (26颗卫星)
  ECEF: X=-1798971.2522 Y=5608297.9900 Z=2439753.5901
  LLH:  Lat=22.637504063° Lon=107.784659303° H=92.9321m
  原始数据:
2025/11/16 06:33:53.000   22.637504063  107.784659303    92.9321   2  26   0.0343   0.0642   0.0681   0.0085   0.0248  -0.0090   1.00    1.1 6539837

[TCP数据流] 2025/11/16 14:33:36 - 浮点解 (26颗卫星)
  ECEF: X=-1798971.2460 Y=5608297.9779 Z=2439753.5843
  LLH:  Lat=22.637504061° Lon=107.784659281° H=92.9175m
  原始数据:
2025/11/16 06:33:54.000   22.637504061  107.784659281    92.9175   2  26   0.0340   0.0639   0.0673   0.0084   0.0246  -0.0090   1.00    1.1 6539837

[TCP数据流] 2025/11/16 14:33:38 - 浮点解 (26颗卫星)
  ECEF: X=-1798971.2407 Y=5608297.9722 Z=2439753.5752
  LLH:  Lat=22.637504010° Lon=107.784659249° H=92.9075m
  原始数据:
2025/11/16 06:33:56.000   22.637504010  107.784659249    92.9075   2  26   0.0337   0.0635   0.0666   0.0082   0.0244  -0.0090   1.00    1.1 6539837

[TCP数据流] 2025/11/16 14:33:39 - 浮点解 (26颗卫星)
  ECEF: X=-1798971.2383 Y=5608297.9667 Z=2439753.5703
  LLH:  Lat=22.637503990° Lon=107.784659243° H=92.9001m
  原始数据:
2025/11/16 06:33:57.000   22.637503990  107.784659243    92.9001   2  26   0.0334   0.0632   0.0658   0.0080   0.0242  -0.0089   1.00    1.0 6539837

[TCP数据流] 2025/11/16 14:33:40 - 浮点解 (26颗卫星)
  ECEF: X=-1798971.2285 Y=5608297.9523 Z=2439753.5605
  LLH:  Lat=22.637503966° Lon=107.784659195° H=92.8809m
  原始数据:
2025/11/16 06:33:58.000   22.637503966  107.784659195    92.8809   2  26   0.0331   0.0629   0.0651   0.0078   0.0240  -0.0089   1.00    1.1 6539837

[TCP数据流] 2025/11/16 14:33:41 - 浮点解 (18颗卫星)
  ECEF: X=-1798971.2241 Y=5608297.9441 Z=2439753.5563
  LLH:  Lat=22.637503963° Lon=107.784659179° H=92.8709m
  原始数据:
2025/11/16 06:33:59.000   22.637503963  107.784659179    92.8709   2  18   0.0328   0.0627   0.0644   0.0077   0.0239  -0.0088   1.00    1.0 6539837

[TCP数据流] 2025/11/16 14:33:42 - 浮点解 (26颗卫星)
  ECEF: X=-1798971.2187 Y=5608297.9342 Z=2439753.5502
  LLH:  Lat=22.637503951° Lon=107.784659158° H=92.8583m
  原始数据:
2025/11/16 06:34:00.000   22.637503951  107.784659158    92.8583   2  26   0.0325   0.0624   0.0638   0.0076   0.0237  -0.0088   1.00    1.0 6539837

[TCP数据流] 2025/11/16 14:33:43 - 浮点解 (26颗卫星)
  ECEF: X=-1798971.2127 Y=5608297.9229 Z=2439753.5446
  LLH:  Lat=22.637503948° Lon=107.784659136° H=92.8445m
  原始数据:
2025/11/16 06:34:01.000   22.637503948  107.784659136    92.8445   2  26   0.0322   0.0620   0.0631   0.0074   0.0236  -0.0088   1.00    1.1 6539837

[TCP数据流] 2025/11/16 14:33:44 - 浮点解 (20颗卫星)
  ECEF: X=-1798971.2106 Y=5608297.9178 Z=2439753.5432
  LLH:  Lat=22.637503955° Lon=107.784659132° H=92.8389m
  原始数据:
2025/11/16 06:34:02.000   22.637503955  107.784659132    92.8389   2  20   0.0320   0.0618   0.0628   0.0073   0.0232  -0.0088   1.00    1.7 6539837

[TCP数据流] 2025/11/16 14:33:45 - 浮点解 (26颗卫星)
  ECEF: X=-1798971.2051 Y=5608297.9034 Z=2439753.5360
  LLH:  Lat=22.637503949° Lon=107.784659124° H=92.8219m
  原始数据:
2025/11/16 06:34:03.000   22.637503949  107.784659124    92.8219   2  26   0.0318   0.0615   0.0621   0.0071   0.0231  -0.0088   1.00    1.1 6539837

[TCP数据流] 2025/11/16 14:33:46 - 浮点解 (26颗卫星)
  ECEF: X=-1798971.1992 Y=5608297.8917 Z=2439753.5316
  LLH:  Lat=22.637503957° Lon=107.784659104° H=92.8083m
  原始数据:
2025/11/16 06:34:04.000   22.637503957  107.784659104    92.8083   2  26   0.0315   0.0612   0.0615   0.0069   0.0229  -0.0088   1.00    1.0 6539837

[TCP数据流] 2025/11/16 14:33:47 - 浮点解 (26颗卫星)
  ECEF: X=-1798971.1932 Y=5608297.8806 Z=2439753.5244
  LLH:  Lat=22.637503940° Lon=107.784659081° H=92.7941m
  原始数据:
2025/11/16 06:34:05.000   22.637503940  107.784659081    92.7941   2  26   0.0312   0.0609   0.0608   0.0068   0.0227  -0.0088   1.00    1.1 6539837

[TCP数据流] 2025/11/16 14:33:48 - 浮点解 (26颗卫星)
  ECEF: X=-1798971.1881 Y=5608297.8692 Z=2439753.5181
  LLH:  Lat=22.637503931° Lon=107.784659068° H=92.7802m
  原始数据:
2025/11/16 06:34:06.000   22.637503931  107.784659068    92.7802   2  26   0.0309   0.0606   0.0602   0.0066   0.0226  -0.0087   1.00    1.0 6539837

[TCP数据流] 2025/11/16 14:33:49 - 浮点解 (26颗卫星)
  ECEF: X=-1798971.1792 Y=5608297.8574 Z=2439753.5118
  LLH:  Lat=22.637503927° Lon=107.784659021° H=92.7649m
  原始数据:
2025/11/16 06:34:07.000   22.637503927  107.784659021    92.7649   2  26   0.0307   0.0604   0.0595   0.0064   0.0224  -0.0087   1.00    1.1 6539837

[TCP数据流] 2025/11/16 14:33:50 - 浮点解 (26颗卫星)
  ECEF: X=-1798971.1729 Y=5608297.8423 Z=2439753.5041
  LLH:  Lat=22.637503919° Lon=107.784659007° H=92.7468m
  原始数据:
2025/11/16 06:34:08.000   22.637503919  107.784659007    92.7468   2  26   0.0304   0.0601   0.0589   0.0063   0.0223  -0.0087   1.00    1.0 6539837

[TCP数据流] 2025/11/16 14:33:51 - 浮点解 (26颗卫星)
  ECEF: X=-1798971.1644 Y=5608297.8353 Z=2439753.4979
  LLH:  Lat=22.637503900° Lon=107.784658949° H=92.7359m
  原始数据:
2025/11/16 06:34:09.000   22.637503900  107.784658949    92.7359   2  26   0.0301   0.0598   0.0583   0.0061   0.0221  -0.0087   1.00    1.0 6539837

[TCP数据流] 2025/11/16 14:33:52 - 浮点解 (26颗卫星)
  ECEF: X=-1798971.1606 Y=5608297.8316 Z=2439753.4949
  LLH:  Lat=22.637503891° Lon=107.784658925° H=92.7305m
  原始数据:
2025/11/16 06:34:10.000   22.637503891  107.784658925    92.7305   2  26   0.0299   0.0595   0.0577   0.0059   0.0220  -0.0086   1.00    1.0 6539837

[TCP数据流] 2025/11/16 14:33:53 - 浮点解 (26颗卫星)
  ECEF: X=-1798971.1549 Y=5608297.8194 Z=2439753.4898
  LLH:  Lat=22.637503895° Lon=107.784658908° H=92.7162m
  原始数据:
2025/11/16 06:34:11.000   22.637503895  107.784658908    92.7162   2  26   0.0296   0.0592   0.0571   0.0057   0.0218  -0.0086   1.00    1.0 6539837

[TCP数据流] 2025/11/16 14:33:54 - 浮点解 (26颗卫星)
  ECEF: X=-1798971.1457 Y=5608297.8124 Z=2439753.4856
  LLH:  Lat=22.637503893° Lon=107.784658844° H=92.7058m
  原始数据:
2025/11/16 06:34:12.000   22.637503893  107.784658844    92.7058   2  26   0.0294   0.0589   0.0566   0.0055   0.0217  -0.0086   1.00    1.0 6539837

[TCP数据流] 2025/11/16 14:33:55 - 浮点解 (26颗卫星)
  ECEF: X=-1798971.1350 Y=5608297.8033 Z=2439753.4800
  LLH:  Lat=22.637503888° Lon=107.784658772° H=92.6926m
  原始数据:
2025/11/16 06:34:13.000   22.637503888  107.784658772    92.6926   2  26   0.0291   0.0587   0.0560   0.0054   0.0216  -0.0086   1.00    1.2 6539837

[TCP数据流] 2025/11/16 14:33:56 - 浮点解 (26颗卫星)
  ECEF: X=-1798971.1293 Y=5608297.7984 Z=2439753.4781
  LLH:  Lat=22.637503894° Lon=107.784658734° H=92.6860m
  原始数据:
2025/11/16 06:34:14.000   22.637503894  107.784658734    92.6860   2  26   0.0289   0.0584   0.0554   0.0052   0.0214  -0.0085   1.00    1.0 6539837

[TCP数据流] 2025/11/16 14:33:57 - 浮点解 (26颗卫星)
  ECEF: X=-1798971.1223 Y=5608297.7917 Z=2439753.4754
  LLH:  Lat=22.637503901° Lon=107.784658689° H=92.6771m
  原始数据:
2025/11/16 06:34:15.000   22.637503901  107.784658689    92.6771   2  26   0.0286   0.0581   0.0549   0.0050   0.0213  -0.0085   1.00    1.0 6539837

[TCP数据流] 2025/11/16 14:33:58 - 浮点解 (26颗卫星)
  ECEF: X=-1798971.1155 Y=5608297.7838 Z=2439753.4709
  LLH:  Lat=22.637503897° Lon=107.784658649° H=92.6665m
  原始数据:
2025/11/16 06:34:16.000   22.637503897  107.784658649    92.6665   2  26   0.0284   0.0578   0.0544   0.0048   0.0212  -0.0085   1.00    1.0 6539837

[TCP数据流] 2025/11/16 14:33:59 - 浮点解 (26颗卫星)
  ECEF: X=-1798971.1087 Y=5608297.7744 Z=2439753.4670
  LLH:  Lat=22.637503903° Lon=107.784658614° H=92.6548m
  原始数据:
2025/11/16 06:34:17.000   22.637503903  107.784658614    92.6548   2  26   0.0282   0.0576   0.0538   0.0047   0.0210  -0.0084   1.00    1.0 6539837

[TCP数据流] 2025/11/16 14:34:00 - 浮点解 (26颗卫星)
  ECEF: X=-1798971.1029 Y=5608297.7642 Z=2439753.4609
  LLH:  Lat=22.637503892° Lon=107.784658591° H=92.6419m
  原始数据:
2025/11/16 06:34:18.000   22.637503892  107.784658591    92.6419   2  26   0.0279   0.0573   0.0533   0.0045   0.0209  -0.0084   1.00    1.0 6539837

[TCP数据流] 2025/11/16 14:34:01 - 浮点解 (26颗卫星)
  ECEF: X=-1798971.0952 Y=5608297.7545 Z=2439753.4573
  LLH:  Lat=22.637503902° Lon=107.784658548° H=92.6298m
  原始数据:
2025/11/16 06:34:19.000   22.637503902  107.784658548    92.6298   2  26   0.0277   0.0571   0.0528   0.0043   0.0208  -0.0084   1.00    1.0 6539837

[TCP数据流] 2025/11/16 14:34:02 - 浮点解 (26颗卫星)
  ECEF: X=-1798971.0879 Y=5608297.7442 Z=2439753.4522
  LLH:  Lat=22.637503902° Lon=107.784658511° H=92.6167m
  原始数据:
2025/11/16 06:34:20.000   22.637503902  107.784658511    92.6167   2  26   0.0275   0.0568   0.0523   0.0041   0.0206  -0.0083   1.00    1.0 6539837

[TCP数据流] 2025/11/16 14:34:03 - 浮点解 (18颗卫星)
  ECEF: X=-1798971.0859 Y=5608297.7369 Z=2439753.4491
  LLH:  Lat=22.637503902° Lon=107.784658514° H=92.6085m
  原始数据:
2025/11/16 06:34:21.000   22.637503902  107.784658514    92.6085   2  18   0.0273   0.0566   0.0518   0.0041   0.0206  -0.0082   1.00    1.0 6539837

[TCP数据流] 2025/11/16 14:34:04 - 浮点解 (26颗卫星)
  ECEF: X=-1798971.0785 Y=5608297.7301 Z=2439753.4429
  LLH:  Lat=22.637503881° Lon=107.784658466° H=92.5981m
  原始数据:
2025/11/16 06:34:22.000   22.637503881  107.784658466    92.5981   2  26   0.0271   0.0564   0.0514   0.0039   0.0204  -0.0082   1.00    1.0 6539837

[TCP数据流] 2025/11/16 14:34:05 - 浮点解 (26颗卫星)
  ECEF: X=-1798971.0706 Y=5608297.7214 Z=2439753.4378
  LLH:  Lat=22.637503875° Lon=107.784658419° H=92.5863m
  原始数据:
2025/11/16 06:34:23.000   22.637503875  107.784658419    92.5863   2  26   0.0268   0.0561   0.0509   0.0037   0.0203  -0.0082   1.00    1.0 6539837

[TCP数据流] 2025/11/16 14:34:06 - 浮点解 (26颗卫星)
  ECEF: X=-1798971.0618 Y=5608297.7096 Z=2439753.4317
  LLH:  Lat=22.637503873° Lon=107.784658372° H=92.5711m
  原始数据:
2025/11/16 06:34:24.000   22.637503873  107.784658372    92.5711   2  26   0.0266   0.0559   0.0504   0.0035   0.0202  -0.0081   1.00    1.1 6539837

[TCP数据流] 2025/11/16 14:34:07 - 浮点解 (26颗卫星)
  ECEF: X=-1798971.0540 Y=5608297.7026 Z=2439753.4268
  LLH:  Lat=22.637503864° Lon=107.784658321° H=92.5608m
  原始数据:
2025/11/16 06:34:25.000   22.637503864  107.784658321    92.5608   2  26   0.0264   0.0556   0.0499   0.0033   0.0201  -0.0081   1.00    1.0 6539837

[TCP数据流] 2025/11/16 14:34:08 - 浮点解 (26颗卫星)
  ECEF: X=-1798971.0433 Y=5608297.6961 Z=2439753.4215
  LLH:  Lat=22.637503852° Lon=107.784658241° H=92.5500m
  原始数据:
2025/11/16 06:34:26.000   22.637503852  107.784658241    92.5500   2  26   0.0262   0.0554   0.0495   0.0031   0.0199  -0.0081   1.00    1.0 6539837

[TCP数据流] 2025/11/16 14:34:09 - 浮点解 (26颗卫星)
  ECEF: X=-1798971.0371 Y=5608297.6881 Z=2439753.4177
  LLH:  Lat=22.637503854° Lon=107.784658207° H=92.5398m
  原始数据:
2025/11/16 06:34:27.000   22.637503854  107.784658207    92.5398   2  26   0.0260   0.0551   0.0490   0.0029   0.0198  -0.0081   1.00    1.0 6539837

[TCP数据流] 2025/11/16 14:34:10 - 浮点解 (26颗卫星)
  ECEF: X=-1798971.0269 Y=5608297.6785 Z=2439753.4106
  LLH:  Lat=22.637503837° Lon=107.784658141° H=92.5258m
  原始数据:
2025/11/16 06:34:28.000   22.637503837  107.784658141    92.5258   2  26   0.0258   0.0549   0.0486   0.0026   0.0197  -0.0080   1.00    1.1 6539837

[TCP数据流] 2025/11/16 14:34:11 - 浮点解 (26颗卫星)
  ECEF: X=-1798971.0210 Y=5608297.6737 Z=2439753.4057
  LLH:  Lat=22.637503818° Lon=107.784658101° H=92.5180m
  原始数据:
2025/11/16 06:34:29.000   22.637503818  107.784658101    92.5180   2  26   0.0256   0.0546   0.0482   0.0024   0.0196  -0.0080   1.00    1.0 6539837

[TCP数据流] 2025/11/16 14:34:12 - 浮点解 (25颗卫星)
  ECEF: X=-1798971.0164 Y=5608297.6636 Z=2439753.4017
  LLH:  Lat=22.637503823° Lon=107.784658088° H=92.5063m
  原始数据:
2025/11/16 06:34:30.000   22.637503823  107.784658088    92.5063   2  25   0.0254   0.0544   0.0477   0.0021   0.0195  -0.0080   1.00    1.0 6539837

[TCP数据流] 2025/11/16 14:34:13 - 浮点解 (25颗卫星)
  ECEF: X=-1798971.0099 Y=5608297.6553 Z=2439753.3974
  LLH:  Lat=22.637503822° Lon=107.784658053° H=92.4955m
  原始数据:
2025/11/16 06:34:31.000   22.637503822  107.784658053    92.4955   2  25   0.0252   0.0542   0.0473   0.0019   0.0194  -0.0079   1.00    1.0 6539837

[TCP数据流] 2025/11/16 14:34:14 - 浮点解 (13颗卫星)
  ECEF: X=-1798971.0093 Y=5608297.6566 Z=2439753.3972
  LLH:  Lat=22.637503817° Lon=107.784658043° H=92.4964m
  原始数据:
2025/11/16 06:34:32.000   22.637503817  107.784658043    92.4964   2  13   0.0252   0.0541   0.0473   0.0017   0.0193  -0.0080   1.00    0.0 6539837

[TCP数据流] 2025/11/16 14:34:15 - 浮点解 (24颗卫星)
  ECEF: X=-1798971.0030 Y=5608297.6501 Z=2439753.3925
  LLH:  Lat=22.637503806° Lon=107.784658004° H=92.4871m
  原始数据:
2025/11/16 06:34:33.000   22.637503806  107.784658004    92.4871   2  24   0.0250   0.0538   0.0469   0.0013   0.0192  -0.0080   1.00    1.0 6539837

[TCP数据流] 2025/11/16 14:34:16 - 浮点解 (24颗卫星)
  ECEF: X=-1798970.9973 Y=5608297.6447 Z=2439753.3893
  LLH:  Lat=22.637503803° Lon=107.784657968° H=92.4795m
  原始数据:
2025/11/16 06:34:34.000   22.637503803  107.784657968    92.4795   2  24   0.0248   0.0536   0.0465   0.0009   0.0191  -0.0079   1.00    1.1 6539837

[TCP数据流] 2025/11/16 14:34:17 - 浮点解 (24颗卫星)
  ECEF: X=-1798970.9947 Y=5608297.6396 Z=2439753.3870
  LLH:  Lat=22.637503803° Lon=107.784657959° H=92.4734m
  原始数据:
2025/11/16 06:34:35.000   22.637503803  107.784657959    92.4734   2  24   0.0246   0.0534   0.0460  -0.0004   0.0190  -0.0079   1.00    1.0 6539837

[TCP数据流] 2025/11/16 14:34:18 - 浮点解 (25颗卫星)
  ECEF: X=-1798970.9898 Y=5608297.6304 Z=2439753.3806
  LLH:  Lat=22.637503786° Lon=107.784657941° H=92.4615m
  原始数据:
2025/11/16 06:34:36.000   22.637503786  107.784657941    92.4615   2  25   0.0244   0.0532   0.0457  -0.0010   0.0189  -0.0079   2.00    1.1 6539837

[TCP数据流] 2025/11/16 14:34:19 - 浮点解 (19颗卫星)
  ECEF: X=-1798970.9909 Y=5608297.6273 Z=2439753.3783
  LLH:  Lat=22.637503775° Lon=107.784657960° H=92.4582m
  原始数据:
2025/11/16 06:34:37.000   22.637503775  107.784657960    92.4582   2  19   0.0243   0.0530   0.0454  -0.0015   0.0189  -0.0079   1.00    1.1 6539837

[TCP数据流] 2025/11/16 14:34:20 - 浮点解 (24颗卫星)
  ECEF: X=-1798970.9878 Y=5608297.6226 Z=2439753.3749
  LLH:  Lat=22.637503766° Lon=107.784657945° H=92.4519m
  原始数据:
2025/11/16 06:34:38.000   22.637503766  107.784657945    92.4519   2  24   0.0241   0.0528   0.0450  -0.0018   0.0188  -0.0078   1.00    1.1 6539837

[TCP数据流] 2025/11/16 14:34:21 - 浮点解 (24颗卫星)
  ECEF: X=-1798970.9793 Y=5608297.6139 Z=2439753.3689
  LLH:  Lat=22.637503754° Lon=107.784657892° H=92.4395m
  原始数据:
2025/11/16 06:34:39.000   22.637503754  107.784657892    92.4395   2  24   0.0240   0.0525   0.0446  -0.0020   0.0187  -0.0078   1.00    1.0 6539837

[TCP数据流] 2025/11/16 14:34:22 - 浮点解 (24颗卫星)
  ECEF: X=-1798970.9690 Y=5608297.6047 Z=2439753.3634
  LLH:  Lat=22.637503749° Lon=107.784657824° H=92.4264m
  原始数据:
2025/11/16 06:34:40.000   22.637503749  107.784657824    92.4264   2  24   0.0238   0.0523   0.0442  -0.0022   0.0186  -0.0078   1.00    1.0 6539837

[TCP数据流] 2025/11/16 14:34:23 - 浮点解 (16颗卫星)
  ECEF: X=-1798970.9608 Y=5608297.5955 Z=2439753.3577
  LLH:  Lat=22.637503741° Lon=107.784657776° H=92.4138m
  原始数据:
2025/11/16 06:34:41.000   22.637503741  107.784657776    92.4138   2  16   0.0236   0.0521   0.0439  -0.0022   0.0185  -0.0077   1.00    1.0 6539837

[TCP数据流] 2025/11/16 14:34:24 - 浮点解 (19颗卫星)
  ECEF: X=-1798970.9995 Y=5608297.6062 Z=2439753.3270
  LLH:  Lat=22.637503409° Lon=107.784658102° H=92.4223m
  原始数据:
2025/11/16 06:34:42.000   22.637503409  107.784658102    92.4223   2  19   0.0235   0.0520   0.0437  -0.0023   0.0183  -0.0077   1.00    1.1 6539837

[TCP数据流] 2025/11/16 14:34:25 - 浮点解 (25颗卫星)
  ECEF: X=-1798971.0355 Y=5608297.6111 Z=2439753.2965
  LLH:  Lat=22.637503100° Lon=107.784658421° H=92.4250m
  原始数据:
2025/11/16 06:34:43.000   22.637503100  107.784658421    92.4250   2  25   0.0233   0.0518   0.0433  -0.0025   0.0182  -0.0076   1.00    1.1 6539837

[TCP数据流] 2025/11/16 14:34:26 - 浮点解 (25颗卫星)
  ECEF: X=-1798971.0700 Y=5608297.6169 Z=2439753.2682
  LLH:  Lat=22.637502808° Lon=107.784658724° H=92.4290m
  原始数据:
2025/11/16 06:34:44.000   22.637502808  107.784658724    92.4290   2  25   0.0231   0.0515   0.0430  -0.0026   0.0181  -0.0076   1.00    1.0 6539837

[TCP数据流] 2025/11/16 14:34:27 - 浮点解 (25颗卫星)
  ECEF: X=-1798971.1016 Y=5608297.6195 Z=2439753.2410
  LLH:  Lat=22.637502539° Lon=107.784659009° H=92.4297m
  原始数据:
2025/11/16 06:34:45.000   22.637502539  107.784659009    92.4297   2  25   0.0230   0.0513   0.0426  -0.0028   0.0179  -0.0076   1.00    1.1 6539837

[TCP数据流] 2025/11/16 14:34:29 - 浮点解 (25颗卫星)
  ECEF: X=-1798971.1331 Y=5608297.6224 Z=2439753.2135
  LLH:  Lat=22.637502267° Lon=107.784659292° H=92.4305m
  原始数据:
2025/11/16 06:34:47.000   22.637502267  107.784659292    92.4305   2  25   0.0228   0.0511   0.0422  -0.0029   0.0178  -0.0075   1.00    1.1 6539837

[TCP数据流] 2025/11/16 14:34:30 - 浮点解 (17颗卫星)
  ECEF: X=-1798971.1295 Y=5608297.6157 Z=2439753.2130
  LLH:  Lat=22.637502289° Lon=107.784659278° H=92.4234m
  原始数据:
2025/11/16 06:34:48.000   22.637502289  107.784659278    92.4234   2  17   0.0226   0.0509   0.0419  -0.0029   0.0178  -0.0074   1.00    1.0 6539837

[TCP数据流] 2025/11/16 14:34:31 - 浮点解 (25颗卫星)
  ECEF: X=-1798971.1627 Y=5608297.6205 Z=2439753.1906
  LLH:  Lat=22.637502051° Lon=107.784659572° H=92.4284m
  原始数据:
2025/11/16 06:34:49.000   22.637502051  107.784659572    92.4284   2  25   0.0225   0.0507   0.0415  -0.0030   0.0177  -0.0074   1.00    1.0 6539837

[TCP数据流] 2025/11/16 14:34:32 - 浮点解 (25颗卫星)
  ECEF: X=-1798971.1907 Y=5608297.6243 Z=2439753.1688
  LLH:  Lat=22.637501827° Lon=107.784659820° H=92.4312m
  原始数据:
2025/11/16 06:34:50.000   22.637501827  107.784659820    92.4312   2  25   0.0223   0.0505   0.0412  -0.0031   0.0176  -0.0074   1.00    1.0 6539837

[TCP数据流] 2025/11/16 14:34:33 - 浮点解 (25颗卫星)
  ECEF: X=-1798971.2171 Y=5608297.6277 Z=2439753.1471
  LLH:  Lat=22.637501607° Lon=107.784660054° H=92.4333m
  原始数据:
2025/11/16 06:34:51.000   22.637501607  107.784660054    92.4333   2  25   0.0221   0.0503   0.0408  -0.0032   0.0175  -0.0074   1.00    1.0 6539837

[TCP数据流] 2025/11/16 14:34:34 - 浮点解 (17颗卫星)
  ECEF: X=-1798971.2091 Y=5608297.6216 Z=2439753.1463
  LLH:  Lat=22.637501629° Lon=107.784659998° H=92.4254m
  原始数据:
2025/11/16 06:34:52.000   22.637501629  107.784659998    92.4254   2  17   0.0220   0.0501   0.0405  -0.0032   0.0174  -0.0073   1.00    1.0 6539837

[TCP数据流] 2025/11/16 14:34:35 - 浮点解 (25颗卫星)
  ECEF: X=-1798971.1948 Y=5608297.6202 Z=2439753.1425
  LLH:  Lat=22.637501617° Lon=107.784659870° H=92.4187m
  原始数据:
2025/11/16 06:34:53.000   22.637501617  107.784659870    92.4187   2  25   0.0218   0.0499   0.0402  -0.0034   0.0173  -0.0072   1.00    1.0 6539837

[TCP数据流] 2025/11/16 14:34:36 - 浮点解 (19颗卫星)
  ECEF: X=-1798971.1797 Y=5608297.6207 Z=2439753.1387
  LLH:  Lat=22.637501600° Lon=107.784659728° H=92.4134m
  原始数据:
2025/11/16 06:34:54.000   22.637501600  107.784659728    92.4134   2  19   0.0217   0.0497   0.0400  -0.0034   0.0171  -0.0072   1.00    1.8 6539837

[TCP数据流] 2025/11/16 14:34:37 - 浮点解 (25颗卫星)
  ECEF: X=-1798971.1602 Y=5608297.6173 Z=2439753.1342
  LLH:  Lat=22.637501594° Lon=107.784659558° H=92.4032m
  原始数据:
2025/11/16 06:34:55.000   22.637501594  107.784659558    92.4032   2  25   0.0216   0.0495   0.0397  -0.0035   0.0170  -0.0072   1.00    1.0 6539837

[TCP数据流] 2025/11/16 14:34:38 - 浮点解 (25颗卫星)
  ECEF: X=-1798971.1432 Y=5608297.6132 Z=2439753.1293
  LLH:  Lat=22.637501585° Lon=107.784659413° H=92.3929m
  原始数据:
2025/11/16 06:34:56.000   22.637501585  107.784659413    92.3929   2  25   0.0214   0.0493   0.0394  -0.0036   0.0169  -0.0072   1.00    1.1 6539837

[TCP数据流] 2025/11/16 14:34:39 - 浮点解 (25颗卫星)
  ECEF: X=-1798971.1230 Y=5608297.6077 Z=2439753.1237
  LLH:  Lat=22.637501578° Lon=107.784659242° H=92.3802m
  原始数据:
2025/11/16 06:34:57.000   22.637501578  107.784659242    92.3802   2  25   0.0212   0.0491   0.0391  -0.0037   0.0168  -0.0072   1.00    1.0 6539837

[TCP数据流] 2025/11/16 14:34:40 - 浮点解 (25颗卫星)
  ECEF: X=-1798971.1083 Y=5608297.6060 Z=2439753.1221
  LLH:  Lat=22.637501586° Lon=107.784659111° H=92.3739m
  原始数据:
2025/11/16 06:34:58.000   22.637501586  107.784659111    92.3739   2  25   0.0211   0.0489   0.0387  -0.0037   0.0167  -0.0071   1.00    1.1 6539837

[TCP数据流] 2025/11/16 14:34:41 - 浮点解 (25颗卫星)
  ECEF: X=-1798971.0924 Y=5608297.6007 Z=2439753.1183
  LLH:  Lat=22.637501589° Lon=107.784658979° H=92.3633m
  原始数据:
2025/11/16 06:34:59.000   22.637501589  107.784658979    92.3633   2  25   0.0209   0.0487   0.0384  -0.0038   0.0167  -0.0071   1.00    1.0 6539837

[TCP数据流] 2025/11/16 14:34:42 - 浮点解 (17颗卫星)
  ECEF: X=-1798971.0788 Y=5608297.5939 Z=2439753.1158
  LLH:  Lat=22.637501605° Lon=107.784658873° H=92.3526m
  原始数据:
2025/11/16 06:35:00.000   22.637501605  107.784658873    92.3526   2  17   0.0208   0.0485   0.0381  -0.0038   0.0166  -0.0070   1.00    1.2 6539837

[TCP数据流] 2025/11/16 14:34:43 - 浮点解 (25颗卫星)
  ECEF: X=-1798971.0559 Y=5608297.5852 Z=2439753.1046
  LLH:  Lat=22.637501565° Lon=107.784658687° H=92.3342m
  原始数据:
2025/11/16 06:35:01.000   22.637501565  107.784658687    92.3342   2  25   0.0207   0.0483   0.0378  -0.0038   0.0165  -0.0070   1.00    1.2 6539837

[TCP数据流] 2025/11/16 14:34:44 - 浮点解 (25颗卫星)
  ECEF: X=-1798971.0342 Y=5608297.5798 Z=2439753.0961
  LLH:  Lat=22.637501535° Lon=107.784658502° H=92.3200m
  原始数据:
2025/11/16 06:35:02.000   22.637501535  107.784658502    92.3200   2  25   0.0205   0.0481   0.0376  -0.0039   0.0165  -0.0069   1.00    1.0 6539837

[TCP数据流] 2025/11/16 14:34:45 - 浮点解 (25颗卫星)
  ECEF: X=-1798971.0137 Y=5608297.5726 Z=2439753.0866
  LLH:  Lat=22.637501501° Lon=107.784658334° H=92.3043m
  原始数据:
2025/11/16 06:35:03.000   22.637501501  107.784658334    92.3043   2  25   0.0204   0.0479   0.0373  -0.0039   0.0164  -0.0068   1.00    1.0 6539837

[TCP数据流] 2025/11/16 14:34:46 - 浮点解 (25颗卫星)
  ECEF: X=-1798970.9951 Y=5608297.5654 Z=2439753.0776
  LLH:  Lat=22.637501470° Lon=107.784658183° H=92.2892m
  原始数据:
2025/11/16 06:35:04.000   22.637501470  107.784658183    92.2892   2  25   0.0202   0.0477   0.0370  -0.0039   0.0164  -0.0068   1.00    1.0 6539837

[TCP数据流] 2025/11/16 14:34:47 - 浮点解 (25颗卫星)
  ECEF: X=-1798970.9790 Y=5608297.5590 Z=2439753.0701
  LLH:  Lat=22.637501445° Lon=107.784658053° H=92.2762m
  原始数据:
2025/11/16 06:35:05.000   22.637501445  107.784658053    92.2762   2  25   0.0201   0.0476   0.0367  -0.0039   0.0163  -0.0067   1.00    1.0 6539837

[TCP数据流] 2025/11/16 14:34:48 - 浮点解 (25颗卫星)
  ECEF: X=-1798970.9625 Y=5608297.5552 Z=2439753.0629
  LLH:  Lat=22.637501416° Lon=107.784657911° H=92.2654m
  原始数据:
2025/11/16 06:35:06.000   22.637501416  107.784657911    92.2654   2  25   0.0200   0.0474   0.0364  -0.0039   0.0162  -0.0067   1.00    1.0 6539837

[TCP数据流] 2025/11/16 14:34:49 - 浮点解 (25颗卫星)
  ECEF: X=-1798970.9470 Y=5608297.5469 Z=2439753.0570
  LLH:  Lat=22.637501410° Lon=107.784657792° H=92.2515m
  原始数据:
2025/11/16 06:35:07.000   22.637501410  107.784657792    92.2515   2  25   0.0198   0.0472   0.0362  -0.0039   0.0162  -0.0066   1.00    1.0 6539837

[TCP数据流] 2025/11/16 14:34:50 - 浮点解 (25颗卫星)
  ECEF: X=-1798970.9290 Y=5608297.5360 Z=2439753.0485
  LLH:  Lat=22.637501395° Lon=107.784657658° H=92.2336m
  原始数据:
2025/11/16 06:35:08.000   22.637501395  107.784657658    92.2336   2  25   0.0197   0.0470   0.0359  -0.0039   0.0161  -0.0066   1.00    1.0 6539837

[TCP数据流] 2025/11/16 14:34:51 - 浮点解 (17颗卫星)
  ECEF: X=-1798970.9177 Y=5608297.5294 Z=2439753.0484
  LLH:  Lat=22.637501428° Lon=107.784657573° H=92.2245m
  原始数据:
2025/11/16 06:35:09.000   22.637501428  107.784657573    92.2245   2  17   0.0196   0.0468   0.0356  -0.0039   0.0161  -0.0065   1.00    1.1 6539837

[TCP数据流] 2025/11/16 14:34:52 - 浮点解 (25颗卫星)
  ECEF: X=-1798970.9001 Y=5608297.5207 Z=2439753.0397
  LLH:  Lat=22.637501403° Lon=107.784657436° H=92.2086m
  原始数据:
2025/11/16 06:35:10.000   22.637501403  107.784657436    92.2086   2  25   0.0195   0.0467   0.0354  -0.0039   0.0160  -0.0064   1.00    1.0 6539837

[TCP数据流] 2025/11/16 14:34:53 - 浮点解 (25颗卫星)
  ECEF: X=-1798970.8850 Y=5608297.5134 Z=2439753.0340
  LLH:  Lat=22.637501395° Lon=107.784657317° H=92.1957m
  原始数据:
2025/11/16 06:35:11.000   22.637501395  107.784657317    92.1957   2  25   0.0193   0.0465   0.0351  -0.0039   0.0160  -0.0064   1.00    1.1 6539837

[TCP数据流] 2025/11/16 14:34:54 - 浮点解 (25颗卫星)
  ECEF: X=-1798970.8707 Y=5608297.5055 Z=2439753.0279
  LLH:  Lat=22.637501386° Lon=107.784657208° H=92.1824m
  原始数据:
2025/11/16 06:35:12.000   22.637501386  107.784657208    92.1824   2  25   0.0192   0.0463   0.0349  -0.0039   0.0159  -0.0063   1.00    1.0 6539837

[TCP数据流] 2025/11/16 14:34:55 - 浮点解 (25颗卫星)
  ECEF: X=-1798970.8612 Y=5608297.4999 Z=2439753.0254
  LLH:  Lat=22.637501394° Lon=107.784657137° H=92.1738m
  原始数据:
2025/11/16 06:35:13.000   22.637501394  107.784657137    92.1738   2  25   0.0191   0.0461   0.0346  -0.0038   0.0159  -0.0062   1.00    1.1 6539837

[TCP数据流] 2025/11/16 14:34:56 - 浮点解 (25颗卫星)
  ECEF: X=-1798970.8557 Y=5608297.4941 Z=2439753.0257
  LLH:  Lat=22.637501421° Lon=107.784657103° H=92.1673m
  原始数据:
2025/11/16 06:35:14.000   22.637501421  107.784657103    92.1673   2  25   0.0190   0.0460   0.0344  -0.0038   0.0158  -0.0062   1.00    1.1 6539837

[TCP数据流] 2025/11/16 14:34:57 - 浮点解 (25颗卫星)
  ECEF: X=-1798970.8495 Y=5608297.4873 Z=2439753.0237
  LLH:  Lat=22.637501434° Lon=107.784657066° H=92.1588m
  原始数据:
2025/11/16 06:35:15.000   22.637501434  107.784657066    92.1588   2  25   0.0189   0.0458   0.0342  -0.0038   0.0158  -0.0061   2.00    1.3 6539837

[TCP数据流] 2025/11/16 14:34:58 - 浮点解 (25颗卫星)
  ECEF: X=-1798970.8495 Y=5608297.4818 Z=2439753.0235
  LLH:  Lat=22.637501450° Lon=107.784657082° H=92.1539m
  原始数据:
2025/11/16 06:35:16.000   22.637501450  107.784657082    92.1539   2  25   0.0188   0.0456   0.0340  -0.0037   0.0157  -0.0060   1.00    1.2 6539837

[TCP数据流] 2025/11/16 14:34:59 - 浮点解 (25颗卫星)
  ECEF: X=-1798970.8459 Y=5608297.4773 Z=2439753.0240
  LLH:  Lat=22.637501473° Lon=107.784657063° H=92.1491m
  原始数据:
2025/11/16 06:35:17.000   22.637501473  107.784657063    92.1491   2  25   0.0186   0.0455   0.0337  -0.0037   0.0157  -0.0060   1.00    1.1 6539837

[TCP数据流] 2025/11/16 14:35:00 - 浮点解 (25颗卫星)
  ECEF: X=-1798970.8432 Y=5608297.4736 Z=2439753.0246
  LLH:  Lat=22.637501493° Lon=107.784657049° H=92.1453m
  原始数据:
2025/11/16 06:35:18.000   22.637501493  107.784657049    92.1453   2  25   0.0185   0.0453   0.0335  -0.0037   0.0157  -0.0059   1.00    1.2 6539837

[TCP数据流] 2025/11/16 14:35:01 - 浮点解 (25颗卫星)
  ECEF: X=-1798970.8426 Y=5608297.4703 Z=2439753.0250
  LLH:  Lat=22.637501508° Lon=107.784657053° H=92.1424m
  原始数据:
2025/11/16 06:35:19.000   22.637501508  107.784657053    92.1424   2  25   0.0184   0.0451   0.0333  -0.0036   0.0156  -0.0058   1.00    1.1 6539837

[TCP数据流] 2025/11/16 14:35:02 - 浮点解 (25颗卫星)
  ECEF: X=-1798970.8387 Y=5608297.4653 Z=2439753.0249
  LLH:  Lat=22.637501528° Lon=107.784657032° H=92.1369m
  原始数据:
2025/11/16 06:35:20.000   22.637501528  107.784657032    92.1369   2  25   0.0183   0.0450   0.0331  -0.0036   0.0156  -0.0058   1.00    1.2 6539837

[TCP数据流] 2025/11/16 14:35:03 - 浮点解 (25颗卫星)
  ECEF: X=-1798970.8349 Y=5608297.4626 Z=2439753.0256
  LLH:  Lat=22.637501547° Lon=107.784657004° H=92.1337m
  原始数据:
2025/11/16 06:35:21.000   22.637501547  107.784657004    92.1337   2  25   0.0182   0.0448   0.0328  -0.0036   0.0155  -0.0057   1.00    1.1 6539837

[TCP数据流] 2025/11/16 14:35:04 - 浮点解 (25颗卫星)
  ECEF: X=-1798970.8335 Y=5608297.4570 Z=2439753.0268
  LLH:  Lat=22.637501577° Lon=107.784657008° H=92.1289m
  原始数据:
2025/11/16 06:35:22.000   22.637501577  107.784657008    92.1289   2  25   0.0181   0.0447   0.0326  -0.0035   0.0155  -0.0056   1.00    1.1 6539837

========== RTKRCV 退出 ==========
时间: 2025-11-16T06:35:04.624Z
退出码: 0
信号: null
================================

