
========== RTKRCV 启动 ==========
时间: 2025-11-16T10:02:08.639Z
配置文件: 8516421.conf
进程 PID: 3568903
================================


[TCP数据流] 2025/11/16 18:02:55 - 浮点解 (32颗卫星)
  ECEF: X=-1722254.7241 Y=5365447.5781 Z=2979377.7010
  LLH:  Lat=28.025570023° Lon=107.796107921° H=789.0475m
  原始数据:
2025/11/16 10:03:13.000   28.025570023  107.796107921   789.0475   2  32   0.6674   0.6451   1.7945  -0.1541   0.1188  -0.5800   0.00    0.0 8516421

[TCP数据流] 2025/11/16 18:02:56 - 浮点解 (23颗卫星)
  ECEF: X=-1722254.9163 Y=5365447.8598 Z=2979377.7755
  LLH:  Lat=28.025569231° Lon=107.796108907° H=789.3711m
  原始数据:
2025/11/16 10:03:14.000   28.025569231  107.796108907   789.3711   2  23   0.5264   0.4909   1.3714  -0.1255   0.1456  -0.4356   0.00    0.0 8516421

[TCP数据流] 2025/11/16 18:02:57 - 浮点解 (32颗卫星)
  ECEF: X=-1722254.9403 Y=5365447.8605 Z=2979377.7325
  LLH:  Lat=28.025568854° Lon=107.796109137° H=789.3580m
  原始数据:
2025/11/16 10:03:15.000   28.025568854  107.796109137   789.3580   2  32   0.4234   0.3982   1.1054  -0.0998   0.1089  -0.3550   0.00    0.0 8516421

[TCP数据流] 2025/11/16 18:02:58 - 浮点解 (32颗卫星)
  ECEF: X=-1722254.9734 Y=5365447.8635 Z=2979377.6922
  LLH:  Lat=28.025568478° Lon=107.796109448° H=789.3505m
  原始数据:
2025/11/16 10:03:16.000   28.025568478  107.796109448   789.3505   2  32   0.3655   0.3438   0.9515  -0.0841   0.0884  -0.3094   0.00    0.0 8516421

[TCP数据流] 2025/11/16 18:02:59 - 浮点解 (32颗卫星)
  ECEF: X=-1722254.8932 Y=5365447.6697 Z=2979377.5667
  LLH:  Lat=28.025568365° Lon=107.796109274° H=789.1070m
  原始数据:
2025/11/16 10:03:17.000   28.025568365  107.796109274   789.1070   2  32   0.3251   0.3074   0.8487  -0.0744   0.0726  -0.2758   1.00    0.0 8516421

[TCP数据流] 2025/11/16 18:03:00 - 浮点解 (32颗卫星)
  ECEF: X=-1722254.9197 Y=5365447.6630 Z=2979377.5819
  LLH:  Lat=28.025568479° Lon=107.796109551° H=789.1157m
  原始数据:
2025/11/16 10:03:18.000   28.025568479  107.796109551   789.1157   2  32   0.2955   0.2802   0.7706  -0.0677   0.0655  -0.2509   0.00    0.0 8516421

[TCP数据流] 2025/11/16 18:03:01 - 浮点解 (32颗卫星)
  ECEF: X=-1722254.8739 Y=5365447.5646 Z=2979377.5147
  LLH:  Lat=28.025568400° Lon=107.796109414° H=788.9890m
  原始数据:
2025/11/16 10:03:19.000   28.025568400  107.796109414   788.9890   2  32   0.2728   0.2594   0.7111  -0.0623   0.0575  -0.2316   1.00    0.0 8516421

[TCP数据流] 2025/11/16 18:03:02 - 浮点解 (23颗卫星)
  ECEF: X=-1722254.7827 Y=5365447.4049 Z=2979377.4300
  LLH:  Lat=28.025568488° Lon=107.796109027° H=788.7904m
  原始数据:
2025/11/16 10:03:20.000   28.025568488  107.796109027   788.7904   2  23   0.2600   0.2456   0.6747  -0.0593   0.0570  -0.2191   2.00    0.0 8516421

[TCP数据流] 2025/11/16 18:03:03 - 浮点解 (32颗卫星)
  ECEF: X=-1722254.6741 Y=5365447.1271 Z=2979377.2877
  LLH:  Lat=28.025568617° Lon=107.796108839° H=788.4608m
  原始数据:
2025/11/16 10:03:21.000   28.025568617  107.796108839   788.4608   2  32   0.2439   0.2313   0.6322  -0.0556   0.0515  -0.2055   3.00    0.0 8516421

[TCP数据流] 2025/11/16 18:03:04 - 浮点解 (32颗卫星)
  ECEF: X=-1722254.5540 Y=5365446.8102 Z=2979377.1236
  LLH:  Lat=28.025568745° Lon=107.796108661° H=788.0849m
  原始数据:
2025/11/16 10:03:22.000   28.025568745  107.796108661   788.0849   2  32   0.2305   0.2191   0.5965  -0.0525   0.0472  -0.1941   4.00    0.0 8516421

[TCP数据流] 2025/11/16 18:03:05 - 浮点解 (32颗卫星)
  ECEF: X=-1722254.4707 Y=5365446.5362 Z=2979376.9690
  LLH:  Lat=28.025568727° Lon=107.796108706° H=787.7595m
  原始数据:
2025/11/16 10:03:23.000   28.025568727  107.796108706   787.7595   2  32   0.2191   0.2087   0.5661  -0.0499   0.0437  -0.1844   5.00    0.0 8516421

[TCP数据流] 2025/11/16 18:03:06 - 浮点解 (32颗卫星)
  ECEF: X=-1722254.4025 Y=5365446.2709 Z=2979376.8125
  LLH:  Lat=28.025568640° Lon=107.796108870° H=787.4446m
  原始数据:
2025/11/16 10:03:24.000   28.025568640  107.796108870   787.4446   2  32   0.2092   0.1997   0.5398  -0.0476   0.0408  -0.1760   6.00    0.0 8516421

[TCP数据流] 2025/11/16 18:03:07 - 浮点解 (32颗卫星)
  ECEF: X=-1722254.3349 Y=5365446.0344 Z=2979376.6722
  LLH:  Lat=28.025568565° Lon=107.796108950° H=787.1616m
  原始数据:
2025/11/16 10:03:25.000   28.025568565  107.796108950   787.1616   2  32   0.2006   0.1917   0.5167  -0.0456   0.0383  -0.1686   7.00    0.0 8516421

[TCP数据流] 2025/11/16 18:03:08 - 浮点解 (32颗卫星)
  ECEF: X=-1722254.2787 Y=5365445.8008 Z=2979376.5442
  LLH:  Lat=28.025568561° Lon=107.796109132° H=786.8900m
  原始数据:
2025/11/16 10:03:26.000   28.025568561  107.796109132   786.8900   2  32   0.1929   0.1847   0.4962  -0.0438   0.0362  -0.1621   8.00    0.0 8516421
[ERROR] ../../../../src/lambda.c : search loop count overflow

[TCP数据流] 2025/11/16 18:03:09 - 浮点解 (32颗卫星)
  ECEF: X=-1722254.2215 Y=5365445.6112 Z=2979376.4235
  LLH:  Lat=28.025568439° Lon=107.796109168° H=786.6585m
  原始数据:
2025/11/16 10:03:27.000   28.025568439  107.796109168   786.6585   2  32   0.1860   0.1783   0.4779  -0.0423   0.0344  -0.1562   9.00    0.0 8516421
[ERROR] ../../../../src/lambda.c : search loop count overflow

[TCP数据流] 2025/11/16 18:03:10 - 浮点解 (32颗卫星)
  ECEF: X=-1722254.1719 Y=5365445.4127 Z=2979376.2978
  LLH:  Lat=28.025568304° Lon=107.796109304° H=786.4192m
  原始数据:
2025/11/16 10:03:28.000   28.025568304  107.796109304   786.4192   2  32   0.1798   0.1726   0.4615  -0.0409   0.0328  -0.1510  10.00    0.0 8516421

[TCP数据流] 2025/11/16 18:03:11 - 浮点解 (32颗卫星)
  ECEF: X=-1722254.1313 Y=5365445.2263 Z=2979376.1920
  LLH:  Lat=28.025568266° Lon=107.796109491° H=786.2018m
  原始数据:
2025/11/16 10:03:29.000   28.025568266  107.796109491   786.2018   2  32   0.1742   0.1673   0.4466  -0.0396   0.0314  -0.1462  11.00    1.1 8516421

[TCP数据流] 2025/11/16 18:03:12 - 浮点解 (32颗卫星)
  ECEF: X=-1722254.0869 Y=5365445.0472 Z=2979376.0818
  LLH:  Lat=28.025568169° Lon=107.796109617° H=785.9876m
  原始数据:
2025/11/16 10:03:30.000   28.025568169  107.796109617   785.9876   2  32   0.1691   0.1626   0.4330  -0.0384   0.0301  -0.1418  12.00    1.1 8516421
[ERROR] ../../../../src/lambda.c : search loop count overflow

[TCP数据流] 2025/11/16 18:03:13 - 浮点解 (32颗卫星)
  ECEF: X=-1722254.0598 Y=5365444.9030 Z=2979375.9893
  LLH:  Lat=28.025568049° Lon=107.796109803° H=785.8156m
  原始数据:
2025/11/16 10:03:31.000   28.025568049  107.796109803   785.8156   2  32   0.1644   0.1582   0.4205  -0.0373   0.0290  -0.1378  13.00    0.0 8516421

[TCP数据流] 2025/11/16 18:03:14 - 浮点解 (32颗卫星)
  ECEF: X=-1722254.0203 Y=5365444.7623 Z=2979375.9038
  LLH:  Lat=28.025567988° Lon=107.796109858° H=785.6465m
  原始数据:
2025/11/16 10:03:32.000   28.025567988  107.796109858   785.6465   2  32   0.1601   0.1541   0.4090  -0.0364   0.0280  -0.1341  14.00    1.1 8516421

[TCP数据流] 2025/11/16 18:03:15 - 浮点解 (32颗卫星)
  ECEF: X=-1722254.0023 Y=5365444.6332 Z=2979375.8223
  LLH:  Lat=28.025567883° Lon=107.796110085° H=785.4948m
  原始数据:
2025/11/16 10:03:33.000   28.025567883  107.796110085   785.4948   2  32   0.1561   0.1504   0.3984  -0.0354   0.0271  -0.1307  15.00    1.0 8516421

[TCP数据流] 2025/11/16 18:03:16 - 浮点解 (32颗卫星)
  ECEF: X=-1722253.9665 Y=5365444.4836 Z=2979375.7402
  LLH:  Lat=28.025567879° Lon=107.796110203° H=785.3209m
  原始数据:
2025/11/16 10:03:34.000   28.025567879  107.796110203   785.3209   2  32   0.1524   0.1469   0.3886  -0.0346   0.0262  -0.1276  16.00    1.1 8516421

[TCP数据流] 2025/11/16 18:03:17 - 浮点解 (32颗卫星)
  ECEF: X=-1722253.9405 Y=5365444.3732 Z=2979375.6668
  LLH:  Lat=28.025567774° Lon=107.796110294° H=785.1866m
  原始数据:
2025/11/16 10:03:35.000   28.025567774  107.796110294   785.1866   2  32   0.1489   0.1436   0.3794  -0.0338   0.0255  -0.1246  17.00    1.0 8516421

[TCP数据流] 2025/11/16 18:03:18 - 浮点解 (32颗卫星)
  ECEF: X=-1722253.9113 Y=5365444.2462 Z=2979375.5899
  LLH:  Lat=28.025567712° Lon=107.796110406° H=785.0358m
  原始数据:
2025/11/16 10:03:36.000   28.025567712  107.796110406   785.0358   2  32   0.1457   0.1406   0.3709  -0.0331   0.0248  -0.1219  18.00    1.1 8516421

[TCP数据流] 2025/11/16 18:03:19 - 浮点解 (32颗卫星)
  ECEF: X=-1722253.9019 Y=5365444.1621 Z=2979375.5347
  LLH:  Lat=28.025567624° Lon=107.796110577° H=784.9367m
  原始数据:
2025/11/16 10:03:37.000   28.025567624  107.796110577   784.9367   2  32   0.1427   0.1377   0.3628  -0.0324   0.0241  -0.1193  19.00    1.3 8516421

[TCP数据流] 2025/11/16 18:03:20 - 浮点解 (32颗卫星)
  ECEF: X=-1722253.8851 Y=5365444.0729 Z=2979375.4780
  LLH:  Lat=28.025567554° Lon=107.796110691° H=784.8305m
  原始数据:
2025/11/16 10:03:38.000   28.025567554  107.796110691   784.8305   2  32   0.1398   0.1350   0.3553  -0.0317   0.0235  -0.1169  20.00    1.1 8516421

[TCP数据流] 2025/11/16 18:03:22 - 浮点解 (32颗卫星)
  ECEF: X=-1722253.8574 Y=5365443.9796 Z=2979375.4250
  LLH:  Lat=28.025567545° Lon=107.796110713° H=784.7197m
  原始数据:
2025/11/16 10:03:40.000   28.025567545  107.796110713   784.7197   2  32   0.1371   0.1325   0.3482  -0.0311   0.0230  -0.1146  22.00    1.1 8516421

[TCP数据流] 2025/11/16 18:03:23 - 浮点解 (32颗卫星)
  ECEF: X=-1722253.8423 Y=5365443.9032 Z=2979375.3798
  LLH:  Lat=28.025567513° Lon=107.796110804° H=784.6302m
  原始数据:
2025/11/16 10:03:41.000   28.025567513  107.796110804   784.6302   2  32   0.1346   0.1301   0.3415  -0.0305   0.0224  -0.1124  23.00    1.0 8516421

[TCP数据流] 2025/11/16 18:03:24 - 浮点解 (32颗卫星)
  ECEF: X=-1722253.8276 Y=5365443.8240 Z=2979375.3312
  LLH:  Lat=28.025567464° Lon=107.796110908° H=784.5368m
  原始数据:
2025/11/16 10:03:42.000   28.025567464  107.796110908   784.5368   2  32   0.1322   0.1278   0.3351  -0.0300   0.0220  -0.1104  24.00    1.1 8516421

[TCP数据流] 2025/11/16 18:03:25 - 浮点解 (32颗卫星)
  ECEF: X=-1722253.8200 Y=5365443.7603 Z=2979375.2924
  LLH:  Lat=28.025567422° Lon=107.796111033° H=784.4630m
  原始数据:
2025/11/16 10:03:43.000   28.025567422  107.796111033   784.4630   2  32   0.1299   0.1256   0.3291  -0.0295   0.0215  -0.1084  25.00    1.1 8516421

[TCP数据流] 2025/11/16 18:03:26 - 浮点解 (32颗卫星)
  ECEF: X=-1722253.8110 Y=5365443.6911 Z=2979375.2545
  LLH:  Lat=28.025567411° Lon=107.796111160° H=784.3846m
  原始数据:
2025/11/16 10:03:44.000   28.025567411  107.796111160   784.3846   2  32   0.1277   0.1236   0.3234  -0.0290   0.0211  -0.1066  26.00    1.0 8516421

[TCP数据流] 2025/11/16 18:03:27 - 浮点解 (32颗卫星)
  ECEF: X=-1722253.7926 Y=5365443.6147 Z=2979375.2105
  LLH:  Lat=28.025567393° Lon=107.796111220° H=784.2948m
  原始数据:
2025/11/16 10:03:45.000   28.025567393  107.796111220   784.2948   2  32   0.1256   0.1216   0.3180  -0.0285   0.0207  -0.1048  27.00    1.0 8516421

[TCP数据流] 2025/11/16 18:03:28 - 浮点解 (32颗卫星)
  ECEF: X=-1722253.7670 Y=5365443.5355 Z=2979375.1633
  LLH:  Lat=28.025567370° Lon=107.796111218° H=784.1991m
  原始数据:
2025/11/16 10:03:46.000   28.025567370  107.796111218   784.1991   2  32   0.1237   0.1197   0.3128  -0.0281   0.0203  -0.1032  28.00    1.0 8516421

[TCP数据流] 2025/11/16 18:03:29 - 浮点解 (32颗卫星)
  ECEF: X=-1722253.7506 Y=5365443.4585 Z=2979375.1181
  LLH:  Lat=28.025567342° Lon=107.796111299° H=784.1087m
  原始数据:
2025/11/16 10:03:47.000   28.025567342  107.796111299   784.1087   2  32   0.1218   0.1179   0.3079  -0.0276   0.0199  -0.1016  29.00    1.0 8516421

[TCP数据流] 2025/11/16 18:03:30 - 浮点解 (32颗卫星)
  ECEF: X=-1722253.7435 Y=5365443.3905 Z=2979375.0797
  LLH:  Lat=28.025567320° Lon=107.796111441° H=784.0316m
  原始数据:
2025/11/16 10:03:48.000   28.025567320  107.796111441   784.0316   2  32   0.1200   0.1162   0.3032  -0.0272   0.0196  -0.1000  30.00    1.0 8516421

[TCP数据流] 2025/11/16 18:03:52 - 浮点解 (32颗卫星)
  ECEF: X=-1722254.5233 Y=5365445.9783 Z=2979376.3949
  LLH:  Lat=28.025566339° Lon=107.796110949° H=787.0350m
  原始数据:
2025/11/16 10:04:10.000   28.025566339  107.796110949   787.0350   2  32   0.0998   0.1043   0.2208  -0.0240   0.0232  -0.0678   9.00    1.2 8516421

[TCP数据流] 2025/11/16 18:03:53 - 浮点解 (32颗卫星)
  ECEF: X=-1722254.5302 Y=5365446.0001 Z=2979376.4009
  LLH:  Lat=28.025566290° Lon=107.796110948° H=787.0580m
  原始数据:
2025/11/16 10:04:11.000   28.025566290  107.796110948   787.0580   2  32   0.0984   0.1031   0.2170  -0.0237   0.0230  -0.0666  10.00    1.2 8516421

[TCP数据流] 2025/11/16 18:03:54 - 浮点解 (32颗卫星)
  ECEF: X=-1722254.5410 Y=5365446.0181 Z=2979376.4049
  LLH:  Lat=28.025566235° Lon=107.796110997° H=787.0779m
  原始数据:
2025/11/16 10:04:12.000   28.025566235  107.796110997   787.0779   2  32   0.0971   0.1018   0.2136  -0.0235   0.0228  -0.0656  11.00    1.2 8516421

[TCP数据流] 2025/11/16 18:03:56 - 浮点解 (32颗卫星)
  ECEF: X=-1722254.5452 Y=5365446.0158 Z=2979376.3991
  LLH:  Lat=28.025566192° Lon=107.796111044° H=787.0744m
  原始数据:
2025/11/16 10:04:14.000   28.025566192  107.796111044   787.0744   2  32   0.0960   0.1007   0.2106  -0.0232   0.0225  -0.0647  13.00    1.2 8516421

[TCP数据流] 2025/11/16 18:03:57 - 浮点解 (32颗卫星)
  ECEF: X=-1722254.5443 Y=5365446.0075 Z=2979376.3903
  LLH:  Lat=28.025566157° Lon=107.796111061° H=787.0630m
  原始数据:
2025/11/16 10:04:15.000   28.025566157  107.796111061   787.0630   2  32   0.0949   0.0996   0.2079  -0.0230   0.0223  -0.0639  14.00    1.1 8516421

[TCP数据流] 2025/11/16 18:03:58 - 浮点解 (32颗卫星)
  ECEF: X=-1722254.6465 Y=5365446.3508 Z=2979376.6075
  LLH:  Lat=28.025566369° Lon=107.796110984° H=787.4812m
  原始数据:
2025/11/16 10:04:16.000   28.025566369  107.796110984   787.4812   2  32   0.0921   0.0981   0.1984  -0.0224   0.0225  -0.0600   0.00    1.0 8516421

[TCP数据流] 2025/11/16 18:03:59 - 浮点解 (23颗卫星)
  ECEF: X=-1722254.6791 Y=5365446.4532 Z=2979376.6921
  LLH:  Lat=28.025566587° Lon=107.796110981° H=787.6158m
  原始数据:
2025/11/16 10:04:17.000   28.025566587  107.796110981   787.6158   2  23   0.0907   0.0970   0.1953  -0.0220   0.0215  -0.0597   0.00    1.7 8516421

[TCP数据流] 2025/11/16 18:04:00 - 浮点解 (32颗卫星)
  ECEF: X=-1722254.7523 Y=5365446.7068 Z=2979376.8536
  LLH:  Lat=28.025566755° Lon=107.796110902° H=787.9246m
  原始数据:
2025/11/16 10:04:18.000   28.025566755  107.796110902   787.9246   2  32   0.0884   0.0957   0.1876  -0.0216   0.0218  -0.0565   0.00    1.0 8516421

[TCP数据流] 2025/11/16 18:04:01 - 浮点解 (32颗卫星)
  ECEF: X=-1722254.8081 Y=5365446.8927 Z=2979376.9713
  LLH:  Lat=28.025566870° Lon=107.796110864° H=788.1512m
  原始数据:
2025/11/16 10:04:19.000   28.025566870  107.796110864   788.1512   2  32   0.0865   0.0945   0.1812  -0.0212   0.0218  -0.0540   1.00    1.1 8516421

[TCP数据流] 2025/11/16 18:04:02 - 浮点解 (32颗卫星)
  ECEF: X=-1722254.8496 Y=5365447.0320 Z=2979377.0624
  LLH:  Lat=28.025566979° Lon=107.796110833° H=788.3223m
  原始数据:
2025/11/16 10:04:20.000   28.025566979  107.796110833   788.3223   2  32   0.0847   0.0933   0.1756  -0.0209   0.0219  -0.0518   1.00    1.0 8516421

[TCP数据流] 2025/11/16 18:04:03 - 浮点解 (32颗卫星)
  ECEF: X=-1722254.8833 Y=5365447.1182 Z=2979377.1182
  LLH:  Lat=28.025567032° Lon=107.796110892° H=788.4301m
  原始数据:
2025/11/16 10:04:21.000   28.025567032  107.796110892   788.4301   2  32   0.0832   0.0922   0.1710  -0.0206   0.0218  -0.0501   2.00    1.0 8516421

[TCP数据流] 2025/11/16 18:04:04 - 浮点解 (32颗卫星)
  ECEF: X=-1722254.9061 Y=5365447.1749 Z=2979377.1515
  LLH:  Lat=28.025567039° Lon=107.796110936° H=788.4995m
  原始数据:
2025/11/16 10:04:22.000   28.025567039  107.796110936   788.4995   2  32   0.0819   0.0912   0.1672  -0.0203   0.0218  -0.0488   3.00    1.0 8516421

[TCP数据流] 2025/11/16 18:04:05 - 浮点解 (32颗卫星)
  ECEF: X=-1722254.9173 Y=5365447.2140 Z=2979377.1675
  LLH:  Lat=28.025566994° Lon=107.796110923° H=788.5429m
  原始数据:
2025/11/16 10:04:23.000   28.025566994  107.796110923   788.5429   2  32   0.0807   0.0903   0.1641  -0.0201   0.0216  -0.0477   4.00    1.0 8516421

[TCP数据流] 2025/11/16 18:04:06 - 浮点解 (32颗卫星)
  ECEF: X=-1722254.9272 Y=5365447.2331 Z=2979377.1742
  LLH:  Lat=28.025566957° Lon=107.796110959° H=788.5648m
  原始数据:
2025/11/16 10:04:24.000   28.025566957  107.796110959   788.5648   2  32   0.0798   0.0894   0.1614  -0.0199   0.0215  -0.0469   5.00    1.1 8516421

[TCP数据流] 2025/11/16 18:04:07 - 浮点解 (32颗卫星)
  ECEF: X=-1722254.9323 Y=5365447.2385 Z=2979377.1684
  LLH:  Lat=28.025566882° Lon=107.796110992° H=788.5680m
  原始数据:
2025/11/16 10:04:25.000   28.025566882  107.796110992   788.5680   2  32   0.0789   0.0885   0.1592  -0.0197   0.0213  -0.0462   6.00    1.0 8516421

[TCP数据流] 2025/11/16 18:04:08 - 浮点解 (32颗卫星)
  ECEF: X=-1722254.9336 Y=5365447.2335 Z=2979377.1567
  LLH:  Lat=28.025566808° Lon=107.796111020° H=788.5586m
  原始数据:
2025/11/16 10:04:26.000   28.025566808  107.796111020   788.5586   2  32   0.0781   0.0877   0.1573  -0.0196   0.0212  -0.0456   7.00    1.2 8516421

[TCP数据流] 2025/11/16 18:04:09 - 浮点解 (32颗卫星)
  ECEF: X=-1722254.9329 Y=5365447.2193 Z=2979377.1411
  LLH:  Lat=28.025566742° Lon=107.796111058° H=788.5392m
  原始数据:
2025/11/16 10:04:27.000   28.025566742  107.796111058   788.5392   2  32   0.0774   0.0870   0.1555  -0.0194   0.0210  -0.0452   8.00    1.1 8516421

[TCP数据流] 2025/11/16 18:04:10 - 浮点解 (32颗卫星)
  ECEF: X=-1722254.9315 Y=5365447.2014 Z=2979377.1233
  LLH:  Lat=28.025566674° Lon=107.796111100° H=788.5154m
  原始数据:
2025/11/16 10:04:28.000   28.025566674  107.796111100   788.5154   2  32   0.0767   0.0862   0.1540  -0.0193   0.0208  -0.0447   9.00    1.0 8516421

[TCP数据流] 2025/11/16 18:04:11 - 浮点解 (32颗卫星)
  ECEF: X=-1722254.9287 Y=5365447.1837 Z=2979377.1033
  LLH:  Lat=28.025566590° Lon=107.796111128° H=788.4904m
  原始数据:
2025/11/16 10:04:29.000   28.025566590  107.796111128   788.4904   2  32   0.0761   0.0855   0.1526  -0.0191   0.0207  -0.0444  10.00    1.1 8516421

[TCP数据流] 2025/11/16 18:04:12 - 浮点解 (32颗卫星)
  ECEF: X=-1722254.9236 Y=5365447.1601 Z=2979377.0793
  LLH:  Lat=28.025566501° Lon=107.796111152° H=788.4579m
  原始数据:
2025/11/16 10:04:30.000   28.025566501  107.796111152   788.4579   2  32   0.0755   0.0848   0.1514  -0.0190   0.0205  -0.0441  11.00    1.1 8516421

[TCP数据流] 2025/11/16 18:04:13 - 浮点解 (32颗卫星)
  ECEF: X=-1722254.9625 Y=5365447.2797 Z=2979377.1689
  LLH:  Lat=28.025566681° Lon=107.796111157° H=788.6110m
  原始数据:
2025/11/16 10:04:31.000   28.025566681  107.796111157   788.6110   2  32   0.0742   0.0839   0.1480  -0.0187   0.0206  -0.0430   0.00    1.0 8516421

[TCP数据流] 2025/11/16 18:04:14 - 浮点解 (32颗卫星)
  ECEF: X=-1722254.9914 Y=5365447.3685 Z=2979377.2340
  LLH:  Lat=28.025566804° Lon=107.796111160° H=788.7240m
  原始数据:
2025/11/16 10:04:32.000   28.025566804  107.796111160   788.7240   2  32   0.0730   0.0831   0.1449  -0.0185   0.0206  -0.0420   1.00    1.1 8516421

[TCP数据流] 2025/11/16 18:04:15 - 浮点解 (32颗卫星)
  ECEF: X=-1722255.0131 Y=5365447.4356 Z=2979377.2737
  LLH:  Lat=28.025566821° Lon=107.796111162° H=788.8049m
  原始数据:
2025/11/16 10:04:33.000   28.025566821  107.796111162   788.8049   2  32   0.0720   0.0823   0.1423  -0.0183   0.0206  -0.0411   2.00    1.1 8516421

[TCP数据流] 2025/11/16 18:04:16 - 浮点解 (32颗卫星)
  ECEF: X=-1722255.0294 Y=5365447.4757 Z=2979377.2944
  LLH:  Lat=28.025566803° Lon=107.796111195° H=788.8527m
  原始数据:
2025/11/16 10:04:34.000   28.025566803  107.796111195   788.8527   2  32   0.0711   0.0816   0.1400  -0.0182   0.0205  -0.0405   3.00    1.0 8516421

[TCP数据流] 2025/11/16 18:04:17 - 浮点解 (32颗卫星)
  ECEF: X=-1722255.0409 Y=5365447.4999 Z=2979377.3036
  LLH:  Lat=28.025566764° Lon=107.796111231° H=788.8805m
  原始数据:
2025/11/16 10:04:35.000   28.025566764  107.796111231   788.8805   2  32   0.0704   0.0809   0.1381  -0.0181   0.0204  -0.0399   4.00    1.0 8516421

[TCP数据流] 2025/11/16 18:04:18 - 浮点解 (32颗卫星)
  ECEF: X=-1722255.0479 Y=5365447.5121 Z=2979377.3048
  LLH:  Lat=28.025566715° Lon=107.796111261° H=788.8932m
  原始数据:
2025/11/16 10:04:36.000   28.025566715  107.796111261   788.8932   2  32   0.0697   0.0802   0.1365  -0.0179   0.0203  -0.0395   5.00    1.1 8516421

[TCP数据流] 2025/11/16 18:04:19 - 浮点解 (32颗卫星)
  ECEF: X=-1722255.0556 Y=5365447.5155 Z=2979377.3005
  LLH:  Lat=28.025566657° Lon=107.796111325° H=788.8962m
  原始数据:
2025/11/16 10:04:37.000   28.025566657  107.796111325   788.8962   2  32   0.0691   0.0796   0.1351  -0.0178   0.0202  -0.0391   6.00    1.1 8516421

[TCP数据流] 2025/11/16 18:04:20 - 浮点解 (32颗卫星)
  ECEF: X=-1722255.0618 Y=5365447.5097 Z=2979377.2914
  LLH:  Lat=28.025566600° Lon=107.796111403° H=788.8887m
  原始数据:
2025/11/16 10:04:38.000   28.025566600  107.796111403   788.8887   2  32   0.0685   0.0790   0.1338  -0.0177   0.0201  -0.0388   7.00    1.1 8516421

[TCP数据流] 2025/11/16 18:04:21 - 浮点解 (32颗卫星)
  ECEF: X=-1722255.0623 Y=5365447.4975 Z=2979377.2778
  LLH:  Lat=28.025566540° Lon=107.796111446° H=788.8722m
  原始数据:
2025/11/16 10:04:39.000   28.025566540  107.796111446   788.8722   2  32   0.0680   0.0784   0.1328  -0.0176   0.0200  -0.0386   8.00    1.1 8516421

[TCP数据流] 2025/11/16 18:04:22 - 浮点解 (32颗卫星)
  ECEF: X=-1722255.0627 Y=5365447.4820 Z=2979377.2648
  LLH:  Lat=28.025566499° Lon=107.796111498° H=788.8531m
  原始数据:
2025/11/16 10:04:40.000   28.025566499  107.796111498   788.8531   2  32   0.0676   0.0779   0.1318  -0.0175   0.0199  -0.0384   9.00    1.1 8516421

[TCP数据流] 2025/11/16 18:04:23 - 浮点解 (32颗卫星)
  ECEF: X=-1722255.0618 Y=5365447.4670 Z=2979377.2478
  LLH:  Lat=28.025566425° Lon=107.796111536° H=788.8323m
  原始数据:
2025/11/16 10:04:41.000   28.025566425  107.796111536   788.8323   2  32   0.0671   0.0773   0.1309  -0.0174   0.0197  -0.0382  10.00    1.1 8516421

[TCP数据流] 2025/11/16 18:04:24 - 浮点解 (32颗卫星)
  ECEF: X=-1722255.0584 Y=5365447.4470 Z=2979377.2288
  LLH:  Lat=28.025566359° Lon=107.796111565° H=788.8056m
  原始数据:
2025/11/16 10:04:42.000   28.025566359  107.796111565   788.8056   2  32   0.0667   0.0768   0.1300  -0.0173   0.0196  -0.0380  11.00    1.1 8516421
[ERROR] ../../../../src/lambda.c : search loop count overflow

[TCP数据流] 2025/11/16 18:04:25 - 浮点解 (32颗卫星)
  ECEF: X=-1722255.0551 Y=5365447.4278 Z=2979377.2111
  LLH:  Lat=28.025566299° Lon=107.796111593° H=788.7803m
  原始数据:
2025/11/16 10:04:43.000   28.025566299  107.796111593   788.7803   2  32   0.0663   0.0763   0.1293  -0.0172   0.0195  -0.0378  12.00    0.0 8516421

[TCP数据流] 2025/11/16 18:04:26 - 浮点解 (32颗卫星)
  ECEF: X=-1722255.0505 Y=5365447.4039 Z=2979377.1915
  LLH:  Lat=28.025566246° Lon=107.796111622° H=788.7498m
  原始数据:
2025/11/16 10:04:44.000   28.025566246  107.796111622   788.7498   2  32   0.0659   0.0758   0.1286  -0.0171   0.0194  -0.0377  13.00    1.1 8516421
[ERROR] ../../../../src/lambda.c : search loop count overflow

[TCP数据流] 2025/11/16 18:04:27 - 浮点解 (32颗卫星)
  ECEF: X=-1722255.0476 Y=5365447.3801 Z=2979377.1724
  LLH:  Lat=28.025566193° Lon=107.796111668° H=788.7200m
  原始数据:
2025/11/16 10:04:45.000   28.025566193  107.796111668   788.7200   2  32   0.0655   0.0753   0.1279  -0.0170   0.0192  -0.0375  14.00    0.0 8516421
[ERROR] ../../../../src/lambda.c : search loop count overflow

[TCP数据流] 2025/11/16 18:04:28 - 浮点解 (32颗卫星)
  ECEF: X=-1722255.0447 Y=5365447.3551 Z=2979377.1518
  LLH:  Lat=28.025566134° Lon=107.796111718° H=788.6885m
  原始数据:
2025/11/16 10:04:46.000   28.025566134  107.796111718   788.6885   2  32   0.0652   0.0749   0.1273  -0.0169   0.0191  -0.0374  15.00    0.0 8516421

[TCP数据流] 2025/11/16 18:04:29 - 浮点解 (32颗卫星)
  ECEF: X=-1722255.0386 Y=5365447.3270 Z=2979377.1302
  LLH:  Lat=28.025566083° Lon=107.796111746° H=788.6531m
  原始数据:
2025/11/16 10:04:47.000   28.025566083  107.796111746   788.6531   2  32   0.0648   0.0744   0.1266  -0.0168   0.0190  -0.0373  16.00    1.2 8516421

[TCP数据流] 2025/11/16 18:04:30 - 浮点解 (32颗卫星)
  ECEF: X=-1722255.0344 Y=5365447.2986 Z=2979377.1085
  LLH:  Lat=28.025566031° Lon=107.796111794° H=788.6179m
  原始数据:
2025/11/16 10:04:48.000   28.025566031  107.796111794   788.6179   2  32   0.0645   0.0740   0.1261  -0.0167   0.0188  -0.0371  17.00    1.1 8516421

[TCP数据流] 2025/11/16 18:04:31 - 浮点解 (25颗卫星)
  ECEF: X=-1722255.0286 Y=5365447.2752 Z=2979377.0911
  LLH:  Lat=28.025565994° Lon=107.796111810° H=788.5885m
  原始数据:
2025/11/16 10:04:49.000   28.025565994  107.796111810   788.5885   2  25   0.0643   0.0736   0.1256  -0.0166   0.0187  -0.0371  18.00    1.0 8516421

[TCP数据流] 2025/11/16 18:04:32 - 浮点解 (23颗卫星)
  ECEF: X=-1722255.0266 Y=5365447.2604 Z=2979377.0804
  LLH:  Lat=28.025565971° Lon=107.796111837° H=788.5705m
  原始数据:
2025/11/16 10:04:50.000   28.025565971  107.796111837   788.5705   2  23   0.0641   0.0733   0.1254  -0.0166   0.0186  -0.0371  19.00    1.3 8516421

[TCP数据流] 2025/11/16 18:04:33 - 浮点解 (25颗卫星)
  ECEF: X=-1722255.0203 Y=5365447.2354 Z=2979377.0611
  LLH:  Lat=28.025565927° Lon=107.796111854° H=788.5387m
  原始数据:
2025/11/16 10:04:51.000   28.025565927  107.796111854   788.5387   2  25   0.0638   0.0729   0.1250  -0.0165   0.0185  -0.0370  20.00    1.0 8516421

[TCP数据流] 2025/11/16 18:04:34 - 浮点解 (32颗卫星)
  ECEF: X=-1722255.0140 Y=5365447.2077 Z=2979377.0401
  LLH:  Lat=28.025565879° Lon=107.796111879° H=788.5039m
  原始数据:
2025/11/16 10:04:52.000   28.025565879  107.796111879   788.5039   2  32   0.0635   0.0725   0.1245  -0.0164   0.0184  -0.0370  21.00    1.1 8516421

[TCP数据流] 2025/11/16 18:04:35 - 浮点解 (17颗卫星)
  ECEF: X=-1722255.0136 Y=5365447.2027 Z=2979377.0356
  LLH:  Lat=28.025565864° Lon=107.796111891° H=788.4974m
  原始数据:
2025/11/16 10:04:53.000   28.025565864  107.796111891   788.4974   2  17   0.0634   0.0723   0.1243  -0.0164   0.0184  -0.0369  22.00    1.2 8516421

[TCP数据流] 2025/11/16 18:04:36 - 浮点解 (23颗卫星)
  ECEF: X=-1722255.0092 Y=5365447.1872 Z=2979377.0252
  LLH:  Lat=28.025565850° Lon=107.796111896° H=788.4783m
  原始数据:
2025/11/16 10:04:54.000   28.025565850  107.796111896   788.4783   2  23   0.0632   0.0719   0.1240  -0.0163   0.0183  -0.0369  23.00    1.4 8516421

[TCP数据流] 2025/11/16 18:04:43 - 浮点解 (19颗卫星)
  ECEF: X=-1722255.0084 Y=5365447.1814 Z=2979377.0189
  LLH:  Lat=28.025565824° Lon=107.796111906° H=788.4703m
  原始数据:
2025/11/16 10:05:01.000   28.025565824  107.796111906   788.4703   2  19   0.0631   0.0717   0.1237  -0.0162   0.0183  -0.0369  30.00    1.2 8516421

[TCP数据流] 2025/11/16 18:05:25 - 浮点解 (10颗卫星)
  ECEF: X=-1722255.1536 Y=5365447.6911 Z=2979377.3649
  LLH:  Lat=28.025566334° Lon=107.796111728° H=789.1004m
  原始数据:
2025/11/16 10:05:43.000   28.025566334  107.796111728   789.1004   2  10   0.0578   0.0695   0.1071  -0.0145   0.0182  -0.0297   2.00    0.0 8516421

[TCP数据流] 2025/11/16 18:05:26 - 浮点解 (23颗卫星)
  ECEF: X=-1722255.1722 Y=5365447.7335 Z=2979377.4148
  LLH:  Lat=28.025566536° Lon=107.796111777° H=789.1645m
  原始数据:
2025/11/16 10:05:44.000   28.025566536  107.796111777   789.1645   2  23   0.0568   0.0687   0.1054  -0.0144   0.0171  -0.0303   3.00    1.1 8516421

[TCP数据流] 2025/11/16 18:05:28 - 浮点解 (23颗卫星)
  ECEF: X=-1722255.1796 Y=5365447.7477 Z=2979377.4338
  LLH:  Lat=28.025566620° Lon=107.796111804° H=789.1874m
  原始数据:
2025/11/16 10:05:46.000   28.025566620  107.796111804   789.1874   2  23   0.0561   0.0681   0.1043  -0.0144   0.0165  -0.0307   5.00    1.2 8516421

[TCP数据流] 2025/11/16 18:05:31 - 浮点解 (10颗卫星)
  ECEF: X=-1722255.1827 Y=5365447.7491 Z=2979377.4337
  LLH:  Lat=28.025566610° Lon=107.796111830° H=789.1894m
  原始数据:
2025/11/16 10:05:49.000   28.025566610  107.796111830   789.1894   2  10   0.0561   0.0680   0.1042  -0.0144   0.0165  -0.0308   8.00    0.0 8516421

[TCP数据流] 2025/11/16 18:05:32 - 浮点解 (23颗卫星)
  ECEF: X=-1722255.1805 Y=5365447.7384 Z=2979377.4298
  LLH:  Lat=28.025566625° Lon=107.796111842° H=789.1779m
  原始数据:
2025/11/16 10:05:50.000   28.025566625  107.796111842   789.1779   2  23   0.0557   0.0676   0.1035  -0.0144   0.0161  -0.0309   9.00    1.8 8516421

[TCP数据流] 2025/11/16 18:05:35 - 浮点解 (31颗卫星)
  ECEF: X=-1722255.1819 Y=5365447.7363 Z=2979377.4288
  LLH:  Lat=28.025566624° Lon=107.796111862° H=789.1761m
  原始数据:
2025/11/16 10:05:53.000   28.025566624  107.796111862   789.1761   2  31   0.0552   0.0671   0.1020  -0.0143   0.0161  -0.0304  12.00    1.1 8516421

[TCP数据流] 2025/11/16 18:05:36 - 浮点解 (31颗卫星)
  ECEF: X=-1722255.1814 Y=5365447.7318 Z=2979377.4285
  LLH:  Lat=28.025566640° Lon=107.796111871° H=789.1720m
  原始数据:
2025/11/16 10:05:54.000   28.025566640  107.796111871   789.1720   2  31   0.0547   0.0667   0.1006  -0.0143   0.0160  -0.0300  13.00    1.1 8516421

[TCP数据流] 2025/11/16 18:05:37 - 浮点解 (31颗卫星)
  ECEF: X=-1722255.1794 Y=5365447.7242 Z=2979377.4241
  LLH:  Lat=28.025566639° Lon=107.796111875° H=789.1630m
  原始数据:
2025/11/16 10:05:55.000   28.025566639  107.796111875   789.1630   2  31   0.0543   0.0663   0.0995  -0.0142   0.0160  -0.0297  14.00    1.1 8516421

[TCP数据流] 2025/11/16 18:05:38 - 浮点解 (31颗卫星)
  ECEF: X=-1722255.1770 Y=5365447.7140 Z=2979377.4173
  LLH:  Lat=28.025566629° Lon=107.796111884° H=789.1506m
  原始数据:
2025/11/16 10:05:56.000   28.025566629  107.796111884   789.1506   2  31   0.0539   0.0659   0.0984  -0.0142   0.0159  -0.0294  15.00    1.1 8516421

[TCP数据流] 2025/11/16 18:05:39 - 浮点解 (31颗卫星)
  ECEF: X=-1722255.1742 Y=5365447.7053 Z=2979377.4112
  LLH:  Lat=28.025566619° Lon=107.796111883° H=789.1397m
  原始数据:
2025/11/16 10:05:57.000   28.025566619  107.796111883   789.1397   2  31   0.0536   0.0656   0.0975  -0.0141   0.0159  -0.0291  16.00    1.2 8516421

[TCP数据流] 2025/11/16 18:05:40 - 浮点解 (16颗卫星)
  ECEF: X=-1722255.1750 Y=5365447.6972 Z=2979377.4059
  LLH:  Lat=28.025566608° Lon=107.796111916° H=789.1306m
  原始数据:
2025/11/16 10:05:58.000   28.025566608  107.796111916   789.1306   2  16   0.0535   0.0654   0.0974  -0.0142   0.0158  -0.0292  17.00    1.2 8516421

[TCP数据流] 2025/11/16 18:05:41 - 浮点解 (24颗卫星)
  ECEF: X=-1722255.1744 Y=5365447.6928 Z=2979377.4032
  LLH:  Lat=28.025566605° Lon=107.796111924° H=789.1255m
  原始数据:
2025/11/16 10:05:59.000   28.025566605  107.796111924   789.1255   2  24   0.0532   0.0651   0.0968  -0.0142   0.0158  -0.0290  18.00    1.1 8516421

[TCP数据流] 2025/11/16 18:05:42 - 浮点解 (24颗卫星)
  ECEF: X=-1722255.1715 Y=5365447.6871 Z=2979377.3986
  LLH:  Lat=28.025566595° Lon=107.796111914° H=789.1177m
  原始数据:
2025/11/16 10:06:00.000   28.025566595  107.796111914   789.1177   2  24   0.0530   0.0648   0.0962  -0.0142   0.0158  -0.0288  19.00    1.1 8516421

[TCP数据流] 2025/11/16 18:05:43 - 浮点解 (31颗卫星)
  ECEF: X=-1722255.1671 Y=5365447.6742 Z=2979377.3883
  LLH:  Lat=28.025566571° Lon=107.796111911° H=789.1009m
  原始数据:
2025/11/16 10:06:01.000   28.025566571  107.796111911   789.1009   2  31   0.0528   0.0645   0.0955  -0.0141   0.0157  -0.0286  20.00    1.0 8516421

[TCP数据流] 2025/11/16 18:05:44 - 浮点解 (31颗卫星)
  ECEF: X=-1722255.1646 Y=5365447.6604 Z=2979377.3776
  LLH:  Lat=28.025566545° Lon=107.796111930° H=789.0836m
  原始数据:
2025/11/16 10:06:02.000   28.025566545  107.796111930   789.0836   2  31   0.0525   0.0642   0.0949  -0.0141   0.0156  -0.0284  21.00    1.0 8516421

[TCP数据流] 2025/11/16 18:05:45 - 浮点解 (31颗卫星)
  ECEF: X=-1722255.1598 Y=5365447.6483 Z=2979377.3668
  LLH:  Lat=28.025566514° Lon=107.796111921° H=789.0670m
  原始数据:
2025/11/16 10:06:03.000   28.025566514  107.796111921   789.0670   2  31   0.0522   0.0639   0.0944  -0.0140   0.0156  -0.0283  22.00    1.0 8516421

[TCP数据流] 2025/11/16 18:05:46 - 浮点解 (31颗卫星)
  ECEF: X=-1722255.1558 Y=5365447.6358 Z=2979377.3566
  LLH:  Lat=28.025566488° Lon=107.796111921° H=789.0506m
  原始数据:
2025/11/16 10:06:04.000   28.025566488  107.796111921   789.0506   2  31   0.0520   0.0636   0.0938  -0.0139   0.0155  -0.0281  23.00    1.0 8516421

[TCP数据流] 2025/11/16 18:05:47 - 浮点解 (31颗卫星)
  ECEF: X=-1722255.1540 Y=5365447.6215 Z=2979377.3468
  LLH:  Lat=28.025566470° Lon=107.796111948° H=789.0335m
  原始数据:
2025/11/16 10:06:05.000   28.025566470  107.796111948   789.0335   2  31   0.0518   0.0633   0.0934  -0.0139   0.0154  -0.0280  24.00    1.0 8516421

[TCP数据流] 2025/11/16 18:05:48 - 浮点解 (31颗卫星)
  ECEF: X=-1722255.1500 Y=5365447.6084 Z=2979377.3361
  LLH:  Lat=28.025566443° Lon=107.796111950° H=789.0164m
  原始数据:
2025/11/16 10:06:06.000   28.025566443  107.796111950   789.0164   2  31   0.0515   0.0630   0.0929  -0.0138   0.0153  -0.0278  25.00    1.0 8516421

[TCP数据流] 2025/11/16 18:05:49 - 浮点解 (31颗卫星)
  ECEF: X=-1722255.1466 Y=5365447.5956 Z=2979377.3254
  LLH:  Lat=28.025566414° Lon=107.796111957° H=788.9997m
  原始数据:
2025/11/16 10:06:07.000   28.025566414  107.796111957   788.9997   2  31   0.0513   0.0627   0.0925  -0.0138   0.0153  -0.0277  26.00    1.1 8516421

[TCP数据流] 2025/11/16 18:05:50 - 浮点解 (31颗卫星)
  ECEF: X=-1722255.1454 Y=5365447.5826 Z=2979377.3159
  LLH:  Lat=28.025566392° Lon=107.796111986° H=788.9840m
  原始数据:
2025/11/16 10:06:08.000   28.025566392  107.796111986   788.9840   2  31   0.0511   0.0624   0.0921  -0.0137   0.0152  -0.0276  27.00    1.1 8516421

[TCP数据流] 2025/11/16 18:05:51 - 浮点解 (31颗卫星)
  ECEF: X=-1722255.1427 Y=5365447.5695 Z=2979377.3049
  LLH:  Lat=28.025566361° Lon=107.796112000° H=788.9671m
  原始数据:
2025/11/16 10:06:09.000   28.025566361  107.796112000   788.9671   2  31   0.0509   0.0621   0.0917  -0.0137   0.0151  -0.0275  28.00    1.1 8516421

[TCP数据流] 2025/11/16 18:05:52 - 浮点解 (31颗卫星)
  ECEF: X=-1722255.1388 Y=5365447.5562 Z=2979377.2922
  LLH:  Lat=28.025566319° Lon=107.796112004° H=788.9489m
  原始数据:
2025/11/16 10:06:10.000   28.025566319  107.796112004   788.9489   2  31   0.0507   0.0618   0.0913  -0.0136   0.0150  -0.0274  29.00    1.1 8516421

[TCP数据流] 2025/11/16 18:05:53 - 浮点解 (31颗卫星)
  ECEF: X=-1722255.1357 Y=5365447.5417 Z=2979377.2812
  LLH:  Lat=28.025566294° Lon=107.796112019° H=788.9307m
  原始数据:
2025/11/16 10:06:11.000   28.025566294  107.796112019   788.9307   2  31   0.0505   0.0616   0.0909  -0.0136   0.0150  -0.0273  30.00    1.1 8516421

[TCP数据流] 2025/11/16 18:06:34 - 浮点解 (17颗卫星)
  ECEF: X=-1722255.1754 Y=5365447.6683 Z=2979377.4335
  LLH:  Lat=28.025566944° Lon=107.796112010° H=789.1194m
  原始数据:
2025/11/16 10:06:52.000   28.025566944  107.796112010   789.1194   2  17   0.0471   0.0594   0.0862  -0.0110   0.0110  -0.0277   6.00    0.0 8516421

[TCP数据流] 2025/11/16 18:06:35 - 固定解 (24颗卫星)
  ECEF: X=-1722255.3552 Y=5365447.8115 Z=2979377.4424
  LLH:  Lat=28.025566204° Lon=107.796113306° H=789.2924m
  原始数据:
2025/11/16 10:06:53.000   28.025566204  107.796113306   789.2924   1  24   0.0242   0.0097   0.0626  -0.0152  -0.0245   0.0381   7.00    4.9 8516421

[TCP数据流] 2025/11/16 18:06:39 - 浮点解 (10颗卫星)
  ECEF: X=-1722255.1773 Y=5365447.6777 Z=2979377.4447
  LLH:  Lat=28.025566993° Lon=107.796111999° H=789.1330m
  原始数据:
2025/11/16 10:06:57.000   28.025566993  107.796111999   789.1330   2  10   0.0465   0.0588   0.0853  -0.0110   0.0106  -0.0279  11.00    0.0 8516421

[TCP数据流] 2025/11/16 18:06:42 - 浮点解 (18颗卫星)
  ECEF: X=-1722255.1792 Y=5365447.6945 Z=2979377.4496
  LLH:  Lat=28.025566962° Lon=107.796111965° H=789.1500m
  原始数据:
2025/11/16 10:07:00.000   28.025566962  107.796111965   789.1500   2  18   0.0463   0.0587   0.0841  -0.0111   0.0111  -0.0272  14.00    1.4 8516421

[TCP数据流] 2025/11/16 18:06:45 - 浮点解 (18颗卫星)
  ECEF: X=-1722255.1796 Y=5365447.7044 Z=2979377.4513
  LLH:  Lat=28.025566935° Lon=107.796111939° H=789.1592m
  原始数据:
2025/11/16 10:07:03.000   28.025566935  107.796111939   789.1592   2  18   0.0461   0.0585   0.0832  -0.0111   0.0114  -0.0267  17.00    1.1 8516421

[TCP数据流] 2025/11/16 18:06:47 - 固定解 (24颗卫星)
  ECEF: X=-1722255.3554 Y=5365447.8133 Z=2979377.4442
  LLH:  Lat=28.025566211° Lon=107.796113302° H=789.2948m
  原始数据:
2025/11/16 10:07:05.000   28.025566211  107.796113302   789.2948   1  24   0.0237   0.0096   0.0614  -0.0149  -0.0241   0.0374  19.00    4.9 8516421

[TCP数据流] 2025/11/16 18:06:48 - 浮点解 (10颗卫星)
  ECEF: X=-1722255.1758 Y=5365447.6999 Z=2979377.4459
  LLH:  Lat=28.025566915° Lon=107.796111916° H=789.1519m
  原始数据:
2025/11/16 10:07:06.000   28.025566915  107.796111916   789.1519   2  10   0.0459   0.0582   0.0829  -0.0110   0.0113  -0.0268  20.00    0.0 8516421

[TCP数据流] 2025/11/16 18:06:49 - 固定解 (24颗卫星)
  ECEF: X=-1722255.3550 Y=5365447.8082 Z=2979377.4384
  LLH:  Lat=28.025566186° Lon=107.796113314° H=789.2877m
  原始数据:
2025/11/16 10:07:07.000   28.025566186  107.796113314   789.2877   1  24   0.0236   0.0095   0.0611  -0.0149  -0.0240   0.0372  21.00    4.8 8516421

[TCP数据流] 2025/11/16 18:06:51 - 浮点解 (10颗卫星)
  ECEF: X=-1722255.1731 Y=5365447.6939 Z=2979377.4385
  LLH:  Lat=28.025566884° Lon=107.796111908° H=789.1426m
  原始数据:
2025/11/16 10:07:09.000   28.025566884  107.796111908   789.1426   2  10   0.0457   0.0579   0.0827  -0.0110   0.0113  -0.0268  23.00    0.0 8516421

[TCP数据流] 2025/11/16 18:06:52 - 浮点解 (17颗卫星)
  ECEF: X=-1722255.1708 Y=5365447.6897 Z=2979377.4337
  LLH:  Lat=28.025566865° Lon=107.796111899° H=789.1362m
  原始数据:
2025/11/16 10:07:10.000   28.025566865  107.796111899   789.1362   2  17   0.0456   0.0578   0.0825  -0.0109   0.0112  -0.0268  24.00    0.0 8516421

[TCP数据流] 2025/11/16 18:07:00 - 浮点解 (18颗卫星)
  ECEF: X=-1722255.1949 Y=5365447.7907 Z=2979377.4914
  LLH:  Lat=28.025566886° Lon=107.796111818° H=789.2547m
  原始数据:
2025/11/16 10:07:18.000   28.025566886  107.796111818   789.2547   2  18   0.0444   0.0576   0.0774  -0.0110   0.0133  -0.0233   4.00    1.6 8516421

[TCP数据流] 2025/11/16 18:07:03 - 浮点解 (25颗卫星)
  ECEF: X=-1722255.2041 Y=5365447.8419 Z=2979377.5256
  LLH:  Lat=28.025566940° Lon=107.796111749° H=789.3163m
  原始数据:
2025/11/16 10:07:21.000   28.025566940  107.796111749   789.3163   2  25   0.0436   0.0571   0.0746  -0.0116   0.0143  -0.0219   7.00    1.2 8516421

[TCP数据流] 2025/11/16 18:07:04 - 浮点解 (32颗卫星)
  ECEF: X=-1722255.2114 Y=5365447.8731 Z=2979377.5523
  LLH:  Lat=28.025567017° Lon=107.796111722° H=789.3571m
  原始数据:
2025/11/16 10:07:22.000   28.025567017  107.796111722   789.3571   2  32   0.0426   0.0565   0.0720  -0.0117   0.0145  -0.0210   8.00    1.1 8516421

[TCP数据流] 2025/11/16 18:07:05 - 浮点解 (32颗卫星)
  ECEF: X=-1722255.2158 Y=5365447.8942 Z=2979377.5689
  LLH:  Lat=28.025567058° Lon=107.796111699° H=789.3838m
  原始数据:
2025/11/16 10:07:23.000   28.025567058  107.796111699   789.3838   2  32   0.0418   0.0560   0.0701  -0.0116   0.0147  -0.0203   9.00    1.1 8516421

[TCP数据流] 2025/11/16 18:07:06 - 浮点解 (32颗卫星)
  ECEF: X=-1722255.2185 Y=5365447.9073 Z=2979377.5789
  LLH:  Lat=28.025567082° Lon=107.796111685° H=789.4002m
  原始数据:
2025/11/16 10:07:24.000   28.025567082  107.796111685   789.4002   2  32   0.0412   0.0556   0.0685  -0.0116   0.0148  -0.0197  10.00    1.2 8516421

[TCP数据流] 2025/11/16 18:11:53 - 固定解 (9颗卫星)
  ECEF: X=-1722255.4044 Y=5365448.4957 Z=2979378.2575
  LLH:  Lat=28.025569870° Lon=107.796111656° H=790.2638m
  原始数据:
2025/11/16 10:12:11.000   28.025569870  107.796111656   790.2638   1   9   0.0060   0.0028   0.0079   0.0026  -0.0033  -0.0055   8.00   28.6 8516421

[TCP数据流] 2025/11/16 18:11:54 - 固定解 (31颗卫星)
  ECEF: X=-1722255.4132 Y=5365448.5122 Z=2979378.2531
  LLH:  Lat=28.025569757° Lon=107.796111690° H=790.2779m
  原始数据:
2025/11/16 10:12:12.000   28.025569757  107.796111690   790.2779   1  31   0.0035   0.0010   0.0057  -0.0012  -0.0015  -0.0021   9.00   26.2 8516421

[TCP数据流] 2025/11/16 18:11:55 - 固定解 (31颗卫星)
  ECEF: X=-1722255.4130 Y=5365448.5116 Z=2979378.2526
  LLH:  Lat=28.025569756° Lon=107.796111690° H=790.2772m
  原始数据:
2025/11/16 10:12:13.000   28.025569756  107.796111690   790.2772   1  31   0.0034   0.0010   0.0055  -0.0012  -0.0014  -0.0021  10.00   24.6 8516421

[TCP数据流] 2025/11/16 18:11:56 - 固定解 (24颗卫星)
  ECEF: X=-1722255.4130 Y=5365448.5116 Z=2979378.2525
  LLH:  Lat=28.025569755° Lon=107.796111690° H=790.2771m
  原始数据:
2025/11/16 10:12:14.000   28.025569755  107.796111690   790.2771   1  24   0.0034   0.0010   0.0055  -0.0012  -0.0014  -0.0021  11.00   23.1 8516421

[TCP数据流] 2025/11/16 18:11:57 - 固定解 (24颗卫星)
  ECEF: X=-1722255.4131 Y=5365448.5117 Z=2979378.2524
  LLH:  Lat=28.025569754° Lon=107.796111690° H=790.2771m
  原始数据:
2025/11/16 10:12:15.000   28.025569754  107.796111690   790.2771   1  24   0.0034   0.0010   0.0054  -0.0012  -0.0014  -0.0021  12.00   21.6 8516421

[TCP数据流] 2025/11/16 18:11:59 - 固定解 (9颗卫星)
  ECEF: X=-1722255.4049 Y=5365448.4942 Z=2979378.2570
  LLH:  Lat=28.025569872° Lon=107.796111665° H=790.2624m
  原始数据:
2025/11/16 10:12:17.000   28.025569872  107.796111665   790.2624   1   9   0.0056   0.0026   0.0073   0.0025  -0.0032  -0.0052  14.00   15.5 8516421

[TCP数据流] 2025/11/16 18:12:01 - 固定解 (24颗卫星)
  ECEF: X=-1722255.4131 Y=5365448.5119 Z=2979378.2524
  LLH:  Lat=28.025569753° Lon=107.796111690° H=790.2773m
  原始数据:
2025/11/16 10:12:19.000   28.025569753  107.796111690   790.2773   1  24   0.0034   0.0010   0.0054  -0.0012  -0.0014  -0.0021  16.00   20.3 8516421

[TCP数据流] 2025/11/16 18:12:03 - 固定解 (24颗卫星)
  ECEF: X=-1722255.4131 Y=5365448.5118 Z=2979378.2522
  LLH:  Lat=28.025569752° Lon=107.796111690° H=790.2772m
  原始数据:
2025/11/16 10:12:21.000   28.025569752  107.796111690   790.2772   1  24   0.0034   0.0010   0.0053  -0.0012  -0.0014  -0.0021  18.00   18.9 8516421

[TCP数据流] 2025/11/16 18:12:04 - 固定解 (16颗卫星)
  ECEF: X=-1722255.4052 Y=5365448.4940 Z=2979378.2570
  LLH:  Lat=28.025569872° Lon=107.796111669° H=790.2623m
  原始数据:
2025/11/16 10:12:22.000   28.025569872  107.796111669   790.2623   1  16   0.0055   0.0025   0.0072   0.0024  -0.0031  -0.0051  19.00   11.3 8516421

[TCP数据流] 2025/11/16 18:12:07 - 固定解 (9颗卫星)
  ECEF: X=-1722255.4053 Y=5365448.4942 Z=2979378.2570
  LLH:  Lat=28.025569871° Lon=107.796111669° H=790.2625m
  原始数据:
2025/11/16 10:12:25.000   28.025569871  107.796111669   790.2625   1   9   0.0055   0.0025   0.0072   0.0024  -0.0031  -0.0051  22.00   11.2 8516421

[TCP数据流] 2025/11/16 18:12:09 - 固定解 (25颗卫星)
  ECEF: X=-1722255.4130 Y=5365448.4608 Z=2979378.1744
  LLH:  Lat=28.025569338° Lon=107.796111847° H=790.1977m
  原始数据:
2025/11/16 10:12:27.000   28.025569338  107.796111847   790.1977   1  25   0.0097   0.0037   0.0248  -0.0058  -0.0093   0.0139   1.00    7.1 8516421

[TCP数据流] 2025/11/16 18:12:11 - 固定解 (17颗卫星)
  ECEF: X=-1722255.4131 Y=5365448.4636 Z=2979378.1768
  LLH:  Lat=28.025569346° Lon=107.796111840° H=790.2012m
  原始数据:
2025/11/16 10:12:29.000   28.025569346  107.796111840   790.2012   1  17   0.0095   0.0037   0.0246  -0.0057  -0.0092   0.0138   3.00    6.8 8516421

[TCP数据流] 2025/11/16 18:12:12 - 浮点解 (24颗卫星)
  ECEF: X=-1722255.2550 Y=5365448.4333 Z=2979378.2041
  LLH:  Lat=28.025569891° Lon=107.796110403° H=790.1459m
  原始数据:
2025/11/16 10:12:30.000   28.025569891  107.796110403   790.1459   2  24   0.0188   0.0359   0.0273  -0.0106   0.0127  -0.0062   4.00    0.0 8516421

[TCP数据流] 2025/11/16 18:12:13 - 浮点解 (9颗卫星)
  ECEF: X=-1722255.2552 Y=5365448.4332 Z=2979378.2039
  LLH:  Lat=28.025569889° Lon=107.796110406° H=790.1458m
  原始数据:
2025/11/16 10:12:31.000   28.025569889  107.796110406   790.1458   2   9   0.0188   0.0358   0.0273  -0.0106   0.0127  -0.0062   5.00    0.0 8516421

[TCP数据流] 2025/11/16 18:12:14 - 固定解 (24颗卫星)
  ECEF: X=-1722255.4190 Y=5365448.5141 Z=2979378.2307
  LLH:  Lat=28.025569564° Lon=107.796111740° H=790.2706m
  原始数据:
2025/11/16 10:12:32.000   28.025569564  107.796111740   790.2706   1  24   0.0052   0.0017   0.0079  -0.0025  -0.0030   0.0021   6.00   10.8 8516421

[TCP数据流] 2025/11/16 18:12:18 - 固定解 (17颗卫星)
  ECEF: X=-1722255.4140 Y=5365448.5091 Z=2979378.2430
  LLH:  Lat=28.025569688° Lon=107.796111707° H=790.2708m
  原始数据:
2025/11/16 10:12:36.000   28.025569688  107.796111707   790.2708   1  17   0.0037   0.0011   0.0062  -0.0015  -0.0017  -0.0019  10.00   13.2 8516421

[TCP数据流] 2025/11/16 18:12:19 - 固定解 (25颗卫星)
  ECEF: X=-1722255.4204 Y=5365448.5527 Z=2979378.2864
  LLH:  Lat=28.025569850° Lon=107.796111634° H=790.3296m
  原始数据:
2025/11/16 10:12:37.000   28.025569850  107.796111634   790.3296   1  25   0.0035   0.0010   0.0047  -0.0012  -0.0009  -0.0029  11.00    4.4 8516421

[TCP数据流] 2025/11/16 18:12:23 - 固定解 (24颗卫星)
  ECEF: X=-1722255.4143 Y=5365448.5106 Z=2979378.2443
  LLH:  Lat=28.025569692° Lon=107.796111706° H=790.2727m
  原始数据:
2025/11/16 10:12:41.000   28.025569692  107.796111706   790.2727   1  24   0.0036   0.0011   0.0056  -0.0014  -0.0016  -0.0024  15.00   16.8 8516421

[TCP数据流] 2025/11/16 18:12:25 - 固定解 (16颗卫星)
  ECEF: X=-1722255.4033 Y=5365448.4772 Z=2979378.2514
  LLH:  Lat=28.025569898° Lon=107.796111703° H=790.2451m
  原始数据:
2025/11/16 10:12:43.000   28.025569898  107.796111703   790.2451   1  16   0.0055   0.0018   0.0082  -0.0014  -0.0027  -0.0053  17.00   18.7 8516421

[TCP数据流] 2025/11/16 18:12:27 - 固定解 (17颗卫星)
  ECEF: X=-1722255.4142 Y=5365448.5101 Z=2979378.2435
  LLH:  Lat=28.025569688° Lon=107.796111706° H=790.2719m
  原始数据:
2025/11/16 10:12:45.000   28.025569688  107.796111706   790.2719   1  17   0.0036   0.0010   0.0059  -0.0014  -0.0016  -0.0020  19.00   12.7 8516421

[TCP数据流] 2025/11/16 18:12:28 - 固定解 (24颗卫星)
  ECEF: X=-1722255.4145 Y=5365448.5111 Z=2979378.2443
  LLH:  Lat=28.025569690° Lon=107.796111706° H=790.2732m
  原始数据:
2025/11/16 10:12:46.000   28.025569690  107.796111706   790.2732   1  24   0.0036   0.0010   0.0055  -0.0014  -0.0016  -0.0023  20.00   16.4 8516421

[TCP数据流] 2025/11/16 18:12:30 - 浮点解 (24颗卫星)
  ECEF: X=-1722255.2495 Y=5365448.4225 Z=2979378.1837
  LLH:  Lat=28.025569779° Lon=107.796110384° H=790.1258m
  原始数据:
2025/11/16 10:12:48.000   28.025569779  107.796110384   790.1258   2  24   0.0180   0.0341   0.0263  -0.0101   0.0118  -0.0066  22.00    2.2 8516421

[TCP数据流] 2025/11/16 18:12:32 - 浮点解 (32颗卫星)
  ECEF: X=-1722255.2492 Y=5365448.4189 Z=2979378.1798
  LLH:  Lat=28.025569763° Lon=107.796110392° H=790.1208m
  原始数据:
2025/11/16 10:12:50.000   28.025569763  107.796110392   790.1208   2  32   0.0179   0.0340   0.0262  -0.0101   0.0118  -0.0066  24.00    2.6 8516421

[TCP数据流] 2025/11/16 18:12:33 - 浮点解 (24颗卫星)
  ECEF: X=-1722255.2494 Y=5365448.4165 Z=2979378.1760
  LLH:  Lat=28.025569742° Lon=107.796110401° H=790.1171m
  原始数据:
2025/11/16 10:12:51.000   28.025569742  107.796110401   790.1171   2  24   0.0179   0.0339   0.0262  -0.0101   0.0117  -0.0066  25.00    1.4 8516421

[TCP数据流] 2025/11/16 18:12:35 - 浮点解 (24颗卫星)
  ECEF: X=-1722255.2506 Y=5365448.4139 Z=2979378.1739
  LLH:  Lat=28.025569734° Lon=107.796110421° H=790.1142m
  原始数据:
2025/11/16 10:12:53.000   28.025569734  107.796110421   790.1142   2  24   0.0178   0.0338   0.0261  -0.0100   0.0117  -0.0066  27.00    1.2 8516421

[TCP数据流] 2025/11/16 18:12:36 - 浮点解 (23颗卫星)
  ECEF: X=-1722255.2503 Y=5365448.4116 Z=2979378.1702
  LLH:  Lat=28.025569714° Lon=107.796110425° H=790.1105m
  原始数据:
2025/11/16 10:12:54.000   28.025569714  107.796110425   790.1105   2  23   0.0178   0.0337   0.0261  -0.0100   0.0117  -0.0066  28.00    2.1 8516421

[TCP数据流] 2025/11/16 18:12:37 - 固定解 (9颗卫星)
  ECEF: X=-1722255.4064 Y=5365448.4822 Z=2979378.2476
  LLH:  Lat=28.025569843° Lon=107.796111717° H=790.2483m
  原始数据:
2025/11/16 10:12:55.000   28.025569843  107.796111717   790.2483   1   9   0.0070   0.0033   0.0090   0.0029  -0.0042  -0.0064  29.00    5.1 8516421

[TCP数据流] 2025/11/16 18:12:38 - 固定解 (23颗卫星)
  ECEF: X=-1722255.4156 Y=5365448.5117 Z=2979378.2403
  LLH:  Lat=28.025569654° Lon=107.796111715° H=790.2721m
  原始数据:
2025/11/16 10:12:56.000   28.025569654  107.796111715   790.2721   1  23   0.0037   0.0011   0.0055  -0.0015  -0.0017  -0.0021  30.00   14.0 8516421

[TCP数据流] 2025/11/16 18:13:19 - 固定解 (30颗卫星)
  ECEF: X=-1722255.4072 Y=5365448.5109 Z=2979378.2730
  LLH:  Lat=28.025569929° Lon=107.796111636° H=790.2846m
  原始数据:
2025/11/16 10:13:37.000   28.025569929  107.796111636   790.2846   1  30   0.0011   0.0006   0.0029  -0.0004  -0.0007  -0.0005  10.00    3.4 8516421

[TCP数据流] 2025/11/16 18:13:20 - 固定解 (30颗卫星)
  ECEF: X=-1722255.4064 Y=5365448.5142 Z=2979378.2829
  LLH:  Lat=28.025569995° Lon=107.796111618° H=790.2918m
  原始数据:
2025/11/16 10:13:38.000   28.025569995  107.796111618   790.2918   1  30   0.0009   0.0006   0.0026  -0.0002  -0.0008  -0.0003  11.00    3.2 8516421

[TCP数据流] 2025/11/16 18:13:21 - 固定解 (30颗卫星)
  ECEF: X=-1722255.4064 Y=5365448.5141 Z=2979378.2829
  LLH:  Lat=28.025569996° Lon=107.796111618° H=790.2917m
  原始数据:
2025/11/16 10:13:39.000   28.025569996  107.796111618   790.2917   1  30   0.0009   0.0006   0.0026  -0.0002  -0.0008  -0.0003  12.00    3.2 8516421

[TCP数据流] 2025/11/16 18:13:22 - 固定解 (30颗卫星)
  ECEF: X=-1722255.4064 Y=5365448.5141 Z=2979378.2828
  LLH:  Lat=28.025569995° Lon=107.796111618° H=790.2917m
  原始数据:
2025/11/16 10:13:40.000   28.025569995  107.796111618   790.2917   1  30   0.0009   0.0006   0.0026  -0.0002  -0.0008  -0.0003  13.00    3.2 8516421

[TCP数据流] 2025/11/16 18:13:23 - 固定解 (30颗卫星)
  ECEF: X=-1722255.4064 Y=5365448.5141 Z=2979378.2828
  LLH:  Lat=28.025569995° Lon=107.796111618° H=790.2916m
  原始数据:
2025/11/16 10:13:41.000   28.025569995  107.796111618   790.2916   1  30   0.0009   0.0006   0.0026  -0.0002  -0.0008  -0.0003  14.00    3.2 8516421

[TCP数据流] 2025/11/16 18:13:24 - 固定解 (23颗卫星)
  ECEF: X=-1722255.4040 Y=5365448.4970 Z=2979378.2559
  LLH:  Lat=28.025569853° Lon=107.796111648° H=790.2640m
  原始数据:
2025/11/16 10:13:42.000   28.025569853  107.796111648   790.2640   1  23   0.0012   0.0008   0.0028   0.0001  -0.0009   0.0007  15.00    6.6 8516421

[TCP数据流] 2025/11/16 18:13:25 - 固定解 (30颗卫星)
  ECEF: X=-1722255.4064 Y=5365448.5139 Z=2979378.2827
  LLH:  Lat=28.025569995° Lon=107.796111619° H=790.2914m
  原始数据:
2025/11/16 10:13:43.000   28.025569995  107.796111619   790.2914   1  30   0.0009   0.0006   0.0026  -0.0002  -0.0008  -0.0003  16.00    3.2 8516421

[TCP数据流] 2025/11/16 18:13:26 - 固定解 (31颗卫星)
  ECEF: X=-1722255.4064 Y=5365448.5138 Z=2979378.2826
  LLH:  Lat=28.025569995° Lon=107.796111619° H=790.2913m
  原始数据:
2025/11/16 10:13:44.000   28.025569995  107.796111619   790.2913   1  31   0.0009   0.0006   0.0026  -0.0002  -0.0008  -0.0003  17.00    3.2 8516421

[TCP数据流] 2025/11/16 18:13:27 - 固定解 (31颗卫星)
  ECEF: X=-1722255.4064 Y=5365448.5137 Z=2979378.2826
  LLH:  Lat=28.025569995° Lon=107.796111619° H=790.2912m
  原始数据:
2025/11/16 10:13:45.000   28.025569995  107.796111619   790.2912   1  31   0.0009   0.0006   0.0025  -0.0002  -0.0008  -0.0003  18.00    4.0 8516421

[TCP数据流] 2025/11/16 18:13:28 - 固定解 (31颗卫星)
  ECEF: X=-1722255.4064 Y=5365448.5136 Z=2979378.2825
  LLH:  Lat=28.025569995° Lon=107.796111620° H=790.2911m
  原始数据:
2025/11/16 10:13:46.000   28.025569995  107.796111620   790.2911   1  31   0.0009   0.0006   0.0025  -0.0002  -0.0008  -0.0003  19.00    4.1 8516421

[TCP数据流] 2025/11/16 18:13:29 - 固定解 (31颗卫星)
  ECEF: X=-1722255.4063 Y=5365448.5118 Z=2979378.2828
  LLH:  Lat=28.025570004° Lon=107.796111624° H=790.2897m
  原始数据:
2025/11/16 10:13:47.000   28.025570004  107.796111624   790.2897   1  31   0.0009   0.0006   0.0025  -0.0003  -0.0008  -0.0002  20.00    4.2 8516421

[TCP数据流] 2025/11/16 18:13:30 - 固定解 (31颗卫星)
  ECEF: X=-1722255.4075 Y=5365448.5148 Z=2979378.2925
  LLH:  Lat=28.025570068° Lon=107.796111626° H=790.2971m
  原始数据:
2025/11/16 10:13:48.000   28.025570068  107.796111626   790.2971   1  31   0.0008   0.0006   0.0025  -0.0003  -0.0008  -0.0004  21.00    3.4 8516421

[TCP数据流] 2025/11/16 18:13:31 - 固定解 (31颗卫星)
  ECEF: X=-1722255.4075 Y=5365448.5150 Z=2979378.2925
  LLH:  Lat=28.025570067° Lon=107.796111626° H=790.2972m
  原始数据:
2025/11/16 10:13:49.000   28.025570067  107.796111626   790.2972   1  31   0.0008   0.0006   0.0025  -0.0003  -0.0008  -0.0004  22.00    3.4 8516421

[TCP数据流] 2025/11/16 18:13:32 - 固定解 (31颗卫星)
  ECEF: X=-1722255.4075 Y=5365448.5150 Z=2979378.2924
  LLH:  Lat=28.025570066° Lon=107.796111626° H=790.2972m
  原始数据:
2025/11/16 10:13:50.000   28.025570066  107.796111626   790.2972   1  31   0.0008   0.0006   0.0025  -0.0003  -0.0008  -0.0004  23.00    3.4 8516421

[TCP数据流] 2025/11/16 18:13:33 - 固定解 (31颗卫星)
  ECEF: X=-1722255.4075 Y=5365448.5151 Z=2979378.2923
  LLH:  Lat=28.025570065° Lon=107.796111626° H=790.2972m
  原始数据:
2025/11/16 10:13:51.000   28.025570065  107.796111626   790.2972   1  31   0.0008   0.0006   0.0025  -0.0003  -0.0008  -0.0004  24.00    3.4 8516421

[TCP数据流] 2025/11/16 18:13:34 - 固定解 (31颗卫星)
  ECEF: X=-1722255.4076 Y=5365448.5151 Z=2979378.2923
  LLH:  Lat=28.025570065° Lon=107.796111626° H=790.2973m
  原始数据:
2025/11/16 10:13:52.000   28.025570065  107.796111626   790.2973   1  31   0.0008   0.0006   0.0025  -0.0003  -0.0008  -0.0004  25.00    3.4 8516421

[TCP数据流] 2025/11/16 18:13:35 - 固定解 (24颗卫星)
  ECEF: X=-1722255.4089 Y=5365448.5165 Z=2979378.2858
  LLH:  Lat=28.025570006° Lon=107.796111635° H=790.2958m
  原始数据:
2025/11/16 10:13:53.000   28.025570006  107.796111635   790.2958   1  24   0.0009   0.0006   0.0027  -0.0002  -0.0006   0.0003  26.00    4.8 8516421

[TCP数据流] 2025/11/16 18:13:36 - 固定解 (31颗卫星)
  ECEF: X=-1722255.4076 Y=5365448.5152 Z=2979378.2921
  LLH:  Lat=28.025570063° Lon=107.796111626° H=790.2973m
  原始数据:
2025/11/16 10:13:54.000   28.025570063  107.796111626   790.2973   1  31   0.0008   0.0006   0.0025  -0.0003  -0.0008  -0.0004  27.00    3.5 8516421

[TCP数据流] 2025/11/16 18:13:37 - 固定解 (31颗卫星)
  ECEF: X=-1722255.4076 Y=5365448.5153 Z=2979378.2920
  LLH:  Lat=28.025570062° Lon=107.796111626° H=790.2973m
  原始数据:
2025/11/16 10:13:55.000   28.025570062  107.796111626   790.2973   1  31   0.0008   0.0006   0.0025  -0.0003  -0.0007  -0.0004  28.00    3.5 8516421

[TCP数据流] 2025/11/16 18:13:38 - 固定解 (31颗卫星)
  ECEF: X=-1722255.4076 Y=5365448.5154 Z=2979378.2920
  LLH:  Lat=28.025570061° Lon=107.796111626° H=790.2974m
  原始数据:
2025/11/16 10:13:56.000   28.025570061  107.796111626   790.2974   1  31   0.0008   0.0006   0.0025  -0.0003  -0.0007  -0.0004  29.00    3.5 8516421

[TCP数据流] 2025/11/16 18:13:39 - 固定解 (31颗卫星)
  ECEF: X=-1722255.4077 Y=5365448.5155 Z=2979378.2919
  LLH:  Lat=28.025570060° Lon=107.796111626° H=790.2974m
  原始数据:
2025/11/16 10:13:57.000   28.025570060  107.796111626   790.2974   1  31   0.0008   0.0006   0.0025  -0.0003  -0.0007  -0.0004  30.00    3.5 8516421

[TCP数据流] 2025/11/16 18:14:21 - 固定解 (31颗卫星)
  ECEF: X=-1722255.4142 Y=5365448.5227 Z=2979378.2937
  LLH:  Lat=28.025570037° Lon=107.796111667° H=790.3061m
  原始数据:
2025/11/16 10:14:39.000   28.025570037  107.796111667   790.3061   1  31   0.0007   0.0005   0.0024   0.0001  -0.0006  -0.0006   6.00    3.7 8516421

[TCP数据流] 2025/11/16 18:14:22 - 固定解 (31颗卫星)
  ECEF: X=-1722255.4142 Y=5365448.5227 Z=2979378.2938
  LLH:  Lat=28.025570038° Lon=107.796111667° H=790.3062m
  原始数据:
2025/11/16 10:14:40.000   28.025570038  107.796111667   790.3062   1  31   0.0007   0.0005   0.0024   0.0001  -0.0006  -0.0006   7.00    3.8 8516421

[TCP数据流] 2025/11/16 18:14:23 - 固定解 (31颗卫星)
  ECEF: X=-1722255.4143 Y=5365448.5210 Z=2979378.2935
  LLH:  Lat=28.025570042° Lon=107.796111673° H=790.3046m
  原始数据:
2025/11/16 10:14:41.000   28.025570042  107.796111673   790.3046   1  31   0.0007   0.0005   0.0024   0.0001  -0.0006  -0.0006   8.00    4.0 8516421

[TCP数据流] 2025/11/16 18:14:24 - 固定解 (31颗卫星)
  ECEF: X=-1722255.4161 Y=5365448.5262 Z=2979378.2950
  LLH:  Lat=28.025570031° Lon=107.796111674° H=790.3102m
  原始数据:
2025/11/16 10:14:42.000   28.025570031  107.796111674   790.3102   1  31   0.0007   0.0005   0.0022   0.0001  -0.0006  -0.0005   9.00    4.3 8516421

[TCP数据流] 2025/11/16 18:14:25 - 固定解 (31颗卫星)
  ECEF: X=-1722255.4161 Y=5365448.5263 Z=2979378.2952
  LLH:  Lat=28.025570032° Lon=107.796111674° H=790.3103m
  原始数据:
2025/11/16 10:14:43.000   28.025570032  107.796111674   790.3103   1  31   0.0007   0.0005   0.0022   0.0001  -0.0006  -0.0005  10.00    4.4 8516421

[TCP数据流] 2025/11/16 18:14:26 - 固定解 (31颗卫星)
  ECEF: X=-1722255.4161 Y=5365448.5263 Z=2979378.2952
  LLH:  Lat=28.025570032° Lon=107.796111674° H=790.3104m
  原始数据:
2025/11/16 10:14:44.000   28.025570032  107.796111674   790.3104   1  31   0.0007   0.0005   0.0022   0.0001  -0.0006  -0.0005  11.00    4.5 8516421

[TCP数据流] 2025/11/16 18:14:27 - 固定解 (31颗卫星)
  ECEF: X=-1722255.4161 Y=5365448.5266 Z=2979378.2951
  LLH:  Lat=28.025570030° Lon=107.796111673° H=790.3105m
  原始数据:
2025/11/16 10:14:45.000   28.025570030  107.796111673   790.3105   1  31   0.0007   0.0005   0.0022   0.0001  -0.0006  -0.0005  12.00    3.6 8516421

[TCP数据流] 2025/11/16 18:14:29 - 固定解 (31颗卫星)
  ECEF: X=-1722255.4163 Y=5365448.5253 Z=2979378.2950
  LLH:  Lat=28.025570034° Lon=107.796111679° H=790.3095m
  原始数据:
2025/11/16 10:14:47.000   28.025570034  107.796111679   790.3095   1  31   0.0007   0.0005   0.0022   0.0001  -0.0005  -0.0005   0.00    3.2 8516421

[TCP数据流] 2025/11/16 18:14:30 - 固定解 (31颗卫星)
  ECEF: X=-1722255.4163 Y=5365448.5253 Z=2979378.2950
  LLH:  Lat=28.025570034° Lon=107.796111679° H=790.3095m
  原始数据:
2025/11/16 10:14:48.000   28.025570034  107.796111679   790.3095   1  31   0.0006   0.0005   0.0021   0.0001  -0.0005  -0.0005   1.00    3.4 8516421

[TCP数据流] 2025/11/16 18:14:31 - 固定解 (31颗卫星)
  ECEF: X=-1722255.4164 Y=5365448.5253 Z=2979378.2951
  LLH:  Lat=28.025570035° Lon=107.796111680° H=790.3095m
  原始数据:
2025/11/16 10:14:49.000   28.025570035  107.796111680   790.3095   1  31   0.0006   0.0005   0.0021   0.0001  -0.0005  -0.0005   2.00    3.5 8516421

[TCP数据流] 2025/11/16 18:14:32 - 固定解 (31颗卫星)
  ECEF: X=-1722255.4167 Y=5365448.5262 Z=2979378.2955
  LLH:  Lat=28.025570034° Lon=107.796111680° H=790.3106m
  原始数据:
2025/11/16 10:14:50.000   28.025570034  107.796111680   790.3106   1  31   0.0006   0.0005   0.0019   0.0001  -0.0005  -0.0004   3.00    3.6 8516421

[TCP数据流] 2025/11/16 18:14:33 - 固定解 (23颗卫星)
  ECEF: X=-1722255.4232 Y=5365448.5152 Z=2979378.2876
  LLH:  Lat=28.025570007° Lon=107.796111777° H=790.2993m
  原始数据:
2025/11/16 10:14:51.000   28.025570007  107.796111777   790.2993   1  23   0.0008   0.0008   0.0020   0.0004  -0.0005   0.0002   4.00   10.1 8516421

[TCP数据流] 2025/11/16 18:14:35 - 固定解 (24颗卫星)
  ECEF: X=-1722255.4106 Y=5365448.5171 Z=2979378.2901
  LLH:  Lat=28.025570036° Lon=107.796111649° H=790.2987m
  原始数据:
2025/11/16 10:14:53.000   28.025570036  107.796111649   790.2987   1  24   0.0008   0.0005   0.0024  -0.0001  -0.0005  -0.0002   6.00    4.3 8516421

[TCP数据流] 2025/11/16 18:14:36 - 固定解 (24颗卫星)
  ECEF: X=-1722255.4107 Y=5365448.5171 Z=2979378.2903
  LLH:  Lat=28.025570037° Lon=107.796111650° H=790.2989m
  原始数据:
2025/11/16 10:14:54.000   28.025570037  107.796111650   790.2989   1  24   0.0008   0.0005   0.0023  -0.0001  -0.0005  -0.0002   7.00    4.4 8516421

[TCP数据流] 2025/11/16 18:14:38 - 固定解 (17颗卫星)
  ECEF: X=-1722255.4103 Y=5365448.5353 Z=2979378.3125
  LLH:  Lat=28.025570141° Lon=107.796111590° H=790.3245m
  原始数据:
2025/11/16 10:14:56.000   28.025570141  107.796111590   790.3245   1  17   0.0014   0.0006   0.0060   0.0001  -0.0011  -0.0023   9.00    3.6 8516421

========== RTKRCV 退出 ==========
时间: 2025-11-16T10:14:38.840Z
退出码: 0
信号: null
================================

