
========== RTKRCV 启动 ==========
时间: 2025-11-16T09:52:28.657Z
配置文件: 8516428.conf
进程 PID: 3560501
================================


[TCP数据流] 2025/11/16 17:54:29 - 浮点解 (24颗卫星)
  ECEF: X=-1791533.9499 Y=5439862.6961 Z=2799121.6166
  LLH:  Lat=26.198506902° Lon=108.228492543° H=701.4942m
  原始数据:
2025/11/16 09:54:47.000   26.198506902  108.228492543   701.4942   2  24   0.6259   0.6017   1.4944  -0.1806  -0.1237  -0.5660   0.00    0.0 8516428

[TCP数据流] 2025/11/16 17:54:30 - 浮点解 (24颗卫星)
  ECEF: X=-1791533.9973 Y=5439862.7035 Z=2799121.5751
  LLH:  Lat=26.198506479° Lon=108.228492970° H=701.4955m
  原始数据:
2025/11/16 09:54:48.000   26.198506479  108.228492970   701.4955   2  24   0.5184   0.4968   1.2332  -0.1496  -0.0838  -0.4691   1.00    0.0 8516428

[TCP数据流] 2025/11/16 17:54:31 - 浮点解 (24颗卫星)
  ECEF: X=-1791533.9707 Y=5439862.7005 Z=2799121.5494
  LLH:  Lat=26.198506316° Lon=108.228492727° H=701.4741m
  原始数据:
2025/11/16 09:54:49.000   26.198506316  108.228492727   701.4741   2  24   0.4515   0.4308   1.0685  -0.1294  -0.0711  -0.4085   0.00    0.0 8516428

[TCP数据流] 2025/11/16 17:54:32 - 浮点解 (16颗卫星)
  ECEF: X=-1791533.9988 Y=5439863.0801 Z=2799121.5711
  LLH:  Lat=26.198505020° Lon=108.228491806° H=701.8151m
  原始数据:
2025/11/16 09:54:50.000   26.198505020  108.228491806   701.8151   2  16   0.4295   0.3982   0.9875  -0.1241   0.0362  -0.3831   1.00    0.0 8516428

[TCP数据流] 2025/11/16 17:54:33 - 浮点解 (24颗卫星)
  ECEF: X=-1791533.9446 Y=5439863.0498 Z=2799121.5989
  LLH:  Lat=26.198505427° Lon=108.228491386° H=701.7863m
  原始数据:
2025/11/16 09:54:51.000   26.198505427  108.228491386   701.7863   2  24   0.3889   0.3628   0.8959  -0.1124   0.0309  -0.3468   2.00    0.0 8516428

[TCP数据流] 2025/11/16 17:54:34 - 浮点解 (24颗卫星)
  ECEF: X=-1791533.8828 Y=5439862.9893 Z=2799121.5687
  LLH:  Lat=26.198505488° Lon=108.228490988° H=701.7041m
  原始数据:
2025/11/16 09:54:52.000   26.198505488  108.228490988   701.7041   2  24   0.3580   0.3354   0.8252  -0.1035   0.0272  -0.3189   3.00    0.0 8516428

[TCP数据流] 2025/11/16 17:54:35 - 浮点解 (24颗卫星)
  ECEF: X=-1791533.8290 Y=5439862.9582 Z=2799121.5037
  LLH:  Lat=26.198505147° Lon=108.228490574° H=701.6338m
  原始数据:
2025/11/16 09:54:53.000   26.198505147  108.228490574   701.6338   2  24   0.3333   0.3134   0.7686  -0.0964   0.0244  -0.2967   4.00    0.0 8516428

[TCP数据流] 2025/11/16 17:54:36 - 浮点解 (24颗卫星)
  ECEF: X=-1791533.7761 Y=5439862.9440 Z=2799121.4903
  LLH:  Lat=26.198505158° Lon=108.228490116° H=701.6009m
  原始数据:
2025/11/16 09:54:54.000   26.198505158  108.228490116   701.6009   2  24   0.3131   0.2952   0.7218  -0.0905   0.0222  -0.2784   5.00    0.0 8516428

[TCP数据流] 2025/11/16 17:54:37 - 浮点解 (16颗卫星)
  ECEF: X=-1791533.7371 Y=5439862.9201 Z=2799121.4330
  LLH:  Lat=26.198504833° Lon=108.228489820° H=701.5443m
  原始数据:
2025/11/16 09:54:55.000   26.198504833  108.228489820   701.5443   2  16   0.3054   0.2841   0.6949  -0.0885   0.0407  -0.2698   6.00    0.0 8516428

[TCP数据流] 2025/11/16 17:54:38 - 浮点解 (24颗卫星)
  ECEF: X=-1791533.6845 Y=5439862.8113 Z=2799121.3931
  LLH:  Lat=26.198504987° Lon=108.228489660° H=701.4192m
  原始数据:
2025/11/16 09:54:56.000   26.198504987  108.228489660   701.4192   2  24   0.2895   0.2703   0.6589  -0.0839   0.0371  -0.2555   7.00    0.0 8516428

[TCP数据流] 2025/11/16 17:54:39 - 浮点解 (24颗卫星)
  ECEF: X=-1791533.6288 Y=5439862.6829 Z=2799121.3245
  LLH:  Lat=26.198504987° Lon=108.228489533° H=701.2638m
  原始数据:
2025/11/16 09:54:57.000   26.198504987  108.228489533   701.2638   2  24   0.2759   0.2584   0.6279  -0.0799   0.0342  -0.2432   8.00    0.0 8516428

[TCP数据流] 2025/11/16 17:54:41 - 浮点解 (24颗卫星)
  ECEF: X=-1791533.5869 Y=5439862.5127 Z=2799121.2857
  LLH:  Lat=26.198505369° Lon=108.228489668° H=701.0899m
  原始数据:
2025/11/16 09:54:59.000   26.198505369  108.228489668   701.0899   2  24   0.2639   0.2479   0.6005  -0.0765   0.0317  -0.2324  10.00    0.0 8516428

[TCP数据流] 2025/11/16 17:54:43 - 浮点解 (24颗卫星)
  ECEF: X=-1791533.5796 Y=5439862.4225 Z=2799121.2198
  LLH:  Lat=26.198505186° Lon=108.228489880° H=700.9819m
  原始数据:
2025/11/16 09:55:01.000   26.198505186  108.228489880   700.9819   2  24   0.2534   0.2386   0.5761  -0.0734   0.0297  -0.2228  12.00    0.0 8516428

[TCP数据流] 2025/11/16 17:54:44 - 浮点解 (24颗卫星)
  ECEF: X=-1791533.5334 Y=5439862.4102 Z=2799121.1891
  LLH:  Lat=26.198505042° Lon=108.228489480° H=700.9449m
  原始数据:
2025/11/16 09:55:02.000   26.198505042  108.228489480   700.9449   2  24   0.2440   0.2303   0.5543  -0.0707   0.0279  -0.2143  13.00    0.0 8516428

[TCP数据流] 2025/11/16 17:54:45 - 浮点解 (24颗卫星)
  ECEF: X=-1791533.5222 Y=5439862.3483 Z=2799121.1622
  LLH:  Lat=26.198505072° Lon=108.228489567° H=700.8771m
  原始数据:
2025/11/16 09:55:03.000   26.198505072  108.228489567   700.8771   2  24   0.2356   0.2228   0.5349  -0.0682   0.0264  -0.2067  14.00    0.0 8516428

[TCP数据流] 2025/11/16 17:54:47 - 浮点解 (24颗卫星)
  ECEF: X=-1791533.5402 Y=5439862.3098 Z=2799121.1336
  LLH:  Lat=26.198504964° Lon=108.228489859° H=700.8367m
  原始数据:
2025/11/16 09:55:05.000   26.198504964  108.228489859   700.8367   2  24   0.2280   0.2159   0.5172  -0.0660   0.0250  -0.1997  16.00    0.0 8516428

[TCP数据流] 2025/11/16 17:54:48 - 浮点解 (24颗卫星)
  ECEF: X=-1791533.5022 Y=5439862.2186 Z=2799121.0974
  LLH:  Lat=26.198505063° Lon=108.228489783° H=700.7323m
  原始数据:
2025/11/16 09:55:06.000   26.198505063  108.228489783   700.7323   2  24   0.2211   0.2097   0.5011  -0.0640   0.0238  -0.1935  17.00    0.0 8516428

[TCP数据流] 2025/11/16 17:54:49 - 浮点解 (24颗卫星)
  ECEF: X=-1791533.4704 Y=5439862.1391 Z=2799121.0395
  LLH:  Lat=26.198504935° Lon=108.228489730° H=700.6301m
  原始数据:
2025/11/16 09:55:07.000   26.198504935  108.228489730   700.6301   2  24   0.2147   0.2040   0.4865  -0.0622   0.0228  -0.1877  18.00    0.0 8516428

[TCP数据流] 2025/11/16 17:54:50 - 浮点解 (24颗卫星)
  ECEF: X=-1791533.4448 Y=5439862.0674 Z=2799121.0142
  LLH:  Lat=26.198505033° Lon=108.228489711° H=700.5506m
  原始数据:
2025/11/16 09:55:08.000   26.198505033  108.228489711   700.5506   2  24   0.2089   0.1987   0.4730  -0.0605   0.0218  -0.1825  19.00    0.0 8516428

[TCP数据流] 2025/11/16 17:54:51 - 浮点解 (24颗卫星)
  ECEF: X=-1791533.4265 Y=5439862.0497 Z=2799121.0003
  LLH:  Lat=26.198505010° Lon=108.228489592° H=700.5243m
  原始数据:
2025/11/16 09:55:09.000   26.198505010  108.228489592   700.5243   2  24   0.2036   0.1938   0.4606  -0.0589   0.0210  -0.1776  20.00    1.1 8516428

[TCP数据流] 2025/11/16 17:54:52 - 固定解 (16颗卫星)
  ECEF: X=-1791534.1912 Y=5439863.7296 Z=2799122.9997
  LLH:  Lat=26.198513891° Lon=108.228491602° H=703.0533m
  原始数据:
2025/11/16 09:55:10.000   26.198513891  108.228491602   703.0533   1  16   0.0019   0.0019   0.0042  -0.0010  -0.0014  -0.0002  21.00    5.3 8516428

[TCP数据流] 2025/11/16 17:54:53 - 固定解 (24颗卫星)
  ECEF: X=-1791534.1914 Y=5439863.7298 Z=2799123.0000
  LLH:  Lat=26.198513892° Lon=108.228491603° H=703.0537m
  原始数据:
2025/11/16 09:55:11.000   26.198513892  108.228491603   703.0537   1  24   0.0019   0.0019   0.0042  -0.0010  -0.0014  -0.0002  22.00    5.2 8516428

[TCP数据流] 2025/11/16 17:54:54 - 固定解 (24颗卫星)
  ECEF: X=-1791534.1916 Y=5439863.7300 Z=2799123.0004
  LLH:  Lat=26.198513894° Lon=108.228491604° H=703.0541m
  原始数据:
2025/11/16 09:55:12.000   26.198513894  108.228491604   703.0541   1  24   0.0019   0.0019   0.0042  -0.0010  -0.0014  -0.0002  23.00    5.2 8516428

[TCP数据流] 2025/11/16 17:54:55 - 固定解 (16颗卫星)
  ECEF: X=-1791534.1917 Y=5439863.7303 Z=2799123.0007
  LLH:  Lat=26.198513895° Lon=108.228491604° H=703.0545m
  原始数据:
2025/11/16 09:55:13.000   26.198513895  108.228491604   703.0545   1  16   0.0019   0.0019   0.0042  -0.0010  -0.0014  -0.0002  24.00    5.2 8516428

[TCP数据流] 2025/11/16 17:54:56 - 固定解 (24颗卫星)
  ECEF: X=-1791534.1919 Y=5439863.7306 Z=2799123.0010
  LLH:  Lat=26.198513897° Lon=108.228491605° H=703.0549m
  原始数据:
2025/11/16 09:55:14.000   26.198513897  108.228491605   703.0549   1  24   0.0019   0.0019   0.0042  -0.0010  -0.0014  -0.0002  25.00    5.1 8516428

[TCP数据流] 2025/11/16 17:54:57 - 固定解 (24颗卫星)
  ECEF: X=-1791534.1921 Y=5439863.7308 Z=2799123.0013
  LLH:  Lat=26.198513898° Lon=108.228491606° H=703.0553m
  原始数据:
2025/11/16 09:55:15.000   26.198513898  108.228491606   703.0553   1  24   0.0019   0.0019   0.0041  -0.0010  -0.0014  -0.0002  26.00    5.1 8516428

[TCP数据流] 2025/11/16 17:54:58 - 固定解 (24颗卫星)
  ECEF: X=-1791534.1922 Y=5439863.7311 Z=2799123.0016
  LLH:  Lat=26.198513899° Lon=108.228491606° H=703.0557m
  原始数据:
2025/11/16 09:55:16.000   26.198513899  108.228491606   703.0557   1  24   0.0019   0.0019   0.0041  -0.0010  -0.0014  -0.0002  27.00    4.9 8516428

[TCP数据流] 2025/11/16 17:54:59 - 固定解 (24颗卫星)
  ECEF: X=-1791534.1923 Y=5439863.7312 Z=2799123.0019
  LLH:  Lat=26.198513901° Lon=108.228491607° H=703.0560m
  原始数据:
2025/11/16 09:55:17.000   26.198513901  108.228491607   703.0560   1  24   0.0019   0.0019   0.0041  -0.0010  -0.0014  -0.0002  28.00    4.9 8516428

[TCP数据流] 2025/11/16 17:55:00 - 固定解 (24颗卫星)
  ECEF: X=-1791534.1924 Y=5439863.7315 Z=2799123.0022
  LLH:  Lat=26.198513902° Lon=108.228491607° H=703.0564m
  原始数据:
2025/11/16 09:55:18.000   26.198513902  108.228491607   703.0564   1  24   0.0019   0.0019   0.0041  -0.0010  -0.0014  -0.0002  29.00    4.9 8516428

[TCP数据流] 2025/11/16 17:55:01 - 固定解 (24颗卫星)
  ECEF: X=-1791534.1926 Y=5439863.7317 Z=2799123.0024
  LLH:  Lat=26.198513903° Lon=108.228491608° H=703.0567m
  原始数据:
2025/11/16 09:55:19.000   26.198513903  108.228491608   703.0567   1  24   0.0019   0.0019   0.0041  -0.0010  -0.0013  -0.0002  30.00    4.8 8516428

[TCP数据流] 2025/11/16 17:55:28 - 浮点解 (24颗卫星)
  ECEF: X=-1791533.5595 Y=5439862.7383 Z=2799121.3915
  LLH:  Lat=26.198505406° Lon=108.228488701° H=701.3212m
  原始数据:
2025/11/16 09:55:46.000   26.198505406  108.228488701   701.3212   2  24   0.1529   0.1562   0.3125  -0.0426   0.0203  -0.1121   0.00    1.1 8516428

[TCP数据流] 2025/11/16 17:55:29 - 浮点解 (17颗卫星)
  ECEF: X=-1791533.6442 Y=5439863.0337 Z=2799121.5598
  LLH:  Lat=26.198505546° Lon=108.228488582° H=701.6710m
  原始数据:
2025/11/16 09:55:47.000   26.198505546  108.228488582   701.6710   2  17   0.1471   0.1540   0.2857  -0.0420   0.0286  -0.0979   1.00    0.0 8516428

[TCP数据流] 2025/11/16 17:55:30 - 浮点解 (24颗卫星)
  ECEF: X=-1791533.7012 Y=5439863.3108 Z=2799121.7989
  LLH:  Lat=26.198506362° Lon=108.228488256° H=702.0287m
  原始数据:
2025/11/16 09:55:48.000   26.198506362  108.228488256   702.0287   2  24   0.1385   0.1504   0.2596  -0.0376   0.0259  -0.0851   0.00    1.2 8516428

[TCP数据流] 2025/11/16 17:55:31 - 浮点解 (24颗卫星)
  ECEF: X=-1791533.7434 Y=5439863.4690 Z=2799121.9766
  LLH:  Lat=26.198507150° Lon=108.228488162° H=702.2539m
  原始数据:
2025/11/16 09:55:49.000   26.198507150  108.228488162   702.2539   2  24   0.1320   0.1473   0.2414  -0.0343   0.0242  -0.0764   0.00    1.0 8516428

[TCP数据流] 2025/11/16 17:55:32 - 浮点解 (24颗卫星)
  ECEF: X=-1791533.7527 Y=5439863.5700 Z=2799122.0692
  LLH:  Lat=26.198507506° Lon=108.228487934° H=702.3834m
  原始数据:
2025/11/16 09:55:50.000   26.198507506  108.228487934   702.3834   2  24   0.1270   0.1445   0.2281  -0.0317   0.0233  -0.0704   1.00    1.2 8516428

[TCP数据流] 2025/11/16 17:55:33 - 浮点解 (16颗卫星)
  ECEF: X=-1791533.7771 Y=5439863.6338 Z=2799122.1155
  LLH:  Lat=26.198507609° Lon=108.228487967° H=702.4651m
  原始数据:
2025/11/16 09:55:51.000   26.198507609  108.228487967   702.4651   2  16   0.1247   0.1426   0.2243  -0.0295   0.0198  -0.0696   1.00    1.2 8516428

[TCP数据流] 2025/11/16 17:55:34 - 浮点解 (24颗卫星)
  ECEF: X=-1791533.8027 Y=5439863.7627 Z=2799122.2025
  LLH:  Lat=26.198507794° Lon=108.228487807° H=702.6205m
  原始数据:
2025/11/16 09:55:52.000   26.198507794  108.228487807   702.6205   2  24   0.1208   0.1401   0.2141  -0.0277   0.0196  -0.0650   1.00    1.1 8516428

[TCP数据流] 2025/11/16 17:55:35 - 浮点解 (24颗卫星)
  ECEF: X=-1791533.8199 Y=5439863.8566 Z=2799122.2788
  LLH:  Lat=26.198508035° Lon=108.228487676° H=702.7391m
  原始数据:
2025/11/16 09:55:53.000   26.198508035  108.228487676   702.7391   2  24   0.1174   0.1378   0.2057  -0.0262   0.0195  -0.0613   1.00    1.4 8516428

[TCP数据流] 2025/11/16 17:55:36 - 浮点解 (24颗卫星)
  ECEF: X=-1791533.8400 Y=5439863.9108 Z=2799122.3166
  LLH:  Lat=26.198508111° Lon=108.228487697° H=702.8076m
  原始数据:
2025/11/16 09:55:54.000   26.198508111  108.228487697   702.8076   2  24   0.1147   0.1358   0.1990  -0.0251   0.0195  -0.0585   2.00    1.1 8516428

[TCP数据流] 2025/11/16 17:55:37 - 浮点解 (24颗卫星)
  ECEF: X=-1791533.8555 Y=5439863.9331 Z=2799122.3360
  LLH:  Lat=26.198508164° Lon=108.228487775° H=702.8395m
  原始数据:
2025/11/16 09:55:55.000   26.198508164  108.228487775   702.8395   2  24   0.1124   0.1339   0.1937  -0.0242   0.0194  -0.0565   3.00    1.2 8516428

[TCP数据流] 2025/11/16 17:55:38 - 浮点解 (17颗卫星)
  ECEF: X=-1791533.8625 Y=5439863.9240 Z=2799122.3267
  LLH:  Lat=26.198508115° Lon=108.228487870° H=702.8296m
  原始数据:
2025/11/16 09:55:56.000   26.198508115  108.228487870   702.8296   2  17   0.1112   0.1325   0.1906  -0.0242   0.0204  -0.0554   4.00    1.7 8516428

[TCP数据流] 2025/11/16 17:55:39 - 浮点解 (16颗卫星)
  ECEF: X=-1791533.8687 Y=5439863.9157 Z=2799122.3074
  LLH:  Lat=26.198507982° Lon=108.228487955° H=702.8157m
  原始数据:
2025/11/16 09:55:57.000   26.198507982  108.228487955   702.8157   2  16   0.1104   0.1313   0.1892  -0.0236   0.0197  -0.0553   5.00    2.0 8516428

[TCP数据流] 2025/11/16 17:55:40 - 浮点解 (24颗卫星)
  ECEF: X=-1791533.8656 Y=5439863.8979 Z=2799122.2899
  LLH:  Lat=26.198507912° Lon=108.228487981° H=702.7920m
  原始数据:
2025/11/16 09:55:58.000   26.198507912  108.228487981   702.7920   2  24   0.1089   0.1297   0.1860  -0.0232   0.0196  -0.0542   6.00    1.5 8516428

[TCP数据流] 2025/11/16 17:55:41 - 浮点解 (24颗卫星)
  ECEF: X=-1791533.8680 Y=5439863.8675 Z=2799122.2597
  LLH:  Lat=26.198507779° Lon=108.228488099° H=702.7534m
  原始数据:
2025/11/16 09:55:59.000   26.198507779  108.228488099   702.7534   2  24   0.1076   0.1282   0.1833  -0.0229   0.0194  -0.0534   7.00    1.5 8516428

[TCP数据流] 2025/11/16 17:55:42 - 浮点解 (24颗卫星)
  ECEF: X=-1791533.8710 Y=5439863.8493 Z=2799122.2413
  LLH:  Lat=26.198507695° Lon=108.228488184° H=702.7306m
  原始数据:
2025/11/16 09:56:00.000   26.198507695  108.228488184   702.7306   2  24   0.1064   0.1268   0.1809  -0.0226   0.0193  -0.0528   8.00    1.5 8516428

[TCP数据流] 2025/11/16 17:55:43 - 固定解 (16颗卫星)
  ECEF: X=-1791534.1954 Y=5439863.7298 Z=2799122.9969
  LLH:  Lat=26.198513862° Lon=108.228491641° H=703.0534m
  原始数据:
2025/11/16 09:56:01.000   26.198513862  108.228491641   703.0534   1  16   0.0014   0.0014   0.0032  -0.0005  -0.0005  -0.0002   9.00    7.3 8516428

[TCP数据流] 2025/11/16 17:55:44 - 固定解 (24颗卫星)
  ECEF: X=-1791534.1957 Y=5439863.7300 Z=2799122.9973
  LLH:  Lat=26.198513864° Lon=108.228491643° H=703.0538m
  原始数据:
2025/11/16 09:56:02.000   26.198513864  108.228491643   703.0538   1  24   0.0014   0.0014   0.0032  -0.0005  -0.0005  -0.0002  10.00    7.2 8516428

[TCP数据流] 2025/11/16 17:55:45 - 固定解 (24颗卫星)
  ECEF: X=-1791534.1960 Y=5439863.7302 Z=2799122.9976
  LLH:  Lat=26.198513865° Lon=108.228491645° H=703.0542m
  原始数据:
2025/11/16 09:56:03.000   26.198513865  108.228491645   703.0542   1  24   0.0014   0.0014   0.0032  -0.0005  -0.0005  -0.0002  11.00    7.1 8516428

[TCP数据流] 2025/11/16 17:55:46 - 固定解 (24颗卫星)
  ECEF: X=-1791534.1962 Y=5439863.7303 Z=2799122.9978
  LLH:  Lat=26.198513866° Lon=108.228491647° H=703.0545m
  原始数据:
2025/11/16 09:56:04.000   26.198513866  108.228491647   703.0545   1  24   0.0014   0.0014   0.0031  -0.0005  -0.0005  -0.0002  12.00    7.0 8516428

[TCP数据流] 2025/11/16 17:55:47 - 浮点解 (17颗卫星)
  ECEF: X=-1791533.8483 Y=5439863.7266 Z=2799122.1077
  LLH:  Lat=26.198507106° Lon=108.228488353° H=702.5607m
  原始数据:
2025/11/16 09:56:05.000   26.198507106  108.228488353   702.5607   2  17   0.1022   0.1209   0.1737  -0.0220   0.0185  -0.0515  13.00    1.1 8516428

[TCP数据流] 2025/11/16 17:55:48 - 浮点解 (17颗卫星)
  ECEF: X=-1791533.8381 Y=5439863.7000 Z=2799122.0846
  LLH:  Lat=26.198507032° Lon=108.228488339° H=702.5250m
  原始数据:
2025/11/16 09:56:06.000   26.198507032  108.228488339   702.5250   2  17   0.1016   0.1199   0.1726  -0.0219   0.0185  -0.0514  14.00    1.1 8516428

[TCP数据流] 2025/11/16 17:55:49 - 固定解 (24颗卫星)
  ECEF: X=-1791534.1965 Y=5439863.7305 Z=2799122.9980
  LLH:  Lat=26.198513867° Lon=108.228491649° H=703.0548m
  原始数据:
2025/11/16 09:56:07.000   26.198513867  108.228491649   703.0548   1  24   0.0013   0.0014   0.0031  -0.0005  -0.0005  -0.0003  15.00    6.5 8516428

[TCP数据流] 2025/11/16 17:55:51 - 固定解 (24颗卫星)
  ECEF: X=-1791534.1967 Y=5439863.7306 Z=2799122.9982
  LLH:  Lat=26.198513868° Lon=108.228491651° H=703.0551m
  原始数据:
2025/11/16 09:56:09.000   26.198513868  108.228491651   703.0551   1  24   0.0013   0.0014   0.0031  -0.0005  -0.0005  -0.0003  17.00    6.3 8516428

[TCP数据流] 2025/11/16 17:55:52 - 浮点解 (9颗卫星)
  ECEF: X=-1791533.8011 Y=5439863.6533 Z=2799122.0247
  LLH:  Lat=26.198506770° Lon=108.228488134° H=702.4483m
  原始数据:
2025/11/16 09:56:10.000   26.198506770  108.228488134   702.4483   2   9   0.0999   0.1171   0.1699  -0.0217   0.0183  -0.0512  18.00    1.1 8516428

[TCP数据流] 2025/11/16 17:55:54 - 固定解 (16颗卫星)
  ECEF: X=-1791534.1969 Y=5439863.7308 Z=2799122.9985
  LLH:  Lat=26.198513869° Lon=108.228491652° H=703.0554m
  原始数据:
2025/11/16 09:56:12.000   26.198513869  108.228491652   703.0554   1  16   0.0013   0.0014   0.0031  -0.0005  -0.0005  -0.0003  20.00    6.2 8516428

[TCP数据流] 2025/11/16 17:55:55 - 固定解 (24颗卫星)
  ECEF: X=-1791534.1973 Y=5439863.7320 Z=2799122.9966
  LLH:  Lat=26.198513849° Lon=108.228491652° H=703.0557m
  原始数据:
2025/11/16 09:56:13.000   26.198513849  108.228491652   703.0557   1  24   0.0012   0.0014   0.0031  -0.0006  -0.0005  -0.0003  21.00    5.8 8516428

[TCP数据流] 2025/11/16 17:55:56 - 浮点解 (17颗卫星)
  ECEF: X=-1791533.7836 Y=5439863.5785 Z=2799121.9605
  LLH:  Lat=26.198506555° Lon=108.228488201° H=702.3513m
  原始数据:
2025/11/16 09:56:14.000   26.198506555  108.228488201   702.3513   2  17   0.0983   0.1145   0.1676  -0.0216   0.0180  -0.0511  22.00    1.4 8516428

[TCP数据流] 2025/11/16 17:55:57 - 浮点解 (24颗卫星)
  ECEF: X=-1791533.7827 Y=5439863.5460 Z=2799121.9340
  LLH:  Lat=26.198506465° Lon=108.228488295° H=702.3117m
  原始数据:
2025/11/16 09:56:15.000   26.198506465  108.228488295   702.3117   2  24   0.0976   0.1135   0.1667  -0.0215   0.0178  -0.0509  23.00    1.1 8516428

[TCP数据流] 2025/11/16 17:55:58 - 浮点解 (24颗卫星)
  ECEF: X=-1791533.7761 Y=5439863.5113 Z=2799121.9012
  LLH:  Lat=26.198506339° Lon=108.228488340° H=702.2658m
  原始数据:
2025/11/16 09:56:16.000   26.198506339  108.228488340   702.2658   2  24   0.0970   0.1126   0.1658  -0.0215   0.0176  -0.0508  24.00    1.1 8516428

[TCP数据流] 2025/11/16 17:55:59 - 浮点解 (24颗卫星)
  ECEF: X=-1791533.7689 Y=5439863.4799 Z=2799121.8753
  LLH:  Lat=26.198506257° Lon=108.228488370° H=702.2256m
  原始数据:
2025/11/16 09:56:17.000   26.198506257  108.228488370   702.2256   2  24   0.0963   0.1117   0.1649  -0.0214   0.0174  -0.0507  25.00    1.1 8516428

[TCP数据流] 2025/11/16 17:56:00 - 浮点解 (24颗卫星)
  ECEF: X=-1791533.7593 Y=5439863.4494 Z=2799121.8484
  LLH:  Lat=26.198506166° Lon=108.228488375° H=702.1850m
  原始数据:
2025/11/16 09:56:18.000   26.198506166  108.228488375   702.1850   2  24   0.0957   0.1107   0.1641  -0.0214   0.0172  -0.0506  26.00    1.5 8516428

[TCP数据流] 2025/11/16 17:56:01 - 固定解 (16颗卫星)
  ECEF: X=-1791534.2019 Y=5439863.7342 Z=2799122.9973
  LLH:  Lat=26.198513840° Lon=108.228491689° H=703.0592m
  原始数据:
2025/11/16 09:56:19.000   26.198513840  108.228491689   703.0592   1  16   0.0018   0.0017   0.0032  -0.0012   0.0007  -0.0010  27.00    5.0 8516428

[TCP数据流] 2025/11/16 17:56:02 - 固定解 (24颗卫星)
  ECEF: X=-1791534.2032 Y=5439863.7357 Z=2799122.9957
  LLH:  Lat=26.198513820° Lon=108.228491696° H=703.0601m
  原始数据:
2025/11/16 09:56:20.000   26.198513820  108.228491696   703.0601   1  24   0.0015   0.0017   0.0032  -0.0011   0.0006  -0.0009  28.00    4.8 8516428

[TCP数据流] 2025/11/16 17:56:04 - 固定解 (24颗卫星)
  ECEF: X=-1791534.2033 Y=5439863.7358 Z=2799122.9959
  LLH:  Lat=26.198513821° Lon=108.228491697° H=703.0603m
  原始数据:
2025/11/16 09:56:22.000   26.198513821  108.228491697   703.0603   1  24   0.0015   0.0017   0.0032  -0.0011   0.0006  -0.0009  30.00    4.7 8516428

[TCP数据流] 2025/11/16 18:01:27 - 固定解 (23颗卫星)
  ECEF: X=-1791534.2058 Y=5439863.7340 Z=2799122.9932
  LLH:  Lat=26.198513803° Lon=108.228491726° H=703.0583m
  原始数据:
2025/11/16 10:01:45.000   26.198513803  108.228491726   703.0583   1  23   0.0022   0.0025   0.0034  -0.0019   0.0011  -0.0009   1.00    5.7 8516428

[TCP数据流] 2025/11/16 18:01:28 - 固定解 (23颗卫星)
  ECEF: X=-1791534.2059 Y=5439863.7343 Z=2799122.9937
  LLH:  Lat=26.198513806° Lon=108.228491727° H=703.0588m
  原始数据:
2025/11/16 10:01:46.000   26.198513806  108.228491727   703.0588   1  23   0.0022   0.0024   0.0034  -0.0019   0.0011  -0.0008   2.00    6.5 8516428

[TCP数据流] 2025/11/16 18:01:29 - 固定解 (23颗卫星)
  ECEF: X=-1791534.1941 Y=5439863.7321 Z=2799122.9984
  LLH:  Lat=26.198513867° Lon=108.228491621° H=703.0557m
  原始数据:
2025/11/16 10:01:47.000   26.198513867  108.228491621   703.0557   1  23   0.0018   0.0018   0.0033  -0.0013   0.0006  -0.0005   3.00    6.1 8516428

[TCP数据流] 2025/11/16 18:01:30 - 固定解 (23颗卫星)
  ECEF: X=-1791534.1962 Y=5439863.7359 Z=2799122.9989
  LLH:  Lat=26.198513854° Lon=108.228491629° H=703.0597m
  原始数据:
2025/11/16 10:01:48.000   26.198513854  108.228491629   703.0597   1  23   0.0015   0.0015   0.0031  -0.0010   0.0009  -0.0010   4.00    3.5 8516428

[TCP数据流] 2025/11/16 18:01:31 - 固定解 (23颗卫星)
  ECEF: X=-1791534.1959 Y=5439863.7355 Z=2799122.9994
  LLH:  Lat=26.198513860° Lon=108.228491628° H=703.0595m
  原始数据:
2025/11/16 10:01:49.000   26.198513860  108.228491628   703.0595   1  23   0.0013   0.0014   0.0028  -0.0009   0.0009  -0.0013   5.00    3.7 8516428

[TCP数据流] 2025/11/16 18:01:32 - 浮点解 (16颗卫星)
  ECEF: X=-1791534.1960 Y=5439863.8113 Z=2799122.9047
  LLH:  Lat=26.198512806° Lon=108.228491392° H=703.0823m
  原始数据:
2025/11/16 10:01:50.000   26.198512806  108.228491392   703.0823   2  16   0.0264   0.0602   0.0372   0.0156   0.0162   0.0088   6.00    1.5 8516428

[TCP数据流] 2025/11/16 18:01:34 - 固定解 (24颗卫星)
  ECEF: X=-1791534.1953 Y=5439863.7371 Z=2799122.9997
  LLH:  Lat=26.198513857° Lon=108.228491617° H=703.0608m
  原始数据:
2025/11/16 10:01:52.000   26.198513857  108.228491617   703.0608   1  24   0.0012   0.0014   0.0026  -0.0009   0.0010  -0.0012   8.00    3.7 8516428

[TCP数据流] 2025/11/16 18:01:35 - 固定解 (24颗卫星)
  ECEF: X=-1791534.1949 Y=5439863.7372 Z=2799122.9997
  LLH:  Lat=26.198513857° Lon=108.228491613° H=703.0608m
  原始数据:
2025/11/16 10:01:53.000   26.198513857  108.228491613   703.0608   1  24   0.0012   0.0013   0.0026  -0.0009   0.0010  -0.0012   9.00    3.7 8516428

[TCP数据流] 2025/11/16 18:01:36 - 固定解 (23颗卫星)
  ECEF: X=-1791534.1945 Y=5439863.7357 Z=2799122.9994
  LLH:  Lat=26.198513861° Lon=108.228491614° H=703.0593m
  原始数据:
2025/11/16 10:01:54.000   26.198513861  108.228491614   703.0593   1  23   0.0012   0.0014   0.0028  -0.0009   0.0009  -0.0013  10.00    3.6 8516428

[TCP数据流] 2025/11/16 18:01:37 - 固定解 (24颗卫星)
  ECEF: X=-1791534.1942 Y=5439863.7371 Z=2799122.9998
  LLH:  Lat=26.198513859° Lon=108.228491607° H=703.0606m
  原始数据:
2025/11/16 10:01:55.000   26.198513859  108.228491607   703.0606   1  24   0.0012   0.0013   0.0026  -0.0009   0.0010  -0.0012  11.00    3.6 8516428

[TCP数据流] 2025/11/16 18:01:38 - 浮点解 (17颗卫星)
  ECEF: X=-1791534.2092 Y=5439863.8005 Z=2799122.8898
  LLH:  Lat=26.198512710° Lon=108.228491551° H=703.0703m
  原始数据:
2025/11/16 10:01:56.000   26.198512710  108.228491551   703.0703   2  17   0.0247   0.0576   0.0334   0.0146   0.0166   0.0087   0.00    1.3 8516428

[TCP数据流] 2025/11/16 18:01:39 - 固定解 (16颗卫星)
  ECEF: X=-1791534.2084 Y=5439863.7361 Z=2799122.9972
  LLH:  Lat=26.198513824° Lon=108.228491745° H=703.0626m
  原始数据:
2025/11/16 10:01:57.000   26.198513824  108.228491745   703.0626   1  16   0.0020   0.0022   0.0031  -0.0017   0.0010  -0.0008   1.00    7.0 8516428

[TCP数据流] 2025/11/16 18:01:40 - 浮点解 (23颗卫星)
  ECEF: X=-1791534.2216 Y=5439863.8042 Z=2799122.9068
  LLH:  Lat=26.198512818° Lon=108.228491657° H=703.0844m
  原始数据:
2025/11/16 10:01:58.000   26.198512818  108.228491657   703.0844   2  23   0.0233   0.0545   0.0318   0.0142   0.0151   0.0079   2.00    2.2 8516428

[TCP数据流] 2025/11/16 18:01:41 - 固定解 (16颗卫星)
  ECEF: X=-1791534.2083 Y=5439863.7360 Z=2799122.9975
  LLH:  Lat=26.198513827° Lon=108.228491744° H=703.0626m
  原始数据:
2025/11/16 10:01:59.000   26.198513827  108.228491744   703.0626   1  16   0.0020   0.0022   0.0031  -0.0017   0.0009  -0.0007   3.00    7.6 8516428

[TCP数据流] 2025/11/16 18:01:42 - 浮点解 (23颗卫星)
  ECEF: X=-1791534.2274 Y=5439863.8031 Z=2799122.9079
  LLH:  Lat=26.198512824° Lon=108.228491715° H=703.0856m
  原始数据:
2025/11/16 10:02:00.000   26.198512824  108.228491715   703.0856   2  23   0.0226   0.0528   0.0308   0.0140   0.0142   0.0074   4.00    2.1 8516428

[TCP数据流] 2025/11/16 18:01:43 - 浮点解 (23颗卫星)
  ECEF: X=-1791534.2318 Y=5439863.8025 Z=2799122.9067
  LLH:  Lat=26.198512811° Lon=108.228491759° H=703.0858m
  原始数据:
2025/11/16 10:02:01.000   26.198512811  108.228491759   703.0858   2  23   0.0222   0.0521   0.0302   0.0138   0.0141   0.0073   5.00    1.6 8516428

[TCP数据流] 2025/11/16 18:01:44 - 固定解 (16颗卫星)
  ECEF: X=-1791534.2033 Y=5439863.7348 Z=2799122.9987
  LLH:  Lat=26.198513848° Lon=108.228491700° H=703.0607m
  原始数据:
2025/11/16 10:02:02.000   26.198513848  108.228491700   703.0607   1  16   0.0016   0.0016   0.0028  -0.0012   0.0008  -0.0008   6.00   12.2 8516428

[TCP数据流] 2025/11/16 18:01:45 - 浮点解 (23颗卫星)
  ECEF: X=-1791534.2297 Y=5439863.7989 Z=2799122.8992
  LLH:  Lat=26.198512767° Lon=108.228491751° H=703.0788m
  原始数据:
2025/11/16 10:02:03.000   26.198512767  108.228491751   703.0788   2  23   0.0219   0.0513   0.0297   0.0137   0.0137   0.0071   7.00    2.8 8516428

[TCP数据流] 2025/11/16 18:01:46 - 浮点解 (24颗卫星)
  ECEF: X=-1791534.2296 Y=5439863.7968 Z=2799122.8942
  LLH:  Lat=26.198512734° Lon=108.228491756° H=703.0748m
  原始数据:
2025/11/16 10:02:04.000   26.198512734  108.228491756   703.0748   2  24   0.0217   0.0509   0.0294   0.0136   0.0136   0.0070   8.00    2.7 8516428

[TCP数据流] 2025/11/16 18:01:47 - 浮点解 (24颗卫星)
  ECEF: X=-1791534.2302 Y=5439863.7945 Z=2799122.8891
  LLH:  Lat=26.198512701° Lon=108.228491769° H=703.0707m
  原始数据:
2025/11/16 10:02:05.000   26.198512701  108.228491769   703.0707   2  24   0.0215   0.0506   0.0292   0.0135   0.0135   0.0070   9.00    2.8 8516428

[TCP数据流] 2025/11/16 18:01:48 - 固定解 (24颗卫星)
  ECEF: X=-1791534.2044 Y=5439863.7380 Z=2799123.0010
  LLH:  Lat=26.198513853° Lon=108.228491701° H=703.0648m
  原始数据:
2025/11/16 10:02:06.000   26.198513853  108.228491701   703.0648   1  24   0.0011   0.0013   0.0025  -0.0007   0.0007  -0.0011  10.00    5.1 8516428

[TCP数据流] 2025/11/16 18:01:49 - 固定解 (24颗卫星)
  ECEF: X=-1791534.2023 Y=5439863.7353 Z=2799123.0009
  LLH:  Lat=26.198513865° Lon=108.228491689° H=703.0618m
  原始数据:
2025/11/16 10:02:07.000   26.198513865  108.228491689   703.0618   1  24   0.0010   0.0012   0.0022  -0.0005  -0.0004  -0.0008  11.00    5.5 8516428

[TCP数据流] 2025/11/16 18:01:50 - 固定解 (24颗卫星)
  ECEF: X=-1791534.1943 Y=5439863.7317 Z=2799123.0048
  LLH:  Lat=26.198513920° Lon=108.228491625° H=703.0582m
  原始数据:
2025/11/16 10:02:08.000   26.198513920  108.228491625   703.0582   1  24   0.0008   0.0010   0.0021   0.0001  -0.0006  -0.0007  12.00    4.7 8516428

[TCP数据流] 2025/11/16 18:01:51 - 固定解 (24颗卫星)
  ECEF: X=-1791534.1944 Y=5439863.7317 Z=2799123.0049
  LLH:  Lat=26.198513921° Lon=108.228491625° H=703.0583m
  原始数据:
2025/11/16 10:02:09.000   26.198513921  108.228491625   703.0583   1  24   0.0008   0.0010   0.0021   0.0001  -0.0006  -0.0007  13.00    4.8 8516428

[TCP数据流] 2025/11/16 18:01:52 - 固定解 (24颗卫星)
  ECEF: X=-1791534.1945 Y=5439863.7317 Z=2799123.0052
  LLH:  Lat=26.198513923° Lon=108.228491626° H=703.0584m
  原始数据:
2025/11/16 10:02:10.000   26.198513923  108.228491626   703.0584   1  24   0.0008   0.0010   0.0021   0.0001  -0.0006  -0.0007  14.00    4.9 8516428

[TCP数据流] 2025/11/16 18:01:53 - 浮点解 (17颗卫星)
  ECEF: X=-1791534.2217 Y=5439863.7799 Z=2799122.8603
  LLH:  Lat=26.198512533° Lon=108.228491734° H=703.0432m
  原始数据:
2025/11/16 10:02:11.000   26.198512533  108.228491734   703.0432   2  17   0.0210   0.0494   0.0283   0.0131   0.0133   0.0068  15.00    2.8 8516428

[TCP数据流] 2025/11/16 18:01:54 - 浮点解 (24颗卫星)
  ECEF: X=-1791534.2196 Y=5439863.7773 Z=2799122.8553
  LLH:  Lat=26.198512505° Lon=108.228491722° H=703.0382m
  原始数据:
2025/11/16 10:02:12.000   26.198512505  108.228491722   703.0382   2  24   0.0210   0.0493   0.0283   0.0130   0.0133   0.0067  16.00    2.0 8516428

[TCP数据流] 2025/11/16 18:01:55 - 固定解 (24颗卫星)
  ECEF: X=-1791534.1953 Y=5439863.7328 Z=2799123.0057
  LLH:  Lat=26.198513922° Lon=108.228491631° H=703.0598m
  原始数据:
2025/11/16 10:02:13.000   26.198513922  108.228491631   703.0598   1  24   0.0009   0.0011   0.0024  -0.0004   0.0003  -0.0010  17.00    4.9 8516428

[TCP数据流] 2025/11/16 18:01:56 - 固定解 (24颗卫星)
  ECEF: X=-1791534.1954 Y=5439863.7329 Z=2799123.0058
  LLH:  Lat=26.198513922° Lon=108.228491631° H=703.0600m
  原始数据:
2025/11/16 10:02:14.000   26.198513922  108.228491631   703.0600   1  24   0.0009   0.0011   0.0024  -0.0004   0.0003  -0.0010  18.00    4.9 8516428

[TCP数据流] 2025/11/16 18:01:57 - 固定解 (24颗卫星)
  ECEF: X=-1791534.1955 Y=5439863.7329 Z=2799123.0059
  LLH:  Lat=26.198513923° Lon=108.228491632° H=703.0601m
  原始数据:
2025/11/16 10:02:15.000   26.198513923  108.228491632   703.0601   1  24   0.0009   0.0011   0.0024  -0.0004   0.0003  -0.0010  19.00    4.9 8516428

[TCP数据流] 2025/11/16 18:01:58 - 固定解 (24颗卫星)
  ECEF: X=-1791534.1955 Y=5439863.7330 Z=2799123.0061
  LLH:  Lat=26.198513924° Lon=108.228491632° H=703.0602m
  原始数据:
2025/11/16 10:02:16.000   26.198513924  108.228491632   703.0602   1  24   0.0009   0.0011   0.0024  -0.0004   0.0003  -0.0010  20.00    5.0 8516428

[TCP数据流] 2025/11/16 18:01:59 - 固定解 (24颗卫星)
  ECEF: X=-1791534.1955 Y=5439863.7330 Z=2799123.0062
  LLH:  Lat=26.198513925° Lon=108.228491632° H=703.0603m
  原始数据:
2025/11/16 10:02:17.000   26.198513925  108.228491632   703.0603   1  24   0.0009   0.0011   0.0024  -0.0004   0.0003  -0.0010  21.00    5.0 8516428

[TCP数据流] 2025/11/16 18:02:00 - 固定解 (24颗卫星)
  ECEF: X=-1791534.1956 Y=5439863.7330 Z=2799123.0064
  LLH:  Lat=26.198513926° Lon=108.228491633° H=703.0604m
  原始数据:
2025/11/16 10:02:18.000   26.198513926  108.228491633   703.0604   1  24   0.0009   0.0011   0.0024  -0.0004   0.0003  -0.0010  22.00    5.0 8516428

[TCP数据流] 2025/11/16 18:02:01 - 固定解 (17颗卫星)
  ECEF: X=-1791534.2053 Y=5439863.7369 Z=2799123.0016
  LLH:  Lat=26.198513861° Lon=108.228491713° H=703.0643m
  原始数据:
2025/11/16 10:02:19.000   26.198513861  108.228491713   703.0643   1  17   0.0015   0.0015   0.0026  -0.0011   0.0006  -0.0007  23.00    8.0 8516428

[TCP数据流] 2025/11/16 18:02:02 - 固定解 (24颗卫星)
  ECEF: X=-1791534.1958 Y=5439863.7331 Z=2799123.0065
  LLH:  Lat=26.198513927° Lon=108.228491634° H=703.0606m
  原始数据:
2025/11/16 10:02:20.000   26.198513927  108.228491634   703.0606   1  24   0.0009   0.0011   0.0024  -0.0004   0.0003  -0.0009  24.00    5.1 8516428

[TCP数据流] 2025/11/16 18:02:03 - 固定解 (24颗卫星)
  ECEF: X=-1791534.1958 Y=5439863.7332 Z=2799123.0066
  LLH:  Lat=26.198513927° Lon=108.228491634° H=703.0607m
  原始数据:
2025/11/16 10:02:21.000   26.198513927  108.228491634   703.0607   1  24   0.0009   0.0011   0.0023  -0.0004   0.0003  -0.0010  25.00    5.2 8516428

[TCP数据流] 2025/11/16 18:02:04 - 固定解 (24颗卫星)
  ECEF: X=-1791534.1958 Y=5439863.7332 Z=2799123.0067
  LLH:  Lat=26.198513928° Lon=108.228491634° H=703.0608m
  原始数据:
2025/11/16 10:02:22.000   26.198513928  108.228491634   703.0608   1  24   0.0009   0.0010   0.0023  -0.0004   0.0003  -0.0010  26.00    5.2 8516428

[TCP数据流] 2025/11/16 18:02:05 - 固定解 (24颗卫星)
  ECEF: X=-1791534.1958 Y=5439863.7333 Z=2799123.0069
  LLH:  Lat=26.198513929° Lon=108.228491634° H=703.0609m
  原始数据:
2025/11/16 10:02:23.000   26.198513929  108.228491634   703.0609   1  24   0.0009   0.0010   0.0023  -0.0004   0.0003  -0.0010  27.00    5.2 8516428

[TCP数据流] 2025/11/16 18:02:06 - 固定解 (24颗卫星)
  ECEF: X=-1791534.1958 Y=5439863.7333 Z=2799123.0069
  LLH:  Lat=26.198513929° Lon=108.228491634° H=703.0609m
  原始数据:
2025/11/16 10:02:24.000   26.198513929  108.228491634   703.0609   1  24   0.0009   0.0010   0.0023  -0.0004   0.0003  -0.0010  28.00    5.2 8516428

[TCP数据流] 2025/11/16 18:02:07 - 浮点解 (17颗卫星)
  ECEF: X=-1791534.1861 Y=5439863.7499 Z=2799122.8001
  LLH:  Lat=26.198512204° Lon=108.228491490° H=702.9811m
  原始数据:
2025/11/16 10:02:25.000   26.198512204  108.228491490   702.9811   2  17   0.0206   0.0478   0.0276   0.0126   0.0129   0.0065  29.00    2.7 8516428

[TCP数据流] 2025/11/16 18:02:08 - 浮点解 (24颗卫星)
  ECEF: X=-1791534.1837 Y=5439863.7481 Z=2799122.7964
  LLH:  Lat=26.198512184° Lon=108.228491472° H=702.9772m
  原始数据:
2025/11/16 10:02:26.000   26.198512184  108.228491472   702.9772   2  24   0.0206   0.0477   0.0276   0.0125   0.0128   0.0064  30.00    1.4 8516428

[TCP数据流] 2025/11/16 18:02:33 - 浮点解 (24颗卫星)
  ECEF: X=-1791534.1861 Y=5439863.7651 Z=2799122.8241
  LLH:  Lat=26.198512341° Lon=108.228491442° H=703.0046m
  原始数据:
2025/11/16 10:02:51.000   26.198512341  108.228491442   703.0046   2  24   0.0199   0.0466   0.0268   0.0123   0.0126   0.0064   0.00    2.6 8516428

[TCP数据流] 2025/11/16 18:02:34 - 固定解 (24颗卫星)
  ECEF: X=-1791534.1947 Y=5439863.7381 Z=2799123.0170
  LLH:  Lat=26.198513994° Lon=108.228491608° H=703.0692m
  原始数据:
2025/11/16 10:02:52.000   26.198513994  108.228491608   703.0692   1  24   0.0010   0.0012   0.0027  -0.0005   0.0003  -0.0010   0.00    3.5 8516428

[TCP数据流] 2025/11/16 18:02:35 - 固定解 (24颗卫星)
  ECEF: X=-1791534.1974 Y=5439863.7402 Z=2799123.0165
  LLH:  Lat=26.198513979° Lon=108.228491627° H=703.0715m
  原始数据:
2025/11/16 10:02:53.000   26.198513979  108.228491627   703.0715   1  24   0.0009   0.0010   0.0025   0.0002  -0.0005  -0.0009   0.00    4.1 8516428

[TCP数据流] 2025/11/16 18:02:36 - 固定解 (24颗卫星)
  ECEF: X=-1791534.1974 Y=5439863.7402 Z=2799123.0166
  LLH:  Lat=26.198513980° Lon=108.228491627° H=703.0715m
  原始数据:
2025/11/16 10:02:54.000   26.198513980  108.228491627   703.0715   1  24   0.0008   0.0010   0.0025   0.0002  -0.0005  -0.0008   0.00    4.8 8516428

[TCP数据流] 2025/11/16 18:02:37 - 固定解 (24颗卫星)
  ECEF: X=-1791534.1973 Y=5439863.7403 Z=2799123.0167
  LLH:  Lat=26.198513980° Lon=108.228491626° H=703.0716m
  原始数据:
2025/11/16 10:02:55.000   26.198513980  108.228491626   703.0716   1  24   0.0008   0.0010   0.0025   0.0002  -0.0004  -0.0008   0.00    5.1 8516428

[TCP数据流] 2025/11/16 18:02:38 - 固定解 (24颗卫星)
  ECEF: X=-1791534.1974 Y=5439863.7404 Z=2799123.0169
  LLH:  Lat=26.198513981° Lon=108.228491627° H=703.0718m
  原始数据:
2025/11/16 10:02:56.000   26.198513981  108.228491627   703.0718   1  24   0.0008   0.0010   0.0024   0.0002  -0.0004  -0.0008   1.00    4.9 8516428

[TCP数据流] 2025/11/16 18:02:39 - 固定解 (24颗卫星)
  ECEF: X=-1791534.1974 Y=5439863.7402 Z=2799123.0169
  LLH:  Lat=26.198513982° Lon=108.228491627° H=703.0717m
  原始数据:
2025/11/16 10:02:57.000   26.198513982  108.228491627   703.0717   1  24   0.0008   0.0010   0.0024   0.0002  -0.0004  -0.0008   1.00    4.7 8516428

[TCP数据流] 2025/11/16 18:02:40 - 固定解 (24颗卫星)
  ECEF: X=-1791534.1975 Y=5439863.7403 Z=2799123.0171
  LLH:  Lat=26.198513983° Lon=108.228491628° H=703.0719m
  原始数据:
2025/11/16 10:02:58.000   26.198513983  108.228491628   703.0719   1  24   0.0008   0.0010   0.0024   0.0002  -0.0004  -0.0008   2.00    4.5 8516428

========== RTKRCV 退出 ==========
时间: 2025-11-16T10:02:40.895Z
退出码: 0
信号: null
================================

