
========== RTKRCV 启动 ==========
时间: 2025-11-16T10:17:39.695Z
配置文件: 8516408.conf
进程 PID: 3582787
================================


[TCP数据流] 2025/11/16 18:21:21 - 浮点解 (17颗卫星)
  ECEF: X=-1430957.2508 Y=5572577.2205 Z=2748134.3525
  LLH:  Lat=25.681726626° Lon=104.401568460° H=1861.5359m
  原始数据:
2025/11/16 10:21:39.000   25.681726626  104.401568460  1861.5359   2  17   0.4539   0.4521   1.6697   0.1553  -0.3343  -0.5229   0.00    0.0 8516408

[TCP数据流] 2025/11/16 18:21:22 - 浮点解 (23颗卫星)
  ECEF: X=-1430957.2464 Y=5572577.3727 Z=2748134.3309
  LLH:  Lat=25.681725878° Lon=104.401568040° H=1861.6584m
  原始数据:
2025/11/16 10:21:40.000   25.681725878  104.401568040  1861.6584   2  23   0.3893   0.3915   1.4249   0.1317  -0.2892  -0.4430   1.00    0.0 8516408

[TCP数据流] 2025/11/16 18:21:23 - 浮点解 (23颗卫星)
  ECEF: X=-1430957.1513 Y=5572577.1225 Z=2748134.0929
  LLH:  Lat=25.681724983° Lon=104.401567743° H=1861.3156m
  原始数据:
2025/11/16 10:21:41.000   25.681724983  104.401567743  1861.3156   2  23   0.3455   0.3475   1.2498   0.1124  -0.2437  -0.3860   2.00    0.0 8516408

[TCP数据流] 2025/11/16 18:21:24 - 浮点解 (23颗卫星)
  ECEF: X=-1430957.1066 Y=5572576.7683 Z=2748133.8424
  LLH:  Lat=25.681724331° Lon=104.401568189° H=1860.8878m
  原始数据:
2025/11/16 10:21:42.000   25.681724331  104.401568189  1860.8878   2  23   0.3137   0.3158   1.1261   0.0992  -0.2142  -0.3455   3.00    0.0 8516408

[TCP数据流] 2025/11/16 18:21:25 - 浮点解 (23颗卫星)
  ECEF: X=-1430957.0054 Y=5572575.9856 Z=2748133.4796
  LLH:  Lat=25.681724443° Lon=104.401569151° H=1860.0247m
  原始数据:
2025/11/16 10:21:43.000   25.681724443  104.401569151  1860.0247   2  23   0.2892   0.2914   1.0313   0.0897  -0.1920  -0.3155   4.00    0.0 8516408

[TCP数据流] 2025/11/16 18:21:26 - 浮点解 (23颗卫星)
  ECEF: X=-1430956.8985 Y=5572575.5904 Z=2748133.3047
  LLH:  Lat=25.681724622° Lon=104.401569099° H=1859.5800m
  原始数据:
2025/11/16 10:21:44.000   25.681724622  104.401569099  1859.5800   2  23   0.2700   0.2731   0.9613   0.0841  -0.1823  -0.2937   5.00    0.0 8516408

[TCP数据流] 2025/11/16 18:21:27 - 浮点解 (23颗卫星)
  ECEF: X=-1430956.7389 Y=5572574.7391 Z=2748132.9590
  LLH:  Lat=25.681725190° Lon=104.401569668° H=1858.6513m
  原始数据:
2025/11/16 10:21:45.000   25.681725190  104.401569668  1858.6513   2  23   0.2540   0.2569   0.8994   0.0782  -0.1680  -0.2744   6.00    0.0 8516408

[TCP数据流] 2025/11/16 18:21:28 - 浮点解 (23颗卫星)
  ECEF: X=-1430956.6221 Y=5572574.3501 Z=2748132.7511
  LLH:  Lat=25.681725087° Lon=104.401569505° H=1858.1954m
  原始数据:
2025/11/16 10:21:46.000   25.681725087  104.401569505  1858.1954   2  23   0.2407   0.2440   0.8509   0.0743  -0.1609  -0.2596   7.00    0.0 8516408

[TCP数据流] 2025/11/16 18:21:29 - 浮点解 (23颗卫星)
  ECEF: X=-1430956.5502 Y=5572574.0165 Z=2748132.6051
  LLH:  Lat=25.681725233° Lon=104.401569638° H=1857.8249m
  原始数据:
2025/11/16 10:21:47.000   25.681725233  104.401569638  1857.8249   2  23   0.2293   0.2330   0.8092   0.0711  -0.1550  -0.2470   8.00    0.0 8516408

[TCP数据流] 2025/11/16 18:21:30 - 浮点解 (23颗卫星)
  ECEF: X=-1430956.4724 Y=5572573.6981 Z=2748132.4859
  LLH:  Lat=25.681725545° Lon=104.401569676° H=1857.4778m
  原始数据:
2025/11/16 10:21:48.000   25.681725545  104.401569676  1857.4778   2  23   0.2194   0.2234   0.7728   0.0684  -0.1495  -0.2361   9.00    0.0 8516408

[TCP数据流] 2025/11/16 18:21:31 - 浮点解 (23颗卫星)
  ECEF: X=-1430956.3646 Y=5572573.1698 Z=2748132.2646
  LLH:  Lat=25.681725852° Lon=104.401569945° H=1856.8966m
  原始数据:
2025/11/16 10:21:49.000   25.681725852  104.401569945  1856.8966   2  23   0.2105   0.2143   0.7384   0.0651  -0.1415  -0.2255  10.00    0.0 8516408

[TCP数据流] 2025/11/16 18:21:32 - 浮点解 (23颗卫星)
  ECEF: X=-1430956.2704 Y=5572572.8559 Z=2748132.1117
  LLH:  Lat=25.681725889° Lon=104.401569814° H=1856.5352m
  原始数据:
2025/11/16 10:21:50.000   25.681725889  104.401569814  1856.5352   2  23   0.2025   0.2061   0.7079   0.0621  -0.1342  -0.2161  11.00    0.0 8516408

[TCP数据流] 2025/11/16 18:21:33 - 浮点解 (23颗卫星)
  ECEF: X=-1430956.2172 Y=5572572.6890 Z=2748132.0205
  LLH:  Lat=25.681725831° Lon=104.401569714° H=1856.3381m
  原始数据:
2025/11/16 10:21:51.000   25.681725831  104.401569714  1856.3381   2  23   0.1955   0.1989   0.6810   0.0596  -0.1279  -0.2078  12.00    0.0 8516408

[TCP数据流] 2025/11/16 18:21:34 - 浮点解 (23颗卫星)
  ECEF: X=-1430956.2946 Y=5572573.1386 Z=2748132.2773
  LLH:  Lat=25.681726141° Lon=104.401569347° H=1856.8592m
  原始数据:
2025/11/16 10:21:52.000   25.681726141  104.401569347  1856.8592   2  23   0.1882   0.1925   0.6503   0.0570  -0.1225  -0.1975   0.00    0.0 8516408

[TCP数据流] 2025/11/16 18:21:35 - 浮点解 (23颗卫星)
  ECEF: X=-1430956.3387 Y=5572573.3764 Z=2748132.4134
  LLH:  Lat=25.681726304° Lon=104.401569183° H=1857.1356m
  原始数据:
2025/11/16 10:21:53.000   25.681726304  104.401569183  1857.1356   2  23   0.1818   0.1869   0.6242   0.0548  -0.1179  -0.1885   1.00    0.0 8516408

[TCP数据流] 2025/11/16 18:21:36 - 浮点解 (23颗卫星)
  ECEF: X=-1430956.3809 Y=5572573.6012 Z=2748132.5252
  LLH:  Lat=25.681726321° Lon=104.401569033° H=1857.3898m
  原始数据:
2025/11/16 10:21:54.000   25.681726321  104.401569033  1857.3898   2  23   0.1761   0.1817   0.6016   0.0530  -0.1139  -0.1810   2.00    0.0 8516408

[TCP数据流] 2025/11/16 18:21:37 - 浮点解 (23颗卫星)
  ECEF: X=-1430956.4092 Y=5572573.7724 Z=2748132.6170
  LLH:  Lat=25.681726392° Lon=104.401568882° H=1857.5853m
  原始数据:
2025/11/16 10:21:55.000   25.681726392  104.401568882  1857.5853   2  23   0.1710   0.1770   0.5818   0.0513  -0.1106  -0.1745   3.00    0.0 8516408

[TCP数据流] 2025/11/16 18:21:38 - 浮点解 (23颗卫星)
  ECEF: X=-1430956.3980 Y=5572573.8212 Z=2748132.6451
  LLH:  Lat=25.681726446° Lon=104.401568653° H=1857.6376m
  原始数据:
2025/11/16 10:21:56.000   25.681726446  104.401568653  1857.6376   2  23   0.1664   0.1726   0.5642   0.0499  -0.1077  -0.1689   4.00    0.0 8516408

[TCP数据流] 2025/11/16 18:21:39 - 浮点解 (23颗卫星)
  ECEF: X=-1430956.3707 Y=5572573.7722 Z=2748132.6183
  LLH:  Lat=25.681726440° Lon=104.401568511° H=1857.5771m
  原始数据:
2025/11/16 10:21:57.000   25.681726440  104.401568511  1857.5771   2  23   0.1622   0.1685   0.5485   0.0486  -0.1050  -0.1639   5.00    0.0 8516408

[TCP数据流] 2025/11/16 18:21:40 - 浮点解 (23颗卫星)
  ECEF: X=-1430956.3951 Y=5572573.8098 Z=2748132.6526
  LLH:  Lat=25.681726553° Lon=104.401568654° H=1857.6302m
  原始数据:
2025/11/16 10:21:58.000   25.681726553  104.401568654  1857.6302   2  23   0.1583   0.1647   0.5343   0.0474  -0.1027  -0.1595   6.00    0.0 8516408

[TCP数据流] 2025/11/16 18:21:41 - 浮点解 (23颗卫星)
  ECEF: X=-1430956.3871 Y=5572573.7961 Z=2748132.6704
  LLH:  Lat=25.681726757° Lon=104.401568610° H=1857.6242m
  原始数据:
2025/11/16 10:21:59.000   25.681726757  104.401568610  1857.6242   2  23   0.1547   0.1612   0.5214   0.0464  -0.1006  -0.1556   7.00    0.0 8516408

[TCP数据流] 2025/11/16 18:21:42 - 浮点解 (23颗卫星)
  ECEF: X=-1430956.3886 Y=5572573.7674 Z=2748132.6813
  LLH:  Lat=25.681726953° Lon=104.401568696° H=1857.6042m
  原始数据:
2025/11/16 10:22:00.000   25.681726953  104.401568696  1857.6042   2  23   0.1513   0.1578   0.5094   0.0454  -0.0986  -0.1520   8.00    0.0 8516408

[TCP数据流] 2025/11/16 18:21:43 - 浮点解 (23颗卫星)
  ECEF: X=-1430956.3797 Y=5572573.6919 Z=2748132.6564
  LLH:  Lat=25.681727046° Lon=104.401568797° H=1857.5255m
  原始数据:
2025/11/16 10:22:01.000   25.681727046  104.401568797  1857.5255   2  23   0.1482   0.1547   0.4984   0.0445  -0.0969  -0.1487   9.00    1.0 8516408

[TCP数据流] 2025/11/16 18:21:44 - 浮点解 (23颗卫星)
  ECEF: X=-1430956.3738 Y=5572573.6247 Z=2748132.6360
  LLH:  Lat=25.681727140° Lon=104.401568907° H=1857.4567m
  原始数据:
2025/11/16 10:22:02.000   25.681727140  104.401568907  1857.4567   2  23   0.1452   0.1517   0.4881   0.0437  -0.0951  -0.1456  10.00    1.1 8516408

[TCP数据流] 2025/11/16 18:21:45 - 浮点解 (23颗卫星)
  ECEF: X=-1430956.3612 Y=5572573.5539 Z=2748132.6074
  LLH:  Lat=25.681727188° Lon=104.401568960° H=1857.3797m
  原始数据:
2025/11/16 10:22:03.000   25.681727188  104.401568960  1857.3797   2  23   0.1425   0.1488   0.4779   0.0427  -0.0925  -0.1425  11.00    1.2 8516408

[TCP数据流] 2025/11/16 18:21:46 - 浮点解 (23颗卫星)
  ECEF: X=-1430956.3323 Y=5572573.5941 Z=2748132.6051
  LLH:  Lat=25.681727045° Lon=104.401568582° H=1857.4073m
  原始数据:
2025/11/16 10:22:04.000   25.681727045  104.401568582  1857.4073   2  23   0.1398   0.1459   0.4683   0.0417  -0.0900  -0.1396  12.00    1.0 8516408

[TCP数据流] 2025/11/16 18:21:47 - 浮点解 (23颗卫星)
  ECEF: X=-1430956.3026 Y=5572573.4695 Z=2748132.5541
  LLH:  Lat=25.681727131° Lon=104.401568604° H=1857.2698m
  原始数据:
2025/11/16 10:22:05.000   25.681727131  104.401568604  1857.2698   2  23   0.1374   0.1435   0.4599   0.0410  -0.0887  -0.1372  13.00    1.0 8516408

[TCP数据流] 2025/11/16 18:21:48 - 浮点解 (23颗卫星)
  ECEF: X=-1430956.2731 Y=5572573.3787 Z=2748132.5156
  LLH:  Lat=25.681727191° Lon=104.401568545° H=1857.1672m
  原始数据:
2025/11/16 10:22:06.000   25.681727191  104.401568545  1857.1672   2  23   0.1351   0.1411   0.4520   0.0404  -0.0874  -0.1349  14.00    1.0 8516408

[TCP数据流] 2025/11/16 18:21:49 - 浮点解 (24颗卫星)
  ECEF: X=-1430956.2391 Y=5572573.2767 Z=2748132.4626
  LLH:  Lat=25.681727179° Lon=104.401568469° H=1857.0476m
  原始数据:
2025/11/16 10:22:07.000   25.681727179  104.401568469  1857.0476   2  24   0.1329   0.1388   0.4444   0.0398  -0.0862  -0.1327  15.00    1.1 8516408

[TCP数据流] 2025/11/16 18:21:50 - 浮点解 (24颗卫星)
  ECEF: X=-1430956.1992 Y=5572573.1398 Z=2748132.3840
  LLH:  Lat=25.681727097° Lon=104.401568424° H=1856.8851m
  原始数据:
2025/11/16 10:22:08.000   25.681727097  104.401568424  1856.8851   2  24   0.1308   0.1367   0.4373   0.0392  -0.0851  -0.1306  16.00    1.0 8516408

[TCP数据流] 2025/11/16 18:21:51 - 浮点解 (24颗卫星)
  ECEF: X=-1430956.1654 Y=5572572.9955 Z=2748132.3167
  LLH:  Lat=25.681727129° Lon=104.401568455° H=1856.7224m
  原始数据:
2025/11/16 10:22:09.000   25.681727129  104.401568455  1856.7224   2  24   0.1288   0.1346   0.4305   0.0386  -0.0841  -0.1286  17.00    1.1 8516408

[TCP数据流] 2025/11/16 18:21:52 - 浮点解 (24颗卫星)
  ECEF: X=-1430956.1401 Y=5572572.8586 Z=2748132.2607
  LLH:  Lat=25.681727217° Lon=104.401568550° H=1856.5730m
  原始数据:
2025/11/16 10:22:10.000   25.681727217  104.401568550  1856.5730   2  24   0.1269   0.1327   0.4241   0.0381  -0.0831  -0.1267  18.00    1.0 8516408

[TCP数据流] 2025/11/16 18:21:53 - 浮点解 (24颗卫星)
  ECEF: X=-1430956.1085 Y=5572572.7193 Z=2748132.2043
  LLH:  Lat=25.681727317° Lon=104.401568590° H=1856.4198m
  原始数据:
2025/11/16 10:22:11.000   25.681727317  104.401568590  1856.4198   2  24   0.1251   0.1308   0.4179   0.0376  -0.0821  -0.1249  19.00    1.0 8516408

[TCP数据流] 2025/11/16 18:21:54 - 浮点解 (24颗卫星)
  ECEF: X=-1430956.0858 Y=5572572.6100 Z=2748132.1698
  LLH:  Lat=25.681727472° Lon=104.401568642° H=1856.3044m
  原始数据:
2025/11/16 10:22:12.000   25.681727472  104.401568642  1856.3044   2  24   0.1234   0.1290   0.4120   0.0371  -0.0811  -0.1232  20.00    1.0 8516408

[TCP数据流] 2025/11/16 18:21:55 - 浮点解 (24颗卫星)
  ECEF: X=-1430956.0610 Y=5572572.4886 Z=2748132.1312
  LLH:  Lat=25.681727642° Lon=104.401568704° H=1856.1761m
  原始数据:
2025/11/16 10:22:13.000   25.681727642  104.401568704  1856.1761   2  24   0.1217   0.1273   0.4063   0.0366  -0.0801  -0.1215  21.00    1.0 8516408

[TCP数据流] 2025/11/16 18:21:56 - 浮点解 (24颗卫星)
  ECEF: X=-1430956.0443 Y=5572572.3862 Z=2748132.1021
  LLH:  Lat=25.681727810° Lon=104.401568796° H=1856.0704m
  原始数据:
2025/11/16 10:22:14.000   25.681727810  104.401568796  1856.0704   2  24   0.1201   0.1256   0.4009   0.0362  -0.0792  -0.1200  22.00    1.0 8516408

[TCP数据流] 2025/11/16 18:21:57 - 浮点解 (24颗卫星)
  ECEF: X=-1430956.0244 Y=5572572.3000 Z=2748132.0493
  LLH:  Lat=25.681727726° Lon=104.401568818° H=1855.9678m
  原始数据:
2025/11/16 10:22:15.000   25.681727726  104.401568818  1855.9678   2  24   0.1186   0.1240   0.3957   0.0357  -0.0784  -0.1184  23.00    1.1 8516408

[TCP数据流] 2025/11/16 18:21:58 - 浮点解 (24颗卫星)
  ECEF: X=-1430955.9994 Y=5572572.2129 Z=2748132.0049
  LLH:  Lat=25.681727719° Lon=104.401568792° H=1855.8669m
  原始数据:
2025/11/16 10:22:16.000   25.681727719  104.401568792  1855.8669   2  24   0.1171   0.1225   0.3907   0.0353  -0.0775  -0.1170  24.00    1.0 8516408

[TCP数据流] 2025/11/16 18:21:59 - 浮点解 (24颗卫星)
  ECEF: X=-1430955.9740 Y=5572572.1480 Z=2748131.9704
  LLH:  Lat=25.681727709° Lon=104.401568708° H=1855.7896m
  原始数据:
2025/11/16 10:22:17.000   25.681727709  104.401568708  1855.7896   2  24   0.1156   0.1209   0.3856   0.0348  -0.0762  -0.1154  25.00    1.1 8516408

[TCP数据流] 2025/11/16 18:22:00 - 浮点解 (24颗卫星)
  ECEF: X=-1430955.9635 Y=5572572.0442 Z=2748131.9390
  LLH:  Lat=25.681727857° Lon=104.401568864° H=1855.6831m
  原始数据:
2025/11/16 10:22:18.000   25.681727857  104.401568864  1855.6831   2  24   0.1142   0.1194   0.3806   0.0342  -0.0749  -0.1140  26.00    1.1 8516408

[TCP数据流] 2025/11/16 18:22:01 - 浮点解 (24颗卫星)
  ECEF: X=-1430955.9542 Y=5572572.0049 Z=2748131.9323
  LLH:  Lat=25.681727961° Lon=104.401568871° H=1855.6438m
  原始数据:
2025/11/16 10:22:19.000   25.681727961  104.401568871  1855.6438   2  24   0.1129   0.1180   0.3761   0.0339  -0.0741  -0.1126  27.00    1.0 8516408

[TCP数据流] 2025/11/16 18:22:02 - 浮点解 (24颗卫星)
  ECEF: X=-1430955.9344 Y=5572571.9278 Z=2748131.8997
  LLH:  Lat=25.681728007° Lon=104.401568871° H=1855.5579m
  原始数据:
2025/11/16 10:22:20.000   25.681728007  104.401568871  1855.5579   2  24   0.1116   0.1167   0.3718   0.0335  -0.0734  -0.1114  28.00    1.0 8516408

[TCP数据流] 2025/11/16 18:22:03 - 浮点解 (24颗卫星)
  ECEF: X=-1430955.9083 Y=5572571.8260 Z=2748131.8567
  LLH:  Lat=25.681728068° Lon=104.401568872° H=1855.4445m
  原始数据:
2025/11/16 10:22:21.000   25.681728068  104.401568872  1855.4445   2  24   0.1104   0.1154   0.3676   0.0332  -0.0727  -0.1102  29.00    1.0 8516408

[TCP数据流] 2025/11/16 18:22:04 - 浮点解 (24颗卫星)
  ECEF: X=-1430955.8868 Y=5572571.7124 Z=2748131.8078
  LLH:  Lat=25.681728122° Lon=104.401568946° H=1855.3194m
  原始数据:
2025/11/16 10:22:22.000   25.681728122  104.401568946  1855.3194   2  24   0.1093   0.1142   0.3638   0.0329  -0.0719  -0.1089  30.00    1.1 8516408

[TCP数据流] 2025/11/16 18:22:25 - 浮点解 (23颗卫星)
  ECEF: X=-1430956.2029 Y=5572572.7756 Z=2748132.3850
  LLH:  Lat=25.681728481° Lon=104.401569361° H=1856.5684m
  原始数据:
2025/11/16 10:22:43.000   25.681728481  104.401569361  1856.5684   2  23   0.0930   0.1045   0.2437   0.0120  -0.0390  -0.0511   1.00    1.0 8516408

[TCP数据流] 2025/11/16 18:22:26 - 浮点解 (23颗卫星)
  ECEF: X=-1430956.2136 Y=5572572.8076 Z=2748132.4119
  LLH:  Lat=25.681728568° Lon=104.401569385° H=1856.6104m
  原始数据:
2025/11/16 10:22:44.000   25.681728568  104.401569385  1856.6104   2  23   0.0916   0.1034   0.2367   0.0099  -0.0372  -0.0478   2.00    1.4 8516408

[TCP数据流] 2025/11/16 18:22:27 - 浮点解 (24颗卫星)
  ECEF: X=-1430956.2225 Y=5572572.8312 Z=2748132.4155
  LLH:  Lat=25.681728499° Lon=104.401569413° H=1856.6346m
  原始数据:
2025/11/16 10:22:45.000   25.681728499  104.401569413  1856.6346   2  24   0.0905   0.1024   0.2312   0.0080  -0.0359  -0.0452   3.00    1.2 8516408

[TCP数据流] 2025/11/16 18:22:28 - 浮点解 (23颗卫星)
  ECEF: X=-1430956.2176 Y=5572572.8199 Z=2748132.4031
  LLH:  Lat=25.681728446° Lon=104.401569394° H=1856.6182m
  原始数据:
2025/11/16 10:22:46.000   25.681728446  104.401569394  1856.6182   2  23   0.0894   0.1014   0.2268   0.0065  -0.0349  -0.0433   4.00    1.1 8516408

[TCP数据流] 2025/11/16 18:22:30 - 浮点解 (24颗卫星)
  ECEF: X=-1430956.2063 Y=5572572.7778 Z=2748132.3739
  LLH:  Lat=25.681728379° Lon=104.401569389° H=1856.5663m
  原始数据:
2025/11/16 10:22:48.000   25.681728379  104.401569389  1856.5663   2  24   0.0885   0.1005   0.2235   0.0053  -0.0343  -0.0421   6.00    1.3 8516408

[TCP数据流] 2025/11/16 18:22:31 - 浮点解 (24颗卫星)
  ECEF: X=-1430956.1911 Y=5572572.7210 Z=2748132.3451
  LLH:  Lat=25.681728375° Lon=104.401569383° H=1856.5008m
  原始数据:
2025/11/16 10:22:49.000   25.681728375  104.401569383  1856.5008   2  24   0.0877   0.0996   0.2207   0.0044  -0.0337  -0.0412   7.00    1.0 8516408

[TCP数据流] 2025/11/16 18:22:32 - 浮点解 (24颗卫星)
  ECEF: X=-1430956.1831 Y=5572572.6648 Z=2748132.3107
  LLH:  Lat=25.681728316° Lon=104.401569445° H=1856.4351m
  原始数据:
2025/11/16 10:22:50.000   25.681728316  104.401569445  1856.4351   2  24   0.0869   0.0988   0.2183   0.0037  -0.0333  -0.0405   8.00    1.0 8516408

[TCP数据流] 2025/11/16 18:22:33 - 浮点解 (23颗卫星)
  ECEF: X=-1430956.1700 Y=5572572.6041 Z=2748132.2787
  LLH:  Lat=25.681728298° Lon=104.401569469° H=1856.3653m
  原始数据:
2025/11/16 10:22:51.000   25.681728298  104.401569469  1856.3653   2  23   0.0861   0.0980   0.2162   0.0032  -0.0330  -0.0400   9.00    1.0 8516408

[TCP数据流] 2025/11/16 18:22:34 - 浮点解 (24颗卫星)
  ECEF: X=-1430956.1583 Y=5572572.5377 Z=2748132.2537
  LLH:  Lat=25.681728358° Lon=104.401569520° H=1856.2939m
  原始数据:
2025/11/16 10:22:52.000   25.681728358  104.401569520  1856.2939   2  24   0.0854   0.0972   0.2143   0.0030  -0.0327  -0.0396  10.00    1.0 8516408

[TCP数据流] 2025/11/16 18:22:35 - 浮点解 (24颗卫星)
  ECEF: X=-1430956.1438 Y=5572572.4665 Z=2748132.2224
  LLH:  Lat=25.681728387° Lon=104.401569557° H=1856.2149m
  原始数据:
2025/11/16 10:22:53.000   25.681728387  104.401569557  1856.2149   2  24   0.0847   0.0964   0.2125   0.0031  -0.0325  -0.0393  11.00    1.2 8516408

[TCP数据流] 2025/11/16 18:22:36 - 浮点解 (24颗卫星)
  ECEF: X=-1430956.1277 Y=5572572.4022 Z=2748132.2029
  LLH:  Lat=25.681728488° Lon=104.401569561° H=1856.1467m
  原始数据:
2025/11/16 10:22:54.000   25.681728488  104.401569561  1856.1467   2  24   0.0841   0.0956   0.2109   0.0033  -0.0323  -0.0391  12.00    1.1 8516408

[TCP数据流] 2025/11/16 18:22:37 - 浮点解 (24颗卫星)
  ECEF: X=-1430956.1200 Y=5572572.3341 Z=2748132.1695
  LLH:  Lat=25.681728481° Lon=104.401569655° H=1856.0711m
  原始数据:
2025/11/16 10:22:55.000   25.681728481  104.401569655  1856.0711   2  24   0.0834   0.0949   0.2095   0.0035  -0.0322  -0.0389  13.00    1.0 8516408

[TCP数据流] 2025/11/16 18:22:38 - 浮点解 (18颗卫星)
  ECEF: X=-1430956.1043 Y=5572572.2502 Z=2748132.1247
  LLH:  Lat=25.681728450° Lon=104.401569712° H=1855.9749m
  原始数据:
2025/11/16 10:22:56.000   25.681728450  104.401569712  1855.9749   2  18   0.0830   0.0943   0.2084   0.0040  -0.0322  -0.0388  14.00    1.2 8516408

[TCP数据流] 2025/11/16 18:22:39 - 浮点解 (18颗卫星)
  ECEF: X=-1430956.0942 Y=5572572.1692 Z=2748132.0867
  LLH:  Lat=25.681728458° Lon=104.401569815° H=1855.8855m
  原始数据:
2025/11/16 10:22:57.000   25.681728458  104.401569815  1855.8855   2  18   0.0825   0.0937   0.2073   0.0046  -0.0323  -0.0388  15.00    1.0 8516408

[TCP数据流] 2025/11/16 18:22:40 - 浮点解 (24颗卫星)
  ECEF: X=-1430956.0874 Y=5572572.1004 Z=2748132.0608
  LLH:  Lat=25.681728514° Lon=104.401569920° H=1855.8127m
  原始数据:
2025/11/16 10:22:58.000   25.681728514  104.401569920  1855.8127   2  24   0.0819   0.0930   0.2061   0.0049  -0.0322  -0.0387  16.00    1.0 8516408

[TCP数据流] 2025/11/16 18:22:41 - 浮点解 (24颗卫星)
  ECEF: X=-1430956.0746 Y=5572572.0275 Z=2748132.0393
  LLH:  Lat=25.681728628° Lon=104.401569977° H=1855.7368m
  原始数据:
2025/11/16 10:22:59.000   25.681728628  104.401569977  1855.7368   2  24   0.0813   0.0924   0.2049   0.0052  -0.0321  -0.0387  17.00    1.1 8516408

[TCP数据流] 2025/11/16 18:22:42 - 浮点解 (24颗卫星)
  ECEF: X=-1430956.0649 Y=5572571.9514 Z=2748132.0102
  LLH:  Lat=25.681728689° Lon=104.401570072° H=1855.6556m
  原始数据:
2025/11/16 10:23:00.000   25.681728689  104.401570072  1855.6556   2  24   0.0808   0.0917   0.2038   0.0054  -0.0320  -0.0387  18.00    1.1 8516408

[TCP数据流] 2025/11/16 18:22:43 - 浮点解 (24颗卫星)
  ECEF: X=-1430956.0483 Y=5572571.8757 Z=2748131.9793
  LLH:  Lat=25.681728741° Lon=104.401570099° H=1855.5725m
  原始数据:
2025/11/16 10:23:01.000   25.681728741  104.401570099  1855.5725   2  24   0.0803   0.0911   0.2027   0.0057  -0.0319  -0.0387  19.00    1.0 8516408

[TCP数据流] 2025/11/16 18:22:44 - 浮点解 (24颗卫星)
  ECEF: X=-1430956.0357 Y=5572571.8038 Z=2748131.9535
  LLH:  Lat=25.681728816° Lon=104.401570156° H=1855.4957m
  原始数据:
2025/11/16 10:23:02.000   25.681728816  104.401570156  1855.4957   2  24   0.0797   0.0904   0.2017   0.0059  -0.0317  -0.0387  20.00    1.0 8516408

[TCP数据流] 2025/11/16 18:22:45 - 浮点解 (24颗卫星)
  ECEF: X=-1430956.0229 Y=5572571.7348 Z=2748131.9269
  LLH:  Lat=25.681728873° Lon=104.401570203° H=1855.4210m
  原始数据:
2025/11/16 10:23:03.000   25.681728873  104.401570203  1855.4210   2  24   0.0792   0.0898   0.2007   0.0062  -0.0316  -0.0387  21.00    1.1 8516408

[TCP数据流] 2025/11/16 18:22:46 - 浮点解 (24颗卫星)
  ECEF: X=-1430956.0060 Y=5572571.6609 Z=2748131.8995
  LLH:  Lat=25.681728947° Lon=104.401570223° H=1855.3409m
  原始数据:
2025/11/16 10:23:04.000   25.681728947  104.401570223  1855.3409   2  24   0.0787   0.0892   0.1997   0.0064  -0.0315  -0.0387  22.00    1.0 8516408

[TCP数据流] 2025/11/16 18:22:47 - 浮点解 (24颗卫星)
  ECEF: X=-1430955.9913 Y=5572571.5854 Z=2748131.8647
  LLH:  Lat=25.681728964° Lon=104.401570268° H=1855.2566m
  原始数据:
2025/11/16 10:23:05.000   25.681728964  104.401570268  1855.2566   2  24   0.0782   0.0886   0.1988   0.0066  -0.0315  -0.0387  23.00    1.1 8516408

[TCP数据流] 2025/11/16 18:22:48 - 浮点解 (24颗卫星)
  ECEF: X=-1430955.9716 Y=5572571.5045 Z=2748131.8291
  LLH:  Lat=25.681729000° Lon=104.401570279° H=1855.1662m
  原始数据:
2025/11/16 10:23:06.000   25.681729000  104.401570279  1855.1662   2  24   0.0778   0.0880   0.1979   0.0069  -0.0315  -0.0387  24.00    1.1 8516408

[TCP数据流] 2025/11/16 18:22:49 - 浮点解 (24颗卫星)
  ECEF: X=-1430955.9592 Y=5572571.4346 Z=2748131.8061
  LLH:  Lat=25.681729090° Lon=104.401570332° H=1855.0924m
  原始数据:
2025/11/16 10:23:07.000   25.681729090  104.401570332  1855.0924   2  24   0.0773   0.0874   0.1970   0.0071  -0.0314  -0.0388  25.00    1.0 8516408

[TCP数据流] 2025/11/16 18:22:50 - 浮点解 (24颗卫星)
  ECEF: X=-1430955.9527 Y=5572571.3663 Z=2748131.7845
  LLH:  Lat=25.681729179° Lon=104.401570439° H=1855.0220m
  原始数据:
2025/11/16 10:23:08.000   25.681729179  104.401570439  1855.0220   2  24   0.0769   0.0869   0.1962   0.0073  -0.0314  -0.0388  26.00    1.0 8516408

[TCP数据流] 2025/11/16 18:22:51 - 浮点解 (24颗卫星)
  ECEF: X=-1430955.9476 Y=5572571.2982 Z=2748131.7587
  LLH:  Lat=25.681729232° Lon=104.401570558° H=1854.9502m
  原始数据:
2025/11/16 10:23:09.000   25.681729232  104.401570558  1854.9502   2  24   0.0764   0.0863   0.1954   0.0075  -0.0313  -0.0388  27.00    1.0 8516408

[TCP数据流] 2025/11/16 18:22:52 - 浮点解 (24颗卫星)
  ECEF: X=-1430955.9406 Y=5572571.2313 Z=2748131.7371
  LLH:  Lat=25.681729317° Lon=104.401570656° H=1854.8809m
  原始数据:
2025/11/16 10:23:10.000   25.681729317  104.401570656  1854.8809   2  24   0.0760   0.0858   0.1946   0.0077  -0.0313  -0.0389  28.00    1.0 8516408

[TCP数据流] 2025/11/16 18:22:53 - 浮点解 (24颗卫星)
  ECEF: X=-1430955.9288 Y=5572571.1596 Z=2748131.7141
  LLH:  Lat=25.681729413° Lon=104.401570720° H=1854.8057m
  原始数据:
2025/11/16 10:23:11.000   25.681729413  104.401570720  1854.8057   2  24   0.0755   0.0853   0.1938   0.0079  -0.0312  -0.0389  29.00    1.0 8516408

[TCP数据流] 2025/11/16 18:22:54 - 浮点解 (24颗卫星)
  ECEF: X=-1430955.9230 Y=5572571.0855 Z=2748131.6867
  LLH:  Lat=25.681729476° Lon=104.401570848° H=1854.7278m
  原始数据:
2025/11/16 10:23:12.000   25.681729476  104.401570848  1854.7278   2  24   0.0751   0.0848   0.1930   0.0081  -0.0312  -0.0389  30.00    1.1 8516408

[TCP数据流] 2025/11/16 18:23:19 - 浮点解 (23颗卫星)
  ECEF: X=-1430955.9917 Y=5572571.3418 Z=2748131.8609
  LLH:  Lat=25.681729855° Lon=104.401570876° H=1855.0424m
  原始数据:
2025/11/16 10:23:37.000   25.681729855  104.401570876  1855.0424   2  23   0.0728   0.0838   0.1782  -0.0050  -0.0265  -0.0300   0.00    1.1 8516408

[TCP数据流] 2025/11/16 18:23:20 - 浮点解 (23颗卫星)
  ECEF: X=-1430956.0372 Y=5572571.5068 Z=2748131.9677
  LLH:  Lat=25.681730055° Lon=104.401570906° H=1855.2429m
  原始数据:
2025/11/16 10:23:38.000   25.681730055  104.401570906  1855.2429   2  23   0.0710   0.0830   0.1673  -0.0097  -0.0229  -0.0225   1.00    1.1 8516408

[TCP数据流] 2025/11/16 18:23:21 - 浮点解 (23颗卫星)
  ECEF: X=-1430956.0675 Y=5572571.6232 Z=2748132.0479
  LLH:  Lat=25.681730236° Lon=104.401570910° H=1855.3861m
  原始数据:
2025/11/16 10:23:39.000   25.681730236  104.401570910  1855.3861   2  23   0.0696   0.0823   0.1594  -0.0120  -0.0203  -0.0160   2.00    1.0 8516408

[TCP数据流] 2025/11/16 18:23:22 - 浮点解 (23颗卫星)
  ECEF: X=-1430956.0888 Y=5572571.6781 Z=2748132.0957
  LLH:  Lat=25.681730396° Lon=104.401570979° H=1855.4595m
  原始数据:
2025/11/16 10:23:40.000   25.681730396  104.401570979  1855.4595   2  23   0.0685   0.0816   0.1535  -0.0135  -0.0184  -0.0099   3.00    1.1 8516408

[TCP数据流] 2025/11/16 18:23:23 - 浮点解 (23颗卫星)
  ECEF: X=-1430956.1106 Y=5572571.7337 Z=2748132.1351
  LLH:  Lat=25.681730485° Lon=104.401571052° H=1855.5300m
  原始数据:
2025/11/16 10:23:41.000   25.681730485  104.401571052  1855.5300   2  23   0.0675   0.0810   0.1492  -0.0144  -0.0171   0.0024   4.00    1.0 8516408

[TCP数据流] 2025/11/16 18:23:24 - 浮点解 (23颗卫星)
  ECEF: X=-1430956.1222 Y=5572571.7597 Z=2748132.1548
  LLH:  Lat=25.681730536° Lon=104.401571099° H=1855.5638m
  原始数据:
2025/11/16 10:23:42.000   25.681730536  104.401571099  1855.5638   2  23   0.0668   0.0804   0.1458  -0.0151  -0.0161   0.0086   5.00    1.2 8516408

[TCP数据流] 2025/11/16 18:23:25 - 浮点解 (24颗卫星)
  ECEF: X=-1430956.1328 Y=5572571.7781 Z=2748132.1653
  LLH:  Lat=25.681730541° Lon=104.401571156° H=1855.5868m
  原始数据:
2025/11/16 10:23:43.000   25.681730541  104.401571156  1855.5868   2  24   0.0661   0.0798   0.1432  -0.0155  -0.0154   0.0109   6.00    1.2 8516408

[TCP数据流] 2025/11/16 18:23:26 - 浮点解 (24颗卫星)
  ECEF: X=-1430956.1385 Y=5572571.7925 Z=2748132.1766
  LLH:  Lat=25.681730573° Lon=104.401571175° H=1855.6056m
  原始数据:
2025/11/16 10:23:44.000   25.681730573  104.401571175  1855.6056   2  24   0.0656   0.0793   0.1411  -0.0158  -0.0148   0.0123   7.00    1.2 8516408

[TCP数据流] 2025/11/16 18:23:27 - 浮点解 (24颗卫星)
  ECEF: X=-1430956.1407 Y=5572571.8026 Z=2748132.1811
  LLH:  Lat=25.681730569° Lon=104.401571171° H=1855.6168m
  原始数据:
2025/11/16 10:23:45.000   25.681730569  104.401571171  1855.6168   2  24   0.0651   0.0788   0.1394  -0.0160  -0.0144   0.0132   8.00    1.1 8516408

[TCP数据流] 2025/11/16 18:23:28 - 浮点解 (24颗卫星)
  ECEF: X=-1430956.1398 Y=5572571.8020 Z=2748132.1760
  LLH:  Lat=25.681730531° Lon=104.401571164° H=1855.6139m
  原始数据:
2025/11/16 10:23:46.000   25.681730531  104.401571164  1855.6139   2  24   0.0646   0.0784   0.1380  -0.0162  -0.0141   0.0137   9.00    1.3 8516408

[TCP数据流] 2025/11/16 18:23:29 - 浮点解 (24颗卫星)
  ECEF: X=-1430956.2661 Y=5572571.8514 Z=2748132.2988
  LLH:  Lat=25.681731219° Lon=104.401572260° H=1855.7385m
  原始数据:
2025/11/16 10:23:47.000   25.681731219  104.401572260  1855.7385   2  24   0.0642   0.0779   0.1367  -0.0163  -0.0140   0.0140  10.00    1.2 8516408

[TCP数据流] 2025/11/16 18:23:30 - 浮点解 (24颗卫星)
  ECEF: X=-1430956.2662 Y=5572571.8489 Z=2748132.2937
  LLH:  Lat=25.681731187° Lon=104.401572267° H=1855.7341m
  原始数据:
2025/11/16 10:23:48.000   25.681731187  104.401572267  1855.7341   2  24   0.0638   0.0775   0.1357  -0.0163  -0.0138   0.0142  11.00    1.3 8516408

[TCP数据流] 2025/11/16 18:23:31 - 浮点解 (24颗卫星)
  ECEF: X=-1430956.2657 Y=5572571.8442 Z=2748132.2874
  LLH:  Lat=25.681731154° Lon=104.401572274° H=1855.7272m
  原始数据:
2025/11/16 10:23:49.000   25.681731154  104.401572274  1855.7272   2  24   0.0634   0.0771   0.1347  -0.0163  -0.0136   0.0143  12.00    1.1 8516408

[TCP数据流] 2025/11/16 18:23:32 - 浮点解 (24颗卫星)
  ECEF: X=-1430956.2642 Y=5572571.8387 Z=2748132.2773
  LLH:  Lat=25.681731094° Lon=104.401572273° H=1855.7177m
  原始数据:
2025/11/16 10:23:50.000   25.681731094  104.401572273  1855.7177   2  24   0.0631   0.0767   0.1339  -0.0163  -0.0136   0.0144  13.00    1.0 8516408

[TCP数据流] 2025/11/16 18:23:33 - 浮点解 (24颗卫星)
  ECEF: X=-1430956.2616 Y=5572571.8299 Z=2748132.2655
  LLH:  Lat=25.681731034° Lon=104.401572270° H=1855.7043m
  原始数据:
2025/11/16 10:23:51.000   25.681731034  104.401572270  1855.7043   2  24   0.0628   0.0763   0.1331  -0.0162  -0.0135   0.0143  14.00    1.1 8516408

[TCP数据流] 2025/11/16 18:23:34 - 浮点解 (24颗卫星)
  ECEF: X=-1430956.2576 Y=5572571.8230 Z=2748132.2554
  LLH:  Lat=25.681730982° Lon=104.401572248° H=1855.6930m
  原始数据:
2025/11/16 10:23:52.000   25.681730982  104.401572248  1855.6930   2  24   0.0624   0.0759   0.1324  -0.0161  -0.0134   0.0142  15.00    1.0 8516408

[TCP数据流] 2025/11/16 18:23:35 - 浮点解 (24颗卫星)
  ECEF: X=-1430956.2563 Y=5572571.8154 Z=2748132.2412
  LLH:  Lat=25.681730897° Lon=104.401572255° H=1855.6799m
  原始数据:
2025/11/16 10:23:53.000   25.681730897  104.401572255  1855.6799   2  24   0.0621   0.0755   0.1318  -0.0160  -0.0134   0.0141  16.00    1.0 8516408

[TCP数据流] 2025/11/16 18:23:36 - 浮点解 (24颗卫星)
  ECEF: X=-1430956.2549 Y=5572571.8099 Z=2748132.2309
  LLH:  Lat=25.681730835° Lon=104.401572255° H=1855.6704m
  原始数据:
2025/11/16 10:23:54.000   25.681730835  104.401572255  1855.6704   2  24   0.0618   0.0751   0.1312  -0.0160  -0.0134   0.0140  17.00    1.1 8516408

[TCP数据流] 2025/11/16 18:23:37 - 浮点解 (24颗卫星)
  ECEF: X=-1430956.2537 Y=5572571.8032 Z=2748132.2194
  LLH:  Lat=25.681730768° Lon=104.401572260° H=1855.6593m
  原始数据:
2025/11/16 10:23:55.000   25.681730768  104.401572260  1855.6593   2  24   0.0615   0.0747   0.1306  -0.0159  -0.0133   0.0138  18.00    1.1 8516408

[TCP数据流] 2025/11/16 18:23:38 - 浮点解 (24颗卫星)
  ECEF: X=-1430956.2501 Y=5572571.7950 Z=2748132.2079
  LLH:  Lat=25.681730709° Lon=104.401572245° H=1855.6463m
  原始数据:
2025/11/16 10:23:56.000   25.681730709  104.401572245  1855.6463   2  24   0.0613   0.0744   0.1301  -0.0157  -0.0133   0.0136  19.00    1.1 8516408

[TCP数据流] 2025/11/16 18:23:39 - 浮点解 (24颗卫星)
  ECEF: X=-1430956.2488 Y=5572571.7836 Z=2748132.1925
  LLH:  Lat=25.681730628° Lon=104.401572261° H=1855.6294m
  原始数据:
2025/11/16 10:23:57.000   25.681730628  104.401572261  1855.6294   2  24   0.0610   0.0740   0.1297  -0.0156  -0.0133   0.0134  20.00    1.2 8516408

[TCP数据流] 2025/11/16 18:23:40 - 浮点解 (24颗卫星)
  ECEF: X=-1430956.2451 Y=5572571.7710 Z=2748132.1771
  LLH:  Lat=25.681730555° Lon=104.401572257° H=1855.6109m
  原始数据:
2025/11/16 10:23:58.000   25.681730555  104.401572257  1855.6109   2  24   0.0607   0.0737   0.1292  -0.0155  -0.0134   0.0132  21.00    1.0 8516408

[TCP数据流] 2025/11/16 18:23:41 - 浮点解 (24颗卫星)
  ECEF: X=-1430956.2398 Y=5572571.7595 Z=2748132.1649
  LLH:  Lat=25.681730504° Lon=104.401572234° H=1855.5944m
  原始数据:
2025/11/16 10:23:59.000   25.681730504  104.401572234  1855.5944   2  24   0.0605   0.0733   0.1288  -0.0154  -0.0134   0.0129  22.00    1.1 8516408

[TCP数据流] 2025/11/16 18:23:42 - 浮点解 (24颗卫星)
  ECEF: X=-1430956.2345 Y=5572571.7518 Z=2748132.1610
  LLH:  Lat=25.681730507° Lon=104.401572202° H=1855.5848m
  原始数据:
2025/11/16 10:24:00.000   25.681730507  104.401572202  1855.5848   2  24   0.0602   0.0730   0.1283  -0.0153  -0.0134   0.0126  23.00    1.2 8516408

[TCP数据流] 2025/11/16 18:23:43 - 浮点解 (24颗卫星)
  ECEF: X=-1430956.2326 Y=5572571.7399 Z=2748132.1472
  LLH:  Lat=25.681730441° Lon=104.401572213° H=1855.5680m
  原始数据:
2025/11/16 10:24:01.000   25.681730441  104.401572213  1855.5680   2  24   0.0600   0.0726   0.1279  -0.0151  -0.0134   0.0124  24.00    1.1 8516408

[TCP数据流] 2025/11/16 18:23:44 - 浮点解 (25颗卫星)
  ECEF: X=-1430956.2732 Y=5572571.8422 Z=2748132.2239
  LLH:  Lat=25.681730638° Lon=104.401572351° H=1855.6996m
  原始数据:
2025/11/16 10:24:02.000   25.681730638  104.401572351  1855.6996   2  25   0.0590   0.0721   0.1229  -0.0163  -0.0117   0.0160   0.00    1.1 8516408

[TCP数据流] 2025/11/16 18:23:45 - 浮点解 (25颗卫星)
  ECEF: X=-1430956.3075 Y=5572571.9172 Z=2748132.2929
  LLH:  Lat=25.681730882° Lon=104.401572496° H=1855.8027m
  原始数据:
2025/11/16 10:24:03.000   25.681730882  104.401572496  1855.8027   2  25   0.0581   0.0716   0.1186  -0.0172  -0.0102   0.0183   0.00    1.0 8516408

[TCP数据流] 2025/11/16 18:23:46 - 浮点解 (25颗卫星)
  ECEF: X=-1430956.3382 Y=5572571.9791 Z=2748132.3497
  LLH:  Lat=25.681731080° Lon=104.401572639° H=1855.8882m
  原始数据:
2025/11/16 10:24:04.000   25.681731080  104.401572639  1855.8882   2  25   0.0573   0.0711   0.1149  -0.0179  -0.0089   0.0199   1.00    1.0 8516408

[TCP数据流] 2025/11/16 18:23:47 - 浮点解 (25颗卫星)
  ECEF: X=-1430956.3637 Y=5572572.0273 Z=2748132.3994
  LLH:  Lat=25.681731276° Lon=104.401572766° H=1855.9575m
  原始数据:
2025/11/16 10:24:05.000   25.681731276  104.401572766  1855.9575   2  25   0.0566   0.0706   0.1117  -0.0185  -0.0078   0.0210   1.00    1.2 8516408

[TCP数据流] 2025/11/16 18:23:48 - 浮点解 (25颗卫星)
  ECEF: X=-1430956.3885 Y=5572572.0640 Z=2748132.4340
  LLH:  Lat=25.681731395° Lon=104.401572914° H=1856.0101m
  原始数据:
2025/11/16 10:24:06.000   25.681731395  104.401572914  1856.0101   2  25   0.0560   0.0702   0.1091  -0.0190  -0.0069   0.0217   2.00    1.1 8516408

[TCP数据流] 2025/11/16 18:23:49 - 浮点解 (25颗卫星)
  ECEF: X=-1430956.4101 Y=5572572.0882 Z=2748132.4622
  LLH:  Lat=25.681731511° Lon=104.401573063° H=1856.0483m
  原始数据:
2025/11/16 10:24:07.000   25.681731511  104.401573063  1856.0483   2  25   0.0554   0.0697   0.1070  -0.0193  -0.0062   0.0222   3.00    1.0 8516408

[TCP数据流] 2025/11/16 18:23:50 - 浮点解 (25颗卫星)
  ECEF: X=-1430956.4214 Y=5572572.0972 Z=2748132.4738
  LLH:  Lat=25.681731561° Lon=104.401573149° H=1856.0637m
  原始数据:
2025/11/16 10:24:08.000   25.681731561  104.401573149  1856.0637   2  25   0.0550   0.0694   0.1053  -0.0196  -0.0057   0.0225   4.00    1.1 8516408

[TCP数据流] 2025/11/16 18:23:51 - 浮点解 (25颗卫星)
  ECEF: X=-1430956.4320 Y=5572572.1066 Z=2748132.4806
  LLH:  Lat=25.681731570° Lon=104.401573228° H=1856.0773m
  原始数据:
2025/11/16 10:24:09.000   25.681731570  104.401573228  1856.0773   2  25   0.0546   0.0690   0.1040  -0.0197  -0.0054   0.0226   5.00    1.1 8516408

[TCP数据流] 2025/11/16 18:23:52 - 浮点解 (25颗卫星)
  ECEF: X=-1430956.4411 Y=5572572.1106 Z=2748132.4816
  LLH:  Lat=25.681731554° Lon=104.401573306° H=1856.0832m
  原始数据:
2025/11/16 10:24:10.000   25.681731554  104.401573306  1856.0832   2  25   0.0542   0.0686   0.1029  -0.0198  -0.0053   0.0227   6.00    1.1 8516408

[TCP数据流] 2025/11/16 18:23:53 - 浮点解 (25颗卫星)
  ECEF: X=-1430956.4496 Y=5572572.1090 Z=2748132.4776
  LLH:  Lat=25.681731519° Lon=104.401573392° H=1856.0820m
  原始数据:
2025/11/16 10:24:11.000   25.681731519  104.401573392  1856.0820   2  25   0.0539   0.0683   0.1020  -0.0198  -0.0052   0.0227   7.00    1.0 8516408

[TCP数据流] 2025/11/16 18:23:54 - 浮点解 (25颗卫星)
  ECEF: X=-1430956.4538 Y=5572572.1130 Z=2748132.4789
  LLH:  Lat=25.681731511° Lon=104.401573423° H=1856.0870m
  原始数据:
2025/11/16 10:24:12.000   25.681731511  104.401573423  1856.0870   2  25   0.0536   0.0680   0.1013  -0.0198  -0.0052   0.0227   8.00    1.1 8516408

[TCP数据流] 2025/11/16 18:23:55 - 浮点解 (25颗卫星)
  ECEF: X=-1430956.4569 Y=5572572.1115 Z=2748132.4781
  LLH:  Lat=25.681731507° Lon=104.401573456° H=1856.0860m
  原始数据:
2025/11/16 10:24:13.000   25.681731507  104.401573456  1856.0860   2  25   0.0534   0.0677   0.1006  -0.0198  -0.0052   0.0226   9.00    1.2 8516408

[TCP数据流] 2025/11/16 18:23:56 - 浮点解 (25颗卫星)
  ECEF: X=-1430956.4600 Y=5572572.1087 Z=2748132.4734
  LLH:  Lat=25.681731476° Lon=104.401573493° H=1856.0822m
  原始数据:
2025/11/16 10:24:14.000   25.681731476  104.401573493  1856.0822   2  25   0.0531   0.0674   0.1001  -0.0198  -0.0053   0.0225  10.00    1.0 8516408

[TCP数据流] 2025/11/16 18:23:57 - 浮点解 (25颗卫星)
  ECEF: X=-1430956.4596 Y=5572572.1011 Z=2748132.4661
  LLH:  Lat=25.681731446° Lon=104.401573508° H=1856.0724m
  原始数据:
2025/11/16 10:24:15.000   25.681731446  104.401573508  1856.0724   2  25   0.0529   0.0671   0.0996  -0.0197  -0.0053   0.0224  11.00    1.0 8516408

[TCP数据流] 2025/11/16 18:23:58 - 浮点解 (25颗卫星)
  ECEF: X=-1430956.4597 Y=5572572.0934 Z=2748132.4575
  LLH:  Lat=25.681731405° Lon=104.401573528° H=1856.0619m
  原始数据:
2025/11/16 10:24:16.000   25.681731405  104.401573528  1856.0619   2  25   0.0527   0.0668   0.0992  -0.0196  -0.0053   0.0223  12.00    1.0 8516408

[TCP数据流] 2025/11/16 18:23:59 - 浮点解 (25颗卫星)
  ECEF: X=-1430956.4602 Y=5572572.0852 Z=2748132.4519
  LLH:  Lat=25.681731390° Lon=104.401573553° H=1856.0525m
  原始数据:
2025/11/16 10:24:17.000   25.681731390  104.401573553  1856.0525   2  25   0.0524   0.0665   0.0988  -0.0196  -0.0053   0.0222  13.00    1.2 8516408

[TCP数据流] 2025/11/16 18:24:00 - 浮点解 (25颗卫星)
  ECEF: X=-1430956.4593 Y=5572572.0768 Z=2748132.4444
  LLH:  Lat=25.681731362° Lon=104.401573565° H=1856.0417m
  原始数据:
2025/11/16 10:24:18.000   25.681731362  104.401573565  1856.0417   2  25   0.0522   0.0663   0.0984  -0.0195  -0.0054   0.0221  14.00    1.1 8516408

[TCP数据流] 2025/11/16 18:24:01 - 浮点解 (25颗卫星)
  ECEF: X=-1430956.4571 Y=5572572.0674 Z=2748132.4340
  LLH:  Lat=25.681731315° Lon=104.401573567° H=1856.0285m
  原始数据:
2025/11/16 10:24:19.000   25.681731315  104.401573567  1856.0285   2  25   0.0521   0.0660   0.0981  -0.0194  -0.0055   0.0219  15.00    1.0 8516408

[TCP数据流] 2025/11/16 18:24:02 - 浮点解 (25颗卫星)
  ECEF: X=-1430956.4537 Y=5572572.0575 Z=2748132.4201
  LLH:  Lat=25.681731243° Lon=104.401573559° H=1856.0130m
  原始数据:
2025/11/16 10:24:20.000   25.681731243  104.401573559  1856.0130   2  25   0.0519   0.0658   0.0978  -0.0193  -0.0055   0.0218  16.00    1.0 8516408

[TCP数据流] 2025/11/16 18:24:03 - 浮点解 (25颗卫星)
  ECEF: X=-1430956.4498 Y=5572572.0475 Z=2748132.4059
  LLH:  Lat=25.681731169° Lon=104.401573546° H=1855.9973m
  原始数据:
2025/11/16 10:24:21.000   25.681731169  104.401573546  1855.9973   2  25   0.0517   0.0655   0.0975  -0.0192  -0.0056   0.0217  17.00    1.0 8516408

[TCP数据流] 2025/11/16 18:24:04 - 浮点解 (25颗卫星)
  ECEF: X=-1430956.4440 Y=5572572.0378 Z=2748132.3950
  LLH:  Lat=25.681731123° Lon=104.401573514° H=1855.9828m
  原始数据:
2025/11/16 10:24:22.000   25.681731123  104.401573514  1855.9828   2  25   0.0515   0.0652   0.0973  -0.0191  -0.0057   0.0215  18.00    1.1 8516408

[TCP数据流] 2025/11/16 18:24:05 - 浮点解 (18颗卫星)
  ECEF: X=-1430956.4403 Y=5572572.0356 Z=2748132.3906
  LLH:  Lat=25.681731099° Lon=104.401573484° H=1855.9781m
  原始数据:
2025/11/16 10:24:23.000   25.681731099  104.401573484  1855.9781   2  18   0.0514   0.0651   0.0972  -0.0190  -0.0058   0.0214  19.00    1.4 8516408

[TCP数据流] 2025/11/16 18:24:06 - 浮点解 (25颗卫星)
  ECEF: X=-1430956.4358 Y=5572572.0252 Z=2748132.3769
  LLH:  Lat=25.681731031° Lon=104.401573466° H=1855.9621m
  原始数据:
2025/11/16 10:24:24.000   25.681731031  104.401573466  1855.9621   2  25   0.0512   0.0648   0.0970  -0.0189  -0.0059   0.0212  20.00    1.3 8516408

[TCP数据流] 2025/11/16 18:24:07 - 浮点解 (25颗卫星)
  ECEF: X=-1430956.4301 Y=5572572.0159 Z=2748132.3655
  LLH:  Lat=25.681730979° Lon=104.401573434° H=1855.9478m
  原始数据:
2025/11/16 10:24:25.000   25.681730979  104.401573434  1855.9478   2  25   0.0511   0.0646   0.0967  -0.0188  -0.0060   0.0211  21.00    1.1 8516408

[TCP数据流] 2025/11/16 18:24:08 - 浮点解 (25颗卫星)
  ECEF: X=-1430956.4240 Y=5572572.0067 Z=2748132.3570
  LLH:  Lat=25.681730951° Lon=104.401573399° H=1855.9347m
  原始数据:
2025/11/16 10:24:26.000   25.681730951  104.401573399  1855.9347   2  25   0.0509   0.0643   0.0965  -0.0187  -0.0060   0.0210  22.00    1.1 8516408

[TCP数据流] 2025/11/16 18:24:09 - 浮点解 (25颗卫星)
  ECEF: X=-1430956.4197 Y=5572571.9967 Z=2748132.3472
  LLH:  Lat=25.681730913° Lon=104.401573382° H=1855.9207m
  原始数据:
2025/11/16 10:24:27.000   25.681730913  104.401573382  1855.9207   2  25   0.0507   0.0641   0.0963  -0.0186  -0.0061   0.0208  23.00    1.0 8516408

[TCP数据流] 2025/11/16 18:24:10 - 浮点解 (25颗卫星)
  ECEF: X=-1430956.4151 Y=5572571.9855 Z=2748132.3343
  LLH:  Lat=25.681730855° Lon=104.401573365° H=1855.9043m
  原始数据:
2025/11/16 10:24:28.000   25.681730855  104.401573365  1855.9043   2  25   0.0506   0.0639   0.0961  -0.0185  -0.0062   0.0207  24.00    1.2 8516408

[TCP数据流] 2025/11/16 18:24:11 - 浮点解 (25颗卫星)
  ECEF: X=-1430956.4100 Y=5572571.9765 Z=2748132.3257
  LLH:  Lat=25.681730824° Lon=104.401573338° H=1855.8916m
  原始数据:
2025/11/16 10:24:29.000   25.681730824  104.401573338  1855.8916   2  25   0.0504   0.0636   0.0960  -0.0184  -0.0063   0.0205  25.00    1.3 8516408

[TCP数据流] 2025/11/16 18:24:12 - 浮点解 (25颗卫星)
  ECEF: X=-1430956.4103 Y=5572571.9675 Z=2748132.3140
  LLH:  Lat=25.681730763° Lon=104.401573363° H=1855.8788m
  原始数据:
2025/11/16 10:24:30.000   25.681730763  104.401573363  1855.8788   2  25   0.0503   0.0634   0.0958  -0.0183  -0.0064   0.0204  26.00    1.0 8516408

[TCP数据流] 2025/11/16 18:24:13 - 浮点解 (25颗卫星)
  ECEF: X=-1430956.4099 Y=5572571.9572 Z=2748132.3002
  LLH:  Lat=25.681730690° Lon=104.401573385° H=1855.8637m
  原始数据:
2025/11/16 10:24:31.000   25.681730690  104.401573385  1855.8637   2  25   0.0501   0.0632   0.0956  -0.0182  -0.0064   0.0202  27.00    1.0 8516408

[TCP数据流] 2025/11/16 18:24:14 - 浮点解 (19颗卫星)
  ECEF: X=-1430956.4083 Y=5572571.9422 Z=2748132.2857
  LLH:  Lat=25.681730630° Lon=104.401573407° H=1855.8440m
  原始数据:
2025/11/16 10:24:32.000   25.681730630  104.401573407  1855.8440   2  19   0.0500   0.0630   0.0955  -0.0181  -0.0066   0.0201  28.00    1.2 8516408

[TCP数据流] 2025/11/16 18:24:15 - 浮点解 (25颗卫星)
  ECEF: X=-1430956.4035 Y=5572571.9310 Z=2748132.2723
  LLH:  Lat=25.681730569° Lon=104.401573388° H=1855.8273m
  原始数据:
2025/11/16 10:24:33.000   25.681730569  104.401573388  1855.8273   2  25   0.0499   0.0628   0.0953  -0.0180  -0.0067   0.0200  29.00    1.2 8516408

[TCP数据流] 2025/11/16 18:24:16 - 浮点解 (25颗卫星)
  ECEF: X=-1430956.3995 Y=5572571.9215 Z=2748132.2634
  LLH:  Lat=25.681730536° Lon=104.401573373° H=1855.8142m
  原始数据:
2025/11/16 10:24:34.000   25.681730536  104.401573373  1855.8142   2  25   0.0497   0.0626   0.0951  -0.0179  -0.0067   0.0198  30.00    1.1 8516408

[TCP数据流] 2025/11/16 18:24:44 - 浮点解 (18颗卫星)
  ECEF: X=-1430956.4155 Y=5572571.9377 Z=2748132.3121
  LLH:  Lat=25.681730855° Lon=104.401573487° H=1855.8531m
  原始数据:
2025/11/16 10:25:02.000   25.681730855  104.401573487  1855.8531   2  18   0.0491   0.0622   0.0947  -0.0185  -0.0086   0.0181   0.00    1.0 8516408

[TCP数据流] 2025/11/16 18:24:45 - 浮点解 (24颗卫星)
  ECEF: X=-1430956.4280 Y=5572571.9758 Z=2748132.3740
  LLH:  Lat=25.681731202° Lon=104.401573514° H=1855.9160m
  原始数据:
2025/11/16 10:25:03.000   25.681731202  104.401573514  1855.9160   2  24   0.0482   0.0618   0.0906  -0.0192  -0.0069   0.0194   0.00    1.0 8516408

[TCP数据流] 2025/11/16 18:24:46 - 浮点解 (24颗卫星)
  ECEF: X=-1430956.4410 Y=5572572.0030 Z=2748132.4217
  LLH:  Lat=25.681731475° Lon=104.401573572° H=1855.9633m
  原始数据:
2025/11/16 10:25:04.000   25.681731475  104.401573572  1855.9633   2  24   0.0474   0.0613   0.0871  -0.0197  -0.0052   0.0203   0.00    1.1 8516408

[TCP数据流] 2025/11/16 18:24:47 - 浮点解 (18颗卫星)
  ECEF: X=-1430956.4535 Y=5572572.0208 Z=2748132.4595
  LLH:  Lat=25.681731702° Lon=104.401573648° H=1855.9980m
  原始数据:
2025/11/16 10:25:05.000   25.681731702  104.401573648  1855.9980   2  18   0.0467   0.0610   0.0842  -0.0203  -0.0042   0.0212   0.00    1.2 8516408

[TCP数据流] 2025/11/16 18:24:48 - 浮点解 (24颗卫星)
  ECEF: X=-1430956.4646 Y=5572572.0475 Z=2748132.5009
  LLH:  Lat=25.681731927° Lon=104.401573689° H=1856.0418m
  原始数据:
2025/11/16 10:25:06.000   25.681731927  104.401573689  1856.0418   2  24   0.0460   0.0606   0.0815  -0.0207  -0.0025   0.0216   0.00    1.2 8516408

[TCP数据流] 2025/11/16 18:24:49 - 浮点解 (19颗卫星)
  ECEF: X=-1430956.4654 Y=5572572.0677 Z=2748132.5153
  LLH:  Lat=25.681731967° Lon=104.401573647° H=1856.0658m
  原始数据:
2025/11/16 10:25:07.000   25.681731967  104.401573647  1856.0658   2  19   0.0457   0.0605   0.0794  -0.0206   0.0049   0.0225   0.00    1.1 8516408

[TCP数据流] 2025/11/16 18:24:50 - 浮点解 (24颗卫星)
  ECEF: X=-1430956.4724 Y=5572572.0870 Z=2748132.5424
  LLH:  Lat=25.681732107° Lon=104.401573666° H=1856.0960m
  原始数据:
2025/11/16 10:25:08.000   25.681732107  104.401573666  1856.0960   2  24   0.0451   0.0601   0.0773  -0.0210   0.0054   0.0226   1.00    1.1 8516408

[TCP数据流] 2025/11/16 18:24:51 - 浮点解 (24颗卫星)
  ECEF: X=-1430956.4771 Y=5572572.0939 Z=2748132.5604
  LLH:  Lat=25.681732223° Lon=104.401573695° H=1856.1109m
  原始数据:
2025/11/16 10:25:09.000   25.681732223  104.401573695  1856.1109   2  24   0.0446   0.0598   0.0756  -0.0212   0.0056   0.0227   2.00    1.0 8516408

[TCP数据流] 2025/11/16 18:24:52 - 浮点解 (24颗卫星)
  ECEF: X=-1430956.4773 Y=5572572.0954 Z=2748132.5714
  LLH:  Lat=25.681732307° Lon=104.401573693° H=1856.1170m
  原始数据:
2025/11/16 10:25:10.000   25.681732307  104.401573693  1856.1170   2  24   0.0442   0.0595   0.0743  -0.0214   0.0058   0.0227   3.00    1.1 8516408

[TCP数据流] 2025/11/16 18:24:53 - 浮点解 (24颗卫星)
  ECEF: X=-1430956.4756 Y=5572572.0957 Z=2748132.5764
  LLH:  Lat=25.681732348° Lon=104.401573676° H=1856.1190m
  原始数据:
2025/11/16 10:25:11.000   25.681732348  104.401573676  1856.1190   2  24   0.0438   0.0592   0.0732  -0.0215   0.0058   0.0226   4.00    1.7 8516408

[TCP数据流] 2025/11/16 18:24:54 - 浮点解 (24颗卫星)
  ECEF: X=-1430956.4731 Y=5572572.0964 Z=2748132.5799
  LLH:  Lat=25.681732376° Lon=104.401573650° H=1856.1206m
  原始数据:
2025/11/16 10:25:12.000   25.681732376  104.401573650  1856.1206   2  24   0.0435   0.0589   0.0724  -0.0216   0.0059   0.0225   5.00    1.0 8516408

[TCP数据流] 2025/11/16 18:24:55 - 浮点解 (24颗卫星)
  ECEF: X=-1430956.4689 Y=5572572.0937 Z=2748132.5800
  LLH:  Lat=25.681732391° Lon=104.401573616° H=1856.1173m
  原始数据:
2025/11/16 10:25:13.000   25.681732391  104.401573616  1856.1173   2  24   0.0432   0.0587   0.0717  -0.0216   0.0059   0.0225   6.00    1.2 8516408

[TCP数据流] 2025/11/16 18:24:56 - 浮点解 (18颗卫星)
  ECEF: X=-1430956.4636 Y=5572572.0908 Z=2748132.5767
  LLH:  Lat=25.681732380° Lon=104.401573572° H=1856.1122m
  原始数据:
2025/11/16 10:25:14.000   25.681732380  104.401573572  1856.1122   2  18   0.0430   0.0585   0.0711  -0.0216   0.0058   0.0224   7.00    1.1 8516408

[TCP数据流] 2025/11/16 18:24:57 - 浮点解 (24颗卫星)
  ECEF: X=-1430956.4590 Y=5572572.0861 Z=2748132.5715
  LLH:  Lat=25.681732361° Lon=104.401573539° H=1856.1048m
  原始数据:
2025/11/16 10:25:15.000   25.681732361  104.401573539  1856.1048   2  24   0.0428   0.0583   0.0707  -0.0216   0.0058   0.0223   8.00    1.1 8516408

[TCP数据流] 2025/11/16 18:24:58 - 浮点解 (24颗卫星)
  ECEF: X=-1430956.4575 Y=5572572.0783 Z=2748132.5635
  LLH:  Lat=25.681732326° Lon=104.401573544° H=1856.0942m
  原始数据:
2025/11/16 10:25:16.000   25.681732326  104.401573544  1856.0942   2  24   0.0427   0.0581   0.0703  -0.0216   0.0057   0.0223   9.00    1.1 8516408

[TCP数据流] 2025/11/16 18:24:59 - 浮点解 (24颗卫星)
  ECEF: X=-1430956.4530 Y=5572572.0704 Z=2748132.5557
  LLH:  Lat=25.681732297° Lon=104.401573520° H=1856.0829m
  原始数据:
2025/11/16 10:25:17.000   25.681732297  104.401573520  1856.0829   2  24   0.0425   0.0579   0.0699  -0.0216   0.0057   0.0222  10.00    1.1 8516408

[TCP数据流] 2025/11/16 18:25:00 - 浮点解 (24颗卫星)
  ECEF: X=-1430956.4476 Y=5572572.0626 Z=2748132.5465
  LLH:  Lat=25.681732257° Lon=104.401573488° H=1856.0709m
  原始数据:
2025/11/16 10:25:18.000   25.681732257  104.401573488  1856.0709   2  24   0.0423   0.0577   0.0697  -0.0215   0.0057   0.0221  11.00    1.1 8516408

[TCP数据流] 2025/11/16 18:25:01 - 浮点解 (24颗卫星)
  ECEF: X=-1430956.4453 Y=5572572.0546 Z=2748132.5375
  LLH:  Lat=25.681732217° Lon=104.401573485° H=1856.0595m
  原始数据:
2025/11/16 10:25:19.000   25.681732217  104.401573485  1856.0595   2  24   0.0422   0.0575   0.0694  -0.0214   0.0057   0.0220  12.00    1.1 8516408

[TCP数据流] 2025/11/16 18:25:02 - 浮点解 (24颗卫星)
  ECEF: X=-1430956.4435 Y=5572572.0472 Z=2748132.5268
  LLH:  Lat=25.681732159° Lon=104.401573486° H=1856.0480m
  原始数据:
2025/11/16 10:25:20.000   25.681732159  104.401573486  1856.0480   2  24   0.0420   0.0573   0.0692  -0.0214   0.0057   0.0219  13.00    1.0 8516408

[TCP数据流] 2025/11/16 18:25:03 - 浮点解 (24颗卫星)
  ECEF: X=-1430956.4393 Y=5572572.0393 Z=2748132.5163
  LLH:  Lat=25.681732108° Lon=104.401573465° H=1856.0356m
  原始数据:
2025/11/16 10:25:21.000   25.681732108  104.401573465  1856.0356   2  24   0.0419   0.0571   0.0690  -0.0213   0.0057   0.0219  14.00    1.3 8516408

[TCP数据流] 2025/11/16 18:25:04 - 浮点解 (18颗卫星)
  ECEF: X=-1430956.4369 Y=5572572.0317 Z=2748132.5060
  LLH:  Lat=25.681732055° Lon=104.401573461° H=1856.0240m
  原始数据:
2025/11/16 10:25:22.000   25.681732055  104.401573461  1856.0240   2  18   0.0418   0.0570   0.0688  -0.0213   0.0056   0.0218  15.00    1.0 8516408

[TCP数据流] 2025/11/16 18:25:05 - 浮点解 (18颗卫星)
  ECEF: X=-1430956.4360 Y=5572572.0236 Z=2748132.4951
  LLH:  Lat=25.681731998° Lon=104.401573472° H=1856.0120m
  原始数据:
2025/11/16 10:25:23.000   25.681731998  104.401573472  1856.0120   2  18   0.0417   0.0568   0.0686  -0.0212   0.0055   0.0218  16.00    1.0 8516408

[TCP数据流] 2025/11/16 18:25:06 - 浮点解 (24颗卫星)
  ECEF: X=-1430956.4338 Y=5572572.0140 Z=2748132.4830
  LLH:  Lat=25.681731938° Lon=104.401573475° H=1855.9979m
  原始数据:
2025/11/16 10:25:24.000   25.681731938  104.401573475  1855.9979   2  24   0.0416   0.0567   0.0685  -0.0211   0.0055   0.0217  17.00    1.1 8516408

[TCP数据流] 2025/11/16 18:25:07 - 浮点解 (24颗卫星)
  ECEF: X=-1430956.4299 Y=5572572.0048 Z=2748132.4712
  LLH:  Lat=25.681731881° Lon=104.401573460° H=1855.9838m
  原始数据:
2025/11/16 10:25:25.000   25.681731881  104.401573460  1855.9838   2  24   0.0415   0.0565   0.0683  -0.0211   0.0055   0.0216  18.00    1.1 8516408

[TCP数据流] 2025/11/16 18:25:08 - 浮点解 (24颗卫星)
  ECEF: X=-1430956.4297 Y=5572571.9959 Z=2748132.4594
  LLH:  Lat=25.681731819° Lon=104.401573480° H=1855.9709m
  原始数据:
2025/11/16 10:25:26.000   25.681731819  104.401573480  1855.9709   2  24   0.0414   0.0563   0.0682  -0.0210   0.0055   0.0215  19.00    1.0 8516408

[TCP数据流] 2025/11/16 18:25:09 - 浮点解 (24颗卫星)
  ECEF: X=-1430956.4282 Y=5572571.9867 Z=2748132.4484
  LLH:  Lat=25.681731766° Lon=104.401573489° H=1855.9578m
  原始数据:
2025/11/16 10:25:27.000   25.681731766  104.401573489  1855.9578   2  24   0.0413   0.0562   0.0681  -0.0209   0.0055   0.0215  20.00    1.1 8516408

[TCP数据流] 2025/11/16 18:25:10 - 浮点解 (24颗卫星)
  ECEF: X=-1430956.4256 Y=5572571.9772 Z=2748132.4371
  LLH:  Lat=25.681731713° Lon=104.401573487° H=1855.9440m
  原始数据:
2025/11/16 10:25:28.000   25.681731713  104.401573487  1855.9440   2  24   0.0412   0.0560   0.0679  -0.0208   0.0055   0.0214  21.00    1.1 8516408

[TCP数据流] 2025/11/16 18:25:11 - 浮点解 (24颗卫星)
  ECEF: X=-1430956.4233 Y=5572571.9680 Z=2748132.4270
  LLH:  Lat=25.681731667° Lon=104.401573488° H=1855.9311m
  原始数据:
2025/11/16 10:25:29.000   25.681731667  104.401573488  1855.9311   2  24   0.0411   0.0558   0.0678  -0.0207   0.0055   0.0213  22.00    1.0 8516408

[TCP数据流] 2025/11/16 18:25:12 - 浮点解 (24颗卫星)
  ECEF: X=-1430956.4221 Y=5572571.9579 Z=2748132.4140
  LLH:  Lat=25.681731601° Lon=104.401573501° H=1855.9164m
  原始数据:
2025/11/16 10:25:30.000   25.681731601  104.401573501  1855.9164   2  24   0.0410   0.0557   0.0677  -0.0206   0.0055   0.0212  23.00    1.0 8516408

[TCP数据流] 2025/11/16 18:25:13 - 浮点解 (19颗卫星)
  ECEF: X=-1430956.4192 Y=5572571.9515 Z=2748132.4067
  LLH:  Lat=25.681731569° Lon=104.401573489° H=1855.9070m
  原始数据:
2025/11/16 10:25:31.000   25.681731569  104.401573489  1855.9070   2  19   0.0409   0.0556   0.0676  -0.0206   0.0055   0.0212  24.00    1.0 8516408

[TCP数据流] 2025/11/16 18:25:14 - 浮点解 (24颗卫星)
  ECEF: X=-1430956.4170 Y=5572571.9425 Z=2748132.3967
  LLH:  Lat=25.681731524° Lon=104.401573490° H=1855.8943m
  原始数据:
2025/11/16 10:25:32.000   25.681731524  104.401573490  1855.8943   2  24   0.0408   0.0554   0.0675  -0.0205   0.0055   0.0211  25.00    1.1 8516408

[TCP数据流] 2025/11/16 18:25:15 - 浮点解 (24颗卫星)
  ECEF: X=-1430956.4165 Y=5572571.9319 Z=2748132.3845
  LLH:  Lat=25.681731465° Lon=104.401573512° H=1855.8796m
  原始数据:
2025/11/16 10:25:33.000   25.681731465  104.401573512  1855.8796   2  24   0.0408   0.0553   0.0674  -0.0204   0.0055   0.0211  26.00    1.0 8516408

[TCP数据流] 2025/11/16 18:25:16 - 浮点解 (24颗卫星)
  ECEF: X=-1430956.4156 Y=5572571.9231 Z=2748132.3747
  LLH:  Lat=25.681731420° Lon=104.401573525° H=1855.8675m
  原始数据:
2025/11/16 10:25:34.000   25.681731420  104.401573525  1855.8675   2  24   0.0407   0.0551   0.0674  -0.0203   0.0055   0.0210  27.00    1.0 8516408

[TCP数据流] 2025/11/16 18:25:17 - 浮点解 (24颗卫星)
  ECEF: X=-1430956.4133 Y=5572571.9148 Z=2748132.3662
  LLH:  Lat=25.681731384° Lon=104.401573523° H=1855.8561m
  原始数据:
2025/11/16 10:25:35.000   25.681731384  104.401573523  1855.8561   2  24   0.0406   0.0550   0.0673  -0.0202   0.0055   0.0209  28.00    1.0 8516408

[TCP数据流] 2025/11/16 18:25:18 - 浮点解 (24颗卫星)
  ECEF: X=-1430956.4123 Y=5572571.9053 Z=2748132.3562
  LLH:  Lat=25.681731340° Lon=104.401573537° H=1855.8432m
  原始数据:
2025/11/16 10:25:36.000   25.681731340  104.401573537  1855.8432   2  24   0.0405   0.0548   0.0672  -0.0202   0.0055   0.0209  29.00    1.2 8516408

[TCP数据流] 2025/11/16 18:25:19 - 浮点解 (24颗卫星)
  ECEF: X=-1430956.4100 Y=5572571.8968 Z=2748132.3481
  LLH:  Lat=25.681731308° Lon=104.401573536° H=1855.8318m
  原始数据:
2025/11/16 10:25:37.000   25.681731308  104.401573536  1855.8318   2  24   0.0404   0.0547   0.0671  -0.0201   0.0055   0.0208  30.00    1.0 8516408

[TCP数据流] 2025/11/16 18:26:21 - 浮点解 (23颗卫星)
  ECEF: X=-1430956.4767 Y=5572572.1348 Z=2748132.6132
  LLH:  Lat=25.681732498° Lon=104.401573589° H=1856.1694m
  原始数据:
2025/11/16 10:26:39.000   25.681732498  104.401573589  1856.1694   2  23   0.0362   0.0522   0.0563  -0.0216   0.0048   0.0190   7.00    1.1 8516408

[TCP数据流] 2025/11/16 18:26:22 - 浮点解 (23颗卫星)
  ECEF: X=-1430956.4772 Y=5572572.1411 Z=2748132.6166
  LLH:  Lat=25.681732501° Lon=104.401573579° H=1856.1764m
  原始数据:
2025/11/16 10:26:40.000   25.681732501  104.401573579  1856.1764   2  23   0.0359   0.0520   0.0558  -0.0216   0.0048   0.0190   8.00    1.0 8516408

[TCP数据流] 2025/11/16 18:26:23 - 浮点解 (23颗卫星)
  ECEF: X=-1430956.4798 Y=5572572.1468 Z=2748132.6170
  LLH:  Lat=25.681732480° Lon=104.401573590° H=1856.1822m
  原始数据:
2025/11/16 10:26:41.000   25.681732480  104.401573590  1856.1822   2  23   0.0358   0.0518   0.0553  -0.0216   0.0048   0.0189   9.00    1.2 8516408

[TCP数据流] 2025/11/16 18:26:24 - 浮点解 (23颗卫星)
  ECEF: X=-1430956.4814 Y=5572572.1475 Z=2748132.6155
  LLH:  Lat=25.681732464° Lon=104.401573603° H=1856.1825m
  原始数据:
2025/11/16 10:26:42.000   25.681732464  104.401573603  1856.1825   2  23   0.0356   0.0517   0.0550  -0.0216   0.0048   0.0188  10.00    1.1 8516408

[TCP数据流] 2025/11/16 18:26:25 - 浮点解 (23颗卫星)
  ECEF: X=-1430956.4801 Y=5572572.1497 Z=2748132.6172
  LLH:  Lat=25.681732471° Lon=104.401573585° H=1856.1849m
  原始数据:
2025/11/16 10:26:43.000   25.681732471  104.401573585  1856.1849   2  23   0.0354   0.0515   0.0547  -0.0215   0.0048   0.0188  11.00    1.2 8516408

[TCP数据流] 2025/11/16 18:26:26 - 浮点解 (23颗卫星)
  ECEF: X=-1430956.4771 Y=5572572.1501 Z=2748132.6162
  LLH:  Lat=25.681732464° Lon=104.401573555° H=1856.1841m
  原始数据:
2025/11/16 10:26:44.000   25.681732464  104.401573555  1856.1841   2  23   0.0353   0.0514   0.0544  -0.0215   0.0048   0.0187  12.00    1.2 8516408

[TCP数据流] 2025/11/16 18:26:27 - 浮点解 (23颗卫星)
  ECEF: X=-1430956.4748 Y=5572572.1489 Z=2748132.6144
  LLH:  Lat=25.681732456° Lon=104.401573536° H=1856.1817m
  原始数据:
2025/11/16 10:26:45.000   25.681732456  104.401573536  1856.1817   2  23   0.0352   0.0512   0.0542  -0.0215   0.0048   0.0187  13.00    1.2 8516408

[TCP数据流] 2025/11/16 18:26:28 - 浮点解 (23颗卫星)
  ECEF: X=-1430956.4728 Y=5572572.1472 Z=2748132.6114
  LLH:  Lat=25.681732440° Lon=104.401573521° H=1856.1785m
  原始数据:
2025/11/16 10:26:46.000   25.681732440  104.401573521  1856.1785   2  23   0.0351   0.0511   0.0539  -0.0214   0.0048   0.0186  14.00    1.2 8516408

[TCP数据流] 2025/11/16 18:26:29 - 浮点解 (23颗卫星)
  ECEF: X=-1430956.4853 Y=5572572.1874 Z=2748132.6577
  LLH:  Lat=25.681732652° Lon=104.401573542° H=1856.2365m
  原始数据:
2025/11/16 10:26:47.000   25.681732652  104.401573542  1856.2365   2  23   0.0345   0.0507   0.0524  -0.0216   0.0050   0.0185   0.00    1.0 8516408

[TCP数据流] 2025/11/16 18:26:30 - 浮点解 (23颗卫星)
  ECEF: X=-1430956.4923 Y=5572572.2181 Z=2748132.6948
  LLH:  Lat=25.681732831° Lon=104.401573534° H=1856.2810m
  原始数据:
2025/11/16 10:26:48.000   25.681732831  104.401573534  1856.2810   2  23   0.0340   0.0504   0.0511  -0.0217   0.0050   0.0184   0.00    1.1 8516408

[TCP数据流] 2025/11/16 18:26:31 - 浮点解 (23颗卫星)
  ECEF: X=-1430956.4987 Y=5572572.2489 Z=2748132.7290
  LLH:  Lat=25.681732986° Lon=104.401573519° H=1856.3241m
  原始数据:
2025/11/16 10:26:49.000   25.681732986  104.401573519  1856.3241   2  23   0.0335   0.0501   0.0498  -0.0217   0.0050   0.0183   0.00    1.3 8516408

[TCP数据流] 2025/11/16 18:26:32 - 浮点解 (23颗卫星)
  ECEF: X=-1430956.5061 Y=5572572.2710 Z=2748132.7521
  LLH:  Lat=25.681733083° Lon=104.401573536° H=1856.3550m
  原始数据:
2025/11/16 10:26:50.000   25.681733083  104.401573536  1856.3550   2  23   0.0331   0.0498   0.0487  -0.0218   0.0050   0.0181   1.00    1.4 8516408

[TCP数据流] 2025/11/16 18:26:33 - 浮点解 (17颗卫星)
  ECEF: X=-1430956.5099 Y=5572572.2737 Z=2748132.7638
  LLH:  Lat=25.681733164° Lon=104.401573566° H=1856.3633m
  原始数据:
2025/11/16 10:26:51.000   25.681733164  104.401573566  1856.3633   2  17   0.0328   0.0496   0.0486  -0.0219   0.0043   0.0177   2.00    1.0 8516408

[TCP数据流] 2025/11/16 18:26:34 - 浮点解 (23颗卫星)
  ECEF: X=-1430956.5136 Y=5572572.2878 Z=2748132.7755
  LLH:  Lat=25.681733202° Lon=104.401573566° H=1856.3815m
  原始数据:
2025/11/16 10:26:52.000   25.681733202  104.401573566  1856.3815   2  23   0.0325   0.0494   0.0478  -0.0219   0.0043   0.0176   3.00    1.7 8516408

[TCP数据流] 2025/11/16 18:26:35 - 浮点解 (23颗卫星)
  ECEF: X=-1430956.5151 Y=5572572.2964 Z=2748132.7831
  LLH:  Lat=25.681733230° Lon=104.401573560° H=1856.3926m
  原始数据:
2025/11/16 10:26:53.000   25.681733230  104.401573560  1856.3926   2  23   0.0323   0.0492   0.0471  -0.0219   0.0043   0.0175   4.00    1.0 8516408

[TCP数据流] 2025/11/16 18:26:36 - 浮点解 (23颗卫星)
  ECEF: X=-1430956.5183 Y=5572572.3025 Z=2748132.7874
  LLH:  Lat=25.681733239° Lon=104.401573575° H=1856.4006m
  原始数据:
2025/11/16 10:26:54.000   25.681733239  104.401573575  1856.4006   2  23   0.0320   0.0490   0.0466  -0.0219   0.0042   0.0174   5.00    1.0 8516408

[TCP数据流] 2025/11/16 18:26:37 - 浮点解 (23颗卫星)
  ECEF: X=-1430956.5197 Y=5572572.3064 Z=2748132.7886
  LLH:  Lat=25.681733233° Lon=104.401573579° H=1856.4048m
  原始数据:
2025/11/16 10:26:55.000   25.681733233  104.401573579  1856.4048   2  23   0.0319   0.0488   0.0462  -0.0219   0.0042   0.0173   6.00    1.0 8516408

[TCP数据流] 2025/11/16 18:26:38 - 浮点解 (23颗卫星)
  ECEF: X=-1430956.5202 Y=5572572.3078 Z=2748132.7884
  LLH:  Lat=25.681733225° Lon=104.401573581° H=1856.4060m
  原始数据:
2025/11/16 10:26:56.000   25.681733225  104.401573581  1856.4060   2  23   0.0317   0.0487   0.0459  -0.0219   0.0042   0.0173   7.00    1.1 8516408

[TCP数据流] 2025/11/16 18:26:39 - 浮点解 (23颗卫星)
  ECEF: X=-1430956.5203 Y=5572572.3085 Z=2748132.7859
  LLH:  Lat=25.681733202° Lon=104.401573580° H=1856.4056m
  原始数据:
2025/11/16 10:26:57.000   25.681733202  104.401573580  1856.4056   2  23   0.0316   0.0485   0.0457  -0.0219   0.0042   0.0172   8.00    1.9 8516408

[TCP数据流] 2025/11/16 18:26:40 - 浮点解 (23颗卫星)
  ECEF: X=-1430956.5200 Y=5572572.3092 Z=2748132.7838
  LLH:  Lat=25.681733183° Lon=104.401573575° H=1856.4052m
  原始数据:
2025/11/16 10:26:58.000   25.681733183  104.401573575  1856.4052   2  23   0.0315   0.0484   0.0454  -0.0218   0.0042   0.0171   9.00    2.4 8516408

[TCP数据流] 2025/11/16 18:26:41 - 浮点解 (23颗卫星)
  ECEF: X=-1430956.5197 Y=5572572.3080 Z=2748132.7802
  LLH:  Lat=25.681733158° Lon=104.401573575° H=1856.4025m
  原始数据:
2025/11/16 10:26:59.000   25.681733158  104.401573575  1856.4025   2  23   0.0314   0.0482   0.0452  -0.0218   0.0042   0.0171  10.00    1.8 8516408

[TCP数据流] 2025/11/16 18:26:42 - 浮点解 (23颗卫星)
  ECEF: X=-1430956.5171 Y=5572572.3077 Z=2748132.7781
  LLH:  Lat=25.681733145° Lon=104.401573551° H=1856.4008m
  原始数据:
2025/11/16 10:27:00.000   25.681733145  104.401573551  1856.4008   2  23   0.0313   0.0481   0.0451  -0.0217   0.0042   0.0170  11.00    1.3 8516408

[TCP数据流] 2025/11/16 18:26:43 - 浮点解 (23颗卫星)
  ECEF: X=-1430956.5154 Y=5572572.3067 Z=2748132.7743
  LLH:  Lat=25.681733119° Lon=104.401573537° H=1856.3979m
  原始数据:
2025/11/16 10:27:01.000   25.681733119  104.401573537  1856.3979   2  23   0.0312   0.0480   0.0449  -0.0217   0.0042   0.0170  12.00    2.0 8516408

[TCP数据流] 2025/11/16 18:26:44 - 浮点解 (17颗卫星)
  ECEF: X=-1430956.5144 Y=5572572.3046 Z=2748132.7708
  LLH:  Lat=25.681733100° Lon=104.401573533° H=1856.3943m
  原始数据:
2025/11/16 10:27:02.000   25.681733100  104.401573533  1856.3943   2  17   0.0311   0.0479   0.0448  -0.0216   0.0041   0.0170  13.00    1.5 8516408

[TCP数据流] 2025/11/16 18:26:45 - 浮点解 (23颗卫星)
  ECEF: X=-1430956.5139 Y=5572572.3033 Z=2748132.7670
  LLH:  Lat=25.681733074° Lon=104.401573531° H=1856.3914m
  原始数据:
2025/11/16 10:27:03.000   25.681733074  104.401573531  1856.3914   2  23   0.0311   0.0478   0.0447  -0.0216   0.0041   0.0169  14.00    1.5 8516408

[TCP数据流] 2025/11/16 18:26:46 - 浮点解 (23颗卫星)
  ECEF: X=-1430956.5124 Y=5572572.3016 Z=2748132.7634
  LLH:  Lat=25.681733053° Lon=104.401573521° H=1856.3881m
  原始数据:
2025/11/16 10:27:04.000   25.681733053  104.401573521  1856.3881   2  23   0.0310   0.0477   0.0446  -0.0215   0.0041   0.0169  15.00    1.6 8516408

[TCP数据流] 2025/11/16 18:26:48 - 浮点解 (23颗卫星)
  ECEF: X=-1430956.5106 Y=5572572.2997 Z=2748132.7600
  LLH:  Lat=25.681733034° Lon=104.401573508° H=1856.3845m
  原始数据:
2025/11/16 10:27:06.000   25.681733034  104.401573508  1856.3845   2  23   0.0309   0.0475   0.0445  -0.0215   0.0041   0.0169  17.00    1.9 8516408

[TCP数据流] 2025/11/16 18:26:49 - 浮点解 (18颗卫星)
  ECEF: X=-1430956.5071 Y=5572572.2995 Z=2748132.7597
  LLH:  Lat=25.681733036° Lon=104.401573475° H=1856.3834m
  原始数据:
2025/11/16 10:27:07.000   25.681733036  104.401573475  1856.3834   2  18   0.0309   0.0475   0.0445  -0.0214   0.0041   0.0168  18.00    1.7 8516408

[TCP数据流] 2025/11/16 18:26:50 - 浮点解 (24颗卫星)
  ECEF: X=-1430956.5024 Y=5572572.2982 Z=2748132.7588
  LLH:  Lat=25.681733038° Lon=104.401573433° H=1856.3808m
  原始数据:
2025/11/16 10:27:08.000   25.681733038  104.401573433  1856.3808   2  24   0.0308   0.0474   0.0444  -0.0214   0.0041   0.0168  19.00    1.8 8516408

[TCP数据流] 2025/11/16 18:26:51 - 浮点解 (24颗卫星)
  ECEF: X=-1430956.5003 Y=5572572.2963 Z=2748132.7558
  LLH:  Lat=25.681733023° Lon=104.401573417° H=1856.3774m
  原始数据:
2025/11/16 10:27:09.000   25.681733023  104.401573417  1856.3774   2  24   0.0308   0.0472   0.0444  -0.0213   0.0041   0.0167  20.00    1.8 8516408

[TCP数据流] 2025/11/16 18:26:52 - 浮点解 (24颗卫星)
  ECEF: X=-1430956.4989 Y=5572572.2943 Z=2748132.7526
  LLH:  Lat=25.681733006° Lon=104.401573409° H=1856.3740m
  原始数据:
2025/11/16 10:27:10.000   25.681733006  104.401573409  1856.3740   2  24   0.0307   0.0471   0.0443  -0.0213   0.0041   0.0167  21.00    1.4 8516408

[TCP数据流] 2025/11/16 18:26:53 - 浮点解 (24颗卫星)
  ECEF: X=-1430956.4974 Y=5572572.2924 Z=2748132.7499
  LLH:  Lat=25.681732993° Lon=104.401573399° H=1856.3708m
  原始数据:
2025/11/16 10:27:11.000   25.681732993  104.401573399  1856.3708   2  24   0.0307   0.0470   0.0442  -0.0212   0.0041   0.0167  22.00    1.9 8516408

[TCP数据流] 2025/11/16 18:26:54 - 浮点解 (24颗卫星)
  ECEF: X=-1430956.4950 Y=5572572.2902 Z=2748132.7469
  LLH:  Lat=25.681732979° Lon=104.401573381° H=1856.3671m
  原始数据:
2025/11/16 10:27:12.000   25.681732979  104.401573381  1856.3671   2  24   0.0306   0.0469   0.0442  -0.0212   0.0041   0.0166  23.00    1.1 8516408

[TCP数据流] 2025/11/16 18:26:55 - 浮点解 (24颗卫星)
  ECEF: X=-1430956.4936 Y=5572572.2881 Z=2748132.7443
  LLH:  Lat=25.681732967° Lon=104.401573373° H=1856.3638m
  原始数据:
2025/11/16 10:27:13.000   25.681732967  104.401573373  1856.3638   2  24   0.0306   0.0468   0.0441  -0.0211   0.0041   0.0166  24.00    1.1 8516408

[TCP数据流] 2025/11/16 18:26:56 - 浮点解 (24颗卫星)
  ECEF: X=-1430956.4914 Y=5572572.2859 Z=2748132.7412
  LLH:  Lat=25.681732952° Lon=104.401573357° H=1856.3600m
  原始数据:
2025/11/16 10:27:14.000   25.681732952  104.401573357  1856.3600   2  24   0.0305   0.0467   0.0441  -0.0210   0.0041   0.0166  25.00    1.2 8516408

[TCP数据流] 2025/11/16 18:26:57 - 浮点解 (12颗卫星)
  ECEF: X=-1430956.4902 Y=5572572.2850 Z=2748132.7390
  LLH:  Lat=25.681732939° Lon=104.401573348° H=1856.3580m
  原始数据:
2025/11/16 10:27:15.000   25.681732939  104.401573348  1856.3580   2  12   0.0305   0.0467   0.0441  -0.0210   0.0041   0.0166  26.00    1.0 8516408

[TCP数据流] 2025/11/16 18:26:58 - 浮点解 (24颗卫星)
  ECEF: X=-1430956.4901 Y=5572572.2826 Z=2748132.7356
  LLH:  Lat=25.681732921° Lon=104.401573353° H=1856.3544m
  原始数据:
2025/11/16 10:27:16.000   25.681732921  104.401573353  1856.3544   2  24   0.0304   0.0466   0.0440  -0.0210   0.0041   0.0165  27.00    1.1 8516408

[TCP数据流] 2025/11/16 18:27:00 - 浮点解 (24颗卫星)
  ECEF: X=-1430956.4899 Y=5572572.2800 Z=2748132.7321
  LLH:  Lat=25.681732902° Lon=104.401573357° H=1856.3506m
  原始数据:
2025/11/16 10:27:18.000   25.681732902  104.401573357  1856.3506   2  24   0.0304   0.0465   0.0440  -0.0209   0.0041   0.0165  29.00    1.1 8516408

[TCP数据流] 2025/11/16 18:27:01 - 浮点解 (24颗卫星)
  ECEF: X=-1430956.4887 Y=5572572.2774 Z=2748132.7284
  LLH:  Lat=25.681732883° Lon=104.401573352° H=1856.3464m
  原始数据:
2025/11/16 10:27:19.000   25.681732883  104.401573352  1856.3464   2  24   0.0303   0.0464   0.0440  -0.0208   0.0041   0.0165  30.00    1.1 8516408

[TCP数据流] 2025/11/16 18:31:43 - 浮点解 (24颗卫星)
  ECEF: X=-1430956.5556 Y=5572572.5396 Z=2748133.1200
  LLH:  Lat=25.681735010° Lon=104.401573348° H=1856.7600m
  原始数据:
2025/11/16 10:32:01.000   25.681735010  104.401573348  1856.7600   2  24   0.0219   0.0402   0.0259  -0.0208   0.0028   0.0116   3.00    1.1 8516408

[TCP数据流] 2025/11/16 18:31:44 - 浮点解 (24颗卫星)
  ECEF: X=-1430956.5528 Y=5572572.5429 Z=2748133.1282
  LLH:  Lat=25.681735066° Lon=104.401573313° H=1856.7658m
  原始数据:
2025/11/16 10:32:02.000   25.681735066  104.401573313  1856.7658   2  24   0.0216   0.0398   0.0253  -0.0207   0.0027   0.0114   4.00    1.1 8516408

[TCP数据流] 2025/11/16 18:31:45 - 浮点解 (24颗卫星)
  ECEF: X=-1430956.5503 Y=5572572.5453 Z=2748133.1351
  LLH:  Lat=25.681735116° Lon=104.401573283° H=1856.7704m
  原始数据:
2025/11/16 10:32:03.000   25.681735116  104.401573283  1856.7704   2  24   0.0213   0.0396   0.0249  -0.0206   0.0026   0.0112   5.00    1.2 8516408

[TCP数据流] 2025/11/16 18:31:46 - 浮点解 (18颗卫星)
  ECEF: X=-1430956.5502 Y=5572572.5458 Z=2748133.1352
  LLH:  Lat=25.681735115° Lon=104.401573281° H=1856.7708m
  原始数据:
2025/11/16 10:32:04.000   25.681735115  104.401573281  1856.7708   2  18   0.0212   0.0394   0.0246  -0.0206   0.0020   0.0112   6.00    1.2 8516408

[TCP数据流] 2025/11/16 18:31:47 - 浮点解 (24颗卫星)
  ECEF: X=-1430956.5481 Y=5572572.5472 Z=2748133.1375
  LLH:  Lat=25.681735130° Lon=104.401573257° H=1856.7726m
  原始数据:
2025/11/16 10:32:05.000   25.681735130  104.401573257  1856.7726   2  24   0.0210   0.0392   0.0243  -0.0205   0.0019   0.0111   7.00    1.2 8516408

[TCP数据流] 2025/11/16 18:31:48 - 浮点解 (20颗卫星)
  ECEF: X=-1430956.5471 Y=5572572.5473 Z=2748133.1383
  LLH:  Lat=25.681735137° Lon=104.401573247° H=1856.7728m
  原始数据:
2025/11/16 10:32:06.000   25.681735137  104.401573247  1856.7728   2  20   0.0209   0.0391   0.0242  -0.0204   0.0026   0.0111   8.00    1.2 8516408

[TCP数据流] 2025/11/16 18:31:49 - 浮点解 (24颗卫星)
  ECEF: X=-1430956.5470 Y=5572572.5465 Z=2748133.1368
  LLH:  Lat=25.681735128° Lon=104.401573248° H=1856.7714m
  原始数据:
2025/11/16 10:32:07.000   25.681735128  104.401573248  1856.7714   2  24   0.0208   0.0389   0.0240  -0.0204   0.0025   0.0110   9.00    1.2 8516408

[TCP数据流] 2025/11/16 18:31:50 - 浮点解 (24颗卫星)
  ECEF: X=-1430956.5464 Y=5572572.5457 Z=2748133.1360
  LLH:  Lat=25.681735125° Lon=104.401573244° H=1856.7702m
  原始数据:
2025/11/16 10:32:08.000   25.681735125  104.401573244  1856.7702   2  24   0.0207   0.0388   0.0238  -0.0203   0.0025   0.0109  10.00    1.3 8516408

[TCP数据流] 2025/11/16 18:31:51 - 浮点解 (24颗卫星)
  ECEF: X=-1430956.5456 Y=5572572.5452 Z=2748133.1351
  LLH:  Lat=25.681735121° Lon=104.401573238° H=1856.7692m
  原始数据:
2025/11/16 10:32:09.000   25.681735121  104.401573238  1856.7692   2  24   0.0206   0.0387   0.0237  -0.0203   0.0024   0.0109  11.00    1.3 8516408

[TCP数据流] 2025/11/16 18:31:52 - 浮点解 (24颗卫星)
  ECEF: X=-1430956.5449 Y=5572572.5440 Z=2748133.1337
  LLH:  Lat=25.681735115° Lon=104.401573234° H=1856.7674m
  原始数据:
2025/11/16 10:32:10.000   25.681735115  104.401573234  1856.7674   2  24   0.0206   0.0386   0.0236  -0.0202   0.0024   0.0108  12.00    1.3 8516408

[TCP数据流] 2025/11/16 18:31:53 - 浮点解 (24颗卫星)
  ECEF: X=-1430956.5448 Y=5572572.5429 Z=2748133.1322
  LLH:  Lat=25.681735107° Lon=104.401573236° H=1856.7658m
  原始数据:
2025/11/16 10:32:11.000   25.681735107  104.401573236  1856.7658   2  24   0.0205   0.0385   0.0235  -0.0202   0.0024   0.0108  13.00    1.3 8516408

[TCP数据流] 2025/11/16 18:31:54 - 浮点解 (24颗卫星)
  ECEF: X=-1430956.5447 Y=5572572.5419 Z=2748133.1305
  LLH:  Lat=25.681735097° Lon=104.401573237° H=1856.7641m
  原始数据:
2025/11/16 10:32:12.000   25.681735097  104.401573237  1856.7641   2  24   0.0204   0.0384   0.0234  -0.0201   0.0023   0.0107  14.00    1.3 8516408

[TCP数据流] 2025/11/16 18:31:55 - 浮点解 (18颗卫星)
  ECEF: X=-1430956.5459 Y=5572572.5406 Z=2748133.1285
  LLH:  Lat=25.681735084° Lon=104.401573252° H=1856.7624m
  原始数据:
2025/11/16 10:32:13.000   25.681735084  104.401573252  1856.7624   2  18   0.0204   0.0383   0.0234  -0.0201   0.0022   0.0107  15.00    1.5 8516408

[TCP数据流] 2025/11/16 18:31:56 - 浮点解 (24颗卫星)
  ECEF: X=-1430956.5458 Y=5572572.5394 Z=2748133.1267
  LLH:  Lat=25.681735074° Lon=104.401573254° H=1856.7605m
  原始数据:
2025/11/16 10:32:14.000   25.681735074  104.401573254  1856.7605   2  24   0.0204   0.0382   0.0233  -0.0201   0.0022   0.0107  16.00    1.5 8516408

[TCP数据流] 2025/11/16 18:31:57 - 浮点解 (24颗卫星)
  ECEF: X=-1430956.5456 Y=5572572.5380 Z=2748133.1243
  LLH:  Lat=25.681735060° Lon=104.401573256° H=1856.7582m
  原始数据:
2025/11/16 10:32:15.000   25.681735060  104.401573256  1856.7582   2  24   0.0203   0.0381   0.0233  -0.0200   0.0022   0.0107  17.00    1.4 8516408

[TCP数据流] 2025/11/16 18:31:58 - 浮点解 (24颗卫星)
  ECEF: X=-1430956.5458 Y=5572572.5366 Z=2748133.1222
  LLH:  Lat=25.681735048° Lon=104.401573261° H=1856.7561m
  原始数据:
2025/11/16 10:32:16.000   25.681735048  104.401573261  1856.7561   2  24   0.0203   0.0380   0.0232  -0.0200   0.0022   0.0106  18.00    1.5 8516408

[TCP数据流] 2025/11/16 18:31:59 - 浮点解 (24颗卫星)
  ECEF: X=-1430956.5463 Y=5572572.5352 Z=2748133.1198
  LLH:  Lat=25.681735034° Lon=104.401573269° H=1856.7540m
  原始数据:
2025/11/16 10:32:17.000   25.681735034  104.401573269  1856.7540   2  24   0.0202   0.0380   0.0232  -0.0200   0.0022   0.0106  19.00    1.0 8516408

[TCP数据流] 2025/11/16 18:32:00 - 浮点解 (24颗卫星)
  ECEF: X=-1430956.5460 Y=5572572.5336 Z=2748133.1178
  LLH:  Lat=25.681735024° Lon=104.401573270° H=1856.7517m
  原始数据:
2025/11/16 10:32:18.000   25.681735024  104.401573270  1856.7517   2  24   0.0202   0.0379   0.0231  -0.0199   0.0022   0.0106  20.00    1.0 8516408

[TCP数据流] 2025/11/16 18:32:01 - 浮点解 (24颗卫星)
  ECEF: X=-1430956.5468 Y=5572572.5320 Z=2748133.1153
  LLH:  Lat=25.681735008° Lon=104.401573282° H=1856.7494m
  原始数据:
2025/11/16 10:32:19.000   25.681735008  104.401573282  1856.7494   2  24   0.0202   0.0378   0.0231  -0.0199   0.0022   0.0106  21.00    1.0 8516408

[TCP数据流] 2025/11/16 18:32:02 - 浮点解 (24颗卫星)
  ECEF: X=-1430956.5484 Y=5572572.5304 Z=2748133.1124
  LLH:  Lat=25.681734989° Lon=104.401573301° H=1856.7471m
  原始数据:
2025/11/16 10:32:20.000   25.681734989  104.401573301  1856.7471   2  24   0.0201   0.0378   0.0230  -0.0198   0.0022   0.0105  22.00    1.0 8516408

[TCP数据流] 2025/11/16 18:32:03 - 浮点解 (24颗卫星)
  ECEF: X=-1430956.5505 Y=5572572.5288 Z=2748133.1095
  LLH:  Lat=25.681734970° Lon=104.401573326° H=1856.7449m
  原始数据:
2025/11/16 10:32:21.000   25.681734970  104.401573326  1856.7449   2  24   0.0201   0.0377   0.0230  -0.0198   0.0022   0.0105  23.00    1.0 8516408

[TCP数据流] 2025/11/16 18:32:04 - 浮点解 (24颗卫星)
  ECEF: X=-1430956.5531 Y=5572572.5270 Z=2748133.1064
  LLH:  Lat=25.681734949° Lon=104.401573355° H=1856.7426m
  原始数据:
2025/11/16 10:32:22.000   25.681734949  104.401573355  1856.7426   2  24   0.0201   0.0376   0.0230  -0.0198   0.0022   0.0105  24.00    1.0 8516408

[TCP数据流] 2025/11/16 18:32:05 - 浮点解 (24颗卫星)
  ECEF: X=-1430956.5551 Y=5572572.5255 Z=2748133.1035
  LLH:  Lat=25.681734929° Lon=104.401573378° H=1856.7404m
  原始数据:
2025/11/16 10:32:23.000   25.681734929  104.401573378  1856.7404   2  24   0.0200   0.0376   0.0230  -0.0197   0.0022   0.0105  25.00    1.0 8516408

[TCP数据流] 2025/11/16 18:32:06 - 浮点解 (24颗卫星)
  ECEF: X=-1430956.5577 Y=5572572.5239 Z=2748133.1006
  LLH:  Lat=25.681734909° Lon=104.401573407° H=1856.7384m
  原始数据:
2025/11/16 10:32:24.000   25.681734909  104.401573407  1856.7384   2  24   0.0200   0.0375   0.0229  -0.0197   0.0022   0.0105  26.00    1.0 8516408

[TCP数据流] 2025/11/16 18:32:07 - 浮点解 (24颗卫星)
  ECEF: X=-1430956.5594 Y=5572572.5222 Z=2748133.0976
  LLH:  Lat=25.681734889° Lon=104.401573428° H=1856.7360m
  原始数据:
2025/11/16 10:32:25.000   25.681734889  104.401573428  1856.7360   2  24   0.0200   0.0375   0.0229  -0.0197   0.0022   0.0105  27.00    1.0 8516408

[TCP数据流] 2025/11/16 18:32:08 - 浮点解 (20颗卫星)
  ECEF: X=-1430956.5601 Y=5572572.5215 Z=2748133.0962
  LLH:  Lat=25.681734880° Lon=104.401573436° H=1856.7349m
  原始数据:
2025/11/16 10:32:26.000   25.681734880  104.401573436  1856.7349   2  20   0.0200   0.0374   0.0229  -0.0196   0.0023   0.0105  28.00    1.1 8516408

[TCP数据流] 2025/11/16 18:32:09 - 浮点解 (18颗卫星)
  ECEF: X=-1430956.5613 Y=5572572.5201 Z=2748133.0933
  LLH:  Lat=25.681734861° Lon=104.401573451° H=1856.7327m
  原始数据:
2025/11/16 10:32:27.000   25.681734861  104.401573451  1856.7327   2  18   0.0200   0.0374   0.0229  -0.0196   0.0023   0.0104  29.00    1.0 8516408

[TCP数据流] 2025/11/16 18:32:10 - 浮点解 (24颗卫星)
  ECEF: X=-1430956.5620 Y=5572572.5188 Z=2748133.0905
  LLH:  Lat=25.681734842° Lon=104.401573461° H=1856.7305m
  原始数据:
2025/11/16 10:32:28.000   25.681734842  104.401573461  1856.7305   2  24   0.0199   0.0373   0.0228  -0.0196   0.0023   0.0104  30.00    1.0 8516408

[TCP数据流] 2025/11/16 18:32:35 - 浮点解 (23颗卫星)
  ECEF: X=-1430956.5665 Y=5572572.5133 Z=2748133.1032
  LLH:  Lat=25.681734962° Lon=104.401573518° H=1856.7322m
  原始数据:
2025/11/16 10:32:53.000   25.681734962  104.401573518  1856.7322   2  23   0.0197   0.0370   0.0222  -0.0197  -0.0008   0.0104   0.00    1.1 8516408

[TCP数据流] 2025/11/16 18:32:36 - 浮点解 (23颗卫星)
  ECEF: X=-1430956.5746 Y=5572572.5115 Z=2748133.1137
  LLH:  Lat=25.681735046° Lon=104.401573601° H=1856.7370m
  原始数据:
2025/11/16 10:32:54.000   25.681735046  104.401573601  1856.7370   2  23   0.0195   0.0368   0.0217  -0.0197  -0.0024   0.0103   1.00    1.0 8516408

[TCP数据流] 2025/11/16 18:32:37 - 浮点解 (23颗卫星)
  ECEF: X=-1430956.5802 Y=5572572.5101 Z=2748133.1240
  LLH:  Lat=25.681735130° Lon=104.401573658° H=1856.7415m
  原始数据:
2025/11/16 10:32:55.000   25.681735130  104.401573658  1856.7415   2  23   0.0193   0.0366   0.0212  -0.0198  -0.0032   0.0102   0.00    1.3 8516408

[TCP数据流] 2025/11/16 18:32:38 - 浮点解 (23颗卫星)
  ECEF: X=-1430956.5827 Y=5572572.5050 Z=2748133.1275
  LLH:  Lat=25.681735175° Lon=104.401573695° H=1856.7391m
  原始数据:
2025/11/16 10:32:56.000   25.681735175  104.401573695  1856.7391   2  23   0.0191   0.0364   0.0207  -0.0199  -0.0038   0.0101   1.00    1.0 8516408

[TCP数据流] 2025/11/16 18:32:39 - 浮点解 (23颗卫星)
  ECEF: X=-1430956.5874 Y=5572572.5023 Z=2748133.1326
  LLH:  Lat=25.681735222° Lon=104.401573747° H=1856.7400m
  原始数据:
2025/11/16 10:32:57.000   25.681735222  104.401573747  1856.7400   2  23   0.0190   0.0362   0.0203  -0.0199  -0.0043   0.0101   0.00    1.1 8516408

[TCP数据流] 2025/11/16 18:32:40 - 浮点解 (23颗卫星)
  ECEF: X=-1430956.5911 Y=5572572.4995 Z=2748133.1376
  LLH:  Lat=25.681735270° Lon=104.401573790° H=1856.7406m
  原始数据:
2025/11/16 10:32:58.000   25.681735270  104.401573790  1856.7406   2  23   0.0188   0.0360   0.0199  -0.0199  -0.0047   0.0100   1.00    1.1 8516408

[TCP数据流] 2025/11/16 18:32:41 - 浮点解 (23颗卫星)
  ECEF: X=-1430956.5952 Y=5572572.4961 Z=2748133.1412
  LLH:  Lat=25.681735308° Lon=104.401573838° H=1856.7401m
  原始数据:
2025/11/16 10:32:59.000   25.681735308  104.401573838  1856.7401   2  23   0.0187   0.0358   0.0195  -0.0200  -0.0050   0.0100   0.00    1.1 8516408

[TCP数据流] 2025/11/16 18:32:42 - 浮点解 (23颗卫星)
  ECEF: X=-1430956.5983 Y=5572572.4954 Z=2748133.1456
  LLH:  Lat=25.681735344° Lon=104.401573869° H=1856.7421m
  原始数据:
2025/11/16 10:33:00.000   25.681735344  104.401573869  1856.7421   2  23   0.0185   0.0356   0.0192  -0.0200  -0.0053   0.0099   1.00    1.1 8516408

[TCP数据流] 2025/11/16 18:32:43 - 浮点解 (23颗卫星)
  ECEF: X=-1430956.6009 Y=5572572.4934 Z=2748133.1470
  LLH:  Lat=25.681735360° Lon=104.401573899° H=1856.7415m
  原始数据:
2025/11/16 10:33:01.000   25.681735360  104.401573899  1856.7415   2  23   0.0184   0.0355   0.0189  -0.0200  -0.0055   0.0098   2.00    1.1 8516408

[TCP数据流] 2025/11/16 18:32:44 - 浮点解 (23颗卫星)
  ECEF: X=-1430956.6016 Y=5572572.4919 Z=2748133.1479
  LLH:  Lat=25.681735372° Lon=104.401573910° H=1856.7408m
  原始数据:
2025/11/16 10:33:02.000   25.681735372  104.401573910  1856.7408   2  23   0.0183   0.0353   0.0187  -0.0200  -0.0056   0.0098   3.00    1.0 8516408

[TCP数据流] 2025/11/16 18:32:45 - 浮点解 (23颗卫星)
  ECEF: X=-1430956.6043 Y=5572572.4900 Z=2748133.1483
  LLH:  Lat=25.681735380° Lon=104.401573941° H=1856.7399m
  原始数据:
2025/11/16 10:33:03.000   25.681735380  104.401573941  1856.7399   2  23   0.0183   0.0352   0.0185  -0.0200  -0.0058   0.0098   4.00    1.1 8516408

[TCP数据流] 2025/11/16 18:32:46 - 浮点解 (23颗卫星)
  ECEF: X=-1430956.6056 Y=5572572.4882 Z=2748133.1482
  LLH:  Lat=25.681735385° Lon=104.401573958° H=1856.7386m
  原始数据:
2025/11/16 10:33:04.000   25.681735385  104.401573958  1856.7386   2  23   0.0182   0.0351   0.0184  -0.0200  -0.0059   0.0097   5.00    1.1 8516408

[TCP数据流] 2025/11/16 18:32:47 - 浮点解 (23颗卫星)
  ECEF: X=-1430956.6062 Y=5572572.4865 Z=2748133.1474
  LLH:  Lat=25.681735384° Lon=104.401573967° H=1856.7369m
  原始数据:
2025/11/16 10:33:05.000   25.681735384  104.401573967  1856.7369   2  23   0.0182   0.0350   0.0183  -0.0200  -0.0059   0.0097   6.00    1.0 8516408

[TCP数据流] 2025/11/16 18:32:48 - 浮点解 (23颗卫星)
  ECEF: X=-1430956.6074 Y=5572572.4848 Z=2748133.1456
  LLH:  Lat=25.681735375° Lon=104.401573983° H=1856.7349m
  原始数据:
2025/11/16 10:33:06.000   25.681735375  104.401573983  1856.7349   2  23   0.0181   0.0350   0.0182  -0.0200  -0.0060   0.0097   7.00    1.0 8516408

[TCP数据流] 2025/11/16 18:32:49 - 浮点解 (14颗卫星)
  ECEF: X=-1430956.6075 Y=5572572.4833 Z=2748133.1451
  LLH:  Lat=25.681735376° Lon=104.401573988° H=1856.7334m
  原始数据:
2025/11/16 10:33:07.000   25.681735376  104.401573988  1856.7334   2  14   0.0181   0.0349   0.0181  -0.0199  -0.0059   0.0097   8.00    1.8 8516408

[TCP数据流] 2025/11/16 18:32:50 - 浮点解 (23颗卫星)
  ECEF: X=-1430956.6087 Y=5572572.4819 Z=2748133.1436
  LLH:  Lat=25.681735368° Lon=104.401574003° H=1856.7318m
  原始数据:
2025/11/16 10:33:08.000   25.681735368  104.401574003  1856.7318   2  23   0.0181   0.0349   0.0180  -0.0199  -0.0060   0.0097   9.00    1.1 8516408

[TCP数据流] 2025/11/16 18:32:51 - 浮点解 (23颗卫星)
  ECEF: X=-1430956.6089 Y=5572572.4806 Z=2748133.1420
  LLH:  Lat=25.681735360° Lon=104.401574008° H=1856.7300m
  原始数据:
2025/11/16 10:33:09.000   25.681735360  104.401574008  1856.7300   2  23   0.0180   0.0348   0.0180  -0.0199  -0.0060   0.0097  10.00    1.1 8516408

[TCP数据流] 2025/11/16 18:32:52 - 浮点解 (23颗卫星)
  ECEF: X=-1430956.6090 Y=5572572.4794 Z=2748133.1407
  LLH:  Lat=25.681735354° Lon=104.401574012° H=1856.7284m
  原始数据:
2025/11/16 10:33:10.000   25.681735354  104.401574012  1856.7284   2  23   0.0180   0.0348   0.0179  -0.0199  -0.0060   0.0096  11.00    1.0 8516408

[TCP数据流] 2025/11/16 18:32:53 - 浮点解 (23颗卫星)
  ECEF: X=-1430956.6093 Y=5572572.4784 Z=2748133.1393
  LLH:  Lat=25.681735346° Lon=104.401574018° H=1856.7270m
  原始数据:
2025/11/16 10:33:11.000   25.681735346  104.401574018  1856.7270   2  23   0.0180   0.0347   0.0179  -0.0199  -0.0061   0.0096  12.00    1.2 8516408

[TCP数据流] 2025/11/16 18:32:54 - 浮点解 (23颗卫星)
  ECEF: X=-1430956.6097 Y=5572572.4773 Z=2748133.1377
  LLH:  Lat=25.681735337° Lon=104.401574024° H=1856.7254m
  原始数据:
2025/11/16 10:33:12.000   25.681735337  104.401574024  1856.7254   2  23   0.0180   0.0347   0.0179  -0.0199  -0.0061   0.0096  13.00    1.1 8516408

[TCP数据流] 2025/11/16 18:32:55 - 浮点解 (23颗卫星)
  ECEF: X=-1430956.6104 Y=5572572.4761 Z=2748133.1359
  LLH:  Lat=25.681735326° Lon=104.401574034° H=1856.7238m
  原始数据:
2025/11/16 10:33:13.000   25.681735326  104.401574034  1856.7238   2  23   0.0179   0.0346   0.0178  -0.0198  -0.0061   0.0096  14.00    1.0 8516408

[TCP数据流] 2025/11/16 18:32:56 - 浮点解 (23颗卫星)
  ECEF: X=-1430956.6112 Y=5572572.4749 Z=2748133.1340
  LLH:  Lat=25.681735314° Lon=104.401574044° H=1856.7221m
  原始数据:
2025/11/16 10:33:14.000   25.681735314  104.401574044  1856.7221   2  23   0.0179   0.0346   0.0178  -0.0198  -0.0061   0.0096  15.00    1.0 8516408

[TCP数据流] 2025/11/16 18:32:57 - 浮点解 (23颗卫星)
  ECEF: X=-1430956.6126 Y=5572572.4737 Z=2748133.1317
  LLH:  Lat=25.681735299° Lon=104.401574061° H=1856.7204m
  原始数据:
2025/11/16 10:33:15.000   25.681735299  104.401574061  1856.7204   2  23   0.0179   0.0345   0.0178  -0.0198  -0.0061   0.0096  16.00    1.0 8516408

[TCP数据流] 2025/11/16 18:32:58 - 浮点解 (23颗卫星)
  ECEF: X=-1430956.6129 Y=5572572.4728 Z=2748133.1300
  LLH:  Lat=25.681735288° Lon=104.401574066° H=1856.7189m
  原始数据:
2025/11/16 10:33:16.000   25.681735288  104.401574066  1856.7189   2  23   0.0179   0.0345   0.0177  -0.0198  -0.0061   0.0096  17.00    1.0 8516408

[TCP数据流] 2025/11/16 18:32:59 - 浮点解 (23颗卫星)
  ECEF: X=-1430956.6133 Y=5572572.4718 Z=2748133.1284
  LLH:  Lat=25.681735278° Lon=104.401574072° H=1856.7174m
  原始数据:
2025/11/16 10:33:17.000   25.681735278  104.401574072  1856.7174   2  23   0.0179   0.0344   0.0177  -0.0198  -0.0061   0.0096  18.00    1.0 8516408

[TCP数据流] 2025/11/16 18:33:00 - 浮点解 (23颗卫星)
  ECEF: X=-1430956.6137 Y=5572572.4707 Z=2748133.1264
  LLH:  Lat=25.681735266° Lon=104.401574079° H=1856.7157m
  原始数据:
2025/11/16 10:33:18.000   25.681735266  104.401574079  1856.7157   2  23   0.0178   0.0344   0.0177  -0.0197  -0.0061   0.0096  19.00    1.1 8516408

[TCP数据流] 2025/11/16 18:33:01 - 浮点解 (23颗卫星)
  ECEF: X=-1430956.6139 Y=5572572.4698 Z=2748133.1247
  LLH:  Lat=25.681735255° Lon=104.401574083° H=1856.7142m
  原始数据:
2025/11/16 10:33:19.000   25.681735255  104.401574083  1856.7142   2  23   0.0178   0.0343   0.0177  -0.0197  -0.0061   0.0095  20.00    1.0 8516408

[TCP数据流] 2025/11/16 18:33:02 - 浮点解 (23颗卫星)
  ECEF: X=-1430956.6142 Y=5572572.4689 Z=2748133.1232
  LLH:  Lat=25.681735246° Lon=104.401574088° H=1856.7128m
  原始数据:
2025/11/16 10:33:20.000   25.681735246  104.401574088  1856.7128   2  23   0.0178   0.0343   0.0177  -0.0197  -0.0061   0.0095  21.00    1.0 8516408

[TCP数据流] 2025/11/16 18:33:03 - 浮点解 (23颗卫星)
  ECEF: X=-1430956.6150 Y=5572572.4680 Z=2748133.1214
  LLH:  Lat=25.681735234° Lon=104.401574098° H=1856.7114m
  原始数据:
2025/11/16 10:33:21.000   25.681735234  104.401574098  1856.7114   2  23   0.0178   0.0343   0.0177  -0.0197  -0.0061   0.0095  22.00    1.0 8516408

[TCP数据流] 2025/11/16 18:33:04 - 浮点解 (23颗卫星)
  ECEF: X=-1430956.6151 Y=5572572.4671 Z=2748133.1199
  LLH:  Lat=25.681735225° Lon=104.401574101° H=1856.7100m
  原始数据:
2025/11/16 10:33:22.000   25.681735225  104.401574101  1856.7100   2  23   0.0178   0.0342   0.0177  -0.0196  -0.0061   0.0095  23.00    1.0 8516408

[TCP数据流] 2025/11/16 18:33:05 - 浮点解 (23颗卫星)
  ECEF: X=-1430956.6148 Y=5572572.4663 Z=2748133.1184
  LLH:  Lat=25.681735217° Lon=104.401574101° H=1856.7086m
  原始数据:
2025/11/16 10:33:23.000   25.681735217  104.401574101  1856.7086   2  23   0.0178   0.0342   0.0176  -0.0196  -0.0061   0.0095  24.00    1.0 8516408

[TCP数据流] 2025/11/16 18:33:06 - 浮点解 (23颗卫星)
  ECEF: X=-1430956.6148 Y=5572572.4654 Z=2748133.1169
  LLH:  Lat=25.681735208° Lon=104.401574103° H=1856.7072m
  原始数据:
2025/11/16 10:33:24.000   25.681735208  104.401574103  1856.7072   2  23   0.0177   0.0341   0.0176  -0.0196  -0.0061   0.0095  25.00    1.0 8516408

[TCP数据流] 2025/11/16 18:33:07 - 浮点解 (23颗卫星)
  ECEF: X=-1430956.6155 Y=5572572.4645 Z=2748133.1150
  LLH:  Lat=25.681735195° Lon=104.401574112° H=1856.7057m
  原始数据:
2025/11/16 10:33:25.000   25.681735195  104.401574112  1856.7057   2  23   0.0177   0.0341   0.0176  -0.0196  -0.0061   0.0095  26.00    1.0 8516408

[TCP数据流] 2025/11/16 18:33:08 - 浮点解 (23颗卫星)
  ECEF: X=-1430956.6162 Y=5572572.4635 Z=2748133.1133
  LLH:  Lat=25.681735184° Lon=104.401574121° H=1856.7043m
  原始数据:
2025/11/16 10:33:26.000   25.681735184  104.401574121  1856.7043   2  23   0.0177   0.0341   0.0176  -0.0196  -0.0061   0.0095  27.00    1.1 8516408

[TCP数据流] 2025/11/16 18:33:09 - 浮点解 (23颗卫星)
  ECEF: X=-1430956.6171 Y=5572572.4626 Z=2748133.1115
  LLH:  Lat=25.681735172° Lon=104.401574132° H=1856.7029m
  原始数据:
2025/11/16 10:33:27.000   25.681735172  104.401574132  1856.7029   2  23   0.0177   0.0340   0.0176  -0.0195  -0.0061   0.0095  28.00    1.0 8516408

[TCP数据流] 2025/11/16 18:33:10 - 固定解 (12颗卫星)
  ECEF: X=-1430956.0364 Y=5572572.5335 Z=2748133.3377
  LLH:  Lat=25.681737308° Lon=104.401568355° H=1856.7327m
  原始数据:
2025/11/16 10:33:28.000   25.681737308  104.401568355  1856.7327   1  12   0.0044   0.0024   0.0129   0.0023  -0.0047  -0.0065  29.00    3.0 8516408

[TCP数据流] 2025/11/16 18:33:11 - 浮点解 (23颗卫星)
  ECEF: X=-1430956.6172 Y=5572572.4618 Z=2748133.1099
  LLH:  Lat=25.681735162° Lon=104.401574135° H=1856.7015m
  原始数据:
2025/11/16 10:33:29.000   25.681735162  104.401574135  1856.7015   2  23   0.0177   0.0340   0.0176  -0.0195  -0.0061   0.0095  30.00    3.0 8516408

[TCP数据流] 2025/11/16 18:33:41 - 浮点解 (24颗卫星)
  ECEF: X=-1430956.6145 Y=5572572.4596 Z=2748133.1162
  LLH:  Lat=25.681735224° Lon=104.401574114° H=1856.7017m
  原始数据:
2025/11/16 10:33:59.000   25.681735224  104.401574114  1856.7017   2  24   0.0175   0.0338   0.0173  -0.0195  -0.0062   0.0094   0.00    2.6 8516408

[TCP数据流] 2025/11/16 18:33:42 - 浮点解 (24颗卫星)
  ECEF: X=-1430956.6104 Y=5572572.4567 Z=2748133.1201
  LLH:  Lat=25.681735271° Lon=104.401574082° H=1856.7000m
  原始数据:
2025/11/16 10:34:00.000   25.681735271  104.401574082  1856.7000   2  24   0.0174   0.0337   0.0171  -0.0195  -0.0063   0.0093   1.00    2.7 8516408

[TCP数据流] 2025/11/16 18:33:43 - 浮点解 (24颗卫星)
  ECEF: X=-1430956.6089 Y=5572572.4545 Z=2748133.1219
  LLH:  Lat=25.681735295° Lon=104.401574073° H=1856.6985m
  原始数据:
2025/11/16 10:34:01.000   25.681735295  104.401574073  1856.6985   2  24   0.0173   0.0335   0.0168  -0.0195  -0.0064   0.0093   0.00    2.8 8516408

[TCP数据流] 2025/11/16 18:33:44 - 浮点解 (24颗卫星)
  ECEF: X=-1430956.6075 Y=5572572.4526 Z=2748133.1228
  LLH:  Lat=25.681735311° Lon=104.401574064° H=1856.6969m
  原始数据:
2025/11/16 10:34:02.000   25.681735311  104.401574064  1856.6969   2  24   0.0172   0.0334   0.0166  -0.0194  -0.0065   0.0092   1.00    2.9 8516408

[TCP数据流] 2025/11/16 18:33:45 - 固定解 (24颗卫星)
  ECEF: X=-1430956.0329 Y=5572572.5202 Z=2748133.3441
  LLH:  Lat=25.681737414° Lon=104.401568354° H=1856.7230m
  原始数据:
2025/11/16 10:34:03.000   25.681737414  104.401568354  1856.7230   1  24   0.0074   0.0028   0.0141  -0.0024  -0.0056   0.0030   1.00    3.0 8516408

[TCP数据流] 2025/11/16 18:33:46 - 固定解 (24颗卫星)
  ECEF: X=-1430956.0325 Y=5572572.5181 Z=2748133.3442
  LLH:  Lat=25.681737423° Lon=104.401568355° H=1856.7212m
  原始数据:
2025/11/16 10:34:04.000   25.681737423  104.401568355  1856.7212   1  24   0.0073   0.0028   0.0139  -0.0024  -0.0055   0.0030   2.00    3.1 8516408

[TCP数据流] 2025/11/16 18:33:47 - 固定解 (24颗卫星)
  ECEF: X=-1430956.0322 Y=5572572.5166 Z=2748133.3446
  LLH:  Lat=25.681737432° Lon=104.401568356° H=1856.7199m
  原始数据:
2025/11/16 10:34:05.000   25.681737432  104.401568356  1856.7199   1  24   0.0073   0.0028   0.0138  -0.0024  -0.0055   0.0030   3.00    3.1 8516408

[TCP数据流] 2025/11/16 18:33:48 - 固定解 (24颗卫星)
  ECEF: X=-1430956.0320 Y=5572572.5152 Z=2748133.3446
  LLH:  Lat=25.681737438° Lon=104.401568358° H=1856.7187m
  原始数据:
2025/11/16 10:34:06.000   25.681737438  104.401568358  1856.7187   1  24   0.0072   0.0028   0.0136  -0.0024  -0.0055   0.0030   4.00    3.1 8516408

[TCP数据流] 2025/11/16 18:33:49 - 固定解 (24颗卫星)
  ECEF: X=-1430956.0319 Y=5572572.5142 Z=2748133.3450
  LLH:  Lat=25.681737445° Lon=104.401568359° H=1856.7180m
  原始数据:
2025/11/16 10:34:07.000   25.681737445  104.401568359  1856.7180   1  24   0.0071   0.0028   0.0136  -0.0024  -0.0054   0.0030   5.00    3.1 8516408

[TCP数据流] 2025/11/16 18:33:50 - 固定解 (24颗卫星)
  ECEF: X=-1430956.0323 Y=5572572.5149 Z=2748133.3393
  LLH:  Lat=25.681737395° Lon=104.401568361° H=1856.7162m
  原始数据:
2025/11/16 10:34:08.000   25.681737395  104.401568361  1856.7162   1  24   0.0043   0.0022   0.0117   0.0018  -0.0043  -0.0054   6.00    3.6 8516408

[TCP数据流] 2025/11/16 18:33:51 - 固定解 (24颗卫星)
  ECEF: X=-1430956.0322 Y=5572572.5138 Z=2748133.3388
  LLH:  Lat=25.681737396° Lon=104.401568363° H=1856.7150m
  原始数据:
2025/11/16 10:34:09.000   25.681737396  104.401568363  1856.7150   1  24   0.0042   0.0022   0.0116   0.0018  -0.0042  -0.0054   7.00    3.6 8516408

[TCP数据流] 2025/11/16 18:33:52 - 固定解 (24颗卫星)
  ECEF: X=-1430956.0322 Y=5572572.5132 Z=2748133.3386
  LLH:  Lat=25.681737396° Lon=104.401568365° H=1856.7144m
  原始数据:
2025/11/16 10:34:10.000   25.681737396  104.401568365  1856.7144   1  24   0.0042   0.0022   0.0116   0.0018  -0.0042  -0.0054   8.00    3.5 8516408

[TCP数据流] 2025/11/16 18:33:53 - 固定解 (24颗卫星)
  ECEF: X=-1430956.0383 Y=5572572.5677 Z=2748133.3478
  LLH:  Lat=25.681737259° Lon=104.401568289° H=1856.7673m
  原始数据:
2025/11/16 10:34:11.000   25.681737259  104.401568289  1856.7673   1  24   0.0019   0.0012   0.0038  -0.0008   0.0012   0.0007   9.00    3.8 8516408

[TCP数据流] 2025/11/16 18:33:54 - 固定解 (24颗卫星)
  ECEF: X=-1430956.0384 Y=5572572.5678 Z=2748133.3484
  LLH:  Lat=25.681737263° Lon=104.401568289° H=1856.7677m
  原始数据:
2025/11/16 10:34:12.000   25.681737263  104.401568289  1856.7677   1  24   0.0019   0.0012   0.0037  -0.0008   0.0012   0.0007  10.00    3.9 8516408

[TCP数据流] 2025/11/16 18:33:55 - 固定解 (24颗卫星)
  ECEF: X=-1430956.0409 Y=5572572.5702 Z=2748133.3384
  LLH:  Lat=25.681737170° Lon=104.401568307° H=1856.7660m
  原始数据:
2025/11/16 10:34:13.000   25.681737170  104.401568307  1856.7660   1  24   0.0015   0.0012   0.0037  -0.0007   0.0012   0.0004  11.00    3.6 8516408

[TCP数据流] 2025/11/16 18:33:56 - 固定解 (24颗卫星)
  ECEF: X=-1430956.0408 Y=5572572.5704 Z=2748133.3393
  LLH:  Lat=25.681737177° Lon=104.401568306° H=1856.7666m
  原始数据:
2025/11/16 10:34:14.000   25.681737177  104.401568306  1856.7666   1  24   0.0015   0.0012   0.0037  -0.0007   0.0012   0.0004  12.00    3.6 8516408

[TCP数据流] 2025/11/16 18:33:57 - 固定解 (24颗卫星)
  ECEF: X=-1430956.0408 Y=5572572.5705 Z=2748133.3401
  LLH:  Lat=25.681737183° Lon=104.401568306° H=1856.7670m
  原始数据:
2025/11/16 10:34:15.000   25.681737183  104.401568306  1856.7670   1  24   0.0015   0.0012   0.0037  -0.0007   0.0012   0.0003  13.00    3.6 8516408

[TCP数据流] 2025/11/16 18:33:58 - 固定解 (24颗卫星)
  ECEF: X=-1430956.0407 Y=5572572.5706 Z=2748133.3409
  LLH:  Lat=25.681737189° Lon=104.401568305° H=1856.7674m
  原始数据:
2025/11/16 10:34:16.000   25.681737189  104.401568305  1856.7674   1  24   0.0015   0.0012   0.0037  -0.0007   0.0012   0.0003  14.00    3.7 8516408

[TCP数据流] 2025/11/16 18:33:59 - 固定解 (24颗卫星)
  ECEF: X=-1430956.0407 Y=5572572.5707 Z=2748133.3416
  LLH:  Lat=25.681737195° Lon=104.401568304° H=1856.7678m
  原始数据:
2025/11/16 10:34:17.000   25.681737195  104.401568304  1856.7678   1  24   0.0015   0.0012   0.0037  -0.0006   0.0012   0.0003  15.00    3.7 8516408

[TCP数据流] 2025/11/16 18:34:00 - 固定解 (24颗卫星)
  ECEF: X=-1430956.0407 Y=5572572.5708 Z=2748133.3423
  LLH:  Lat=25.681737200° Lon=104.401568304° H=1856.7682m
  原始数据:
2025/11/16 10:34:18.000   25.681737200  104.401568304  1856.7682   1  24   0.0014   0.0012   0.0037  -0.0006   0.0012   0.0003  16.00    3.7 8516408

[TCP数据流] 2025/11/16 18:34:01 - 固定解 (24颗卫星)
  ECEF: X=-1430956.0406 Y=5572572.5710 Z=2748133.3430
  LLH:  Lat=25.681737205° Lon=104.401568303° H=1856.7686m
  原始数据:
2025/11/16 10:34:19.000   25.681737205  104.401568303  1856.7686   1  24   0.0014   0.0012   0.0037  -0.0006   0.0012   0.0003  17.00    3.7 8516408

[TCP数据流] 2025/11/16 18:34:02 - 固定解 (24颗卫星)
  ECEF: X=-1430956.0406 Y=5572572.5710 Z=2748133.3436
  LLH:  Lat=25.681737210° Lon=104.401568303° H=1856.7689m
  原始数据:
2025/11/16 10:34:20.000   25.681737210  104.401568303  1856.7689   1  24   0.0014   0.0012   0.0037  -0.0006   0.0012   0.0002  18.00    3.7 8516408

[TCP数据流] 2025/11/16 18:34:03 - 固定解 (24颗卫星)
  ECEF: X=-1430956.0447 Y=5572572.5772 Z=2748133.3461
  LLH:  Lat=25.681737203° Lon=104.401568327° H=1856.7763m
  原始数据:
2025/11/16 10:34:21.000   25.681737203  104.401568327  1856.7763   1  24   0.0014   0.0009   0.0029  -0.0003  -0.0005   0.0010  19.00    3.8 8516408

[TCP数据流] 2025/11/16 18:34:04 - 固定解 (25颗卫星)
  ECEF: X=-1430956.0447 Y=5572572.5774 Z=2748133.3467
  LLH:  Lat=25.681737207° Lon=104.401568326° H=1856.7767m
  原始数据:
2025/11/16 10:34:22.000   25.681737207  104.401568326  1856.7767   1  25   0.0014   0.0009   0.0029  -0.0003  -0.0005   0.0010  20.00    3.8 8516408

[TCP数据流] 2025/11/16 18:34:05 - 固定解 (25颗卫星)
  ECEF: X=-1430956.0447 Y=5572572.5775 Z=2748133.3474
  LLH:  Lat=25.681737212° Lon=104.401568326° H=1856.7771m
  原始数据:
2025/11/16 10:34:23.000   25.681737212  104.401568326  1856.7771   1  25   0.0014   0.0009   0.0029  -0.0003  -0.0005   0.0010  21.00    5.8 8516408

[TCP数据流] 2025/11/16 18:34:06 - 固定解 (25颗卫星)
  ECEF: X=-1430956.0447 Y=5572572.5776 Z=2748133.3479
  LLH:  Lat=25.681737216° Lon=104.401568326° H=1856.7774m
  原始数据:
2025/11/16 10:34:24.000   25.681737216  104.401568326  1856.7774   1  25   0.0014   0.0009   0.0029  -0.0003  -0.0005   0.0010  22.00    6.8 8516408

[TCP数据流] 2025/11/16 18:34:07 - 固定解 (25颗卫星)
  ECEF: X=-1430956.0448 Y=5572572.5778 Z=2748133.3484
  LLH:  Lat=25.681737219° Lon=104.401568326° H=1856.7778m
  原始数据:
2025/11/16 10:34:25.000   25.681737219  104.401568326  1856.7778   1  25   0.0014   0.0009   0.0029  -0.0003  -0.0005   0.0010  23.00    7.5 8516408

[TCP数据流] 2025/11/16 18:34:08 - 固定解 (25颗卫星)
  ECEF: X=-1430956.0395 Y=5572572.5697 Z=2748133.3336
  LLH:  Lat=25.681737134° Lon=104.401568295° H=1856.7632m
  原始数据:
2025/11/16 10:34:26.000   25.681737134  104.401568295  1856.7632   1  25   0.0013   0.0009   0.0028  -0.0004  -0.0006   0.0008  24.00    3.2 8516408

[TCP数据流] 2025/11/16 18:34:09 - 固定解 (25颗卫星)
  ECEF: X=-1430956.0394 Y=5572572.5696 Z=2748133.3336
  LLH:  Lat=25.681737135° Lon=104.401568294° H=1856.7631m
  原始数据:
2025/11/16 10:34:27.000   25.681737135  104.401568294  1856.7631   1  25   0.0013   0.0009   0.0028  -0.0004  -0.0006   0.0008  25.00    3.1 8516408

[TCP数据流] 2025/11/16 18:34:11 - 固定解 (25颗卫星)
  ECEF: X=-1430956.0392 Y=5572572.5695 Z=2748133.3337
  LLH:  Lat=25.681737136° Lon=104.401568293° H=1856.7630m
  原始数据:
2025/11/16 10:34:29.000   25.681737136  104.401568293  1856.7630   1  25   0.0013   0.0009   0.0028  -0.0004  -0.0006   0.0007  27.00    3.0 8516408

[TCP数据流] 2025/11/16 18:34:12 - 浮点解 (25颗卫星)
  ECEF: X=-1430956.0956 Y=5572572.4917 Z=2748133.3113
  LLH:  Lat=25.681737194° Lon=104.401569030° H=1856.6980m
  原始数据:
2025/11/16 10:34:30.000   25.681737194  104.401569030  1856.6980   2  25   0.0072   0.0117   0.0136  -0.0032  -0.0021   0.0025  28.00    2.9 8516408

[TCP数据流] 2025/11/16 18:34:13 - 浮点解 (25颗卫星)
  ECEF: X=-1430956.0955 Y=5572572.4911 Z=2748133.3110
  LLH:  Lat=25.681737194° Lon=104.401569030° H=1856.6973m
  原始数据:
2025/11/16 10:34:31.000   25.681737194  104.401569030  1856.6973   2  25   0.0072   0.0117   0.0136  -0.0032  -0.0021   0.0025  29.00    1.1 8516408

[TCP数据流] 2025/11/16 18:34:14 - 浮点解 (25颗卫星)
  ECEF: X=-1430956.0953 Y=5572572.4904 Z=2748133.3105
  LLH:  Lat=25.681737193° Lon=104.401569030° H=1856.6965m
  原始数据:
2025/11/16 10:34:32.000   25.681737193  104.401569030  1856.6965   2  25   0.0072   0.0117   0.0136  -0.0032  -0.0021   0.0025  30.00    1.0 8516408

[TCP数据流] 2025/11/16 18:35:15 - 固定解 (25颗卫星)
  ECEF: X=-1430956.0437 Y=5572572.5816 Z=2748133.3511
  LLH:  Lat=25.681737228° Lon=104.401568306° H=1856.7821m
  原始数据:
2025/11/16 10:35:33.000   25.681737228  104.401568306  1856.7821   1  25   0.0039   0.0020   0.0061  -0.0020  -0.0030   0.0043   0.00    7.1 8516408

[TCP数据流] 2025/11/16 18:35:16 - 固定解 (25颗卫星)
  ECEF: X=-1430956.0437 Y=5572572.5817 Z=2748133.3504
  LLH:  Lat=25.681737222° Lon=104.401568306° H=1856.7819m
  原始数据:
2025/11/16 10:35:34.000   25.681737222  104.401568306  1856.7819   1  25   0.0038   0.0020   0.0060  -0.0019  -0.0030   0.0042   0.00    7.6 8516408

[TCP数据流] 2025/11/16 18:35:17 - 固定解 (25颗卫星)
  ECEF: X=-1430956.0438 Y=5572572.5816 Z=2748133.3501
  LLH:  Lat=25.681737219° Lon=104.401568307° H=1856.7817m
  原始数据:
2025/11/16 10:35:35.000   25.681737219  104.401568307  1856.7817   1  25   0.0037   0.0020   0.0060  -0.0019  -0.0030   0.0041   1.00    8.2 8516408

[TCP数据流] 2025/11/16 18:35:18 - 固定解 (25颗卫星)
  ECEF: X=-1430956.0439 Y=5572572.5816 Z=2748133.3496
  LLH:  Lat=25.681737215° Lon=104.401568308° H=1856.7815m
  原始数据:
2025/11/16 10:35:36.000   25.681737215  104.401568308  1856.7815   1  25   0.0037   0.0020   0.0059  -0.0019  -0.0029   0.0041   2.00    8.5 8516408

[TCP数据流] 2025/11/16 18:35:19 - 固定解 (25颗卫星)
  ECEF: X=-1430956.0440 Y=5572572.5817 Z=2748133.3492
  LLH:  Lat=25.681737212° Lon=104.401568309° H=1856.7814m
  原始数据:
2025/11/16 10:35:37.000   25.681737212  104.401568309  1856.7814   1  25   0.0036   0.0020   0.0059  -0.0018  -0.0029   0.0040   3.00    8.8 8516408

[TCP数据流] 2025/11/16 18:35:20 - 固定解 (25颗卫星)
  ECEF: X=-1430956.0452 Y=5572572.5765 Z=2748133.3421
  LLH:  Lat=25.681737172° Lon=104.401568333° H=1856.7741m
  原始数据:
2025/11/16 10:35:38.000   25.681737172  104.401568333  1856.7741   1  25   0.0030   0.0016   0.0049  -0.0011  -0.0022   0.0031   4.00   10.5 8516408

[TCP数据流] 2025/11/16 18:35:21 - 固定解 (25颗卫星)
  ECEF: X=-1430956.0449 Y=5572572.5741 Z=2748133.3371
  LLH:  Lat=25.681737141° Lon=104.401568336° H=1856.7697m
  原始数据:
2025/11/16 10:35:39.000   25.681737141  104.401568336  1856.7697   1  25   0.0022   0.0015   0.0037  -0.0004  -0.0018   0.0019   5.00   11.7 8516408

[TCP数据流] 2025/11/16 18:35:23 - 固定解 (24颗卫星)
  ECEF: X=-1430956.0447 Y=5572572.5758 Z=2748133.3394
  LLH:  Lat=25.681737153° Lon=104.401568330° H=1856.7722m
  原始数据:
2025/11/16 10:35:41.000   25.681737153  104.401568330  1856.7722   1  24   0.0017   0.0014   0.0033   0.0008  -0.0015   0.0005   7.00   15.3 8516408

[TCP数据流] 2025/11/16 18:35:24 - 固定解 (24颗卫星)
  ECEF: X=-1430956.0446 Y=5572572.5762 Z=2748133.3403
  LLH:  Lat=25.681737159° Lon=104.401568328° H=1856.7729m
  原始数据:
2025/11/16 10:35:42.000   25.681737159  104.401568328  1856.7729   1  24   0.0017   0.0014   0.0033   0.0008  -0.0015   0.0005   8.00   15.1 8516408

[TCP数据流] 2025/11/16 18:35:25 - 固定解 (24颗卫星)
  ECEF: X=-1430956.0457 Y=5572572.5725 Z=2748133.3245
  LLH:  Lat=25.681737044° Lon=104.401568348° H=1856.7631m
  原始数据:
2025/11/16 10:35:43.000   25.681737044  104.401568348  1856.7631   1  24   0.0013   0.0008   0.0028  -0.0003  -0.0005   0.0010   9.00    5.8 8516408

[TCP数据流] 2025/11/16 18:35:26 - 固定解 (24颗卫星)
  ECEF: X=-1430956.0457 Y=5572572.5729 Z=2748133.3257
  LLH:  Lat=25.681737052° Lon=104.401568347° H=1856.7639m
  原始数据:
2025/11/16 10:35:44.000   25.681737052  104.401568347  1856.7639   1  24   0.0013   0.0008   0.0027  -0.0003  -0.0005   0.0009  10.00    5.9 8516408

[TCP数据流] 2025/11/16 18:35:27 - 固定解 (24颗卫星)
  ECEF: X=-1430956.0457 Y=5572572.5732 Z=2748133.3268
  LLH:  Lat=25.681737060° Lon=104.401568346° H=1856.7647m
  原始数据:
2025/11/16 10:35:45.000   25.681737060  104.401568346  1856.7647   1  24   0.0013   0.0008   0.0027  -0.0003  -0.0005   0.0009  11.00    6.0 8516408

[TCP数据流] 2025/11/16 18:35:28 - 固定解 (24颗卫星)
  ECEF: X=-1430956.0456 Y=5572572.5735 Z=2748133.3278
  LLH:  Lat=25.681737067° Lon=104.401568345° H=1856.7654m
  原始数据:
2025/11/16 10:35:46.000   25.681737067  104.401568345  1856.7654   1  24   0.0013   0.0008   0.0027  -0.0003  -0.0005   0.0009  12.00    6.1 8516408

[TCP数据流] 2025/11/16 18:35:29 - 固定解 (24颗卫星)
  ECEF: X=-1430956.0452 Y=5572572.5731 Z=2748133.3276
  LLH:  Lat=25.681737067° Lon=104.401568342° H=1856.7648m
  原始数据:
2025/11/16 10:35:47.000   25.681737067  104.401568342  1856.7648   1  24   0.0012   0.0008   0.0026  -0.0004  -0.0006   0.0007  13.00    7.3 8516408

========== RTKRCV 退出 ==========
时间: 2025-11-16T10:35:29.990Z
退出码: 0
信号: null
================================

