
========== RTKRCV 启动 ==========
时间: 2025-11-16T10:02:40.459Z
配置文件: 8516419.conf
进程 PID: 3569459
================================


[TCP数据流] 2025/11/16 18:03:05 - 浮点解 (30颗卫星)
  ECEF: X=-1764717.9261 Y=5484708.0998 Z=2728837.9423
  LLH:  Lat=25.492504904° Lon=107.835703264° H=968.5164m
  原始数据:
2025/11/16 10:03:23.000   25.492504904  107.835703264   968.5164   2  30   0.6687   0.6478   1.8231  -0.2531   0.2050  -0.4992   0.00    0.0 8516419

[TCP数据流] 2025/11/16 18:03:06 - 浮点解 (30颗卫星)
  ECEF: X=-1764717.8366 Y=5484708.0783 Z=2728837.9392
  LLH:  Lat=25.492505065° Lon=107.835702482° H=968.4718m
  原始数据:
2025/11/16 10:03:24.000   25.492505065  107.835702482   968.4718   2  30   0.4884   0.4693   1.3120  -0.1839   0.1449  -0.3633   0.00    0.0 8516419

[TCP数据流] 2025/11/16 18:03:07 - 浮点解 (30颗卫星)
  ECEF: X=-1764717.8327 Y=5484708.1248 Z=2728837.9506
  LLH:  Lat=25.492504990° Lon=107.835702304° H=968.5156m
  原始数据:
2025/11/16 10:03:25.000   25.492504990  107.835702304   968.5156   2  30   0.4031   0.3864   1.0767  -0.1515   0.1177  -0.2994   0.00    0.0 8516419

[TCP数据流] 2025/11/16 18:03:08 - 浮点解 (30颗卫星)
  ECEF: X=-1764717.8233 Y=5484708.1814 Z=2728837.9359
  LLH:  Lat=25.492504672° Lon=107.835702042° H=968.5553m
  原始数据:
2025/11/16 10:03:26.000   25.492504672  107.835702042   968.5553   2  30   0.3511   0.3366   0.9364  -0.1317   0.1063  -0.2602   1.00    0.0 8516419

[TCP数据流] 2025/11/16 18:03:09 - 浮点解 (30颗卫星)
  ECEF: X=-1764717.8716 Y=5484708.1921 Z=2728837.9134
  LLH:  Lat=25.492504392° Lon=107.835702467° H=968.5682m
  原始数据:
2025/11/16 10:03:27.000   25.492504392  107.835702467   968.5682   2  30   0.3147   0.3015   0.8365  -0.1177   0.0953  -0.2332   0.00    0.0 8516419

[TCP数据流] 2025/11/16 18:03:10 - 浮点解 (30颗卫星)
  ECEF: X=-1764717.8638 Y=5484708.1745 Z=2728837.8825
  LLH:  Lat=25.492504215° Lon=107.835702447° H=968.5376m
  原始数据:
2025/11/16 10:03:28.000   25.492504215  107.835702447   968.5376   2  30   0.2878   0.2756   0.7624  -0.1076   0.0860  -0.2129   0.00    0.0 8516419

[TCP数据流] 2025/11/16 18:03:11 - 浮点解 (23颗卫星)
  ECEF: X=-1764717.9076 Y=5484708.1341 Z=2728837.7840
  LLH:  Lat=25.492503509° Lon=107.835702984° H=968.4726m
  原始数据:
2025/11/16 10:03:29.000   25.492503509  107.835702984   968.4726   2  23   0.2726   0.2591   0.7226  -0.1007   0.0819  -0.2087   1.00    0.0 8516419

[TCP数据流] 2025/11/16 18:03:12 - 浮点解 (30颗卫星)
  ECEF: X=-1764717.8863 Y=5484708.0594 Z=2728837.7132
  LLH:  Lat=25.492503234° Lon=107.835703010° H=968.3720m
  原始数据:
2025/11/16 10:03:30.000   25.492503234  107.835703010   968.3720   2  30   0.2544   0.2423   0.6726  -0.0941   0.0775  -0.1935   2.00    0.0 8516419

[TCP数据流] 2025/11/16 18:03:13 - 浮点解 (30颗卫星)
  ECEF: X=-1764717.8616 Y=5484707.9964 Z=2728837.6540
  LLH:  Lat=25.492503014° Lon=107.835702968° H=968.2856m
  原始数据:
2025/11/16 10:03:31.000   25.492503014  107.835702968   968.2856   2  30   0.2394   0.2284   0.6313  -0.0886   0.0736  -0.1811   3.00    0.0 8516419

[TCP数据流] 2025/11/16 18:03:14 - 浮点解 (30颗卫星)
  ECEF: X=-1764717.8161 Y=5484707.8966 Z=2728837.5807
  LLH:  Lat=25.492502840° Lon=107.835702842° H=968.1557m
  原始数据:
2025/11/16 10:03:32.000   25.492502840  107.835702842   968.1557   2  30   0.2267   0.2167   0.5965  -0.0840   0.0703  -0.1707   4.00    0.0 8516419

[TCP数据流] 2025/11/16 18:03:15 - 浮点解 (30颗卫星)
  ECEF: X=-1764717.8050 Y=5484707.7926 Z=2728837.5062
  LLH:  Lat=25.492502631° Lon=107.835703053° H=968.0312m
  原始数据:
2025/11/16 10:03:33.000   25.492502631  107.835703053   968.0312   2  30   0.2158   0.2066   0.5667  -0.0800   0.0673  -0.1619   5.00    0.0 8516419

[TCP数据流] 2025/11/16 18:03:16 - 浮点解 (30颗卫星)
  ECEF: X=-1764717.7933 Y=5484707.7277 Z=2728837.4541
  LLH:  Lat=25.492502461° Lon=107.835703140° H=967.9498m
  原始数据:
2025/11/16 10:03:34.000   25.492502461  107.835703140   967.9498   2  30   0.2064   0.1977   0.5407  -0.0765   0.0647  -0.1543   6.00    0.0 8516419

[TCP数据流] 2025/11/16 18:03:17 - 浮点解 (30颗卫星)
  ECEF: X=-1764717.7609 Y=5484707.6232 Z=2728837.3707
  LLH:  Lat=25.492502206° Lon=107.835703152° H=967.8151m
  原始数据:
2025/11/16 10:03:35.000   25.492502206  107.835703152   967.8151   2  30   0.1981   0.1900   0.5180  -0.0734   0.0624  -0.1477   7.00    0.0 8516419

[TCP数据流] 2025/11/16 18:03:18 - 浮点解 (30颗卫星)
  ECEF: X=-1764717.7255 Y=5484707.4725 Z=2728837.2684
  LLH:  Lat=25.492501972° Lon=107.835703276° H=967.6318m
  原始数据:
2025/11/16 10:03:36.000   25.492501972  107.835703276   967.6318   2  30   0.1907   0.1830   0.4978  -0.0707   0.0603  -0.1418   8.00    0.0 8516419

[TCP数据流] 2025/11/16 18:03:19 - 浮点解 (23颗卫星)
  ECEF: X=-1764717.7029 Y=5484707.4493 Z=2728837.2502
  LLH:  Lat=25.492501937° Lon=107.835703132° H=967.5978m
  原始数据:
2025/11/16 10:03:37.000   25.492501937  107.835703132   967.5978   2  23   0.1857   0.1778   0.4838  -0.0687   0.0613  -0.1378   9.00    0.0 8516419

[TCP数据流] 2025/11/16 18:03:20 - 浮点解 (30颗卫星)
  ECEF: X=-1764717.6749 Y=5484707.3417 Z=2728837.1751
  LLH:  Lat=25.492501756° Lon=107.835703195° H=967.4653m
  原始数据:
2025/11/16 10:03:38.000   25.492501756  107.835703195   967.4653   2  30   0.1796   0.1721   0.4671  -0.0664   0.0592  -0.1330  10.00    1.0 8516419

[TCP数据流] 2025/11/16 18:03:21 - 浮点解 (30颗卫星)
  ECEF: X=-1764717.6339 Y=5484707.1942 Z=2728837.0796
  LLH:  Lat=25.492501572° Lon=107.835703256° H=967.2861m
  原始数据:
2025/11/16 10:03:39.000   25.492501572  107.835703256   967.2861   2  30   0.1740   0.1669   0.4519  -0.0644   0.0574  -0.1286  11.00    1.1 8516419

[TCP数据流] 2025/11/16 18:03:22 - 浮点解 (30颗卫星)
  ECEF: X=-1764717.6146 Y=5484707.1218 Z=2728837.0234
  LLH:  Lat=25.492501405° Lon=107.835703294° H=967.1944m
  原始数据:
2025/11/16 10:03:40.000   25.492501405  107.835703294   967.1944   2  30   0.1689   0.1621   0.4381  -0.0625   0.0557  -0.1246  12.00    1.3 8516419

[TCP数据流] 2025/11/16 18:03:23 - 浮点解 (30颗卫星)
  ECEF: X=-1764717.5871 Y=5484706.9974 Z=2728836.9392
  LLH:  Lat=25.492501212° Lon=107.835703412° H=967.0437m
  原始数据:
2025/11/16 10:03:41.000   25.492501212  107.835703412   967.0437   2  30   0.1642   0.1577   0.4255  -0.0608   0.0542  -0.1210  13.00    1.0 8516419

[TCP数据流] 2025/11/16 18:03:24 - 浮点解 (30颗卫星)
  ECEF: X=-1764717.5636 Y=5484706.9384 Z=2728836.8873
  LLH:  Lat=25.492501035° Lon=107.835703370° H=966.9641m
  原始数据:
2025/11/16 10:03:42.000   25.492501035  107.835703370   966.9641   2  30   0.1599   0.1537   0.4138  -0.0592   0.0527  -0.1177  14.00    1.0 8516419

[TCP数据流] 2025/11/16 18:03:25 - 浮点解 (30颗卫星)
  ECEF: X=-1764717.5476 Y=5484706.8567 Z=2728836.8220
  LLH:  Lat=25.492500824° Lon=107.835703467° H=966.8614m
  原始数据:
2025/11/16 10:03:43.000   25.492500824  107.835703467   966.8614   2  30   0.1560   0.1500   0.4031  -0.0578   0.0514  -0.1146  15.00    1.2 8516419

[TCP数据流] 2025/11/16 18:03:26 - 浮点解 (30颗卫星)
  ECEF: X=-1764717.5482 Y=5484706.8413 Z=2728836.7986
  LLH:  Lat=25.492500690° Lon=107.835703520° H=966.8383m
  原始数据:
2025/11/16 10:03:44.000   25.492500690  107.835703520   966.8383   2  30   0.1523   0.1465   0.3931  -0.0564   0.0502  -0.1117  16.00    1.0 8516419

[TCP数据流] 2025/11/16 18:03:27 - 浮点解 (30颗卫星)
  ECEF: X=-1764717.5408 Y=5484706.7913 Z=2728836.7609
  LLH:  Lat=25.492500576° Lon=107.835703602° H=966.7770m
  原始数据:
2025/11/16 10:03:45.000   25.492500576  107.835703602   966.7770   2  30   0.1488   0.1432   0.3839  -0.0551   0.0491  -0.1091  17.00    1.0 8516419

[TCP数据流] 2025/11/16 18:03:28 - 浮点解 (23颗卫星)
  ECEF: X=-1764717.5120 Y=5484706.7160 Z=2728836.7048
  LLH:  Lat=25.492500432° Lon=107.835703559° H=966.6802m
  原始数据:
2025/11/16 10:03:46.000   25.492500432  107.835703559   966.6802   2  23   0.1465   0.1407   0.3779  -0.0541   0.0482  -0.1084  18.00    1.0 8516419

[TCP数据流] 2025/11/16 18:03:29 - 浮点解 (30颗卫星)
  ECEF: X=-1764717.5166 Y=5484706.6428 Z=2728836.6643
  LLH:  Lat=25.492500367° Lon=107.835703825° H=966.6012m
  原始数据:
2025/11/16 10:03:47.000   25.492500367  107.835703825   966.6012   2  30   0.1434   0.1378   0.3696  -0.0530   0.0472  -0.1060  19.00    1.1 8516419

[TCP数据流] 2025/11/16 18:03:30 - 浮点解 (30颗卫星)
  ECEF: X=-1764717.5129 Y=5484706.6117 Z=2728836.6387
  LLH:  Lat=25.492500278° Lon=107.835703885° H=966.5624m
  原始数据:
2025/11/16 10:03:48.000   25.492500278  107.835703885   966.5624   2  30   0.1406   0.1351   0.3618  -0.0520   0.0463  -0.1037  20.00    1.0 8516419

[TCP数据流] 2025/11/16 18:03:31 - 浮点解 (30颗卫星)
  ECEF: X=-1764717.5151 Y=5484706.5678 Z=2728836.6134
  LLH:  Lat=25.492500232° Lon=107.835704040° H=966.5144m
  原始数据:
2025/11/16 10:03:49.000   25.492500232  107.835704040   966.5144   2  30   0.1378   0.1326   0.3545  -0.0510   0.0454  -0.1016  21.00    1.0 8516419

[TCP数据流] 2025/11/16 18:03:32 - 浮点解 (30颗卫星)
  ECEF: X=-1764717.5037 Y=5484706.5094 Z=2728836.5812
  LLH:  Lat=25.492500199° Lon=107.835704109° H=966.4472m
  原始数据:
2025/11/16 10:03:50.000   25.492500199  107.835704109   966.4472   2  30   0.1352   0.1301   0.3476  -0.0500   0.0445  -0.0996  22.00    1.0 8516419

[TCP数据流] 2025/11/16 18:03:33 - 浮点解 (30颗卫星)
  ECEF: X=-1764717.5016 Y=5484706.4623 Z=2728836.5532
  LLH:  Lat=25.492500147° Lon=107.835704233° H=966.3941m
  原始数据:
2025/11/16 10:03:51.000   25.492500147  107.835704233   966.3941   2  30   0.1328   0.1278   0.3411  -0.0491   0.0437  -0.0977  23.00    1.0 8516419

[TCP数据流] 2025/11/16 18:03:34 - 浮点解 (30颗卫星)
  ECEF: X=-1764717.5024 Y=5484706.4245 Z=2728836.5301
  LLH:  Lat=25.492500098° Lon=107.835704356° H=966.3519m
  原始数据:
2025/11/16 10:03:52.000   25.492500098  107.835704356   966.3519   2  30   0.1305   0.1257   0.3350  -0.0483   0.0430  -0.0959  24.00    1.0 8516419

[TCP数据流] 2025/11/16 18:03:35 - 浮点解 (30颗卫星)
  ECEF: X=-1764717.5069 Y=5484706.3961 Z=2728836.5140
  LLH:  Lat=25.492500067° Lon=107.835704485° H=966.3218m
  原始数据:
2025/11/16 10:03:53.000   25.492500067  107.835704485   966.3218   2  30   0.1283   0.1236   0.3291  -0.0475   0.0422  -0.0942  25.00    1.0 8516419

[TCP数据流] 2025/11/16 18:03:36 - 浮点解 (30颗卫星)
  ECEF: X=-1764717.5037 Y=5484706.3409 Z=2728836.4814
  LLH:  Lat=25.492500009° Lon=107.835704623° H=966.2595m
  原始数据:
2025/11/16 10:03:54.000   25.492500009  107.835704623   966.2595   2  30   0.1262   0.1216   0.3236  -0.0467   0.0416  -0.0926  26.00    1.0 8516419

[TCP数据流] 2025/11/16 18:03:37 - 浮点解 (30颗卫星)
  ECEF: X=-1764717.4982 Y=5484706.3109 Z=2728836.4673
  LLH:  Lat=25.492500012° Lon=107.835704662° H=966.2261m
  原始数据:
2025/11/16 10:03:55.000   25.492500012  107.835704662   966.2261   2  30   0.1242   0.1197   0.3183  -0.0460   0.0409  -0.0911  27.00    1.0 8516419

[TCP数据流] 2025/11/16 18:03:38 - 浮点解 (30颗卫星)
  ECEF: X=-1764717.4904 Y=5484706.2741 Z=2728836.4498
  LLH:  Lat=25.492500014° Lon=107.835704700° H=966.1848m
  原始数据:
2025/11/16 10:03:56.000   25.492500014  107.835704700   966.1848   2  30   0.1223   0.1179   0.3132  -0.0453   0.0403  -0.0896  28.00    1.0 8516419

[TCP数据流] 2025/11/16 18:03:39 - 浮点解 (30颗卫星)
  ECEF: X=-1764717.4773 Y=5484706.2526 Z=2728836.4436
  LLH:  Lat=25.492500059° Lon=107.835704642° H=966.1600m
  原始数据:
2025/11/16 10:03:57.000   25.492500059  107.835704642   966.1600   2  30   0.1205   0.1162   0.3084  -0.0446   0.0397  -0.0882  29.00    1.0 8516419

[TCP数据流] 2025/11/16 18:03:40 - 浮点解 (30颗卫星)
  ECEF: X=-1764717.4678 Y=5484706.2228 Z=2728836.4313
  LLH:  Lat=25.492500080° Lon=107.835704643° H=966.1265m
  原始数据:
2025/11/16 10:03:58.000   25.492500080  107.835704643   966.1265   2  30   0.1188   0.1146   0.3038  -0.0440   0.0391  -0.0869  30.00    1.0 8516419

[TCP数据流] 2025/11/16 18:04:43 - 浮点解 (16颗卫星)
  ECEF: X=-1764717.8135 Y=5484707.1451 Z=2728836.8953
  LLH:  Lat=25.492500038° Lon=107.835705106° H=967.2143m
  原始数据:
2025/11/16 10:05:01.000   25.492500038  107.835705106   967.2143   2  16   0.1038   0.1062   0.2277  -0.0387   0.0309  -0.0684  11.00    2.8 8516419

[TCP数据流] 2025/11/16 18:04:47 - 浮点解 (16颗卫星)
  ECEF: X=-1764717.8269 Y=5484707.1617 Z=2728836.8895
  LLH:  Lat=25.492499914° Lon=107.835705182° H=967.2297m
  原始数据:
2025/11/16 10:05:05.000   25.492499914  107.835705182   967.2297   2  16   0.1028   0.1056   0.2210  -0.0383   0.0310  -0.0658  15.00    1.8 8516419

[TCP数据流] 2025/11/16 18:04:50 - 浮点解 (9颗卫星)
  ECEF: X=-1764717.8283 Y=5484707.1759 Z=2728836.8947
  LLH:  Lat=25.492499902° Lon=107.835705152° H=967.2446m
  原始数据:
2025/11/16 10:05:08.000   25.492499902  107.835705152   967.2446   2   9   0.1026   0.1051   0.2204  -0.0381   0.0311  -0.0660  18.00    1.2 8516419

[TCP数据流] 2025/11/16 18:04:51 - 浮点解 (16颗卫星)
  ECEF: X=-1764717.8329 Y=5484707.1724 Z=2728836.8851
  LLH:  Lat=25.492499831° Lon=107.835705206° H=967.2387m
  原始数据:
2025/11/16 10:05:09.000   25.492499831  107.835705206   967.2387   2  16   0.1018   0.1045   0.2158  -0.0378   0.0311  -0.0643  19.00    2.0 8516419

[TCP数据流] 2025/11/16 18:04:53 - 浮点解 (9颗卫星)
  ECEF: X=-1764717.8343 Y=5484707.1891 Z=2728836.8910
  LLH:  Lat=25.492499816° Lon=107.835705169° H=967.2560m
  原始数据:
2025/11/16 10:05:11.000   25.492499816  107.835705169   967.2560   2   9   0.1017   0.1041   0.2152  -0.0376   0.0312  -0.0645  21.00    2.4 8516419

[TCP数据流] 2025/11/16 18:04:56 - 浮点解 (9颗卫星)
  ECEF: X=-1764717.8407 Y=5484707.2008 Z=2728836.8942
  LLH:  Lat=25.492499791° Lon=107.835705194° H=967.2692m
  原始数据:
2025/11/16 10:05:14.000   25.492499791  107.835705194   967.2692   2   9   0.1015   0.1037   0.2146  -0.0374   0.0313  -0.0647  24.00    1.4 8516419

[TCP数据流] 2025/11/16 18:04:59 - 浮点解 (9颗卫星)
  ECEF: X=-1764717.8423 Y=5484707.2084 Z=2728836.8977
  LLH:  Lat=25.492499790° Lon=107.835705186° H=967.2777m
  原始数据:
2025/11/16 10:05:17.000   25.492499790  107.835705186   967.2777   2   9   0.1014   0.1033   0.2141  -0.0372   0.0314  -0.0648  27.00    1.4 8516419

[TCP数据流] 2025/11/16 18:05:00 - 浮点解 (9颗卫星)
  ECEF: X=-1764717.8481 Y=5484707.2294 Z=2728836.9058
  LLH:  Lat=25.492499771° Lon=107.835705177° H=967.3008m
  原始数据:
2025/11/16 10:05:18.000   25.492499771  107.835705177   967.3008   2   9   0.1012   0.1029   0.2135  -0.0371   0.0315  -0.0650  28.00    1.4 8516419

[TCP数据流] 2025/11/16 18:05:01 - 浮点解 (16颗卫星)
  ECEF: X=-1764717.8539 Y=5484707.2270 Z=2728836.8974
  LLH:  Lat=25.492499705° Lon=107.835705239° H=967.2967m
  原始数据:
2025/11/16 10:05:19.000   25.492499705  107.835705239   967.2967   2  16   0.1006   0.1023   0.2108  -0.0368   0.0314  -0.0641  29.00    2.0 8516419

[TCP数据流] 2025/11/16 18:05:02 - 浮点解 (9颗卫星)
  ECEF: X=-1764717.8583 Y=5484707.2420 Z=2728836.8997
  LLH:  Lat=25.492499663° Lon=107.835705235° H=967.3118m
  原始数据:
2025/11/16 10:05:20.000   25.492499663  107.835705235   967.3118   2   9   0.1005   0.1019   0.2103  -0.0366   0.0315  -0.0643  30.00    1.7 8516419

[TCP数据流] 2025/11/16 18:05:30 - 浮点解 (16颗卫星)
  ECEF: X=-1764717.9870 Y=5484707.7267 Z=2728837.1669
  LLH:  Lat=25.492499894° Lon=107.835704977° H=967.8789m
  原始数据:
2025/11/16 10:05:48.000   25.492499894  107.835704977   967.8789   2  16   0.0921   0.1008   0.1658  -0.0337   0.0345  -0.0360   0.00    1.1 8516419

[TCP数据流] 2025/11/16 18:05:32 - 浮点解 (16颗卫星)
  ECEF: X=-1764718.0384 Y=5484707.9479 Z=2728837.3278
  LLH:  Lat=25.492500326° Lon=107.835704790° H=968.1524m
  原始数据:
2025/11/16 10:05:50.000   25.492500326  107.835704790   968.1524   2  16   0.0868   0.0999   0.1438  -0.0313   0.0358  -0.0179   0.00    1.2 8516419

[TCP数据流] 2025/11/16 18:05:33 - 浮点解 (9颗卫星)
  ECEF: X=-1764718.0395 Y=5484707.9478 Z=2728837.3228
  LLH:  Lat=25.492500284° Lon=107.835704800° H=968.1505m
  原始数据:
2025/11/16 10:05:51.000   25.492500284  107.835704800   968.1505   2   9   0.0867   0.0995   0.1436  -0.0311   0.0357  -0.0184   0.00    0.0 8516419

[TCP数据流] 2025/11/16 18:05:34 - 浮点解 (23颗卫星)
  ECEF: X=-1764718.1297 Y=5484708.1210 Z=2728837.5087
  LLH:  Lat=25.492501051° Lon=107.835705127° H=968.4043m
  原始数据:
2025/11/16 10:05:52.000   25.492501051  107.835705127   968.4043   2  23   0.0787   0.0952   0.1321  -0.0277   0.0296  -0.0271   0.00    1.2 8516419

[TCP数据流] 2025/11/16 18:05:35 - 浮点解 (30颗卫星)
  ECEF: X=-1764718.1782 Y=5484708.2309 Z=2728837.6370
  LLH:  Lat=25.492501632° Lon=107.835705251° H=968.5673m
  原始数据:
2025/11/16 10:05:53.000   25.492501632  107.835705251   968.5673   2  30   0.0710   0.0916   0.1151  -0.0247   0.0274  -0.0221   1.00    1.0 8516419

[TCP数据流] 2025/11/16 18:05:36 - 浮点解 (30颗卫星)
  ECEF: X=-1764718.2015 Y=5484708.2570 Z=2728837.6809
  LLH:  Lat=25.492501865° Lon=107.835705392° H=968.6151m
  原始数据:
2025/11/16 10:05:54.000   25.492501865  107.835705392   968.6151   2  30   0.0663   0.0888   0.1051  -0.0229   0.0260  -0.0194   2.00    1.2 8516419

[TCP数据流] 2025/11/16 18:05:37 - 浮点解 (30颗卫星)
  ECEF: X=-1764718.2181 Y=5484708.2568 Z=2728837.6907
  LLH:  Lat=25.492501926° Lon=107.835705550° H=968.6237m
  原始数据:
2025/11/16 10:05:55.000   25.492501926  107.835705550   968.6237   2  30   0.0631   0.0867   0.0986  -0.0219   0.0251  -0.0178   3.00    1.1 8516419

[TCP数据流] 2025/11/16 18:05:38 - 浮点解 (30颗卫星)
  ECEF: X=-1764718.2226 Y=5484708.2487 Z=2728837.6890
  LLH:  Lat=25.492501937° Lon=107.835705617° H=968.6172m
  原始数据:
2025/11/16 10:05:56.000   25.492501937  107.835705617   968.6172   2  30   0.0609   0.0850   0.0940  -0.0212   0.0244  -0.0169   4.00    1.1 8516419

[TCP数据流] 2025/11/16 18:05:39 - 浮点解 (23颗卫星)
  ECEF: X=-1764718.2271 Y=5484708.2369 Z=2728837.6864
  LLH:  Lat=25.492501954° Lon=107.835705696° H=968.6072m
  原始数据:
2025/11/16 10:05:57.000   25.492501954  107.835705696   968.6072   2  23   0.0597   0.0841   0.0912  -0.0202   0.0240  -0.0155   5.00    1.4 8516419

[TCP数据流] 2025/11/16 18:05:41 - 浮点解 (30颗卫星)
  ECEF: X=-1764718.2280 Y=5484708.2119 Z=2728837.6622
  LLH:  Lat=25.492501848° Lon=107.835705780° H=968.5756m
  原始数据:
2025/11/16 10:05:59.000   25.492501848  107.835705780   968.5756   2  30   0.0586   0.0830   0.0890  -0.0200   0.0236  -0.0152   7.00    1.2 8516419

[TCP数据流] 2025/11/16 18:05:42 - 浮点解 (23颗卫星)
  ECEF: X=-1764718.2214 Y=5484708.1959 Z=2728837.6465
  LLH:  Lat=25.492501787° Lon=107.835705767° H=968.5533m
  原始数据:
2025/11/16 10:06:00.000   25.492501787  107.835705767   968.5533   2  23   0.0580   0.0822   0.0876  -0.0201   0.0236  -0.0150   8.00    1.1 8516419

[TCP数据流] 2025/11/16 18:05:43 - 浮点解 (23颗卫星)
  ECEF: X=-1764718.2212 Y=5484708.1820 Z=2728837.6245
  LLH:  Lat=25.492501660° Lon=107.835705807° H=968.5318m
  原始数据:
2025/11/16 10:06:01.000   25.492501660  107.835705807   968.5318   2  23   0.0575   0.0814   0.0870  -0.0200   0.0231  -0.0155   9.00    2.7 8516419

[TCP数据流] 2025/11/16 18:05:44 - 浮点解 (16颗卫星)
  ECEF: X=-1764718.2181 Y=5484708.1734 Z=2728837.6207
  LLH:  Lat=25.492501664° Lon=107.835705804° H=968.5219m
  原始数据:
2025/11/16 10:06:02.000   25.492501664  107.835705804   968.5219   2  16   0.0572   0.0811   0.0862  -0.0199   0.0232  -0.0151  10.00    1.1 8516419

[TCP数据流] 2025/11/16 18:05:45 - 浮点解 (30颗卫星)
  ECEF: X=-1764718.2130 Y=5484708.1527 Z=2728837.5975
  LLH:  Lat=25.492501558° Lon=107.835705819° H=968.4928m
  原始数据:
2025/11/16 10:06:03.000   25.492501558  107.835705819   968.4928   2  30   0.0566   0.0803   0.0851  -0.0198   0.0229  -0.0150  11.00    1.1 8516419

[TCP数据流] 2025/11/16 18:05:46 - 浮点解 (23颗卫星)
  ECEF: X=-1764718.2103 Y=5484708.1371 Z=2728837.5811
  LLH:  Lat=25.492501485° Lon=107.835705841° H=968.4715m
  原始数据:
2025/11/16 10:06:04.000   25.492501485  107.835705841   968.4715   2  23   0.0563   0.0798   0.0844  -0.0198   0.0228  -0.0150  12.00    1.1 8516419

[TCP数据流] 2025/11/16 18:05:47 - 浮点解 (30颗卫星)
  ECEF: X=-1764718.2049 Y=5484708.1171 Z=2728837.5608
  LLH:  Lat=25.492501400° Lon=107.835705850° H=968.4441m
  原始数据:
2025/11/16 10:06:05.000   25.492501400  107.835705850   968.4441   2  30   0.0558   0.0791   0.0835  -0.0197   0.0226  -0.0150  13.00    1.1 8516419

[TCP数据流] 2025/11/16 18:05:48 - 浮点解 (23颗卫星)
  ECEF: X=-1764718.2030 Y=5484708.1044 Z=2728837.5439
  LLH:  Lat=25.492501312° Lon=107.835705871° H=968.4254m
  原始数据:
2025/11/16 10:06:06.000   25.492501312  107.835705871   968.4254   2  23   0.0555   0.0785   0.0832  -0.0196   0.0223  -0.0152  14.00    2.6 8516419

[TCP数据流] 2025/11/16 18:05:49 - 浮点解 (30颗卫星)
  ECEF: X=-1764718.1996 Y=5484708.0855 Z=2728837.5242
  LLH:  Lat=25.492501225° Lon=107.835705897° H=968.3997m
  原始数据:
2025/11/16 10:06:07.000   25.492501225  107.835705897   968.3997   2  30   0.0551   0.0778   0.0826  -0.0195   0.0221  -0.0152  15.00    1.1 8516419

[TCP数据流] 2025/11/16 18:05:50 - 浮点解 (30颗卫星)
  ECEF: X=-1764718.1976 Y=5484708.0690 Z=2728837.5068
  LLH:  Lat=25.492501147° Lon=107.835705928° H=968.3775m
  原始数据:
2025/11/16 10:06:08.000   25.492501147  107.835705928   968.3775   2  30   0.0548   0.0772   0.0820  -0.0194   0.0219  -0.0151  16.00    1.1 8516419

[TCP数据流] 2025/11/16 18:05:51 - 浮点解 (30颗卫星)
  ECEF: X=-1764718.1946 Y=5484708.0525 Z=2728837.4908
  LLH:  Lat=25.492501081° Lon=107.835705950° H=968.3556m
  原始数据:
2025/11/16 10:06:09.000   25.492501081  107.835705950   968.3556   2  30   0.0544   0.0766   0.0815  -0.0193   0.0217  -0.0151  17.00    1.1 8516419

[TCP数据流] 2025/11/16 18:05:52 - 浮点解 (30颗卫星)
  ECEF: X=-1764718.1956 Y=5484708.0356 Z=2728837.4754
  LLH:  Lat=25.492501017° Lon=107.835706011° H=968.3348m
  原始数据:
2025/11/16 10:06:10.000   25.492501017  107.835706011   968.3348   2  30   0.0541   0.0761   0.0810  -0.0193   0.0216  -0.0151  18.00    1.1 8516419

[TCP数据流] 2025/11/16 18:05:53 - 浮点解 (30颗卫星)
  ECEF: X=-1764718.1951 Y=5484708.0203 Z=2728837.4613
  LLH:  Lat=25.492500959° Lon=107.835706053° H=968.3154m
  原始数据:
2025/11/16 10:06:11.000   25.492500959  107.835706053   968.3154   2  30   0.0538   0.0755   0.0805  -0.0192   0.0214  -0.0151  19.00    1.1 8516419

[TCP数据流] 2025/11/16 18:05:54 - 浮点解 (30颗卫星)
  ECEF: X=-1764718.1940 Y=5484708.0036 Z=2728837.4464
  LLH:  Lat=25.492500901° Lon=107.835706093° H=968.2943m
  原始数据:
2025/11/16 10:06:12.000   25.492500901  107.835706093   968.2943   2  30   0.0535   0.0750   0.0801  -0.0191   0.0212  -0.0151  20.00    1.1 8516419

[TCP数据流] 2025/11/16 18:05:57 - 固定解 (23颗卫星)
  ECEF: X=-1764718.3411 Y=5484708.0872 Z=2728837.5520
  LLH:  Lat=25.492501277° Lon=107.835707231° H=968.4523m
  原始数据:
2025/11/16 10:06:15.000   25.492501277  107.835707231   968.4523   1  23   0.0011   0.0008   0.0036  -0.0003  -0.0007  -0.0009  23.00    3.3 8516419

[TCP数据流] 2025/11/16 18:06:01 - 固定解 (30颗卫星)
  ECEF: X=-1764718.3412 Y=5484708.0878 Z=2728837.5522
  LLH:  Lat=25.492501276° Lon=107.835707230° H=968.4529m
  原始数据:
2025/11/16 10:06:19.000   25.492501276  107.835707230   968.4529   1  30   0.0011   0.0008   0.0036  -0.0003  -0.0007  -0.0009  27.00    3.3 8516419

[TCP数据流] 2025/11/16 18:06:02 - 固定解 (30颗卫星)
  ECEF: X=-1764718.3413 Y=5484708.0884 Z=2728837.5523
  LLH:  Lat=25.492501275° Lon=107.835707229° H=968.4535m
  原始数据:
2025/11/16 10:06:20.000   25.492501275  107.835707229   968.4535   1  30   0.0011   0.0008   0.0036  -0.0003  -0.0007  -0.0009  28.00    3.3 8516419

[TCP数据流] 2025/11/16 18:06:03 - 固定解 (30颗卫星)
  ECEF: X=-1764718.3414 Y=5484708.0888 Z=2728837.5525
  LLH:  Lat=25.492501275° Lon=107.835707229° H=968.4540m
  原始数据:
2025/11/16 10:06:21.000   25.492501275  107.835707229   968.4540   1  30   0.0011   0.0008   0.0036  -0.0003  -0.0007  -0.0009  29.00    3.2 8516419

[TCP数据流] 2025/11/16 18:06:04 - 固定解 (30颗卫星)
  ECEF: X=-1764718.3415 Y=5484708.0894 Z=2728837.5527
  LLH:  Lat=25.492501274° Lon=107.835707228° H=968.4546m
  原始数据:
2025/11/16 10:06:22.000   25.492501274  107.835707228   968.4546   1  30   0.0011   0.0008   0.0036  -0.0003  -0.0007  -0.0009  30.00    3.2 8516419

[TCP数据流] 2025/11/16 18:06:53 - 浮点解 (16颗卫星)
  ECEF: X=-1764718.2018 Y=5484707.9853 Z=2728837.4694
  LLH:  Lat=25.492501147° Lon=107.835706223° H=968.2907m
  原始数据:
2025/11/16 10:07:11.000   25.492501147  107.835706223   968.2907   2  16   0.0478   0.0692   0.0743  -0.0130   0.0151  -0.0160   7.00    2.6 8516419

[TCP数据流] 2025/11/16 18:06:57 - 固定解 (23颗卫星)
  ECEF: X=-1764718.3404 Y=5484708.0659 Z=2728837.5529
  LLH:  Lat=25.492501364° Lon=107.835707289° H=968.4342m
  原始数据:
2025/11/16 10:07:15.000   25.492501364  107.835707289   968.4342   1  23   0.0013   0.0009   0.0042   0.0002  -0.0009  -0.0012  11.00    4.8 8516419

[TCP数据流] 2025/11/16 18:07:00 - 浮点解 (9颗卫星)
  ECEF: X=-1764718.1962 Y=5484707.9761 Z=2728837.4551
  LLH:  Lat=25.492501071° Lon=107.835706197° H=968.2751m
  原始数据:
2025/11/16 10:07:18.000   25.492501071  107.835706197   968.2751   2   9   0.0474   0.0685   0.0736  -0.0130   0.0147  -0.0164  14.00    0.0 8516419

[TCP数据流] 2025/11/16 18:07:01 - 浮点解 (9颗卫星)
  ECEF: X=-1764718.1925 Y=5484707.9777 Z=2728837.4542
  LLH:  Lat=25.492501062° Lon=107.835706158° H=968.2750m
  原始数据:
2025/11/16 10:07:19.000   25.492501062  107.835706158   968.2750   2   9   0.0473   0.0684   0.0736  -0.0130   0.0147  -0.0164  15.00    0.0 8516419

[TCP数据流] 2025/11/16 18:07:02 - 固定解 (9颗卫星)
  ECEF: X=-1764718.3138 Y=5484708.0979 Z=2728837.5472
  LLH:  Lat=25.492501231° Lon=107.835706940° H=968.4519m
  原始数据:
2025/11/16 10:07:20.000   25.492501231  107.835706940   968.4519   1   9   0.0110   0.0046   0.0165   0.0028  -0.0029  -0.0112  16.00    3.9 8516419

[TCP数据流] 2025/11/16 18:07:03 - 浮点解 (23颗卫星)
  ECEF: X=-1764718.1829 Y=5484707.9685 Z=2728837.4390
  LLH:  Lat=25.492500984° Lon=107.835706095° H=968.2579m
  原始数据:
2025/11/16 10:07:21.000   25.492500984  107.835706095   968.2579   2  23   0.0471   0.0678   0.0732  -0.0129   0.0145  -0.0166  17.00    2.3 8516419

[TCP数据流] 2025/11/16 18:11:29 - 浮点解 (16颗卫星)
  ECEF: X=-1764718.2326 Y=5484707.9522 Z=2728837.3250
  LLH:  Lat=25.492500056° Lon=107.835706615° H=968.2086m
  原始数据:
2025/11/16 10:11:47.000   25.492500056  107.835706615   968.2086   2  16   0.0417   0.0617   0.0666  -0.0109   0.0121  -0.0165  24.00    2.3 8516419

[TCP数据流] 2025/11/16 18:11:30 - 浮点解 (9颗卫星)
  ECEF: X=-1764718.2286 Y=5484707.9543 Z=2728837.3241
  LLH:  Lat=25.492500046° Lon=107.835706571° H=968.2089m
  原始数据:
2025/11/16 10:11:48.000   25.492500046  107.835706571   968.2089   2   9   0.0417   0.0616   0.0666  -0.0108   0.0121  -0.0165  25.00    1.3 8516419

[TCP数据流] 2025/11/16 18:11:32 - 浮点解 (16颗卫星)
  ECEF: X=-1764718.2288 Y=5484707.9562 Z=2728837.3141
  LLH:  Lat=25.492499957° Lon=107.835706567° H=968.2063m
  原始数据:
2025/11/16 10:11:50.000   25.492499957  107.835706567   968.2063   2  16   0.0415   0.0612   0.0665  -0.0109   0.0120  -0.0166  27.00    1.2 8516419

[TCP数据流] 2025/11/16 18:11:33 - 浮点解 (23颗卫星)
  ECEF: X=-1764718.2316 Y=5484707.9552 Z=2728837.2991
  LLH:  Lat=25.492499835° Lon=107.835706596° H=968.1997m
  原始数据:
2025/11/16 10:11:51.000   25.492499835  107.835706596   968.1997   2  23   0.0410   0.0607   0.0654  -0.0109   0.0125  -0.0161  28.00    1.2 8516419

[TCP数据流] 2025/11/16 18:11:34 - 浮点解 (30颗卫星)
  ECEF: X=-1764718.2356 Y=5484707.9484 Z=2728837.2786
  LLH:  Lat=25.492499688° Lon=107.835706655° H=968.1862m
  原始数据:
2025/11/16 10:11:52.000   25.492499688  107.835706655   968.1862   2  30   0.0405   0.0601   0.0640  -0.0107   0.0126  -0.0155  29.00    1.1 8516419

[TCP数据流] 2025/11/16 18:12:18 - 浮点解 (30颗卫星)
  ECEF: X=-1764718.2470 Y=5484708.0304 Z=2728837.3283
  LLH:  Lat=25.492499777° Lon=107.835706513° H=968.2812m
  原始数据:
2025/11/16 10:12:36.000   25.492499777  107.835706513   968.2812   2  30   0.0297   0.0544   0.0407   0.0047   0.0184   0.0098  12.00    1.6 8516419

[TCP数据流] 2025/11/16 18:12:19 - 浮点解 (23颗卫星)
  ECEF: X=-1764718.2490 Y=5484708.0241 Z=2728837.3199
  LLH:  Lat=25.492499729° Lon=107.835706551° H=968.2727m
  原始数据:
2025/11/16 10:12:37.000   25.492499729  107.835706551   968.2727   2  23   0.0293   0.0539   0.0403   0.0054   0.0179   0.0094  13.00    1.8 8516419

[TCP数据流] 2025/11/16 18:12:20 - 浮点解 (16颗卫星)
  ECEF: X=-1764718.2465 Y=5484708.0245 Z=2728837.3187
  LLH:  Lat=25.492499721° Lon=107.835706526° H=968.2719m
  原始数据:
2025/11/16 10:12:38.000   25.492499721  107.835706526   968.2719   2  16   0.0293   0.0538   0.0403   0.0054   0.0179   0.0094  14.00    2.0 8516419

[TCP数据流] 2025/11/16 18:12:22 - 浮点解 (16颗卫星)
  ECEF: X=-1764718.2446 Y=5484708.0247 Z=2728837.3176
  LLH:  Lat=25.492499713° Lon=107.835706508° H=968.2710m
  原始数据:
2025/11/16 10:12:40.000   25.492499713  107.835706508   968.2710   2  16   0.0293   0.0536   0.0403   0.0054   0.0178   0.0094  16.00    1.6 8516419

[TCP数据流] 2025/11/16 18:12:23 - 浮点解 (30颗卫星)
  ECEF: X=-1764718.2465 Y=5484708.0170 Z=2728837.3093
  LLH:  Lat=25.492499672° Lon=107.835706549° H=968.2613m
  原始数据:
2025/11/16 10:12:41.000   25.492499672  107.835706549   968.2613   2  30   0.0289   0.0532   0.0395   0.0057   0.0176   0.0093  17.00    1.7 8516419

[TCP数据流] 2025/11/16 18:12:24 - 浮点解 (16颗卫星)
  ECEF: X=-1764718.2438 Y=5484708.0173 Z=2728837.3079
  LLH:  Lat=25.492499663° Lon=107.835706523° H=968.2603m
  原始数据:
2025/11/16 10:12:42.000   25.492499663  107.835706523   968.2603   2  16   0.0289   0.0531   0.0395   0.0057   0.0176   0.0093  18.00    1.6 8516419

[TCP数据流] 2025/11/16 18:12:26 - 浮点解 (30颗卫星)
  ECEF: X=-1764718.2453 Y=5484708.0103 Z=2728837.2998
  LLH:  Lat=25.492499621° Lon=107.835706558° H=968.2512m
  原始数据:
2025/11/16 10:12:44.000   25.492499621  107.835706558   968.2512   2  30   0.0286   0.0527   0.0390   0.0059   0.0175   0.0092  20.00    1.6 8516419

[TCP数据流] 2025/11/16 18:12:29 - 浮点解 (16颗卫星)
  ECEF: X=-1764718.2413 Y=5484708.0109 Z=2728837.2987
  LLH:  Lat=25.492499614° Lon=107.835706519° H=968.2501m
  原始数据:
2025/11/16 10:12:47.000   25.492499614  107.835706519   968.2501   2  16   0.0286   0.0526   0.0390   0.0059   0.0174   0.0092  23.00    1.3 8516419

[TCP数据流] 2025/11/16 18:12:30 - 浮点解 (9颗卫星)
  ECEF: X=-1764718.2375 Y=5484708.0122 Z=2728837.2982
  LLH:  Lat=25.492499610° Lon=107.835706479° H=968.2500m
  原始数据:
2025/11/16 10:12:48.000   25.492499610  107.835706479   968.2500   2   9   0.0286   0.0525   0.0390   0.0059   0.0174   0.0092  24.00    2.4 8516419

[TCP数据流] 2025/11/16 18:12:32 - 浮点解 (9颗卫星)
  ECEF: X=-1764718.2340 Y=5484708.0135 Z=2728837.2979
  LLH:  Lat=25.492499607° Lon=107.835706441° H=968.2500m
  原始数据:
2025/11/16 10:12:50.000   25.492499607  107.835706441   968.2500   2   9   0.0286   0.0525   0.0390   0.0059   0.0174   0.0091  26.00    2.4 8516419

[TCP数据流] 2025/11/16 18:12:33 - 浮点解 (30颗卫星)
  ECEF: X=-1764718.2334 Y=5484708.0083 Z=2728837.2907
  LLH:  Lat=25.492499568° Lon=107.835706452° H=968.2422m
  原始数据:
2025/11/16 10:12:51.000   25.492499568  107.835706452   968.2422   2  30   0.0285   0.0522   0.0386   0.0060   0.0173   0.0091  27.00    1.1 8516419

[TCP数据流] 2025/11/16 18:12:34 - 浮点解 (16颗卫星)
  ECEF: X=-1764718.2306 Y=5484708.0066 Z=2728837.2853
  LLH:  Lat=25.492499534° Lon=107.835706430° H=968.2377m
  原始数据:
2025/11/16 10:12:52.000   25.492499534  107.835706430   968.2377   2  16   0.0284   0.0521   0.0385   0.0061   0.0172   0.0090  28.00    2.8 8516419

[TCP数据流] 2025/11/16 18:13:15 - 浮点解 (29颗卫星)
  ECEF: X=-1764718.2372 Y=5484708.0384 Z=2728837.3825
  LLH:  Lat=25.492500200° Lon=107.835706396° H=968.3087m
  原始数据:
2025/11/16 10:13:33.000   25.492500200  107.835706396   968.3087   2  29   0.0240   0.0480   0.0330   0.0085   0.0158   0.0086   0.00    2.0 8516419

[TCP数据流] 2025/11/16 18:13:16 - 浮点解 (29颗卫星)
  ECEF: X=-1764718.2453 Y=5484708.0533 Z=2728837.4329
  LLH:  Lat=25.492500546° Lon=107.835706427° H=968.3454m
  原始数据:
2025/11/16 10:13:34.000   25.492500546  107.835706427   968.3454   2  29   0.0214   0.0451   0.0295   0.0090   0.0148   0.0082   0.00    2.2 8516419

[TCP数据流] 2025/11/16 18:13:17 - 浮点解 (23颗卫星)
  ECEF: X=-1764718.2482 Y=5484708.0633 Z=2728837.4646
  LLH:  Lat=25.492500764° Lon=107.835706424° H=968.3684m
  原始数据:
2025/11/16 10:13:35.000   25.492500764  107.835706424   968.3684   2  23   0.0196   0.0428   0.0271   0.0092   0.0141   0.0078   0.00    1.4 8516419

[TCP数据流] 2025/11/16 18:13:18 - 浮点解 (29颗卫星)
  ECEF: X=-1764718.2544 Y=5484708.0670 Z=2728837.4819
  LLH:  Lat=25.492500884° Lon=107.835706472° H=968.3808m
  原始数据:
2025/11/16 10:13:36.000   25.492500884  107.835706472   968.3808   2  29   0.0184   0.0411   0.0254   0.0091   0.0135   0.0074   1.00    2.9 8516419

[TCP数据流] 2025/11/16 18:13:19 - 浮点解 (29颗卫星)
  ECEF: X=-1764718.2600 Y=5484708.0661 Z=2728837.4902
  LLH:  Lat=25.492500948° Lon=107.835706527° H=968.3851m
  原始数据:
2025/11/16 10:13:37.000   25.492500948  107.835706527   968.3851   2  29   0.0175   0.0398   0.0241   0.0091   0.0131   0.0072   2.00    2.3 8516419

[TCP数据流] 2025/11/16 18:13:20 - 浮点解 (29颗卫星)
  ECEF: X=-1764718.2620 Y=5484708.0650 Z=2728837.4919
  LLH:  Lat=25.492500964° Lon=107.835706550° H=968.3855m
  原始数据:
2025/11/16 10:13:38.000   25.492500964  107.835706550   968.3855   2  29   0.0169   0.0388   0.0232   0.0090   0.0128   0.0070   3.00    1.5 8516419

[TCP数据流] 2025/11/16 18:13:21 - 浮点解 (29颗卫星)
  ECEF: X=-1764718.2650 Y=5484708.0636 Z=2728837.4916
  LLH:  Lat=25.492500963° Lon=107.835706582° H=968.3850m
  原始数据:
2025/11/16 10:13:39.000   25.492500963  107.835706582   968.3850   2  29   0.0165   0.0381   0.0225   0.0089   0.0126   0.0068   4.00    1.5 8516419

[TCP数据流] 2025/11/16 18:13:22 - 浮点解 (23颗卫星)
  ECEF: X=-1764718.2676 Y=5484708.0613 Z=2728837.4907
  LLH:  Lat=25.492500961° Lon=107.835706614° H=968.3833m
  原始数据:
2025/11/16 10:13:40.000   25.492500961  107.835706614   968.3833   2  23   0.0162   0.0376   0.0220   0.0088   0.0124   0.0067   5.00    1.5 8516419

[TCP数据流] 2025/11/16 18:13:23 - 浮点解 (29颗卫星)
  ECEF: X=-1764718.2697 Y=5484708.0586 Z=2728837.4881
  LLH:  Lat=25.492500947° Lon=107.835706642° H=968.3805m
  原始数据:
2025/11/16 10:13:41.000   25.492500947  107.835706642   968.3805   2  29   0.0160   0.0372   0.0216   0.0088   0.0123   0.0066   6.00    1.4 8516419

[TCP数据流] 2025/11/16 18:13:24 - 浮点解 (29颗卫星)
  ECEF: X=-1764718.2721 Y=5484708.0566 Z=2728837.4851
  LLH:  Lat=25.492500927° Lon=107.835706671° H=968.3781m
  原始数据:
2025/11/16 10:13:42.000   25.492500927  107.835706671   968.3781   2  29   0.0158   0.0369   0.0213   0.0087   0.0122   0.0065   7.00    1.4 8516419

[TCP数据流] 2025/11/16 18:13:25 - 浮点解 (29颗卫星)
  ECEF: X=-1764718.2741 Y=5484708.0545 Z=2728837.4821
  LLH:  Lat=25.492500908° Lon=107.835706696° H=968.3756m
  原始数据:
2025/11/16 10:13:43.000   25.492500908  107.835706696   968.3756   2  29   0.0156   0.0366   0.0210   0.0087   0.0121   0.0064   8.00    1.4 8516419

[TCP数据流] 2025/11/16 18:13:26 - 浮点解 (29颗卫星)
  ECEF: X=-1764718.2752 Y=5484708.0525 Z=2728837.4792
  LLH:  Lat=25.492500891° Lon=107.835706713° H=968.3729m
  原始数据:
2025/11/16 10:13:44.000   25.492500891  107.835706713   968.3729   2  29   0.0155   0.0363   0.0208   0.0087   0.0120   0.0064   9.00    1.4 8516419

[TCP数据流] 2025/11/16 18:13:27 - 浮点解 (29颗卫星)
  ECEF: X=-1764718.2766 Y=5484708.0506 Z=2728837.4765
  LLH:  Lat=25.492500874° Lon=107.835706732° H=968.3705m
  原始数据:
2025/11/16 10:13:45.000   25.492500874  107.835706732   968.3705   2  29   0.0154   0.0361   0.0206   0.0086   0.0119   0.0063  10.00    1.2 8516419

[TCP数据流] 2025/11/16 18:13:28 - 浮点解 (29颗卫星)
  ECEF: X=-1764718.2781 Y=5484708.0487 Z=2728837.4738
  LLH:  Lat=25.492500857° Lon=107.835706752° H=968.3681m
  原始数据:
2025/11/16 10:13:46.000   25.492500857  107.835706752   968.3681   2  29   0.0153   0.0360   0.0205   0.0086   0.0118   0.0063  11.00    1.2 8516419

[TCP数据流] 2025/11/16 18:13:29 - 浮点解 (29颗卫星)
  ECEF: X=-1764718.2798 Y=5484708.0469 Z=2728837.4714
  LLH:  Lat=25.492500842° Lon=107.835706773° H=968.3660m
  原始数据:
2025/11/16 10:13:47.000   25.492500842  107.835706773   968.3660   2  29   0.0153   0.0358   0.0204   0.0086   0.0118   0.0063  12.00    1.2 8516419

[TCP数据流] 2025/11/16 18:13:30 - 浮点解 (29颗卫星)
  ECEF: X=-1764718.2799 Y=5484708.0561 Z=2728837.4831
  LLH:  Lat=25.492500904° Lon=107.835706746° H=968.3790m
  原始数据:
2025/11/16 10:13:48.000   25.492500904  107.835706746   968.3790   2  29   0.0148   0.0350   0.0198   0.0084   0.0115   0.0061   0.00    1.3 8516419

[TCP数据流] 2025/11/16 18:13:31 - 浮点解 (29颗卫星)
  ECEF: X=-1764718.2801 Y=5484708.0621 Z=2728837.4905
  LLH:  Lat=25.492500941° Lon=107.835706730° H=968.3874m
  原始数据:
2025/11/16 10:13:49.000   25.492500941  107.835706730   968.3874   2  29   0.0144   0.0343   0.0193   0.0083   0.0113   0.0060   1.00    1.4 8516419

[TCP数据流] 2025/11/16 18:13:32 - 浮点解 (29颗卫星)
  ECEF: X=-1764718.2822 Y=5484708.0655 Z=2728837.4936
  LLH:  Lat=25.492500952° Lon=107.835706739° H=968.3922m
  原始数据:
2025/11/16 10:13:50.000   25.492500952  107.835706739   968.3922   2  29   0.0141   0.0338   0.0189   0.0082   0.0111   0.0059   2.00    1.7 8516419

[TCP数据流] 2025/11/16 18:13:33 - 浮点解 (29颗卫星)
  ECEF: X=-1764718.2843 Y=5484708.0675 Z=2728837.4950
  LLH:  Lat=25.492500953° Lon=107.835706753° H=968.3951m
  原始数据:
2025/11/16 10:13:51.000   25.492500953  107.835706753   968.3951   2  29   0.0139   0.0333   0.0186   0.0082   0.0110   0.0058   3.00    1.6 8516419

[TCP数据流] 2025/11/16 18:13:34 - 浮点解 (29颗卫星)
  ECEF: X=-1764718.2856 Y=5484708.0688 Z=2728837.4954
  LLH:  Lat=25.492500950° Lon=107.835706761° H=968.3968m
  原始数据:
2025/11/16 10:13:52.000   25.492500950  107.835706761   968.3968   2  29   0.0137   0.0330   0.0183   0.0081   0.0109   0.0057   4.00    1.4 8516419

[TCP数据流] 2025/11/16 18:13:35 - 浮点解 (29颗卫星)
  ECEF: X=-1764718.2864 Y=5484708.0692 Z=2728837.4946
  LLH:  Lat=25.492500941° Lon=107.835706768° H=968.3970m
  原始数据:
2025/11/16 10:13:53.000   25.492500941  107.835706768   968.3970   2  29   0.0136   0.0327   0.0181   0.0081   0.0108   0.0057   5.00    1.1 8516419

[TCP数据流] 2025/11/16 18:13:36 - 浮点解 (29颗卫星)
  ECEF: X=-1764718.2870 Y=5484708.0690 Z=2728837.4933
  LLH:  Lat=25.492500931° Lon=107.835706774° H=968.3964m
  原始数据:
2025/11/16 10:13:54.000   25.492500931  107.835706774   968.3964   2  29   0.0135   0.0325   0.0180   0.0080   0.0107   0.0056   6.00    1.1 8516419

[TCP数据流] 2025/11/16 18:13:37 - 浮点解 (29颗卫星)
  ECEF: X=-1764718.2880 Y=5484708.0689 Z=2728837.4920
  LLH:  Lat=25.492500919° Lon=107.835706784° H=968.3960m
  原始数据:
2025/11/16 10:13:55.000   25.492500919  107.835706784   968.3960   2  29   0.0134   0.0323   0.0178   0.0080   0.0106   0.0056   7.00    1.1 8516419

[TCP数据流] 2025/11/16 18:13:38 - 浮点解 (29颗卫星)
  ECEF: X=-1764718.2881 Y=5484708.0685 Z=2728837.4902
  LLH:  Lat=25.492500906° Lon=107.835706786° H=968.3950m
  原始数据:
2025/11/16 10:13:56.000   25.492500906  107.835706786   968.3950   2  29   0.0133   0.0322   0.0177   0.0079   0.0106   0.0056   8.00    1.1 8516419

[TCP数据流] 2025/11/16 18:13:39 - 浮点解 (22颗卫星)
  ECEF: X=-1764718.2876 Y=5484708.0690 Z=2728837.4899
  LLH:  Lat=25.492500902° Lon=107.835706780° H=968.3951m
  原始数据:
2025/11/16 10:13:57.000   25.492500902  107.835706780   968.3951   2  22   0.0133   0.0321   0.0177   0.0079   0.0106   0.0056   9.00    1.0 8516419

[TCP数据流] 2025/11/16 18:13:40 - 浮点解 (29颗卫星)
  ECEF: X=-1764718.2879 Y=5484708.0685 Z=2728837.4880
  LLH:  Lat=25.492500888° Lon=107.835706784° H=968.3939m
  原始数据:
2025/11/16 10:13:58.000   25.492500888  107.835706784   968.3939   2  29   0.0133   0.0320   0.0176   0.0079   0.0106   0.0055  10.00    1.1 8516419

[TCP数据流] 2025/11/16 18:13:41 - 浮点解 (29颗卫星)
  ECEF: X=-1764718.2875 Y=5484708.0678 Z=2728837.4860
  LLH:  Lat=25.492500875° Lon=107.835706783° H=968.3924m
  原始数据:
2025/11/16 10:13:59.000   25.492500875  107.835706783   968.3924   2  29   0.0132   0.0319   0.0175   0.0079   0.0105   0.0055  11.00    1.1 8516419

[TCP数据流] 2025/11/16 18:13:42 - 浮点解 (29颗卫星)
  ECEF: X=-1764718.2883 Y=5484708.0668 Z=2728837.4840
  LLH:  Lat=25.492500861° Lon=107.835706793° H=968.3909m
  原始数据:
2025/11/16 10:14:00.000   25.492500861  107.835706793   968.3909   2  29   0.0132   0.0318   0.0174   0.0079   0.0105   0.0055  12.00    1.1 8516419

[TCP数据流] 2025/11/16 18:13:43 - 浮点解 (29颗卫星)
  ECEF: X=-1764718.2887 Y=5484708.0660 Z=2728837.4822
  LLH:  Lat=25.492500849° Lon=107.835706799° H=968.3895m
  原始数据:
2025/11/16 10:14:01.000   25.492500849  107.835706799   968.3895   2  29   0.0132   0.0318   0.0174   0.0078   0.0105   0.0055  13.00    1.1 8516419

[TCP数据流] 2025/11/16 18:13:44 - 浮点解 (29颗卫星)
  ECEF: X=-1764718.2884 Y=5484708.0655 Z=2728837.4803
  LLH:  Lat=25.492500836° Lon=107.835706798° H=968.3882m
  原始数据:
2025/11/16 10:14:02.000   25.492500836  107.835706798   968.3882   2  29   0.0131   0.0317   0.0173   0.0078   0.0104   0.0054  14.00    1.1 8516419

[TCP数据流] 2025/11/16 18:13:45 - 浮点解 (29颗卫星)
  ECEF: X=-1764718.2883 Y=5484708.0648 Z=2728837.4784
  LLH:  Lat=25.492500823° Lon=107.835706799° H=968.3867m
  原始数据:
2025/11/16 10:14:03.000   25.492500823  107.835706799   968.3867   2  29   0.0131   0.0316   0.0173   0.0078   0.0104   0.0054  15.00    1.1 8516419

[TCP数据流] 2025/11/16 18:13:46 - 浮点解 (29颗卫星)
  ECEF: X=-1764718.2881 Y=5484708.0639 Z=2728837.4766
  LLH:  Lat=25.492500812° Lon=107.835706800° H=968.3852m
  原始数据:
2025/11/16 10:14:04.000   25.492500812  107.835706800   968.3852   2  29   0.0131   0.0315   0.0173   0.0078   0.0104   0.0054  16.00    1.1 8516419

[TCP数据流] 2025/11/16 18:13:47 - 浮点解 (29颗卫星)
  ECEF: X=-1764718.2878 Y=5484708.0633 Z=2728837.4748
  LLH:  Lat=25.492500800° Lon=107.835706799° H=968.3838m
  原始数据:
2025/11/16 10:14:05.000   25.492500800  107.835706799   968.3838   2  29   0.0131   0.0315   0.0172   0.0078   0.0104   0.0054  17.00    1.1 8516419

[TCP数据流] 2025/11/16 18:13:48 - 浮点解 (29颗卫星)
  ECEF: X=-1764718.2878 Y=5484708.0626 Z=2728837.4732
  LLH:  Lat=25.492500789° Lon=107.835706801° H=968.3825m
  原始数据:
2025/11/16 10:14:06.000   25.492500789  107.835706801   968.3825   2  29   0.0131   0.0314   0.0172   0.0077   0.0103   0.0054  18.00    1.1 8516419

[TCP数据流] 2025/11/16 18:13:49 - 浮点解 (23颗卫星)
  ECEF: X=-1764718.2877 Y=5484708.0621 Z=2728837.4718
  LLH:  Lat=25.492500780° Lon=107.835706802° H=968.3814m
  原始数据:
2025/11/16 10:14:07.000   25.492500780  107.835706802   968.3814   2  23   0.0131   0.0314   0.0172   0.0077   0.0103   0.0054  19.00    1.1 8516419

[TCP数据流] 2025/11/16 18:13:50 - 浮点解 (29颗卫星)
  ECEF: X=-1764718.2872 Y=5484708.0614 Z=2728837.4702
  LLH:  Lat=25.492500770° Lon=107.835706799° H=968.3800m
  原始数据:
2025/11/16 10:14:08.000   25.492500770  107.835706799   968.3800   2  29   0.0130   0.0313   0.0171   0.0077   0.0103   0.0054  20.00    1.1 8516419

[TCP数据流] 2025/11/16 18:13:51 - 浮点解 (29颗卫星)
  ECEF: X=-1764718.2877 Y=5484708.0607 Z=2728837.4687
  LLH:  Lat=25.492500760° Lon=107.835706806° H=968.3789m
  原始数据:
2025/11/16 10:14:09.000   25.492500760  107.835706806   968.3789   2  29   0.0130   0.0313   0.0171   0.0077   0.0103   0.0054  21.00    1.0 8516419

[TCP数据流] 2025/11/16 18:13:52 - 浮点解 (29颗卫星)
  ECEF: X=-1764718.2879 Y=5484708.0600 Z=2728837.4673
  LLH:  Lat=25.492500751° Lon=107.835706810° H=968.3778m
  原始数据:
2025/11/16 10:14:10.000   25.492500751  107.835706810   968.3778   2  29   0.0130   0.0312   0.0171   0.0077   0.0103   0.0054  22.00    1.1 8516419

[TCP数据流] 2025/11/16 18:13:53 - 浮点解 (22颗卫星)
  ECEF: X=-1764718.2881 Y=5484708.0599 Z=2728837.4669
  LLH:  Lat=25.492500748° Lon=107.835706812° H=968.3775m
  原始数据:
2025/11/16 10:14:11.000   25.492500748  107.835706812   968.3775   2  22   0.0130   0.0312   0.0171   0.0077   0.0103   0.0053  23.00    1.0 8516419

[TCP数据流] 2025/11/16 18:13:54 - 浮点解 (29颗卫星)
  ECEF: X=-1764718.2884 Y=5484708.0591 Z=2728837.4656
  LLH:  Lat=25.492500740° Lon=107.835706818° H=968.3764m
  原始数据:
2025/11/16 10:14:12.000   25.492500740  107.835706818   968.3764   2  29   0.0130   0.0311   0.0171   0.0077   0.0102   0.0053  24.00    1.1 8516419

[TCP数据流] 2025/11/16 18:13:55 - 浮点解 (29颗卫星)
  ECEF: X=-1764718.2884 Y=5484708.0586 Z=2728837.4644
  LLH:  Lat=25.492500732° Lon=107.835706819° H=968.3754m
  原始数据:
2025/11/16 10:14:13.000   25.492500732  107.835706819   968.3754   2  29   0.0130   0.0311   0.0171   0.0076   0.0102   0.0053  25.00    1.1 8516419

[TCP数据流] 2025/11/16 18:13:56 - 浮点解 (29颗卫星)
  ECEF: X=-1764718.2888 Y=5484708.0579 Z=2728837.4632
  LLH:  Lat=25.492500724° Lon=107.835706825° H=968.3744m
  原始数据:
2025/11/16 10:14:14.000   25.492500724  107.835706825   968.3744   2  29   0.0130   0.0310   0.0170   0.0076   0.0102   0.0053  26.00    1.1 8516419

[TCP数据流] 2025/11/16 18:13:57 - 浮点解 (29颗卫星)
  ECEF: X=-1764718.2889 Y=5484708.0573 Z=2728837.4618
  LLH:  Lat=25.492500715° Lon=107.835706828° H=968.3734m
  原始数据:
2025/11/16 10:14:15.000   25.492500715  107.835706828   968.3734   2  29   0.0130   0.0310   0.0170   0.0076   0.0102   0.0053  27.00    1.0 8516419

[TCP数据流] 2025/11/16 18:13:58 - 浮点解 (29颗卫星)
  ECEF: X=-1764718.2887 Y=5484708.0568 Z=2728837.4607
  LLH:  Lat=25.492500708° Lon=107.835706827° H=968.3724m
  原始数据:
2025/11/16 10:14:16.000   25.492500708  107.835706827   968.3724   2  29   0.0130   0.0309   0.0170   0.0076   0.0102   0.0053  28.00    1.0 8516419

[TCP数据流] 2025/11/16 18:13:59 - 浮点解 (22颗卫星)
  ECEF: X=-1764718.2884 Y=5484708.0568 Z=2728837.4603
  LLH:  Lat=25.492500705° Lon=107.835706825° H=968.3721m
  原始数据:
2025/11/16 10:14:17.000   25.492500705  107.835706825   968.3721   2  22   0.0129   0.0309   0.0170   0.0076   0.0102   0.0053  29.00    1.1 8516419

[TCP数据流] 2025/11/16 18:14:00 - 浮点解 (29颗卫星)
  ECEF: X=-1764718.2877 Y=5484708.0564 Z=2728837.4590
  LLH:  Lat=25.492500697° Lon=107.835706819° H=968.3710m
  原始数据:
2025/11/16 10:14:18.000   25.492500697  107.835706819   968.3710   2  29   0.0129   0.0309   0.0170   0.0076   0.0102   0.0053  30.00    1.0 8516419

[TCP数据流] 2025/11/16 18:14:06 - 固定解 (22颗卫星)
  ECEF: X=-1764718.3584 Y=5484708.0871 Z=2728837.5747
  LLH:  Lat=25.492501442° Lon=107.835707395° H=968.4668m
  原始数据:
2025/11/16 10:14:24.000   25.492501442  107.835707395   968.4668   1  22   0.0011   0.0009   0.0026  -0.0003   0.0002   0.0006   0.00    7.5 8516419

[TCP数据流] 2025/11/16 18:14:07 - 固定解 (29颗卫星)
  ECEF: X=-1764718.3583 Y=5484708.0872 Z=2728837.5744
  LLH:  Lat=25.492501439° Lon=107.835707394° H=968.4667m
  原始数据:
2025/11/16 10:14:25.000   25.492501439  107.835707394   968.4667   1  29   0.0011   0.0008   0.0025  -0.0003   0.0002   0.0006   0.00    7.9 8516419

[TCP数据流] 2025/11/16 18:14:08 - 固定解 (29颗卫星)
  ECEF: X=-1764718.3583 Y=5484708.0872 Z=2728837.5742
  LLH:  Lat=25.492501437° Lon=107.835707394° H=968.4666m
  原始数据:
2025/11/16 10:14:26.000   25.492501437  107.835707394   968.4666   1  29   0.0011   0.0008   0.0025  -0.0003   0.0002   0.0005   0.00    8.3 8516419

[TCP数据流] 2025/11/16 18:14:09 - 固定解 (22颗卫星)
  ECEF: X=-1764718.3582 Y=5484708.0872 Z=2728837.5739
  LLH:  Lat=25.492501435° Lon=107.835707393° H=968.4664m
  原始数据:
2025/11/16 10:14:27.000   25.492501435  107.835707393   968.4664   1  22   0.0010   0.0008   0.0025  -0.0003   0.0002   0.0005   0.00    8.6 8516419

[TCP数据流] 2025/11/16 18:14:10 - 固定解 (29颗卫星)
  ECEF: X=-1764718.3583 Y=5484708.0871 Z=2728837.5739
  LLH:  Lat=25.492501435° Lon=107.835707394° H=968.4664m
  原始数据:
2025/11/16 10:14:28.000   25.492501435  107.835707394   968.4664   1  29   0.0010   0.0008   0.0024  -0.0003   0.0002   0.0005   1.00    8.9 8516419

[TCP数据流] 2025/11/16 18:14:11 - 固定解 (29颗卫星)
  ECEF: X=-1764718.3584 Y=5484708.0873 Z=2728837.5738
  LLH:  Lat=25.492501434° Lon=107.835707394° H=968.4665m
  原始数据:
2025/11/16 10:14:29.000   25.492501434  107.835707394   968.4665   1  29   0.0010   0.0008   0.0024  -0.0003   0.0002   0.0005   2.00    9.0 8516419

[TCP数据流] 2025/11/16 18:14:12 - 固定解 (29颗卫星)
  ECEF: X=-1764718.3585 Y=5484708.0874 Z=2728837.5739
  LLH:  Lat=25.492501434° Lon=107.835707395° H=968.4667m
  原始数据:
2025/11/16 10:14:30.000   25.492501434  107.835707395   968.4667   1  29   0.0010   0.0008   0.0024  -0.0003   0.0002   0.0005   3.00    9.0 8516419

[TCP数据流] 2025/11/16 18:14:13 - 固定解 (29颗卫星)
  ECEF: X=-1764718.3586 Y=5484708.0876 Z=2728837.5740
  LLH:  Lat=25.492501434° Lon=107.835707395° H=968.4669m
  原始数据:
2025/11/16 10:14:31.000   25.492501434  107.835707395   968.4669   1  29   0.0010   0.0008   0.0024  -0.0003   0.0002   0.0005   4.00    8.9 8516419

[TCP数据流] 2025/11/16 18:14:14 - 固定解 (29颗卫星)
  ECEF: X=-1764718.3587 Y=5484708.0878 Z=2728837.5741
  LLH:  Lat=25.492501434° Lon=107.835707396° H=968.4672m
  原始数据:
2025/11/16 10:14:32.000   25.492501434  107.835707396   968.4672   1  29   0.0010   0.0008   0.0024  -0.0003   0.0002   0.0005   5.00    8.8 8516419

[TCP数据流] 2025/11/16 18:14:15 - 固定解 (29颗卫星)
  ECEF: X=-1764718.3589 Y=5484708.0879 Z=2728837.5743
  LLH:  Lat=25.492501435° Lon=107.835707397° H=968.4674m
  原始数据:
2025/11/16 10:14:33.000   25.492501435  107.835707397   968.4674   1  29   0.0010   0.0008   0.0024  -0.0003   0.0002   0.0005   6.00    8.7 8516419

[TCP数据流] 2025/11/16 18:14:16 - 固定解 (29颗卫星)
  ECEF: X=-1764718.3591 Y=5484708.0881 Z=2728837.5744
  LLH:  Lat=25.492501435° Lon=107.835707398° H=968.4677m
  原始数据:
2025/11/16 10:14:34.000   25.492501435  107.835707398   968.4677   1  29   0.0010   0.0008   0.0024  -0.0003   0.0002   0.0005   7.00    8.5 8516419

[TCP数据流] 2025/11/16 18:14:17 - 固定解 (29颗卫星)
  ECEF: X=-1764718.3591 Y=5484708.0883 Z=2728837.5747
  LLH:  Lat=25.492501436° Lon=107.835707398° H=968.4680m
  原始数据:
2025/11/16 10:14:35.000   25.492501436  107.835707398   968.4680   1  29   0.0010   0.0008   0.0023  -0.0003   0.0002   0.0005   8.00    8.4 8516419

[TCP数据流] 2025/11/16 18:14:18 - 浮点解 (22颗卫星)
  ECEF: X=-1764718.2676 Y=5484708.0834 Z=2728837.4789
  LLH:  Lat=25.492500783° Lon=107.835706547° H=968.3972m
  原始数据:
2025/11/16 10:14:36.000   25.492500783  107.835706547   968.3972   2  22   0.0115   0.0280   0.0153   0.0070   0.0090   0.0047   9.00    2.3 8516419

[TCP数据流] 2025/11/16 18:14:19 - 固定解 (29颗卫星)
  ECEF: X=-1764718.3593 Y=5484708.0920 Z=2728837.5779
  LLH:  Lat=25.492501449° Lon=107.835707389° H=968.4726m
  原始数据:
2025/11/16 10:14:37.000   25.492501449  107.835707389   968.4726   1  29   0.0010   0.0008   0.0023  -0.0003   0.0003   0.0005  10.00    3.9 8516419

[TCP数据流] 2025/11/16 18:14:20 - 固定解 (29颗卫星)
  ECEF: X=-1764718.3595 Y=5484708.0923 Z=2728837.5784
  LLH:  Lat=25.492501451° Lon=107.835707389° H=968.4731m
  原始数据:
2025/11/16 10:14:38.000   25.492501451  107.835707389   968.4731   1  29   0.0010   0.0007   0.0023  -0.0003   0.0003   0.0005  11.00    3.7 8516419

[TCP数据流] 2025/11/16 18:14:21 - 固定解 (29颗卫星)
  ECEF: X=-1764718.3596 Y=5484708.0927 Z=2728837.5787
  LLH:  Lat=25.492501452° Lon=107.835707389° H=968.4736m
  原始数据:
2025/11/16 10:14:39.000   25.492501452  107.835707389   968.4736   1  29   0.0010   0.0007   0.0023  -0.0003   0.0003   0.0005  12.00    3.5 8516419

[TCP数据流] 2025/11/16 18:14:22 - 固定解 (29颗卫星)
  ECEF: X=-1764718.3597 Y=5484708.0931 Z=2728837.5790
  LLH:  Lat=25.492501453° Lon=107.835707389° H=968.4741m
  原始数据:
2025/11/16 10:14:40.000   25.492501453  107.835707389   968.4741   1  29   0.0010   0.0007   0.0023  -0.0003   0.0003   0.0005  13.00    3.3 8516419

[TCP数据流] 2025/11/16 18:14:23 - 固定解 (29颗卫星)
  ECEF: X=-1764718.3598 Y=5484708.0933 Z=2728837.5794
  LLH:  Lat=25.492501455° Lon=107.835707389° H=968.4745m
  原始数据:
2025/11/16 10:14:41.000   25.492501455  107.835707389   968.4745   1  29   0.0010   0.0007   0.0023  -0.0003   0.0003   0.0005  14.00    3.2 8516419

[TCP数据流] 2025/11/16 18:14:24 - 固定解 (29颗卫星)
  ECEF: X=-1764718.3599 Y=5484708.0936 Z=2728837.5796
  LLH:  Lat=25.492501456° Lon=107.835707389° H=968.4749m
  原始数据:
2025/11/16 10:14:42.000   25.492501456  107.835707389   968.4749   1  29   0.0010   0.0007   0.0023  -0.0003   0.0003   0.0005  15.00    3.0 8516419

[TCP数据流] 2025/11/16 18:14:25 - 浮点解 (29颗卫星)
  ECEF: X=-1764718.2677 Y=5484708.0831 Z=2728837.4693
  LLH:  Lat=25.492500706° Lon=107.835706548° H=968.3929m
  原始数据:
2025/11/16 10:14:43.000   25.492500706  107.835706548   968.3929   2  29   0.0114   0.0276   0.0151   0.0069   0.0089   0.0046  16.00    2.9 8516419

[TCP数据流] 2025/11/16 18:14:26 - 固定解 (29颗卫星)
  ECEF: X=-1764718.3575 Y=5484708.0993 Z=2728837.5834
  LLH:  Lat=25.492501469° Lon=107.835707349° H=968.4807m
  原始数据:
2025/11/16 10:14:44.000   25.492501469  107.835707349   968.4807   1  29   0.0010   0.0008   0.0023  -0.0002   0.0003   0.0004  17.00    3.1 8516419

[TCP数据流] 2025/11/16 18:14:27 - 浮点解 (29颗卫星)
  ECEF: X=-1764718.2675 Y=5484708.0830 Z=2728837.4669
  LLH:  Lat=25.492500687° Lon=107.835706547° H=968.3917m
  原始数据:
2025/11/16 10:14:45.000   25.492500687  107.835706547   968.3917   2  29   0.0114   0.0275   0.0150   0.0069   0.0089   0.0046  18.00    3.0 8516419

[TCP数据流] 2025/11/16 18:14:28 - 浮点解 (29颗卫星)
  ECEF: X=-1764718.2671 Y=5484708.0829 Z=2728837.4657
  LLH:  Lat=25.492500678° Lon=107.835706543° H=968.3910m
  原始数据:
2025/11/16 10:14:46.000   25.492500678  107.835706543   968.3910   2  29   0.0114   0.0275   0.0150   0.0069   0.0089   0.0046  19.00    2.8 8516419

[TCP数据流] 2025/11/16 18:14:29 - 浮点解 (29颗卫星)
  ECEF: X=-1764718.2668 Y=5484708.0827 Z=2728837.4646
  LLH:  Lat=25.492500670° Lon=107.835706541° H=968.3903m
  原始数据:
2025/11/16 10:14:47.000   25.492500670  107.835706541   968.3903   2  29   0.0114   0.0274   0.0150   0.0069   0.0089   0.0046  20.00    1.5 8516419

[TCP数据流] 2025/11/16 18:14:30 - 浮点解 (29颗卫星)
  ECEF: X=-1764718.2665 Y=5484708.0827 Z=2728837.4633
  LLH:  Lat=25.492500660° Lon=107.835706538° H=968.3896m
  原始数据:
2025/11/16 10:14:48.000   25.492500660  107.835706538   968.3896   2  29   0.0114   0.0274   0.0150   0.0069   0.0089   0.0046  21.00    1.5 8516419

[TCP数据流] 2025/11/16 18:14:31 - 浮点解 (29颗卫星)
  ECEF: X=-1764718.2656 Y=5484708.0828 Z=2728837.4622
  LLH:  Lat=25.492500652° Lon=107.835706530° H=968.3890m
  原始数据:
2025/11/16 10:14:49.000   25.492500652  107.835706530   968.3890   2  29   0.0114   0.0274   0.0150   0.0069   0.0089   0.0046  22.00    1.8 8516419

[TCP数据流] 2025/11/16 18:14:32 - 浮点解 (29颗卫星)
  ECEF: X=-1764718.2649 Y=5484708.0829 Z=2728837.4611
  LLH:  Lat=25.492500643° Lon=107.835706523° H=968.3884m
  原始数据:
2025/11/16 10:14:50.000   25.492500643  107.835706523   968.3884   2  29   0.0114   0.0273   0.0150   0.0068   0.0088   0.0046  23.00    1.1 8516419

[TCP数据流] 2025/11/16 18:14:33 - 浮点解 (22颗卫星)
  ECEF: X=-1764718.2643 Y=5484708.0832 Z=2728837.4605
  LLH:  Lat=25.492500638° Lon=107.835706516° H=968.3882m
  原始数据:
2025/11/16 10:14:51.000   25.492500638  107.835706516   968.3882   2  22   0.0114   0.0273   0.0150   0.0068   0.0088   0.0046  24.00    1.0 8516419

[TCP数据流] 2025/11/16 18:14:34 - 浮点解 (22颗卫星)
  ECEF: X=-1764718.2631 Y=5484708.0835 Z=2728837.4600
  LLH:  Lat=25.492500634° Lon=107.835706504° H=968.3880m
  原始数据:
2025/11/16 10:14:52.000   25.492500634  107.835706504   968.3880   2  22   0.0114   0.0273   0.0150   0.0068   0.0088   0.0046  25.00    1.0 8516419

[TCP数据流] 2025/11/16 18:14:35 - 浮点解 (22颗卫星)
  ECEF: X=-1764718.2619 Y=5484708.0836 Z=2728837.4590
  LLH:  Lat=25.492500627° Lon=107.835706492° H=968.3873m
  原始数据:
2025/11/16 10:14:53.000   25.492500627  107.835706492   968.3873   2  22   0.0114   0.0273   0.0149   0.0068   0.0088   0.0046  26.00    1.6 8516419

[TCP数据流] 2025/11/16 18:14:36 - 浮点解 (16颗卫星)
  ECEF: X=-1764718.2615 Y=5484708.0835 Z=2728837.4584
  LLH:  Lat=25.492500623° Lon=107.835706489° H=968.3868m
  原始数据:
2025/11/16 10:14:54.000   25.492500623  107.835706489   968.3868   2  16   0.0114   0.0273   0.0149   0.0068   0.0088   0.0046  27.00    2.0 8516419

[TCP数据流] 2025/11/16 18:14:39 - 浮点解 (16颗卫星)
  ECEF: X=-1764718.2614 Y=5484708.0836 Z=2728837.4582
  LLH:  Lat=25.492500621° Lon=107.835706487° H=968.3868m
  原始数据:
2025/11/16 10:14:57.000   25.492500621  107.835706487   968.3868   2  16   0.0114   0.0272   0.0149   0.0068   0.0088   0.0046  30.00    1.1 8516419

[TCP数据流] 2025/11/16 18:15:01 - 浮点解 (16颗卫星)
  ECEF: X=-1764718.2582 Y=5484708.0872 Z=2728837.4581
  LLH:  Lat=25.492500611° Lon=107.835706446° H=968.3890m
  原始数据:
2025/11/16 10:15:19.000   25.492500611  107.835706446   968.3890   2  16   0.0113   0.0272   0.0148   0.0068   0.0089   0.0046   6.00    1.2 8516419

[TCP数据流] 2025/11/16 18:15:03 - 浮点解 (16颗卫星)
  ECEF: X=-1764718.2580 Y=5484708.0877 Z=2728837.4578
  LLH:  Lat=25.492500607° Lon=107.835706443° H=968.3892m
  原始数据:
2025/11/16 10:15:21.000   25.492500607  107.835706443   968.3892   2  16   0.0113   0.0271   0.0148   0.0068   0.0089   0.0046   8.00    1.2 8516419

[TCP数据流] 2025/11/16 18:15:04 - 浮点解 (22颗卫星)
  ECEF: X=-1764718.2573 Y=5484708.0874 Z=2728837.4565
  LLH:  Lat=25.492500598° Lon=107.835706437° H=968.3882m
  原始数据:
2025/11/16 10:15:22.000   25.492500598  107.835706437   968.3882   2  22   0.0112   0.0271   0.0147   0.0068   0.0089   0.0046   9.00    1.5 8516419

[TCP数据流] 2025/11/16 18:15:05 - 浮点解 (16颗卫星)
  ECEF: X=-1764718.2573 Y=5484708.0877 Z=2728837.4563
  LLH:  Lat=25.492500595° Lon=107.835706436° H=968.3884m
  原始数据:
2025/11/16 10:15:23.000   25.492500595  107.835706436   968.3884   2  16   0.0112   0.0270   0.0147   0.0067   0.0089   0.0046  10.00    1.0 8516419

[TCP数据流] 2025/11/16 18:15:06 - 固定解 (9颗卫星)
  ECEF: X=-1764718.3056 Y=5484708.0772 Z=2728837.5313
  LLH:  Lat=25.492501188° Lon=107.835706925° H=968.4250m
  原始数据:
2025/11/16 10:15:24.000   25.492501188  107.835706925   968.4250   1   9   0.0055   0.0034   0.0082   0.0023  -0.0026  -0.0049  11.00    4.1 8516419

[TCP数据流] 2025/11/16 18:15:07 - 浮点解 (15颗卫星)
  ECEF: X=-1764718.2553 Y=5484708.0883 Z=2728837.4558
  LLH:  Lat=25.492500591° Lon=107.835706415° H=968.3881m
  原始数据:
2025/11/16 10:15:25.000   25.492500591  107.835706415   968.3881   2  15   0.0112   0.0270   0.0147   0.0067   0.0089   0.0046  12.00    1.3 8516419

[TCP数据流] 2025/11/16 18:15:08 - 固定解 (9颗卫星)
  ECEF: X=-1764718.3102 Y=5484708.0988 Z=2728837.5178
  LLH:  Lat=25.492500992° Lon=107.835706903° H=968.4390m
  原始数据:
2025/11/16 10:15:26.000   25.492500992  107.835706903   968.4390   1   9   0.0074   0.0033   0.0087   0.0028  -0.0029  -0.0063  13.00    4.3 8516419

[TCP数据流] 2025/11/16 18:15:09 - 固定解 (16颗卫星)
  ECEF: X=-1764718.3103 Y=5484708.0989 Z=2728837.5178
  LLH:  Lat=25.492500992° Lon=107.835706904° H=968.4391m
  原始数据:
2025/11/16 10:15:27.000   25.492500992  107.835706904   968.4391   1  16   0.0074   0.0033   0.0087   0.0028  -0.0029  -0.0063  14.00    4.2 8516419

[TCP数据流] 2025/11/16 18:15:12 - 固定解 (16颗卫星)
  ECEF: X=-1764718.3104 Y=5484708.0989 Z=2728837.5177
  LLH:  Lat=25.492500991° Lon=107.835706905° H=968.4391m
  原始数据:
2025/11/16 10:15:30.000   25.492500991  107.835706905   968.4391   1  16   0.0073   0.0033   0.0086   0.0028  -0.0029  -0.0063  17.00    4.2 8516419

[TCP数据流] 2025/11/16 18:15:13 - 固定解 (16颗卫星)
  ECEF: X=-1764718.3106 Y=5484708.0989 Z=2728837.5178
  LLH:  Lat=25.492500991° Lon=107.835706906° H=968.4392m
  原始数据:
2025/11/16 10:15:31.000   25.492500991  107.835706906   968.4392   1  16   0.0073   0.0032   0.0086   0.0028  -0.0029  -0.0063  18.00    4.1 8516419

[TCP数据流] 2025/11/16 18:15:14 - 浮点解 (15颗卫星)
  ECEF: X=-1764718.2527 Y=5484708.0900 Z=2728837.4545
  LLH:  Lat=25.492500578° Lon=107.835706386° H=968.3883m
  原始数据:
2025/11/16 10:15:32.000   25.492500578  107.835706386   968.3883   2  15   0.0112   0.0270   0.0147   0.0067   0.0089   0.0046  19.00    1.3 8516419

[TCP数据流] 2025/11/16 18:15:15 - 固定解 (16颗卫星)
  ECEF: X=-1764718.3546 Y=5484708.0939 Z=2728837.5784
  LLH:  Lat=25.492501451° Lon=107.835707338° H=968.4731m
  原始数据:
2025/11/16 10:15:33.000   25.492501451  107.835707338   968.4731   1  16   0.0010   0.0013   0.0023  -0.0004   0.0005   0.0005  20.00    3.6 8516419

[TCP数据流] 2025/11/16 18:15:16 - 固定解 (16颗卫星)
  ECEF: X=-1764718.3617 Y=5484708.0907 Z=2728837.5773
  LLH:  Lat=25.492501446° Lon=107.835707415° H=968.4719m
  原始数据:
2025/11/16 10:15:34.000   25.492501446  107.835707415   968.4719   1  16   0.0010   0.0011   0.0023  -0.0004   0.0006   0.0005  21.00    3.7 8516419

[TCP数据流] 2025/11/16 18:15:20 - 固定解 (22颗卫星)
  ECEF: X=-1764718.3607 Y=5484708.0921 Z=2728837.5784
  LLH:  Lat=25.492501451° Lon=107.835707401° H=968.4733m
  原始数据:
2025/11/16 10:15:38.000   25.492501451  107.835707401   968.4733   1  22   0.0010   0.0007   0.0022  -0.0003   0.0003   0.0004  25.00    3.3 8516419

[TCP数据流] 2025/11/16 18:15:22 - 固定解 (22颗卫星)
  ECEF: X=-1764718.3608 Y=5484708.0905 Z=2728837.5771
  LLH:  Lat=25.492501446° Lon=107.835707407° H=968.4714m
  原始数据:
2025/11/16 10:15:40.000   25.492501446  107.835707407   968.4714   1  22   0.0010   0.0007   0.0023  -0.0003   0.0002   0.0005   0.00    6.6 8516419

[TCP数据流] 2025/11/16 18:15:23 - 固定解 (22颗卫星)
  ECEF: X=-1764718.3606 Y=5484708.0903 Z=2728837.5769
  LLH:  Lat=25.492501445° Lon=107.835707406° H=968.4711m
  原始数据:
2025/11/16 10:15:41.000   25.492501445  107.835707406   968.4711   1  22   0.0010   0.0007   0.0023  -0.0003   0.0002   0.0005   0.00    6.8 8516419

[TCP数据流] 2025/11/16 18:15:25 - 固定解 (22颗卫星)
  ECEF: X=-1764718.3607 Y=5484708.0903 Z=2728837.5767
  LLH:  Lat=25.492501444° Lon=107.835707407° H=968.4710m
  原始数据:
2025/11/16 10:15:43.000   25.492501444  107.835707407   968.4710   1  22   0.0009   0.0007   0.0022  -0.0003   0.0002   0.0005   2.00    6.9 8516419

[TCP数据流] 2025/11/16 18:15:27 - 固定解 (22颗卫星)
  ECEF: X=-1764718.3607 Y=5484708.0903 Z=2728837.5769
  LLH:  Lat=25.492501445° Lon=107.835707407° H=968.4711m
  原始数据:
2025/11/16 10:15:45.000   25.492501445  107.835707407   968.4711   1  22   0.0009   0.0007   0.0022  -0.0003   0.0002   0.0005   4.00    6.8 8516419

[TCP数据流] 2025/11/16 18:15:28 - 浮点解 (9颗卫星)
  ECEF: X=-1764718.2443 Y=5484708.0928 Z=2728837.4609
  LLH:  Lat=25.492500629° Lon=107.835706298° H=968.3911m
  原始数据:
2025/11/16 10:15:46.000   25.492500629  107.835706298   968.3911   2   9   0.0109   0.0260   0.0144   0.0065   0.0082   0.0043   5.00    0.0 8516419

[TCP数据流] 2025/11/16 18:15:30 - 固定解 (22颗卫星)
  ECEF: X=-1764718.3608 Y=5484708.0915 Z=2728837.5779
  LLH:  Lat=25.492501449° Lon=107.835707404° H=968.4726m
  原始数据:
2025/11/16 10:15:48.000   25.492501449  107.835707404   968.4726   1  22   0.0009   0.0007   0.0022  -0.0003   0.0003   0.0005   7.00    5.0 8516419

[TCP数据流] 2025/11/16 18:15:32 - 固定解 (22颗卫星)
  ECEF: X=-1764718.3609 Y=5484708.0917 Z=2728837.5782
  LLH:  Lat=25.492501450° Lon=107.835707405° H=968.4729m
  原始数据:
2025/11/16 10:15:50.000   25.492501450  107.835707405   968.4729   1  22   0.0009   0.0007   0.0022  -0.0003   0.0003   0.0004   9.00    5.1 8516419

[TCP数据流] 2025/11/16 18:15:36 - 固定解 (22颗卫星)
  ECEF: X=-1764718.3584 Y=5484708.0934 Z=2728837.5773
  LLH:  Lat=25.492501440° Lon=107.835707376° H=968.4733m
  原始数据:
2025/11/16 10:15:54.000   25.492501440  107.835707376   968.4733   1  22   0.0009   0.0006   0.0022  -0.0003   0.0003   0.0005  13.00    4.4 8516419

[TCP数据流] 2025/11/16 18:15:37 - 浮点解 (9颗卫星)
  ECEF: X=-1764718.2399 Y=5484708.0930 Z=2728837.4564
  LLH:  Lat=25.492500597° Lon=107.835706255° H=968.3881m
  原始数据:
2025/11/16 10:15:55.000   25.492500597  107.835706255   968.3881   2   9   0.0108   0.0258   0.0143   0.0065   0.0081   0.0042  14.00    0.0 8516419

[TCP数据流] 2025/11/16 18:15:38 - 固定解 (22颗卫星)
  ECEF: X=-1764718.3586 Y=5484708.0935 Z=2728837.5774
  LLH:  Lat=25.492501440° Lon=107.835707377° H=968.4735m
  原始数据:
2025/11/16 10:15:56.000   25.492501440  107.835707377   968.4735   1  22   0.0009   0.0006   0.0022  -0.0003   0.0003   0.0004  15.00    4.5 8516419

[TCP数据流] 2025/11/16 18:15:39 - 固定解 (15颗卫星)
  ECEF: X=-1764718.3772 Y=5484708.1501 Z=2728837.5243
  LLH:  Lat=25.492500776° Lon=107.835707381° H=968.5044m
  原始数据:
2025/11/16 10:15:57.000   25.492500776  107.835707381   968.5044   1  15   0.0041   0.0009   0.0069  -0.0014   0.0006  -0.0007  16.00    4.9 8516419

[TCP数据流] 2025/11/16 18:15:43 - 固定解 (22颗卫星)
  ECEF: X=-1764718.3550 Y=5484708.0959 Z=2728837.5761
  LLH:  Lat=25.492501425° Lon=107.835707336° H=968.4740m
  原始数据:
2025/11/16 10:16:01.000   25.492501425  107.835707336   968.4740   1  22   0.0009   0.0006   0.0022  -0.0003   0.0003   0.0005  20.00    3.3 8516419

[TCP数据流] 2025/11/16 18:15:44 - 固定解 (15颗卫星)
  ECEF: X=-1764718.3774 Y=5484708.1507 Z=2728837.5242
  LLH:  Lat=25.492500773° Lon=107.835707381° H=968.5049m
  原始数据:
2025/11/16 10:16:02.000   25.492500773  107.835707381   968.5049   1  15   0.0041   0.0009   0.0069  -0.0014   0.0006  -0.0007  21.00    4.8 8516419

[TCP数据流] 2025/11/16 18:15:45 - 固定解 (22颗卫星)
  ECEF: X=-1764718.3551 Y=5484708.0961 Z=2728837.5762
  LLH:  Lat=25.492501425° Lon=107.835707336° H=968.4742m
  原始数据:
2025/11/16 10:16:03.000   25.492501425  107.835707336   968.4742   1  22   0.0009   0.0006   0.0022  -0.0003   0.0003   0.0004  22.00    3.3 8516419

[TCP数据流] 2025/11/16 18:15:47 - 固定解 (22颗卫星)
  ECEF: X=-1764718.3551 Y=5484708.0962 Z=2728837.5763
  LLH:  Lat=25.492501425° Lon=107.835707336° H=968.4743m
  原始数据:
2025/11/16 10:16:05.000   25.492501425  107.835707336   968.4743   1  22   0.0009   0.0006   0.0022  -0.0003   0.0003   0.0004  24.00    3.3 8516419

[TCP数据流] 2025/11/16 18:15:48 - 固定解 (22颗卫星)
  ECEF: X=-1764718.3776 Y=5484708.1514 Z=2728837.5241
  LLH:  Lat=25.492500769° Lon=107.835707381° H=968.5056m
  原始数据:
2025/11/16 10:16:06.000   25.492500769  107.835707381   968.5056   1  22   0.0041   0.0009   0.0069  -0.0014   0.0006  -0.0007  25.00    4.7 8516419

[TCP数据流] 2025/11/16 18:15:50 - 固定解 (15颗卫星)
  ECEF: X=-1764718.3768 Y=5484708.1501 Z=2728837.5272
  LLH:  Lat=25.492500800° Lon=107.835707377° H=968.5055m
  原始数据:
2025/11/16 10:16:08.000   25.492500800  107.835707377   968.5055   1  15   0.0029   0.0008   0.0068  -0.0011   0.0006   0.0006  27.00    5.1 8516419

[TCP数据流] 2025/11/16 18:15:51 - 固定解 (16颗卫星)
  ECEF: X=-1764718.3636 Y=5484708.0915 Z=2728837.5782
  LLH:  Lat=25.492501448° Lon=107.835707431° H=968.4735m
  原始数据:
2025/11/16 10:16:09.000   25.492501448  107.835707431   968.4735   1  16   0.0009   0.0011   0.0023  -0.0004   0.0005   0.0005  28.00    4.6 8516419

[TCP数据流] 2025/11/16 18:17:01 - 浮点解 (16颗卫星)
  ECEF: X=-1764718.2291 Y=5484708.0947 Z=2728837.4520
  LLH:  Lat=25.492500568° Lon=107.835706148° H=968.3848m
  原始数据:
2025/11/16 10:17:19.000   25.492500568  107.835706148   968.3848   2  16   0.0107   0.0255   0.0142   0.0064   0.0082   0.0043   0.00    0.0 8516419

[TCP数据流] 2025/11/16 18:17:03 - 浮点解 (23颗卫星)
  ECEF: X=-1764718.2295 Y=5484708.0967 Z=2728837.4572
  LLH:  Lat=25.492500602° Lon=107.835706145° H=968.3888m
  原始数据:
2025/11/16 10:17:21.000   25.492500602  107.835706145   968.3888   2  23   0.0105   0.0252   0.0139   0.0064   0.0081   0.0042   1.00    2.4 8516419

[TCP数据流] 2025/11/16 18:21:52 - 浮点解 (16颗卫星)
  ECEF: X=-1764718.2262 Y=5484708.0947 Z=2728837.4583
  LLH:  Lat=25.492500623° Lon=107.835706120° H=968.3866m
  原始数据:
2025/11/16 10:22:10.000   25.492500623  107.835706120   968.3866   2  16   0.0103   0.0249   0.0136   0.0063   0.0083   0.0044  10.00    2.4 8516419

[TCP数据流] 2025/11/16 18:21:59 - 浮点解 (23颗卫星)
  ECEF: X=-1764718.2261 Y=5484708.0939 Z=2728837.4570
  LLH:  Lat=25.492500615° Lon=107.835706122° H=968.3854m
  原始数据:
2025/11/16 10:22:17.000   25.492500615  107.835706122   968.3854   2  23   0.0102   0.0248   0.0135   0.0063   0.0083   0.0044  17.00    2.4 8516419

[TCP数据流] 2025/11/16 18:22:02 - 浮点解 (16颗卫星)
  ECEF: X=-1764718.2260 Y=5484708.0935 Z=2728837.4557
  LLH:  Lat=25.492500606° Lon=107.835706122° H=968.3844m
  原始数据:
2025/11/16 10:22:20.000   25.492500606  107.835706122   968.3844   2  16   0.0102   0.0248   0.0135   0.0063   0.0082   0.0044  20.00    2.4 8516419

[TCP数据流] 2025/11/16 18:23:04 - 固定解 (28颗卫星)
  ECEF: X=-1764718.3519 Y=5484708.0909 Z=2728837.5881
  LLH:  Lat=25.492501545° Lon=107.835707322° H=968.4740m
  原始数据:
2025/11/16 10:23:22.000   25.492501545  107.835707322   968.4740   1  28   0.0008   0.0007   0.0022   0.0002   0.0005   0.0004   0.00    3.0 8516419

[TCP数据流] 2025/11/16 18:23:05 - 固定解 (28颗卫星)
  ECEF: X=-1764718.3495 Y=5484708.0871 Z=2728837.5883
  LLH:  Lat=25.492501563° Lon=107.835707311° H=968.4702m
  原始数据:
2025/11/16 10:23:23.000   25.492501563  107.835707311   968.4702   1  28   0.0008   0.0006   0.0022   0.0003   0.0005   0.0005   1.00    3.2 8516419

[TCP数据流] 2025/11/16 18:23:06 - 固定解 (28颗卫星)
  ECEF: X=-1764718.3493 Y=5484708.0868 Z=2728837.5880
  LLH:  Lat=25.492501562° Lon=107.835707310° H=968.4697m
  原始数据:
2025/11/16 10:23:24.000   25.492501562  107.835707310   968.4697   1  28   0.0008   0.0006   0.0022   0.0003   0.0005   0.0005   0.00    3.4 8516419

[TCP数据流] 2025/11/16 18:23:07 - 固定解 (28颗卫星)
  ECEF: X=-1764718.3491 Y=5484708.0863 Z=2728837.5876
  LLH:  Lat=25.492501561° Lon=107.835707309° H=968.4691m
  原始数据:
2025/11/16 10:23:25.000   25.492501561  107.835707309   968.4691   1  28   0.0008   0.0006   0.0021   0.0003   0.0005   0.0005   1.00    3.5 8516419

[TCP数据流] 2025/11/16 18:23:08 - 固定解 (21颗卫星)
  ECEF: X=-1764718.3451 Y=5484708.0515 Z=2728837.6238
  LLH:  Lat=25.492501989° Lon=107.835707377° H=968.4536m
  原始数据:
2025/11/16 10:23:26.000   25.492501989  107.835707377   968.4536   1  21   0.0020   0.0010   0.0088   0.0011   0.0019   0.0022   2.00    5.9 8516419

[TCP数据流] 2025/11/16 18:23:09 - 固定解 (21颗卫星)
  ECEF: X=-1764718.3551 Y=5484708.0839 Z=2728837.5780
  LLH:  Lat=25.492501484° Lon=107.835707373° H=968.4645m
  原始数据:
2025/11/16 10:23:27.000   25.492501484  107.835707373   968.4645   1  21   0.0008   0.0007   0.0021  -0.0001   0.0004   0.0005   3.00    6.0 8516419

[TCP数据流] 2025/11/16 18:23:10 - 固定解 (28颗卫星)
  ECEF: X=-1764718.3486 Y=5484708.0854 Z=2728837.5875
  LLH:  Lat=25.492501564° Lon=107.835707307° H=968.4681m
  原始数据:
2025/11/16 10:23:28.000   25.492501564  107.835707307   968.4681   1  28   0.0008   0.0006   0.0021   0.0003   0.0005   0.0005   4.00    3.5 8516419

[TCP数据流] 2025/11/16 18:23:11 - 固定解 (28颗卫星)
  ECEF: X=-1764718.3484 Y=5484708.0851 Z=2728837.5875
  LLH:  Lat=25.492501565° Lon=107.835707306° H=968.4678m
  原始数据:
2025/11/16 10:23:29.000   25.492501565  107.835707306   968.4678   1  28   0.0008   0.0006   0.0021   0.0003   0.0005   0.0005   5.00    3.5 8516419

[TCP数据流] 2025/11/16 18:23:12 - 固定解 (28颗卫星)
  ECEF: X=-1764718.3483 Y=5484708.0850 Z=2728837.5875
  LLH:  Lat=25.492501566° Lon=107.835707306° H=968.4677m
  原始数据:
2025/11/16 10:23:30.000   25.492501566  107.835707306   968.4677   1  28   0.0008   0.0006   0.0021   0.0003   0.0005   0.0005   6.00    3.5 8516419

[TCP数据流] 2025/11/16 18:23:13 - 固定解 (28颗卫星)
  ECEF: X=-1764718.3483 Y=5484708.0848 Z=2728837.5875
  LLH:  Lat=25.492501567° Lon=107.835707306° H=968.4675m
  原始数据:
2025/11/16 10:23:31.000   25.492501567  107.835707306   968.4675   1  28   0.0008   0.0006   0.0021   0.0003   0.0005   0.0005   7.00    3.4 8516419

[TCP数据流] 2025/11/16 18:23:14 - 固定解 (28颗卫星)
  ECEF: X=-1764718.3481 Y=5484708.0847 Z=2728837.5876
  LLH:  Lat=25.492501568° Lon=107.835707305° H=968.4674m
  原始数据:
2025/11/16 10:23:32.000   25.492501568  107.835707305   968.4674   1  28   0.0008   0.0006   0.0021   0.0003   0.0005   0.0005   8.00    3.4 8516419

[TCP数据流] 2025/11/16 18:23:15 - 固定解 (28颗卫星)
  ECEF: X=-1764718.3481 Y=5484708.0846 Z=2728837.5877
  LLH:  Lat=25.492501569° Lon=107.835707305° H=968.4673m
  原始数据:
2025/11/16 10:23:33.000   25.492501569  107.835707305   968.4673   1  28   0.0008   0.0006   0.0021   0.0003   0.0005   0.0005   9.00    3.4 8516419

[TCP数据流] 2025/11/16 18:23:16 - 固定解 (28颗卫星)
  ECEF: X=-1764718.3481 Y=5484708.0845 Z=2728837.5878
  LLH:  Lat=25.492501570° Lon=107.835707305° H=968.4673m
  原始数据:
2025/11/16 10:23:34.000   25.492501570  107.835707305   968.4673   1  28   0.0008   0.0006   0.0021   0.0003   0.0005   0.0005  10.00    3.4 8516419

[TCP数据流] 2025/11/16 18:23:17 - 固定解 (28颗卫星)
  ECEF: X=-1764718.3480 Y=5484708.0844 Z=2728837.5878
  LLH:  Lat=25.492501571° Lon=107.835707305° H=968.4672m
  原始数据:
2025/11/16 10:23:35.000   25.492501571  107.835707305   968.4672   1  28   0.0008   0.0006   0.0021   0.0003   0.0005   0.0005  11.00    3.4 8516419

[TCP数据流] 2025/11/16 18:23:18 - 固定解 (28颗卫星)
  ECEF: X=-1764718.3509 Y=5484708.0969 Z=2728837.5917
  LLH:  Lat=25.492501553° Lon=107.835707294° H=968.4804m
  原始数据:
2025/11/16 10:23:36.000   25.492501553  107.835707294   968.4804   1  28   0.0007   0.0006   0.0018   0.0002   0.0005   0.0006  12.00    3.2 8516419

[TCP数据流] 2025/11/16 18:23:19 - 固定解 (28颗卫星)
  ECEF: X=-1764718.3509 Y=5484708.0968 Z=2728837.5918
  LLH:  Lat=25.492501554° Lon=107.835707294° H=968.4804m
  原始数据:
2025/11/16 10:23:37.000   25.492501554  107.835707294   968.4804   1  28   0.0007   0.0006   0.0018   0.0002   0.0005   0.0006  13.00    3.2 8516419

[TCP数据流] 2025/11/16 18:23:20 - 固定解 (28颗卫星)
  ECEF: X=-1764718.3509 Y=5484708.0968 Z=2728837.5919
  LLH:  Lat=25.492501555° Lon=107.835707294° H=968.4804m
  原始数据:
2025/11/16 10:23:38.000   25.492501555  107.835707294   968.4804   1  28   0.0007   0.0006   0.0018   0.0002   0.0005   0.0006  14.00    3.2 8516419

[TCP数据流] 2025/11/16 18:23:21 - 固定解 (28颗卫星)
  ECEF: X=-1764718.3508 Y=5484708.0967 Z=2728837.5920
  LLH:  Lat=25.492501556° Lon=107.835707294° H=968.4804m
  原始数据:
2025/11/16 10:23:39.000   25.492501556  107.835707294   968.4804   1  28   0.0007   0.0006   0.0018   0.0002   0.0005   0.0006  15.00    3.2 8516419

[TCP数据流] 2025/11/16 18:23:22 - 固定解 (28颗卫星)
  ECEF: X=-1764718.3508 Y=5484708.0967 Z=2728837.5921
  LLH:  Lat=25.492501557° Lon=107.835707294° H=968.4804m
  原始数据:
2025/11/16 10:23:40.000   25.492501557  107.835707294   968.4804   1  28   0.0007   0.0006   0.0018   0.0002   0.0005   0.0006  16.00    3.2 8516419

[TCP数据流] 2025/11/16 18:23:23 - 固定解 (28颗卫星)
  ECEF: X=-1764718.3508 Y=5484708.0967 Z=2728837.5921
  LLH:  Lat=25.492501557° Lon=107.835707294° H=968.4804m
  原始数据:
2025/11/16 10:23:41.000   25.492501557  107.835707294   968.4804   1  28   0.0007   0.0006   0.0018   0.0002   0.0005   0.0006  17.00    3.2 8516419

[TCP数据流] 2025/11/16 18:23:24 - 固定解 (28颗卫星)
  ECEF: X=-1764718.3508 Y=5484708.0967 Z=2728837.5922
  LLH:  Lat=25.492501558° Lon=107.835707294° H=968.4804m
  原始数据:
2025/11/16 10:23:42.000   25.492501558  107.835707294   968.4804   1  28   0.0007   0.0006   0.0018   0.0002   0.0005   0.0006  18.00    3.2 8516419

[TCP数据流] 2025/11/16 18:23:25 - 固定解 (28颗卫星)
  ECEF: X=-1764718.3507 Y=5484708.0966 Z=2728837.5923
  LLH:  Lat=25.492501559° Lon=107.835707293° H=968.4804m
  原始数据:
2025/11/16 10:23:43.000   25.492501559  107.835707293   968.4804   1  28   0.0007   0.0006   0.0018   0.0002   0.0005   0.0006  19.00    3.2 8516419

[TCP数据流] 2025/11/16 18:23:26 - 固定解 (28颗卫星)
  ECEF: X=-1764718.3507 Y=5484708.0966 Z=2728837.5923
  LLH:  Lat=25.492501559° Lon=107.835707293° H=968.4804m
  原始数据:
2025/11/16 10:23:44.000   25.492501559  107.835707293   968.4804   1  28   0.0007   0.0006   0.0018   0.0002   0.0005   0.0006  20.00    3.2 8516419

[TCP数据流] 2025/11/16 18:23:27 - 固定解 (28颗卫星)
  ECEF: X=-1764718.3507 Y=5484708.0966 Z=2728837.5924
  LLH:  Lat=25.492501560° Lon=107.835707293° H=968.4804m
  原始数据:
2025/11/16 10:23:45.000   25.492501560  107.835707293   968.4804   1  28   0.0007   0.0006   0.0018   0.0002   0.0005   0.0006  21.00    3.2 8516419

[TCP数据流] 2025/11/16 18:23:28 - 固定解 (28颗卫星)
  ECEF: X=-1764718.3507 Y=5484708.0966 Z=2728837.5925
  LLH:  Lat=25.492501561° Lon=107.835707293° H=968.4804m
  原始数据:
2025/11/16 10:23:46.000   25.492501561  107.835707293   968.4804   1  28   0.0007   0.0006   0.0018   0.0002   0.0005   0.0006  22.00    3.2 8516419

[TCP数据流] 2025/11/16 18:23:29 - 固定解 (28颗卫星)
  ECEF: X=-1764718.3507 Y=5484708.0966 Z=2728837.5925
  LLH:  Lat=25.492501561° Lon=107.835707293° H=968.4804m
  原始数据:
2025/11/16 10:23:47.000   25.492501561  107.835707293   968.4804   1  28   0.0007   0.0006   0.0018   0.0002   0.0005   0.0006  23.00    3.2 8516419

[TCP数据流] 2025/11/16 18:23:30 - 固定解 (28颗卫星)
  ECEF: X=-1764718.3575 Y=5484708.1056 Z=2728837.5994
  LLH:  Lat=25.492501576° Lon=107.835707330° H=968.4930m
  原始数据:
2025/11/16 10:23:48.000   25.492501576  107.835707330   968.4930   1  28   0.0007   0.0006   0.0017   0.0002   0.0004   0.0006  24.00    3.2 8516419

[TCP数据流] 2025/11/16 18:23:31 - 固定解 (28颗卫星)
  ECEF: X=-1764718.3575 Y=5484708.1056 Z=2728837.5994
  LLH:  Lat=25.492501576° Lon=107.835707330° H=968.4930m
  原始数据:
2025/11/16 10:23:49.000   25.492501576  107.835707330   968.4930   1  28   0.0007   0.0006   0.0017   0.0002   0.0004   0.0006  25.00    3.2 8516419

[TCP数据流] 2025/11/16 18:23:32 - 固定解 (28颗卫星)
  ECEF: X=-1764718.3575 Y=5484708.1055 Z=2728837.5995
  LLH:  Lat=25.492501577° Lon=107.835707330° H=968.4930m
  原始数据:
2025/11/16 10:23:50.000   25.492501577  107.835707330   968.4930   1  28   0.0007   0.0006   0.0017   0.0002   0.0004   0.0006  26.00    3.2 8516419

[TCP数据流] 2025/11/16 18:23:33 - 固定解 (28颗卫星)
  ECEF: X=-1764718.3575 Y=5484708.1055 Z=2728837.5995
  LLH:  Lat=25.492501577° Lon=107.835707330° H=968.4930m
  原始数据:
2025/11/16 10:23:51.000   25.492501577  107.835707330   968.4930   1  28   0.0007   0.0006   0.0017   0.0002   0.0004   0.0006  27.00    3.2 8516419

[TCP数据流] 2025/11/16 18:23:34 - 固定解 (28颗卫星)
  ECEF: X=-1764718.3575 Y=5484708.1055 Z=2728837.5996
  LLH:  Lat=25.492501578° Lon=107.835707330° H=968.4930m
  原始数据:
2025/11/16 10:23:52.000   25.492501578  107.835707330   968.4930   1  28   0.0007   0.0006   0.0017   0.0002   0.0004   0.0006  28.00    3.2 8516419

[TCP数据流] 2025/11/16 18:23:35 - 固定解 (28颗卫星)
  ECEF: X=-1764718.3575 Y=5484708.1055 Z=2728837.5996
  LLH:  Lat=25.492501578° Lon=107.835707330° H=968.4930m
  原始数据:
2025/11/16 10:23:53.000   25.492501578  107.835707330   968.4930   1  28   0.0007   0.0006   0.0017   0.0002   0.0004   0.0006  29.00    3.2 8516419

[TCP数据流] 2025/11/16 18:23:36 - 固定解 (28颗卫星)
  ECEF: X=-1764718.3574 Y=5484708.1054 Z=2728837.5997
  LLH:  Lat=25.492501579° Lon=107.835707330° H=968.4930m
  原始数据:
2025/11/16 10:23:54.000   25.492501579  107.835707330   968.4930   1  28   0.0007   0.0006   0.0017   0.0002   0.0004   0.0006  30.00    3.2 8516419

[TCP数据流] 2025/11/16 18:24:01 - 固定解 (28颗卫星)
  ECEF: X=-1764718.3596 Y=5484708.1094 Z=2728837.5947
  LLH:  Lat=25.492501521° Lon=107.835707338° H=968.4949m
  原始数据:
2025/11/16 10:24:19.000   25.492501521  107.835707338   968.4949   1  28   0.0007   0.0006   0.0017   0.0001   0.0004   0.0006   0.00    3.8 8516419

[TCP数据流] 2025/11/16 18:24:02 - 固定解 (28颗卫星)
  ECEF: X=-1764718.3595 Y=5484708.1094 Z=2728837.5944
  LLH:  Lat=25.492501519° Lon=107.835707337° H=968.4947m
  原始数据:
2025/11/16 10:24:20.000   25.492501519  107.835707337   968.4947   1  28   0.0007   0.0005   0.0017   0.0001   0.0004   0.0006   1.00    4.0 8516419

[TCP数据流] 2025/11/16 18:24:03 - 固定解 (28颗卫星)
  ECEF: X=-1764718.3594 Y=5484708.1094 Z=2728837.5943
  LLH:  Lat=25.492501518° Lon=107.835707337° H=968.4946m
  原始数据:
2025/11/16 10:24:21.000   25.492501518  107.835707337   968.4946   1  28   0.0007   0.0005   0.0017   0.0001   0.0004   0.0005   2.00    4.2 8516419

[TCP数据流] 2025/11/16 18:24:04 - 固定解 (28颗卫星)
  ECEF: X=-1764718.3595 Y=5484708.1094 Z=2728837.5942
  LLH:  Lat=25.492501517° Lon=107.835707337° H=968.4946m
  原始数据:
2025/11/16 10:24:22.000   25.492501517  107.835707337   968.4946   1  28   0.0007   0.0005   0.0017   0.0001   0.0004   0.0005   3.00    4.2 8516419

[TCP数据流] 2025/11/16 18:24:05 - 固定解 (28颗卫星)
  ECEF: X=-1764718.3594 Y=5484708.1094 Z=2728837.5942
  LLH:  Lat=25.492501517° Lon=107.835707336° H=968.4946m
  原始数据:
2025/11/16 10:24:23.000   25.492501517  107.835707336   968.4946   1  28   0.0007   0.0005   0.0017   0.0001   0.0004   0.0005   4.00    4.2 8516419

[TCP数据流] 2025/11/16 18:24:06 - 固定解 (28颗卫星)
  ECEF: X=-1764718.3594 Y=5484708.1094 Z=2728837.5942
  LLH:  Lat=25.492501517° Lon=107.835707336° H=968.4946m
  原始数据:
2025/11/16 10:24:24.000   25.492501517  107.835707336   968.4946   1  28   0.0007   0.0005   0.0017   0.0001   0.0004   0.0005   5.00    4.2 8516419

[TCP数据流] 2025/11/16 18:24:07 - 固定解 (28颗卫星)
  ECEF: X=-1764718.3594 Y=5484708.1096 Z=2728837.5941
  LLH:  Lat=25.492501516° Lon=107.835707336° H=968.4947m
  原始数据:
2025/11/16 10:24:25.000   25.492501516  107.835707336   968.4947   1  28   0.0007   0.0005   0.0016   0.0001   0.0004   0.0005   6.00    4.2 8516419

[TCP数据流] 2025/11/16 18:24:08 - 固定解 (28颗卫星)
  ECEF: X=-1764718.3587 Y=5484708.1087 Z=2728837.5940
  LLH:  Lat=25.492501519° Lon=107.835707332° H=968.4937m
  原始数据:
2025/11/16 10:24:26.000   25.492501519  107.835707332   968.4937   1  28   0.0007   0.0005   0.0016   0.0002   0.0002   0.0006   7.00    4.6 8516419

========== RTKRCV 退出 ==========
时间: 2025-11-16T10:24:09.269Z
退出码: 0
信号: null
================================

