
========== RTKRCV 启动 ==========
时间: 2025-11-16T10:14:38.478Z
配置文件: 8516415.conf
进程 PID: 3579676
================================


[TCP数据流] 2025/11/16 18:15:00 - 浮点解 (20颗卫星)
  ECEF: X=-1812089.1943 Y=5333038.8327 Z=2984649.9764
  LLH:  Lat=28.078552812° Lon=108.767015365° H=979.9443m
  原始数据:
2025/11/16 10:15:18.000   28.078552812  108.767015365   979.9443   2  20   0.5624   0.4303   1.4733   0.1117   0.0793  -0.2151   6.00    0.0 8516415

[TCP数据流] 2025/11/16 18:15:01 - 浮点解 (20颗卫星)
  ECEF: X=-1812088.9857 Y=5333038.3844 Z=2984649.4913
  LLH:  Lat=28.078551038° Lon=108.767014823° H=979.2823m
  原始数据:
2025/11/16 10:15:19.000   28.078551038  108.767014823   979.2823   2  20   0.4895   0.3778   1.2984   0.0966   0.1271  -0.1685   7.00    0.0 8516415

[TCP数据流] 2025/11/16 18:15:02 - 浮点解 (19颗卫星)
  ECEF: X=-1812089.1180 Y=5333038.3654 Z=2984649.7300
  LLH:  Lat=28.078552834° Lon=108.767016160° H=979.4163m
  原始数据:
2025/11/16 10:15:20.000   28.078552834  108.767016160   979.4163   2  19   0.4461   0.3406   1.1688   0.0882   0.0376  -0.1999   8.00    0.0 8516415

[TCP数据流] 2025/11/16 18:15:04 - 浮点解 (25颗卫星)
  ECEF: X=-1812089.2772 Y=5333038.6682 Z=2984649.9673
  LLH:  Lat=28.078553288° Lon=108.767016702° H=979.8262m
  原始数据:
2025/11/16 10:15:22.000   28.078553288  108.767016702   979.8262   2  25   0.3994   0.3079   1.0418   0.0786   0.0638  -0.1578  10.00    0.0 8516415

[TCP数据流] 2025/11/16 18:15:05 - 浮点解 (25颗卫星)
  ECEF: X=-1812089.3809 Y=5333038.8631 Z=2984650.0850
  LLH:  Lat=28.078553299° Lon=108.767017063° H=980.0738m
  原始数据:
2025/11/16 10:15:23.000   28.078553299  108.767017063   980.0738   2  25   0.3649   0.2831   0.9494   0.0717   0.0711  -0.1300  11.00    0.0 8516415

[TCP数据流] 2025/11/16 18:15:07 - 浮点解 (14颗卫星)
  ECEF: X=-1812089.1983 Y=5333038.4641 Z=2984649.8023
  LLH:  Lat=28.078552903° Lon=108.767016610° H=979.5556m
  原始数据:
2025/11/16 10:15:25.000   28.078552903  108.767016610   979.5556   2  14   0.3518   0.2699   0.9199   0.0702   0.0459  -0.1562  13.00    0.0 8516415

[TCP数据流] 2025/11/16 18:15:08 - 浮点解 (20颗卫星)
  ECEF: X=-1812089.0941 Y=5333038.4466 Z=2984649.6084
  LLH:  Lat=28.078551572° Lon=108.767015664° H=979.4202m
  原始数据:
2025/11/16 10:15:26.000   28.078551572  108.767015664   979.4202   2  20   0.3312   0.2552   0.8708   0.0652   0.0671  -0.1387  14.00    0.0 8516415

[TCP数据流] 2025/11/16 18:15:10 - 浮点解 (19颗卫星)
  ECEF: X=-1812089.1365 Y=5333038.4425 Z=2984649.7113
  LLH:  Lat=28.078552350° Lon=108.767016086° H=979.4772m
  原始数据:
2025/11/16 10:15:28.000   28.078552350  108.767016086   979.4772   2  19   0.3176   0.2431   0.8309   0.0634   0.0378  -0.1483  16.00    0.0 8516415

[TCP数据流] 2025/11/16 18:15:11 - 浮点解 (19颗卫星)
  ECEF: X=-1812089.1498 Y=5333038.4577 Z=2984649.8140
  LLH:  Lat=28.078553088° Lon=108.767016164° H=979.5420m
  原始数据:
2025/11/16 10:15:29.000   28.078553088  108.767016164   979.5420   2  19   0.3048   0.2323   0.7934   0.0611  -0.0280  -0.1515  17.00    0.0 8516415

[TCP数据流] 2025/11/16 18:15:12 - 浮点解 (25颗卫星)
  ECEF: X=-1812089.2254 Y=5333038.6484 Z=2984649.9203
  LLH:  Lat=28.078553064° Lon=108.767016268° H=979.7728m
  原始数据:
2025/11/16 10:15:30.000   28.078553064  108.767016268   979.7728   2  25   0.2885   0.2210   0.7494   0.0575   0.0146  -0.1352  18.00    0.0 8516415

[TCP数据流] 2025/11/16 18:15:14 - 浮点解 (25颗卫星)
  ECEF: X=-1812089.2717 Y=5333038.8011 Z=2984650.0105
  LLH:  Lat=28.078553105° Lon=108.767016214° H=979.9560m
  原始数据:
2025/11/16 10:15:32.000   28.078553105  108.767016214   979.9560   2  25   0.2743   0.2113   0.7113   0.0543   0.0314  -0.1210  20.00    0.0 8516415

[TCP数据流] 2025/11/16 18:15:16 - 浮点解 (20颗卫星)
  ECEF: X=-1812089.1943 Y=5333038.6568 Z=2984649.8120
  LLH:  Lat=28.078552211° Lon=108.767015941° H=979.7200m
  原始数据:
2025/11/16 10:15:34.000   28.078552211  108.767015941   979.7200   2  20   0.2643   0.2040   0.6883   0.0521   0.0431  -0.1137  22.00    0.0 8516415

[TCP数据流] 2025/11/16 18:15:17 - 浮点解 (25颗卫星)
  ECEF: X=-1812089.2525 Y=5333038.7904 Z=2984649.8775
  LLH:  Lat=28.078552115° Lon=108.767016064° H=979.8790m
  原始数据:
2025/11/16 10:15:35.000   28.078552115  108.767016064   979.8790   2  25   0.2535   0.1963   0.6588   0.0500   0.0458  -0.1042  23.00    0.0 8516415

[TCP数据流] 2025/11/16 18:15:18 - 浮点解 (19颗卫星)
  ECEF: X=-1812089.2440 Y=5333038.7001 Z=2984649.8654
  LLH:  Lat=28.078552394° Lon=108.767016278° H=979.7954m
  原始数据:
2025/11/16 10:15:36.000   28.078552394  108.767016278   979.7954   2  19   0.2467   0.1905   0.6393   0.0487   0.0316  -0.1078  24.00    0.0 8516415

[TCP数据流] 2025/11/16 18:15:19 - 浮点解 (14颗卫星)
  ECEF: X=-1812089.2237 Y=5333038.7564 Z=2984649.8450
  LLH:  Lat=28.078552033° Lon=108.767015898° H=979.8271m
  原始数据:
2025/11/16 10:15:37.000   28.078552033  108.767015898   979.8271   2  14   0.2414   0.1877   0.6233   0.0473   0.0476  -0.1032  25.00    0.0 8516415

[TCP数据流] 2025/11/16 18:15:22 - 浮点解 (25颗卫星)
  ECEF: X=-1812089.2302 Y=5333038.8039 Z=2984649.8343
  LLH:  Lat=28.078551748° Lon=108.767015805° H=979.8636m
  原始数据:
2025/11/16 10:15:40.000   28.078551748  108.767015805   979.8636   2  25   0.2329   0.1816   0.6007   0.0455   0.0489  -0.0954  28.00    0.0 8516415

[TCP数据流] 2025/11/16 18:15:23 - 浮点解 (14颗卫星)
  ECEF: X=-1812089.2234 Y=5333038.8805 Z=2984649.8045
  LLH:  Lat=28.078551212° Lon=108.767015489° H=979.9116m
  原始数据:
2025/11/16 10:15:41.000   28.078551212  108.767015489   979.9116   2  14   0.2284   0.1793   0.5875   0.0443   0.0576  -0.0918  29.00    0.0 8516415

[TCP数据流] 2025/11/16 18:15:24 - 浮点解 (14颗卫星)
  ECEF: X=-1812089.1927 Y=5333038.8903 Z=2984649.7297
  LLH:  Lat=28.078550619° Lon=108.767015161° H=979.8759m
  原始数据:
2025/11/16 10:15:42.000   28.078550619  108.767015161   979.8759   2  14   0.2241   0.1770   0.5749   0.0432   0.0644  -0.0880  30.00    0.0 8516415

[TCP数据流] 2025/11/16 18:15:28 - 浮点解 (8颗卫星)
  ECEF: X=-1812089.1691 Y=5333038.8669 Z=2984649.6963
  LLH:  Lat=28.078550479° Lon=108.767015011° H=979.8339m
  原始数据:
2025/11/16 10:15:46.000   28.078550479  108.767015011   979.8339   2   8   0.2227   0.1758   0.5694   0.0431   0.0650  -0.0952   0.00    0.0 8516415

[TCP数据流] 2025/11/16 18:15:29 - 浮点解 (24颗卫星)
  ECEF: X=-1812089.2642 Y=5333039.1889 Z=2984650.0433
  LLH:  Lat=28.078551817° Lon=108.767014873° H=980.2932m
  原始数据:
2025/11/16 10:15:47.000   28.078551817  108.767014873   980.2932   2  24   0.2074   0.1700   0.5107   0.0410   0.0646  -0.0717   0.00    0.0 8516415

[TCP数据流] 2025/11/16 18:15:30 - 浮点解 (18颗卫星)
  ECEF: X=-1812089.3326 Y=5333039.3305 Z=2984650.2160
  LLH:  Lat=28.078552529° Lon=108.767015068° H=980.5122m
  原始数据:
2025/11/16 10:15:48.000   28.078552529  108.767015068   980.5122   2  18   0.2004   0.1659   0.4831   0.0394   0.0619  -0.0648   1.00    0.0 8516415

[TCP数据流] 2025/11/16 18:15:31 - 浮点解 (18颗卫星)
  ECEF: X=-1812089.3900 Y=5333039.4012 Z=2984650.3866
  LLH:  Lat=28.078553524° Lon=108.767015389° H=980.6679m
  原始数据:
2025/11/16 10:15:49.000   28.078553524  108.767015389   980.6679   2  18   0.1945   0.1621   0.4641   0.0371   0.0583  -0.0635   2.00    2.6 8516415

[TCP数据流] 2025/11/16 18:15:33 - 浮点解 (19颗卫星)
  ECEF: X=-1812089.3640 Y=5333039.3825 Z=2984650.3445
  LLH:  Lat=28.078553300° Lon=108.767015200° H=980.6251m
  原始数据:
2025/11/16 10:15:51.000   28.078553300  108.767015200   980.6251   2  19   0.1893   0.1586   0.4557   0.0363   0.0578  -0.0648   4.00    1.4 8516415

[TCP数据流] 2025/11/16 18:15:35 - 浮点解 (24颗卫星)
  ECEF: X=-1812089.3973 Y=5333039.4173 Z=2984650.4294
  LLH:  Lat=28.078553790° Lon=108.767015407° H=980.7035m
  原始数据:
2025/11/16 10:15:53.000   28.078553790  108.767015407   980.7035   2  24   0.1835   0.1548   0.4404   0.0345   0.0568  -0.0610   6.00    2.0 8516415

[TCP数据流] 2025/11/16 18:15:36 - 浮点解 (8颗卫星)
  ECEF: X=-1812089.3785 Y=5333039.3985 Z=2984650.3979
  LLH:  Lat=28.078553641° Lon=108.767015288° H=980.6677m
  原始数据:
2025/11/16 10:15:54.000   28.078553641  108.767015288   980.6677   2   8   0.1827   0.1540   0.4381   0.0345   0.0568  -0.0654   7.00    1.1 8516415

[TCP数据流] 2025/11/16 18:15:38 - 浮点解 (13颗卫星)
  ECEF: X=-1812089.3618 Y=5333039.3455 Z=2984650.3702
  LLH:  Lat=28.078553656° Lon=108.767015300° H=980.6056m
  原始数据:
2025/11/16 10:15:56.000   28.078553656  108.767015300   980.6056   2  13   0.1806   0.1517   0.4345   0.0339   0.0547  -0.0689   9.00    1.9 8516415

[TCP数据流] 2025/11/16 18:15:42 - 浮点解 (19颗卫星)
  ECEF: X=-1812089.3289 Y=5333039.3094 Z=2984650.3222
  LLH:  Lat=28.078553464° Lon=108.767015102° H=980.5435m
  原始数据:
2025/11/16 10:16:00.000   28.078553464  108.767015102   980.5435   2  19   0.1771   0.1490   0.4284   0.0331   0.0553  -0.0675  13.00    2.7 8516415

[TCP数据流] 2025/11/16 18:15:45 - 固定解 (18颗卫星)
  ECEF: X=-1812088.9565 Y=5333040.0337 Z=2984649.9608
  LLH:  Lat=28.078548184° Lon=108.767009144° H=980.8728m
  原始数据:
2025/11/16 10:16:03.000   28.078548184  108.767009144   980.8728   1  18   0.0034   0.0013   0.0088  -0.0007  -0.0020   0.0027   1.00    3.8 8516415

[TCP数据流] 2025/11/16 18:15:48 - 浮点解 (19颗卫星)
  ECEF: X=-1812089.3870 Y=5333039.3931 Z=2984650.4758
  LLH:  Lat=28.078554271° Lon=108.767015387° H=980.7022m
  原始数据:
2025/11/16 10:16:06.000   28.078554271  108.767015387   980.7022   2  19   0.1660   0.1439   0.3851   0.0302   0.0545  -0.0505   4.00    1.0 8516415

[TCP数据流] 2025/11/16 18:15:50 - 固定解 (24颗卫星)
  ECEF: X=-1812088.9565 Y=5333040.0350 Z=2984649.9620
  LLH:  Lat=28.078548188° Lon=108.767009140° H=980.8745m
  原始数据:
2025/11/16 10:16:08.000   28.078548188  108.767009140   980.8745   1  24   0.0032   0.0012   0.0084  -0.0006  -0.0019   0.0026   6.00    3.6 8516415

[TCP数据流] 2025/11/16 18:15:51 - 浮点解 (19颗卫星)
  ECEF: X=-1812089.3765 Y=5333039.3661 Z=2984650.4660
  LLH:  Lat=28.078554316° Lon=108.767015375° H=980.6721m
  原始数据:
2025/11/16 10:16:09.000   28.078554316  108.767015375   980.6721   2  19   0.1576   0.1385   0.3667   0.0282   0.0525  -0.0477   7.00    1.1 8516415

[TCP数据流] 2025/11/16 18:15:52 - 浮点解 (19颗卫星)
  ECEF: X=-1812089.3800 Y=5333039.3880 Z=2984650.5086
  LLH:  Lat=28.078554562° Lon=108.767015337° H=980.7114m
  原始数据:
2025/11/16 10:16:10.000   28.078554562  108.767015337   980.7114   2  19   0.1548   0.1369   0.3575   0.0273   0.0529  -0.0442   8.00    1.0 8516415

[TCP数据流] 2025/11/16 18:15:53 - 固定解 (13颗卫星)
  ECEF: X=-1812088.9435 Y=5333039.9832 Z=2984649.9274
  LLH:  Lat=28.078548139° Lon=108.767009185° H=980.8112m
  原始数据:
2025/11/16 10:16:11.000   28.078548139  108.767009185   980.8112   1  13   0.0056   0.0013   0.0116  -0.0016   0.0016  -0.0057   9.00    4.0 8516415

[TCP数据流] 2025/11/16 18:15:54 - 固定解 (19颗卫星)
  ECEF: X=-1812088.9431 Y=5333039.9821 Z=2984649.9268
  LLH:  Lat=28.078548139° Lon=108.767009184° H=980.8099m
  原始数据:
2025/11/16 10:16:12.000   28.078548139  108.767009184   980.8099   1  19   0.0055   0.0013   0.0113  -0.0016   0.0016  -0.0056  10.00    4.0 8516415

[TCP数据流] 2025/11/16 18:15:55 - 浮点解 (14颗卫星)
  ECEF: X=-1812089.3417 Y=5333039.3638 Z=2984650.4449
  LLH:  Lat=28.078554204° Lon=108.767015047° H=980.6504m
  原始数据:
2025/11/16 10:16:13.000   28.078554204  108.767015047   980.6504   2  14   0.1495   0.1323   0.3489   0.0265   0.0522  -0.0475  11.00    1.4 8516415

[TCP数据流] 2025/11/16 18:15:56 - 浮点解 (19颗卫星)
  ECEF: X=-1812089.3345 Y=5333039.3408 Z=2984650.4474
  LLH:  Lat=28.078554327° Lon=108.767015053° H=980.6303m
  原始数据:
2025/11/16 10:16:14.000   28.078554327  108.767015053   980.6303   2  19   0.1474   0.1309   0.3424   0.0257   0.0525  -0.0453  12.00    1.6 8516415

[TCP数据流] 2025/11/16 18:15:57 - 浮点解 (13颗卫星)
  ECEF: X=-1812089.3161 Y=5333039.2921 Z=2984650.4058
  LLH:  Lat=28.078554217° Lon=108.767015035° H=980.5648m
  原始数据:
2025/11/16 10:16:15.000   28.078554217  108.767015035   980.5648   2  13   0.1462   0.1295   0.3406   0.0254   0.0512  -0.0476  13.00    1.7 8516415

[TCP数据流] 2025/11/16 18:15:58 - 浮点解 (18颗卫星)
  ECEF: X=-1812089.3134 Y=5333039.2534 Z=2984650.4255
  LLH:  Lat=28.078554533° Lon=108.767015135° H=980.5410m
  原始数据:
2025/11/16 10:16:16.000   28.078554533  108.767015135   980.5410   2  18   0.1443   0.1277   0.3358   0.0246   0.0494  -0.0483  14.00    2.5 8516415

[TCP数据流] 2025/11/16 18:15:59 - 浮点解 (14颗卫星)
  ECEF: X=-1812089.3003 Y=5333039.2527 Z=2984650.3889
  LLH:  Lat=28.078554262° Lon=108.767015012° H=980.5194m
  原始数据:
2025/11/16 10:16:17.000   28.078554262  108.767015012   980.5194   2  14   0.1431   0.1269   0.3333   0.0244   0.0503  -0.0479  15.00    1.7 8516415

[TCP数据流] 2025/11/16 18:16:03 - 固定解 (18颗卫星)
  ECEF: X=-1812088.9492 Y=5333040.0045 Z=2984649.9230
  LLH:  Lat=28.078548010° Lon=108.767009170° H=980.8285m
  原始数据:
2025/11/16 10:16:21.000   28.078548010  108.767009170   980.8285   1  18   0.0022   0.0011   0.0060   0.0004  -0.0013  -0.0009  19.00    3.9 8516415

[TCP数据流] 2025/11/16 18:16:04 - 固定解 (18颗卫星)
  ECEF: X=-1812088.9491 Y=5333040.0043 Z=2984649.9233
  LLH:  Lat=28.078548014° Lon=108.767009169° H=980.8285m
  原始数据:
2025/11/16 10:16:22.000   28.078548014  108.767009169   980.8285   1  18   0.0022   0.0011   0.0059   0.0004  -0.0013  -0.0009  20.00    4.0 8516415

[TCP数据流] 2025/11/16 18:16:06 - 固定解 (18颗卫星)
  ECEF: X=-1812088.9490 Y=5333040.0042 Z=2984649.9237
  LLH:  Lat=28.078548017° Lon=108.767009169° H=980.8286m
  原始数据:
2025/11/16 10:16:24.000   28.078548017  108.767009169   980.8286   1  18   0.0022   0.0011   0.0059   0.0004  -0.0013  -0.0009  22.00    4.0 8516415

[TCP数据流] 2025/11/16 18:16:07 - 固定解 (24颗卫星)
  ECEF: X=-1812088.9491 Y=5333040.0050 Z=2984649.9241
  LLH:  Lat=28.078548017° Lon=108.767009167° H=980.8295m
  原始数据:
2025/11/16 10:16:25.000   28.078548017  108.767009167   980.8295   1  24   0.0021   0.0010   0.0056   0.0002  -0.0011   0.0006  23.00    3.3 8516415

[TCP数据流] 2025/11/16 18:16:08 - 固定解 (18颗卫星)
  ECEF: X=-1812088.9488 Y=5333040.0039 Z=2984649.9242
  LLH:  Lat=28.078548023° Lon=108.767009168° H=980.8285m
  原始数据:
2025/11/16 10:16:26.000   28.078548023  108.767009168   980.8285   1  18   0.0022   0.0011   0.0059   0.0004  -0.0013  -0.0009  24.00    4.1 8516415

[TCP数据流] 2025/11/16 18:16:11 - 固定解 (24颗卫星)
  ECEF: X=-1812088.9491 Y=5333040.0053 Z=2984649.9228
  LLH:  Lat=28.078548006° Lon=108.767009166° H=980.8291m
  原始数据:
2025/11/16 10:16:29.000   28.078548006  108.767009166   980.8291   1  24   0.0018   0.0010   0.0055   0.0002  -0.0011  -0.0000  27.00    3.4 8516415

[TCP数据流] 2025/11/16 18:16:39 - 浮点解 (13颗卫星)
  ECEF: X=-1812089.3934 Y=5333039.4373 Z=2984650.5403
  LLH:  Lat=28.078554598° Lon=108.767015304° H=980.7714m
  原始数据:
2025/11/16 10:16:57.000   28.078554598  108.767015304   980.7714   2  13   0.1270   0.1166   0.2705   0.0196   0.0487   0.0172   1.00    1.2 8516415

[TCP数据流] 2025/11/16 18:16:40 - 浮点解 (8颗卫星)
  ECEF: X=-1812089.3796 Y=5333039.4155 Z=2984650.5094
  LLH:  Lat=28.078554458° Lon=108.767015243° H=980.7347m
  原始数据:
2025/11/16 10:16:58.000   28.078554458  108.767015243   980.7347   2   8   0.1267   0.1162   0.2698   0.0196   0.0486   0.0138   2.00    0.0 8516415

[TCP数据流] 2025/11/16 18:16:41 - 浮点解 (13颗卫星)
  ECEF: X=-1812089.3306 Y=5333039.4079 Z=2984650.4290
  LLH:  Lat=28.078553916° Lon=108.767014795° H=980.6766m
  原始数据:
2025/11/16 10:16:59.000   28.078553916  108.767014795   980.6766   2  13   0.1229   0.1143   0.2661   0.0191   0.0455  -0.0232   3.00    1.0 8516415

[TCP数据流] 2025/11/16 18:16:43 - 浮点解 (19颗卫星)
  ECEF: X=-1812089.3179 Y=5333039.4642 Z=2984650.3582
  LLH:  Lat=28.078553143° Lon=108.767014489° H=980.6867m
  原始数据:
2025/11/16 10:17:01.000   28.078553143  108.767014489   980.6867   2  19   0.1178   0.1121   0.2594   0.0192   0.0408  -0.0318   5.00    1.0 8516415

[TCP数据流] 2025/11/16 18:16:46 - 浮点解 (13颗卫星)
  ECEF: X=-1812089.3271 Y=5333039.4832 Z=2984650.3578
  LLH:  Lat=28.078553051° Lon=108.767014515° H=980.7050m
  原始数据:
2025/11/16 10:17:04.000   28.078553051  108.767014515   980.7050   2  13   0.1162   0.1114   0.2487   0.0187   0.0418  -0.0231   8.00    1.0 8516415

[TCP数据流] 2025/11/16 18:16:48 - 浮点解 (14颗卫星)
  ECEF: X=-1812089.3221 Y=5333039.5057 Z=2984650.3296
  LLH:  Lat=28.078552743° Lon=108.767014394° H=980.7091m
  原始数据:
2025/11/16 10:17:06.000   28.078552743  108.767014394   980.7091   2  14   0.1149   0.1108   0.2466   0.0189   0.0412  -0.0238  10.00    1.4 8516415

[TCP数据流] 2025/11/16 18:16:49 - 浮点解 (8颗卫星)
  ECEF: X=-1812089.3135 Y=5333039.4948 Z=2984650.3097
  LLH:  Lat=28.078552640° Lon=108.767014346° H=980.6882m
  原始数据:
2025/11/16 10:17:07.000   28.078552640  108.767014346   980.6882   2   8   0.1147   0.1105   0.2462   0.0189   0.0412  -0.0253  11.00    2.3 8516415

[TCP数据流] 2025/11/16 18:16:50 - 固定解 (18颗卫星)
  ECEF: X=-1812088.9469 Y=5333040.0009 Z=2984649.9327
  LLH:  Lat=28.078548105° Lon=108.767009159° H=980.8295m
  原始数据:
2025/11/16 10:17:08.000   28.078548105  108.767009159   980.8295   1  18   0.0024   0.0010   0.0057  -0.0001  -0.0012  -0.0009  12.00    3.7 8516415

[TCP数据流] 2025/11/16 18:16:51 - 固定解 (19颗卫星)
  ECEF: X=-1812088.9445 Y=5333039.9884 Z=2984649.9103
  LLH:  Lat=28.078547980° Lon=108.767009177° H=980.8078m
  原始数据:
2025/11/16 10:17:09.000   28.078547980  108.767009177   980.8078   1  19   0.0024   0.0011   0.0063  -0.0009  -0.0004  -0.0019  13.00    3.3 8516415

[TCP数据流] 2025/11/16 18:16:52 - 固定解 (13颗卫星)
  ECEF: X=-1812088.9402 Y=5333039.9754 Z=2984649.9175
  LLH:  Lat=28.078548096° Lon=108.767009178° H=980.7991m
  原始数据:
2025/11/16 10:17:10.000   28.078548096  108.767009178   980.7991   1  13   0.0048   0.0012   0.0096  -0.0015   0.0014  -0.0053  14.00    3.1 8516415

[TCP数据流] 2025/11/16 18:16:57 - 浮点解 (19颗卫星)
  ECEF: X=-1812089.2216 Y=5333039.5388 Z=2984650.1526
  LLH:  Lat=28.078551338° Lon=108.767013317° H=980.6249m
  原始数据:
2025/11/16 10:17:15.000   28.078551338  108.767013317   980.6249   2  19   0.1037   0.1044   0.2295   0.0185   0.0316  -0.0370   2.00    3.0 8516415

[TCP数据流] 2025/11/16 18:16:58 - 浮点解 (14颗卫星)
  ECEF: X=-1812089.2188 Y=5333039.5599 Z=2984650.1536
  LLH:  Lat=28.078551265° Lon=108.767013221° H=980.6422m
  原始数据:
2025/11/16 10:17:16.000   28.078551265  108.767013221   980.6422   2  14   0.1014   0.1036   0.2262   0.0191   0.0285  -0.0383   3.00    0.0 8516415

[TCP数据流] 2025/11/16 18:16:59 - 固定解 (19颗卫星)
  ECEF: X=-1812088.9451 Y=5333039.9884 Z=2984649.9098
  LLH:  Lat=28.078547976° Lon=108.767009183° H=980.8077m
  原始数据:
2025/11/16 10:17:17.000   28.078547976  108.767009183   980.8077   1  19   0.0026   0.0011   0.0076  -0.0009  -0.0012  -0.0024   4.00    4.1 8516415

[TCP数据流] 2025/11/16 18:17:01 - 固定解 (24颗卫星)
  ECEF: X=-1812088.9463 Y=5333040.0027 Z=2984649.9249
  LLH:  Lat=28.078548037° Lon=108.767009148° H=980.8271m
  原始数据:
2025/11/16 10:17:19.000   28.078548037  108.767009148   980.8271   1  24   0.0019   0.0010   0.0055  -0.0004  -0.0014  -0.0005   6.00    3.6 8516415

[TCP数据流] 2025/11/16 18:17:04 - 固定解 (24颗卫星)
  ECEF: X=-1812088.9468 Y=5333040.0082 Z=2984649.9278
  LLH:  Lat=28.078548037° Lon=108.767009134° H=980.8332m
  原始数据:
2025/11/16 10:17:22.000   28.078548037  108.767009134   980.8332   1  24   0.0018   0.0009   0.0052  -0.0004  -0.0011  -0.0005   9.00    4.6 8516415

[TCP数据流] 2025/11/16 18:17:05 - 固定解 (24颗卫星)
  ECEF: X=-1812088.9473 Y=5333040.0094 Z=2984649.9266
  LLH:  Lat=28.078548022° Lon=108.767009135° H=980.8338m
  原始数据:
2025/11/16 10:17:23.000   28.078548022  108.767009135   980.8338   1  24   0.0017   0.0009   0.0044  -0.0003  -0.0008  -0.0002  10.00    3.4 8516415

[TCP数据流] 2025/11/16 18:17:06 - 固定解 (24颗卫星)
  ECEF: X=-1812088.9474 Y=5333040.0094 Z=2984649.9265
  LLH:  Lat=28.078548021° Lon=108.767009136° H=980.8338m
  原始数据:
2025/11/16 10:17:24.000   28.078548021  108.767009136   980.8338   1  24   0.0017   0.0009   0.0044  -0.0003  -0.0008  -0.0001  11.00    3.5 8516415

[TCP数据流] 2025/11/16 18:17:07 - 固定解 (24颗卫星)
  ECEF: X=-1812088.9474 Y=5333040.0095 Z=2984649.9266
  LLH:  Lat=28.078548021° Lon=108.767009136° H=980.8339m
  原始数据:
2025/11/16 10:17:25.000   28.078548021  108.767009136   980.8339   1  24   0.0017   0.0009   0.0043  -0.0003  -0.0008   0.0000  12.00    3.6 8516415

[TCP数据流] 2025/11/16 18:17:08 - 固定解 (24颗卫星)
  ECEF: X=-1812088.9479 Y=5333040.0104 Z=2984649.9256
  LLH:  Lat=28.078548009° Lon=108.767009138° H=980.8344m
  原始数据:
2025/11/16 10:17:26.000   28.078548009  108.767009138   980.8344   1  24   0.0016   0.0008   0.0043  -0.0002  -0.0008   0.0004  13.00    3.7 8516415

[TCP数据流] 2025/11/16 18:17:09 - 固定解 (24颗卫星)
  ECEF: X=-1812088.9480 Y=5333040.0105 Z=2984649.9257
  LLH:  Lat=28.078548009° Lon=108.767009138° H=980.8345m
  原始数据:
2025/11/16 10:17:27.000   28.078548009  108.767009138   980.8345   1  24   0.0016   0.0008   0.0042  -0.0002  -0.0008   0.0004  14.00    3.8 8516415

[TCP数据流] 2025/11/16 18:17:10 - 固定解 (24颗卫星)
  ECEF: X=-1812088.9496 Y=5333040.0133 Z=2984649.9232
  LLH:  Lat=28.078547976° Lon=108.767009145° H=980.8361m
  原始数据:
2025/11/16 10:17:28.000   28.078547976  108.767009145   980.8361   1  24   0.0015   0.0008   0.0042  -0.0000  -0.0008   0.0005  15.00    3.5 8516415

[TCP数据流] 2025/11/16 18:17:11 - 固定解 (24颗卫星)
  ECEF: X=-1812088.9466 Y=5333040.0027 Z=2984649.9211
  LLH:  Lat=28.078548006° Lon=108.767009150° H=980.8254m
  原始数据:
2025/11/16 10:17:29.000   28.078548006  108.767009150   980.8254   1  24   0.0015   0.0008   0.0045   0.0003  -0.0009  -0.0005  16.00    4.4 8516415

[TCP数据流] 2025/11/16 18:17:12 - 固定解 (24颗卫星)
  ECEF: X=-1812088.9465 Y=5333040.0024 Z=2984649.9212
  LLH:  Lat=28.078548008° Lon=108.767009150° H=980.8252m
  原始数据:
2025/11/16 10:17:30.000   28.078548008  108.767009150   980.8252   1  24   0.0015   0.0008   0.0045   0.0003  -0.0009  -0.0005  17.00    4.5 8516415

[TCP数据流] 2025/11/16 18:17:13 - 固定解 (24颗卫星)
  ECEF: X=-1812088.9519 Y=5333040.0257 Z=2984649.9305
  LLH:  Lat=28.078547981° Lon=108.767009126° H=980.8505m
  原始数据:
2025/11/16 10:17:31.000   28.078547981  108.767009126   980.8505   1  24   0.0014   0.0008   0.0038   0.0002  -0.0006   0.0006  18.00    3.4 8516415

[TCP数据流] 2025/11/16 18:17:14 - 固定解 (24颗卫星)
  ECEF: X=-1812088.9518 Y=5333040.0255 Z=2984649.9306
  LLH:  Lat=28.078547983° Lon=108.767009126° H=980.8504m
  原始数据:
2025/11/16 10:17:32.000   28.078547983  108.767009126   980.8504   1  24   0.0014   0.0008   0.0038   0.0002  -0.0006   0.0006  19.00    3.5 8516415

[TCP数据流] 2025/11/16 18:17:15 - 固定解 (24颗卫星)
  ECEF: X=-1812088.9518 Y=5333040.0253 Z=2984649.9307
  LLH:  Lat=28.078547984° Lon=108.767009126° H=980.8503m
  原始数据:
2025/11/16 10:17:33.000   28.078547984  108.767009126   980.8503   1  24   0.0014   0.0008   0.0038   0.0002  -0.0006   0.0006  20.00    3.5 8516415

[TCP数据流] 2025/11/16 18:17:16 - 固定解 (24颗卫星)
  ECEF: X=-1812088.9517 Y=5333040.0253 Z=2984649.9308
  LLH:  Lat=28.078547985° Lon=108.767009126° H=980.8503m
  原始数据:
2025/11/16 10:17:34.000   28.078547985  108.767009126   980.8503   1  24   0.0014   0.0008   0.0038   0.0002  -0.0006   0.0006  21.00    3.5 8516415

[TCP数据流] 2025/11/16 18:17:17 - 固定解 (24颗卫星)
  ECEF: X=-1812088.9517 Y=5333040.0251 Z=2984649.9309
  LLH:  Lat=28.078547987° Lon=108.767009126° H=980.8502m
  原始数据:
2025/11/16 10:17:35.000   28.078547987  108.767009126   980.8502   1  24   0.0014   0.0008   0.0038   0.0002  -0.0006   0.0006  22.00    3.6 8516415

[TCP数据流] 2025/11/16 18:17:18 - 固定解 (24颗卫星)
  ECEF: X=-1812088.9516 Y=5333040.0250 Z=2984649.9310
  LLH:  Lat=28.078547988° Lon=108.767009126° H=980.8501m
  原始数据:
2025/11/16 10:17:36.000   28.078547988  108.767009126   980.8501   1  24   0.0014   0.0008   0.0038   0.0002  -0.0006   0.0006  23.00    3.6 8516415

[TCP数据流] 2025/11/16 18:17:19 - 固定解 (24颗卫星)
  ECEF: X=-1812088.9515 Y=5333040.0248 Z=2984649.9311
  LLH:  Lat=28.078547990° Lon=108.767009125° H=980.8500m
  原始数据:
2025/11/16 10:17:37.000   28.078547990  108.767009125   980.8500   1  24   0.0014   0.0008   0.0038   0.0002  -0.0006   0.0006  24.00    3.6 8516415

[TCP数据流] 2025/11/16 18:17:20 - 固定解 (24颗卫星)
  ECEF: X=-1812088.9514 Y=5333040.0247 Z=2984649.9312
  LLH:  Lat=28.078547991° Lon=108.767009125° H=980.8499m
  原始数据:
2025/11/16 10:17:38.000   28.078547991  108.767009125   980.8499   1  24   0.0014   0.0008   0.0038   0.0002  -0.0006   0.0006  25.00    3.6 8516415

[TCP数据流] 2025/11/16 18:17:21 - 固定解 (24颗卫星)
  ECEF: X=-1812088.9514 Y=5333040.0246 Z=2984649.9313
  LLH:  Lat=28.078547992° Lon=108.767009125° H=980.8499m
  原始数据:
2025/11/16 10:17:39.000   28.078547992  108.767009125   980.8499   1  24   0.0014   0.0008   0.0037   0.0002  -0.0006   0.0006  26.00    3.6 8516415

[TCP数据流] 2025/11/16 18:17:22 - 固定解 (24颗卫星)
  ECEF: X=-1812088.9543 Y=5333040.0393 Z=2984649.9388
  LLH:  Lat=28.078547989° Lon=108.767009105° H=980.8665m
  原始数据:
2025/11/16 10:17:40.000   28.078547989  108.767009105   980.8665   1  24   0.0014   0.0008   0.0035   0.0002  -0.0004   0.0006  27.00    3.0 8516415

[TCP数据流] 2025/11/16 18:17:23 - 固定解 (18颗卫星)
  ECEF: X=-1812088.9585 Y=5333040.0486 Z=2984649.9441
  LLH:  Lat=28.078547988° Lon=108.767009115° H=980.8779m
  原始数据:
2025/11/16 10:17:41.000   28.078547988  108.767009115   980.8779   1  18   0.0017   0.0008   0.0038   0.0001  -0.0004   0.0010  28.00    3.5 8516415

[TCP数据流] 2025/11/16 18:17:24 - 固定解 (24颗卫星)
  ECEF: X=-1812088.9542 Y=5333040.0391 Z=2984649.9389
  LLH:  Lat=28.078547991° Lon=108.767009104° H=980.8664m
  原始数据:
2025/11/16 10:17:42.000   28.078547991  108.767009104   980.8664   1  24   0.0014   0.0008   0.0035   0.0002  -0.0004   0.0006  29.00    3.4 8516415

[TCP数据流] 2025/11/16 18:17:25 - 固定解 (24颗卫星)
  ECEF: X=-1812088.9541 Y=5333040.0391 Z=2984649.9390
  LLH:  Lat=28.078547992° Lon=108.767009104° H=980.8664m
  原始数据:
2025/11/16 10:17:43.000   28.078547992  108.767009104   980.8664   1  24   0.0014   0.0008   0.0035   0.0002  -0.0004   0.0006  30.00    3.6 8516415

[TCP数据流] 2025/11/16 18:17:28 - 固定解 (25颗卫星)
  ECEF: X=-1812088.9544 Y=5333040.0457 Z=2984649.9459
  LLH:  Lat=28.078548020° Lon=108.767009085° H=980.8752m
  原始数据:
2025/11/16 10:17:46.000   28.078548020  108.767009085   980.8752   1  25   0.0016   0.0008   0.0036  -0.0003  -0.0005   0.0008   0.00    5.4 8516415

[TCP数据流] 2025/11/16 18:17:29 - 固定解 (25颗卫星)
  ECEF: X=-1812088.9542 Y=5333040.0457 Z=2984649.9459
  LLH:  Lat=28.078548020° Lon=108.767009083° H=980.8752m
  原始数据:
2025/11/16 10:17:47.000   28.078548020  108.767009083   980.8752   1  25   0.0015   0.0008   0.0035  -0.0003  -0.0004   0.0008   1.00    5.4 8516415

[TCP数据流] 2025/11/16 18:17:30 - 固定解 (25颗卫星)
  ECEF: X=-1812088.9540 Y=5333040.0457 Z=2984649.9457
  LLH:  Lat=28.078548019° Lon=108.767009081° H=980.8750m
  原始数据:
2025/11/16 10:17:48.000   28.078548019  108.767009081   980.8750   1  25   0.0015   0.0007   0.0034  -0.0003  -0.0004   0.0008   2.00    5.4 8516415

[TCP数据流] 2025/11/16 18:17:31 - 固定解 (25颗卫星)
  ECEF: X=-1812088.9539 Y=5333040.0458 Z=2984649.9458
  LLH:  Lat=28.078548019° Lon=108.767009080° H=980.8751m
  原始数据:
2025/11/16 10:17:49.000   28.078548019  108.767009080   980.8751   1  25   0.0015   0.0007   0.0033  -0.0003  -0.0004   0.0008   3.00    5.4 8516415

[TCP数据流] 2025/11/16 18:17:32 - 固定解 (25颗卫星)
  ECEF: X=-1812088.9539 Y=5333040.0461 Z=2984649.9458
  LLH:  Lat=28.078548018° Lon=108.767009079° H=980.8754m
  原始数据:
2025/11/16 10:17:50.000   28.078548018  108.767009079   980.8754   1  25   0.0014   0.0007   0.0033  -0.0003  -0.0004   0.0008   4.00    5.4 8516415

[TCP数据流] 2025/11/16 18:17:33 - 固定解 (25颗卫星)
  ECEF: X=-1812088.9539 Y=5333040.0463 Z=2984649.9459
  LLH:  Lat=28.078548018° Lon=108.767009078° H=980.8756m
  原始数据:
2025/11/16 10:17:51.000   28.078548018  108.767009078   980.8756   1  25   0.0014   0.0007   0.0032  -0.0003  -0.0004   0.0008   5.00    5.5 8516415

[TCP数据流] 2025/11/16 18:17:34 - 固定解 (25颗卫星)
  ECEF: X=-1812088.9539 Y=5333040.0464 Z=2984649.9460
  LLH:  Lat=28.078548018° Lon=108.767009078° H=980.8757m
  原始数据:
2025/11/16 10:17:52.000   28.078548018  108.767009078   980.8757   1  25   0.0014   0.0007   0.0032  -0.0003  -0.0004   0.0008   6.00    5.5 8516415

[TCP数据流] 2025/11/16 18:17:35 - 固定解 (25颗卫星)
  ECEF: X=-1812088.9539 Y=5333040.0467 Z=2984649.9461
  LLH:  Lat=28.078548018° Lon=108.767009077° H=980.8760m
  原始数据:
2025/11/16 10:17:53.000   28.078548018  108.767009077   980.8760   1  25   0.0014   0.0007   0.0032  -0.0003  -0.0004   0.0008   7.00    5.6 8516415

[TCP数据流] 2025/11/16 18:17:36 - 固定解 (25颗卫星)
  ECEF: X=-1812088.9548 Y=5333040.0481 Z=2984649.9430
  LLH:  Lat=28.078547986° Lon=108.767009081° H=980.8760m
  原始数据:
2025/11/16 10:17:54.000   28.078547986  108.767009081   980.8760   1  25   0.0017   0.0007   0.0031  -0.0004  -0.0004   0.0008   8.00    5.7 8516415

[TCP数据流] 2025/11/16 18:17:37 - 固定解 (25颗卫星)
  ECEF: X=-1812088.9549 Y=5333040.0484 Z=2984649.9430
  LLH:  Lat=28.078547985° Lon=108.767009081° H=980.8762m
  原始数据:
2025/11/16 10:17:55.000   28.078547985  108.767009081   980.8762   1  25   0.0017   0.0007   0.0031  -0.0004  -0.0004   0.0008   9.00    5.7 8516415

[TCP数据流] 2025/11/16 18:17:38 - 固定解 (25颗卫星)
  ECEF: X=-1812088.9550 Y=5333040.0485 Z=2984649.9431
  LLH:  Lat=28.078547985° Lon=108.767009081° H=980.8764m
  原始数据:
2025/11/16 10:17:56.000   28.078547985  108.767009081   980.8764   1  25   0.0017   0.0007   0.0031  -0.0004  -0.0004   0.0008  10.00    5.8 8516415

[TCP数据流] 2025/11/16 18:17:39 - 固定解 (25颗卫星)
  ECEF: X=-1812088.9550 Y=5333040.0487 Z=2984649.9432
  LLH:  Lat=28.078547985° Lon=108.767009081° H=980.8766m
  原始数据:
2025/11/16 10:17:57.000   28.078547985  108.767009081   980.8766   1  25   0.0016   0.0007   0.0031  -0.0004  -0.0004   0.0008  11.00    5.8 8516415

[TCP数据流] 2025/11/16 18:17:40 - 固定解 (25颗卫星)
  ECEF: X=-1812088.9553 Y=5333040.0493 Z=2984649.9423
  LLH:  Lat=28.078547975° Lon=108.767009082° H=980.8768m
  原始数据:
2025/11/16 10:17:58.000   28.078547975  108.767009082   980.8768   1  25   0.0015   0.0007   0.0031  -0.0003  -0.0004   0.0008  12.00    4.8 8516415

========== RTKRCV 退出 ==========
时间: 2025-11-16T10:17:40.577Z
退出码: 0
信号: null
================================

