
========== RTKRCV 启动 ==========
时间: 2025-11-16T09:52:28.649Z
配置文件: 8525730.conf
进程 PID: 3560499
================================


[TCP数据流] 2025/11/16 17:53:09 - 浮点解 (31颗卫星)
  ECEF: X=-1553934.8813 Y=5438385.3947 Z=2940123.8973
  LLH:  Lat=27.624110738° Lon=105.946472032° H=995.1609m
  原始数据:
2025/11/16 09:53:27.000   27.624110738  105.946472032   995.1609   2  31   0.2712   0.2630   0.7400  -0.1016   0.1825  -0.2122   0.00    0.0 8525730

[TCP数据流] 2025/11/16 17:53:10 - 浮点解 (31颗卫星)
  ECEF: X=-1553934.9021 Y=5438385.4821 Z=2940123.9374
  LLH:  Lat=27.624110683° Lon=105.946471991° H=995.2590m
  原始数据:
2025/11/16 09:53:28.000   27.624110683  105.946471991   995.2590   2  31   0.2536   0.2462   0.6900  -0.0951   0.1704  -0.1978   0.00    0.0 8525730

[TCP数据流] 2025/11/16 17:53:11 - 浮点解 (31颗卫星)
  ECEF: X=-1553934.8720 Y=5438385.4359 Z=2940123.9198
  LLH:  Lat=27.624110763° Lon=105.946471827° H=995.2041m
  原始数据:
2025/11/16 09:53:29.000   27.624110763  105.946471827   995.2041   2  31   0.2391   0.2323   0.6488  -0.0895   0.1602  -0.1862   1.00    0.0 8525730

[TCP数据流] 2025/11/16 17:53:12 - 浮点解 (31颗卫星)
  ECEF: X=-1553934.8100 Y=5438385.3725 Z=2940123.8899
  LLH:  Lat=27.624110850° Lon=105.946471399° H=995.1212m
  原始数据:
2025/11/16 09:53:30.000   27.624110850  105.946471399   995.1212   2  31   0.2268   0.2205   0.6133  -0.0848   0.1513  -0.1766   2.00    0.0 8525730

[TCP数据流] 2025/11/16 17:53:13 - 浮点解 (31颗卫星)
  ECEF: X=-1553934.7544 Y=5438385.2408 Z=2940123.7963
  LLH:  Lat=27.624110695° Lon=105.946471224° H=994.9520m
  原始数据:
2025/11/16 09:53:31.000   27.624110695  105.946471224   994.9520   2  31   0.2162   0.2103   0.5828  -0.0808   0.1437  -0.1682   3.00    0.0 8525730

[TCP数据流] 2025/11/16 17:53:14 - 浮点解 (31颗卫星)
  ECEF: X=-1553934.6760 Y=5438385.0037 Z=2940123.6271
  LLH:  Lat=27.624110387° Lon=105.946471121° H=994.6525m
  原始数据:
2025/11/16 09:53:32.000   27.624110387  105.946471121   994.6525   2  31   0.2069   0.2014   0.5561  -0.0774   0.1372  -0.1607   4.00    0.0 8525730

[TCP数据流] 2025/11/16 17:53:15 - 浮点解 (31颗卫星)
  ECEF: X=-1553934.5738 Y=5438384.7459 Z=2940123.4525
  LLH:  Lat=27.624110145° Lon=105.946470843° H=994.3270m
  原始数据:
2025/11/16 09:53:33.000   27.624110145  105.946470843   994.3270   2  31   0.1986   0.1936   0.5328  -0.0743   0.1317  -0.1540   5.00    0.0 8525730

[TCP数据流] 2025/11/16 17:53:16 - 浮点解 (31颗卫星)
  ECEF: X=-1553934.4969 Y=5438384.5606 Z=2940123.3430
  LLH:  Lat=27.624110104° Lon=105.946470610° H=994.0997m
  原始数据:
2025/11/16 09:53:34.000   27.624110104  105.946470610   994.0997   2  31   0.1914   0.1866   0.5123  -0.0715   0.1267  -0.1482   6.00    0.0 8525730

[TCP数据流] 2025/11/16 17:53:17 - 浮点解 (31颗卫星)
  ECEF: X=-1553934.3861 Y=5438384.3245 Z=2940123.1973
  LLH:  Lat=27.624110016° Lon=105.946470187° H=993.8040m
  原始数据:
2025/11/16 09:53:35.000   27.624110016  105.946470187   993.8040   2  31   0.1849   0.1804   0.4940  -0.0690   0.1222  -0.1430   7.00    0.0 8525730
[ERROR] ../../../../src/lambda.c : search loop count overflow

[TCP数据流] 2025/11/16 17:53:18 - 浮点解 (31颗卫星)
  ECEF: X=-1553934.3225 Y=5438384.2135 Z=2940123.1160
  LLH:  Lat=27.624109886° Lon=105.946469877° H=993.6563m
  原始数据:
2025/11/16 09:53:36.000   27.624109886  105.946469877   993.6563   2  31   0.1790   0.1747   0.4774  -0.0667   0.1181  -0.1384   8.00    0.0 8525730
[ERROR] ../../../../src/lambda.c : search loop count overflow

[TCP数据流] 2025/11/16 17:53:19 - 浮点解 (31颗卫星)
  ECEF: X=-1553934.2549 Y=5438384.0786 Z=2940123.0212
  LLH:  Lat=27.624109748° Lon=105.946469594° H=993.4810m
  原始数据:
2025/11/16 09:53:37.000   27.624109748  105.946469594   993.4810   2  31   0.1736   0.1695   0.4622  -0.0647   0.1143  -0.1342   9.00    0.0 8525730

[TCP数据流] 2025/11/16 17:53:20 - 浮点解 (31颗卫星)
  ECEF: X=-1553934.1866 Y=5438383.9097 Z=2940122.9081
  LLH:  Lat=27.624109602° Lon=105.946469399° H=993.2680m
  原始数据:
2025/11/16 09:53:38.000   27.624109602  105.946469399   993.2680   2  31   0.1687   0.1647   0.4485  -0.0628   0.1109  -0.1303  10.00    1.1 8525730

[TCP数据流] 2025/11/16 17:53:21 - 浮点解 (31颗卫星)
  ECEF: X=-1553934.1246 Y=5438383.7446 Z=2940122.7955
  LLH:  Lat=27.624109437° Lon=105.946469254° H=993.0600m
  原始数据:
2025/11/16 09:53:39.000   27.624109437  105.946469254   993.0600   2  31   0.1642   0.1604   0.4358  -0.0611   0.1078  -0.1268  11.00    1.1 8525730

[TCP数据流] 2025/11/16 17:53:22 - 浮点解 (31颗卫星)
  ECEF: X=-1553934.0718 Y=5438383.5901 Z=2940122.6758
  LLH:  Lat=27.624109162° Lon=105.946469170° H=992.8601m
  原始数据:
2025/11/16 09:53:40.000   27.624109162  105.946469170   992.8601   2  31   0.1600   0.1563   0.4243  -0.0595   0.1050  -0.1235  12.00    1.6 8525730

[TCP数据流] 2025/11/16 17:53:23 - 浮点解 (31颗卫星)
  ECEF: X=-1553934.0119 Y=5438383.4405 Z=2940122.5725
  LLH:  Lat=27.624109007° Lon=105.946469003° H=992.6701m
  原始数据:
2025/11/16 09:53:41.000   27.624109007  105.946469003   992.6701   2  31   0.1561   0.1526   0.4135  -0.0580   0.1023  -0.1205  13.00    1.0 8525730
[ERROR] ../../../../src/lambda.c : search loop count overflow

[TCP数据流] 2025/11/16 17:53:24 - 浮点解 (31颗卫星)
  ECEF: X=-1553933.9540 Y=5438383.3114 Z=2940122.4894
  LLH:  Lat=27.624108929° Lon=105.946468798° H=992.5075m
  原始数据:
2025/11/16 09:53:42.000   27.624108929  105.946468798   992.5075   2  31   0.1524   0.1491   0.4036  -0.0566   0.0998  -0.1177  14.00    0.0 8525730

[TCP数据流] 2025/11/16 17:53:25 - 浮点解 (31颗卫星)
  ECEF: X=-1553933.9130 Y=5438383.2004 Z=2940122.4153
  LLH:  Lat=27.624108830° Lon=105.946468708° H=992.3687m
  原始数据:
2025/11/16 09:53:43.000   27.624108830  105.946468708   992.3687   2  31   0.1490   0.1458   0.3943  -0.0553   0.0975  -0.1151  15.00    1.5 8525730

[TCP数据流] 2025/11/16 17:53:26 - 浮点解 (31颗卫星)
  ECEF: X=-1553933.8721 Y=5438383.1050 Z=2940122.3593
  LLH:  Lat=27.624108813° Lon=105.946468575° H=992.2514m
  原始数据:
2025/11/16 09:53:44.000   27.624108813  105.946468575   992.2514   2  31   0.1459   0.1428   0.3856  -0.0541   0.0954  -0.1126  16.00    1.5 8525730

[TCP数据流] 2025/11/16 17:53:27 - 浮点解 (31颗卫星)
  ECEF: X=-1553933.8361 Y=5438383.0104 Z=2940122.3015
  LLH:  Lat=27.624108773° Lon=105.946468488° H=992.1353m
  原始数据:
2025/11/16 09:53:45.000   27.624108773  105.946468488   992.1353   2  31   0.1429   0.1399   0.3774  -0.0530   0.0934  -0.1103  17.00    1.3 8525730

[TCP数据流] 2025/11/16 17:53:28 - 浮点解 (31颗卫星)
  ECEF: X=-1553933.8111 Y=5438382.9235 Z=2940122.2444
  LLH:  Lat=27.624108695° Lon=105.946468486° H=992.0287m
  原始数据:
2025/11/16 09:53:46.000   27.624108695  105.946468486   992.0287   2  31   0.1401   0.1372   0.3698  -0.0520   0.0916  -0.1081  18.00    1.5 8525730

[TCP数据流] 2025/11/16 17:53:29 - 浮点解 (31颗卫星)
  ECEF: X=-1553933.7782 Y=5438382.8234 Z=2940122.1821
  LLH:  Lat=27.624108637° Lon=105.946468444° H=991.9065m
  原始数据:
2025/11/16 09:53:47.000   27.624108637  105.946468444   991.9065   2  31   0.1375   0.1346   0.3627  -0.0510   0.0898  -0.1061  19.00    1.4 8525730

[TCP数据流] 2025/11/16 17:53:30 - 浮点解 (31颗卫星)
  ECEF: X=-1553933.7430 Y=5438382.7391 Z=2940122.1173
  LLH:  Lat=27.624108499° Lon=105.946468336° H=991.7961m
  原始数据:
2025/11/16 09:53:48.000   27.624108499  105.946468336   991.7961   2  31   0.1350   0.1322   0.3558  -0.0501   0.0882  -0.1042  20.00    2.1 8525730

[TCP数据流] 2025/11/16 17:53:31 - 浮点解 (31颗卫星)
  ECEF: X=-1553933.7148 Y=5438382.6553 Z=2940122.0646
  LLH:  Lat=27.624108447° Lon=105.946468294° H=991.6934m
  原始数据:
2025/11/16 09:53:49.000   27.624108447  105.946468294   991.6934   2  31   0.1327   0.1299   0.3494  -0.0492   0.0866  -0.1024  21.00    2.0 8525730

[TCP数据流] 2025/11/16 17:53:32 - 浮点解 (31颗卫星)
  ECEF: X=-1553933.6840 Y=5438382.5793 Z=2940122.0038
  LLH:  Lat=27.624108302° Lon=105.946468206° H=991.5930m
  原始数据:
2025/11/16 09:53:50.000   27.624108302  105.946468206   991.5930   2  31   0.1304   0.1278   0.3433  -0.0484   0.0852  -0.1006  22.00    1.1 8525730

[TCP数据流] 2025/11/16 17:53:33 - 浮点解 (30颗卫星)
  ECEF: X=-1553933.8342 Y=5438383.0436 Z=2940122.2813
  LLH:  Lat=27.624108480° Lon=105.946468377° H=992.1537m
  原始数据:
2025/11/16 09:53:51.000   27.624108480  105.946468377   992.1537   2  30   0.1269   0.1255   0.3290  -0.0472   0.0817  -0.0970   0.00    1.3 8525730

[TCP数据流] 2025/11/16 17:53:34 - 浮点解 (30颗卫星)
  ECEF: X=-1553933.9438 Y=5438383.3801 Z=2940122.4803
  LLH:  Lat=27.624108591° Lon=105.946468508° H=992.5594m
  原始数据:
2025/11/16 09:53:52.000   27.624108591  105.946468508   992.5594   2  30   0.1238   0.1234   0.3169  -0.0461   0.0787  -0.0939   1.00    1.1 8525730

[TCP数据流] 2025/11/16 17:53:35 - 浮点解 (22颗卫星)
  ECEF: X=-1553933.9776 Y=5438383.5020 Z=2940122.5760
  LLH:  Lat=27.624108827° Lon=105.946468498° H=992.7158m
  原始数据:
2025/11/16 09:53:53.000   27.624108827  105.946468498   992.7158   2  22   0.1220   0.1218   0.3129  -0.0454   0.0780  -0.0936   0.00    1.2 8525730

[TCP数据流] 2025/11/16 17:53:36 - 浮点解 (30颗卫星)
  ECEF: X=-1553934.0636 Y=5438383.7783 Z=2940122.7376
  LLH:  Lat=27.624108909° Lon=105.946468566° H=993.0471m
  原始数据:
2025/11/16 09:53:54.000   27.624108909  105.946468566   993.0471   2  30   0.1192   0.1199   0.3021  -0.0444   0.0753  -0.0906   1.00    1.3 8525730

[TCP数据流] 2025/11/16 17:53:37 - 浮点解 (30颗卫星)
  ECEF: X=-1553934.1504 Y=5438384.0442 Z=2940122.9049
  LLH:  Lat=27.624109077° Lon=105.946468672° H=993.3723m
  原始数据:
2025/11/16 09:53:55.000   27.624109077  105.946468672   993.3723   2  30   0.1166   0.1180   0.2921  -0.0434   0.0728  -0.0879   0.00    1.3 8525730

[TCP数据流] 2025/11/16 17:53:38 - 浮点解 (30颗卫星)
  ECEF: X=-1553934.2185 Y=5438384.2846 Z=2940123.0637
  LLH:  Lat=27.624109301° Lon=105.946468666° H=993.6673m
  原始数据:
2025/11/16 09:53:56.000   27.624109301  105.946468666   993.6673   2  30   0.1141   0.1163   0.2831  -0.0425   0.0706  -0.0854   0.00    1.6 8525730

[TCP数据流] 2025/11/16 17:53:39 - 浮点解 (30颗卫星)
  ECEF: X=-1553934.2727 Y=5438384.4652 Z=2940123.1737
  LLH:  Lat=27.624109392° Lon=105.946468691° H=993.8853m
  原始数据:
2025/11/16 09:53:57.000   27.624109392  105.946468691   993.8853   2  30   0.1118   0.1146   0.2751  -0.0417   0.0686  -0.0832   1.00    1.6 8525730

[TCP数据流] 2025/11/16 17:53:40 - 浮点解 (30颗卫星)
  ECEF: X=-1553934.3195 Y=5438384.6204 Z=2940123.2653
  LLH:  Lat=27.624109446° Lon=105.946468715° H=994.0714m
  原始数据:
2025/11/16 09:53:58.000   27.624109446  105.946468715   994.0714   2  30   0.1097   0.1130   0.2677  -0.0410   0.0668  -0.0811   1.00    1.6 8525730

[TCP数据流] 2025/11/16 17:53:41 - 固定解 (30颗卫星)
  ECEF: X=-1553934.3681 Y=5438386.7307 Z=2940124.7008
  LLH:  Lat=27.624112377° Lon=105.946463315° H=996.5466m
  原始数据:
2025/11/16 09:53:59.000   27.624112377  105.946463315   996.5466   1  30   0.0008   0.0008   0.0032  -0.0003   0.0008   0.0003   1.00    3.3 8525730

[TCP数据流] 2025/11/16 17:53:42 - 固定解 (30颗卫星)
  ECEF: X=-1553934.3677 Y=5438386.7299 Z=2940124.7005
  LLH:  Lat=27.624112378° Lon=105.946463314° H=996.5457m
  原始数据:
2025/11/16 09:54:00.000   27.624112378  105.946463314   996.5457   1  30   0.0008   0.0007   0.0032  -0.0003   0.0008   0.0003   2.00    3.3 8525730

[TCP数据流] 2025/11/16 17:53:43 - 固定解 (30颗卫星)
  ECEF: X=-1553934.3674 Y=5438386.7295 Z=2940124.7003
  LLH:  Lat=27.624112379° Lon=105.946463312° H=996.5452m
  原始数据:
2025/11/16 09:54:01.000   27.624112379  105.946463312   996.5452   1  30   0.0008   0.0007   0.0031  -0.0002   0.0008   0.0003   3.00    3.2 8525730

[TCP数据流] 2025/11/16 17:53:44 - 固定解 (30颗卫星)
  ECEF: X=-1553934.3670 Y=5438386.7291 Z=2940124.6999
  LLH:  Lat=27.624112377° Lon=105.946463309° H=996.5446m
  原始数据:
2025/11/16 09:54:02.000   27.624112377  105.946463309   996.5446   1  30   0.0008   0.0007   0.0030  -0.0002   0.0008   0.0003   4.00    3.2 8525730

[TCP数据流] 2025/11/16 17:53:45 - 固定解 (30颗卫星)
  ECEF: X=-1553934.3666 Y=5438386.7288 Z=2940124.6995
  LLH:  Lat=27.624112376° Lon=105.946463306° H=996.5441m
  原始数据:
2025/11/16 09:54:03.000   27.624112376  105.946463306   996.5441   1  30   0.0008   0.0007   0.0030  -0.0002   0.0008   0.0003   5.00    3.1 8525730

[TCP数据流] 2025/11/16 17:53:46 - 浮点解 (30颗卫星)
  ECEF: X=-1553934.3819 Y=5438384.8952 Z=2940123.4167
  LLH:  Lat=27.624109479° Lon=105.946468558° H=994.3909m
  原始数据:
2025/11/16 09:54:04.000   27.624109479  105.946468558   994.3909   2  30   0.0999   0.1048   0.2371  -0.0374   0.0588  -0.0725   6.00    3.0 8525730

[TCP数据流] 2025/11/16 17:53:47 - 浮点解 (30颗卫星)
  ECEF: X=-1553934.3712 Y=5438384.8702 Z=2940123.3906
  LLH:  Lat=27.624109383° Lon=105.946468524° H=994.3549m
  原始数据:
2025/11/16 09:54:05.000   27.624109383  105.946468524   994.3549   2  30   0.0987   0.1036   0.2338  -0.0370   0.0578  -0.0716   7.00    2.6 8525730

[TCP数据流] 2025/11/16 17:53:48 - 浮点解 (30颗卫星)
  ECEF: X=-1553934.3560 Y=5438384.8380 Z=2940123.3645
  LLH:  Lat=27.624109321° Lon=105.946468465° H=994.3117m
  原始数据:
2025/11/16 09:54:06.000   27.624109321  105.946468465   994.3117   2  30   0.0976   0.1025   0.2308  -0.0365   0.0570  -0.0707   8.00    2.4 8525730

[TCP数据流] 2025/11/16 17:53:49 - 浮点解 (30颗卫星)
  ECEF: X=-1553934.3388 Y=5438384.8003 Z=2940123.3372
  LLH:  Lat=27.624109275° Lon=105.946468403° H=994.2627m
  原始数据:
2025/11/16 09:54:07.000   27.624109275  105.946468403   994.2627   2  30   0.0965   0.1014   0.2281  -0.0361   0.0561  -0.0699   9.00    1.9 8525730

[TCP数据流] 2025/11/16 17:53:50 - 浮点解 (30颗卫星)
  ECEF: X=-1553934.3213 Y=5438384.7658 Z=2940123.3051
  LLH:  Lat=27.624109177° Lon=105.946468328° H=994.2142m
  原始数据:
2025/11/16 09:54:08.000   27.624109177  105.946468328   994.2142   2  30   0.0955   0.1004   0.2255  -0.0358   0.0554  -0.0691  10.00    1.8 8525730

[TCP数据流] 2025/11/16 17:53:51 - 浮点解 (30颗卫星)
  ECEF: X=-1553934.3085 Y=5438384.7271 Z=2940123.2718
  LLH:  Lat=27.624109081° Lon=105.946468311° H=994.1627m
  原始数据:
2025/11/16 09:54:09.000   27.624109081  105.946468311   994.1627   2  30   0.0945   0.0993   0.2232  -0.0354   0.0546  -0.0684  11.00    1.9 8525730

[TCP数据流] 2025/11/16 17:53:52 - 浮点解 (30颗卫星)
  ECEF: X=-1553934.2947 Y=5438384.6760 Z=2940123.2322
  LLH:  Lat=27.624108986° Lon=105.946468319° H=994.0974m
  原始数据:
2025/11/16 09:54:10.000   27.624108986  105.946468319   994.0974   2  30   0.0936   0.0984   0.2210  -0.0350   0.0539  -0.0677  12.00    1.8 8525730

[TCP数据流] 2025/11/16 17:53:53 - 浮点解 (30颗卫星)
  ECEF: X=-1553934.2782 Y=5438384.6274 Z=2940123.1967
  LLH:  Lat=27.624108917° Lon=105.946468293° H=994.0355m
  原始数据:
2025/11/16 09:54:11.000   27.624108917  105.946468293   994.0355   2  30   0.0927   0.0974   0.2189  -0.0347   0.0533  -0.0670  13.00    1.7 8525730

[TCP数据流] 2025/11/16 17:53:54 - 浮点解 (30颗卫星)
  ECEF: X=-1553934.2615 Y=5438384.5749 Z=2940123.1574
  LLH:  Lat=27.624108833° Lon=105.946468277° H=993.9685m
  原始数据:
2025/11/16 09:54:12.000   27.624108833  105.946468277   993.9685   2  30   0.0918   0.0965   0.2169  -0.0344   0.0526  -0.0664  14.00    2.7 8525730

[TCP数据流] 2025/11/16 17:53:55 - 浮点解 (30颗卫星)
  ECEF: X=-1553934.2480 Y=5438384.5318 Z=2940123.1225
  LLH:  Lat=27.624108743° Lon=105.946468265° H=993.9123m
  原始数据:
2025/11/16 09:54:13.000   27.624108743  105.946468265   993.9123   2  30   0.0910   0.0956   0.2150  -0.0341   0.0520  -0.0658  15.00    2.7 8525730

[TCP数据流] 2025/11/16 17:53:56 - 浮点解 (30颗卫星)
  ECEF: X=-1553934.2317 Y=5438384.4890 Z=2940123.0912
  LLH:  Lat=27.624108683° Lon=105.946468226° H=993.8574m
  原始数据:
2025/11/16 09:54:14.000   27.624108683  105.946468226   993.8574   2  30   0.0902   0.0947   0.2132  -0.0338   0.0515  -0.0652  16.00    1.1 8525730

[TCP数据流] 2025/11/16 17:53:57 - 浮点解 (30颗卫星)
  ECEF: X=-1553934.2201 Y=5438384.4534 Z=2940123.0624
  LLH:  Lat=27.624108610° Lon=105.946468212° H=993.8109m
  原始数据:
2025/11/16 09:54:15.000   27.624108610  105.946468212   993.8109   2  30   0.0894   0.0939   0.2115  -0.0335   0.0509  -0.0646  17.00    1.1 8525730

[TCP数据流] 2025/11/16 17:53:58 - 浮点解 (30颗卫星)
  ECEF: X=-1553934.2044 Y=5438384.4067 Z=2940123.0293
  LLH:  Lat=27.624108551° Lon=105.946468189° H=993.7519m
  原始数据:
2025/11/16 09:54:16.000   27.624108551  105.946468189   993.7519   2  30   0.0887   0.0931   0.2098  -0.0332   0.0504  -0.0641  18.00    1.2 8525730

[TCP数据流] 2025/11/16 17:53:59 - 浮点解 (30颗卫星)
  ECEF: X=-1553934.1892 Y=5438384.3591 Z=2940123.0031
  LLH:  Lat=27.624108551° Lon=105.946468173° H=993.6955m
  原始数据:
2025/11/16 09:54:17.000   27.624108551  105.946468173   993.6955   2  30   0.0879   0.0923   0.2082  -0.0329   0.0499  -0.0635  19.00    1.2 8525730

[TCP数据流] 2025/11/16 17:54:00 - 浮点解 (30颗卫星)
  ECEF: X=-1553934.1773 Y=5438384.3158 Z=2940122.9768
  LLH:  Lat=27.624108528° Lon=105.946468178° H=993.6435m
  原始数据:
2025/11/16 09:54:18.000   27.624108528  105.946468178   993.6435   2  30   0.0872   0.0915   0.2067  -0.0327   0.0494  -0.0630  20.00    1.1 8525730

[TCP数据流] 2025/11/16 17:54:01 - 浮点解 (30颗卫星)
  ECEF: X=-1553934.1630 Y=5438384.2700 Z=2940122.9450
  LLH:  Lat=27.624108475° Lon=105.946468166° H=993.5863m
  原始数据:
2025/11/16 09:54:19.000   27.624108475  105.946468166   993.5863   2  30   0.0865   0.0907   0.2052  -0.0324   0.0489  -0.0625  21.00    1.2 8525730

[TCP数据流] 2025/11/16 17:54:02 - 浮点解 (23颗卫星)
  ECEF: X=-1553934.1445 Y=5438384.2143 Z=2940122.9045
  LLH:  Lat=27.624108396° Lon=105.946468141° H=993.5156m
  原始数据:
2025/11/16 09:54:20.000   27.624108396  105.946468141   993.5156   2  23   0.0861   0.0902   0.2041  -0.0322   0.0486  -0.0624  22.00    1.0 8525730
[ERROR] ../../../../src/lambda.c : search loop count overflow

[TCP数据流] 2025/11/16 17:54:03 - 浮点解 (30颗卫星)
  ECEF: X=-1553934.1272 Y=5438384.1706 Z=2940122.8723
  LLH:  Lat=27.624108334° Lon=105.946468094° H=993.4592m
  原始数据:
2025/11/16 09:54:21.000   27.624108334  105.946468094   993.4592   2  30   0.0854   0.0894   0.2027  -0.0320   0.0481  -0.0619  23.00    0.0 8525730

[TCP数据流] 2025/11/16 17:54:04 - 浮点解 (23颗卫星)
  ECEF: X=-1553934.1096 Y=5438384.1166 Z=2940122.8339
  LLH:  Lat=27.624108265° Lon=105.946468073° H=993.3911m
  原始数据:
2025/11/16 09:54:22.000   27.624108265  105.946468073   993.3911   2  23   0.0850   0.0889   0.2018  -0.0318   0.0478  -0.0618  24.00    1.0 8525730

[TCP数据流] 2025/11/16 17:54:05 - 浮点解 (30颗卫星)
  ECEF: X=-1553934.0955 Y=5438384.0757 Z=2940122.8038
  LLH:  Lat=27.624108205° Lon=105.946468049° H=993.3389m
  原始数据:
2025/11/16 09:54:23.000   27.624108205  105.946468049   993.3389   2  30   0.0843   0.0882   0.2004  -0.0315   0.0474  -0.0613  25.00    1.0 8525730

[TCP数据流] 2025/11/16 17:54:06 - 浮点解 (23颗卫星)
  ECEF: X=-1553934.0808 Y=5438384.0190 Z=2940122.7623
  LLH:  Lat=27.624108118° Lon=105.946468064° H=993.2678m
  原始数据:
2025/11/16 09:54:24.000   27.624108118  105.946468064   993.2678   2  23   0.0839   0.0876   0.1995  -0.0314   0.0471  -0.0612  26.00    1.5 8525730

[TCP数据流] 2025/11/16 17:54:07 - 浮点解 (30颗卫星)
  ECEF: X=-1553934.0714 Y=5438383.9851 Z=2940122.7357
  LLH:  Lat=27.624108053° Lon=105.946468067° H=993.2243m
  原始数据:
2025/11/16 09:54:25.000   27.624108053  105.946468067   993.2243   2  30   0.0833   0.0870   0.1983  -0.0311   0.0467  -0.0607  27.00    1.0 8525730

[TCP数据流] 2025/11/16 17:54:08 - 浮点解 (30颗卫星)
  ECEF: X=-1553934.0633 Y=5438383.9560 Z=2940122.7141
  LLH:  Lat=27.624108006° Lon=105.946468069° H=993.1875m
  原始数据:
2025/11/16 09:54:26.000   27.624108006  105.946468069   993.1875   2  30   0.0827   0.0863   0.1970  -0.0309   0.0463  -0.0603  28.00    1.0 8525730

[TCP数据流] 2025/11/16 17:54:09 - 浮点解 (30颗卫星)
  ECEF: X=-1553934.0573 Y=5438383.9190 Z=2940122.6842
  LLH:  Lat=27.624107923° Lon=105.946468113° H=993.1406m
  原始数据:
2025/11/16 09:54:27.000   27.624107923  105.946468113   993.1406   2  30   0.0821   0.0857   0.1958  -0.0307   0.0459  -0.0599  29.00    1.8 8525730

[TCP数据流] 2025/11/16 17:54:10 - 浮点解 (30颗卫星)
  ECEF: X=-1553934.0525 Y=5438383.8810 Z=2940122.6561
  LLH:  Lat=27.624107857° Lon=105.946468172° H=993.0940m
  原始数据:
2025/11/16 09:54:28.000   27.624107857  105.946468172   993.0940   2  30   0.0816   0.0851   0.1946  -0.0305   0.0455  -0.0595  30.00    1.9 8525730

[TCP数据流] 2025/11/16 17:54:58 - 浮点解 (30颗卫星)
  ECEF: X=-1553934.3288 Y=5438384.8518 Z=2940123.2339
  LLH:  Lat=27.624108253° Lon=105.946468162° H=994.2563m
  原始数据:
2025/11/16 09:55:16.000   27.624108253  105.946468162   994.2563   2  30   0.0757   0.0831   0.1664  -0.0279   0.0404  -0.0510   0.00    1.5 8525730

[TCP数据流] 2025/11/16 17:54:59 - 浮点解 (30颗卫星)
  ECEF: X=-1553934.4620 Y=5438385.3523 Z=2940123.5678
  LLH:  Lat=27.624108756° Lon=105.946468066° H=994.8699m
  原始数据:
2025/11/16 09:55:17.000   27.624108756  105.946468066   994.8699   2  30   0.0715   0.0815   0.1487  -0.0263   0.0368  -0.0451   0.00    1.3 8525730

[TCP数据流] 2025/11/16 17:55:00 - 浮点解 (30颗卫星)
  ECEF: X=-1553934.5389 Y=5438385.6547 Z=2940123.7698
  LLH:  Lat=27.624109066° Lon=105.946467974° H=995.2399m
  原始数据:
2025/11/16 09:55:18.000   27.624109066  105.946467974   995.2399   2  30   0.0682   0.0800   0.1365  -0.0252   0.0343  -0.0410   1.00    1.3 8525730

[TCP数据流] 2025/11/16 17:55:01 - 浮点解 (30颗卫星)
  ECEF: X=-1553934.5800 Y=5438385.8717 Z=2940123.9304
  LLH:  Lat=27.624109430° Lon=105.946467770° H=995.5092m
  原始数据:
2025/11/16 09:55:19.000   27.624109430  105.946467770   995.5092   2  30   0.0653   0.0787   0.1269  -0.0243   0.0324  -0.0378   0.00    1.3 8525730

[TCP数据流] 2025/11/16 17:55:02 - 浮点解 (30颗卫星)
  ECEF: X=-1553934.6110 Y=5438386.0324 Z=2940124.0580
  LLH:  Lat=27.624109768° Lon=105.946467625° H=995.7128m
  原始数据:
2025/11/16 09:55:20.000   27.624109768  105.946467625   995.7128   2  30   0.0629   0.0774   0.1193  -0.0235   0.0309  -0.0354   0.00    2.0 8525730

[TCP数据流] 2025/11/16 17:55:03 - 浮点解 (30颗卫星)
  ECEF: X=-1553934.6330 Y=5438386.1605 Z=2940124.1682
  LLH:  Lat=27.624110108° Lon=105.946467482° H=995.8784m
  原始数据:
2025/11/16 09:55:21.000   27.624110108  105.946467482   995.8784   2  30   0.0608   0.0763   0.1132  -0.0228   0.0297  -0.0334   0.00    1.8 8525730

[TCP数据流] 2025/11/16 17:55:04 - 浮点解 (30颗卫星)
  ECEF: X=-1553934.6453 Y=5438386.2442 Z=2940124.2368
  LLH:  Lat=27.624110306° Lon=105.946467369° H=995.9845m
  原始数据:
2025/11/16 09:55:22.000   27.624110306  105.946467369   995.9845   2  30   0.0590   0.0752   0.1082  -0.0222   0.0287  -0.0318   1.00    2.1 8525730

[TCP数据流] 2025/11/16 17:55:05 - 浮点解 (30颗卫星)
  ECEF: X=-1553934.6542 Y=5438386.3002 Z=2940124.2806
  LLH:  Lat=27.624110421° Lon=105.946467300° H=996.0547m
  原始数据:
2025/11/16 09:55:23.000   27.624110421  105.946467300   996.0547   2  30   0.0575   0.0743   0.1042  -0.0218   0.0279  -0.0306   2.00    2.2 8525730

[TCP数据流] 2025/11/16 17:55:06 - 固定解 (23颗卫星)
  ECEF: X=-1553934.3669 Y=5438386.7317 Z=2940124.7017
  LLH:  Lat=27.624112381° Lon=105.946463301° H=996.5476m
  原始数据:
2025/11/16 09:55:24.000   27.624112381  105.946463301   996.5476   1  23   0.0008   0.0006   0.0032  -0.0001   0.0005   0.0007   3.00    5.6 8525730

[TCP数据流] 2025/11/16 17:55:07 - 固定解 (30颗卫星)
  ECEF: X=-1553934.3705 Y=5438386.7408 Z=2940124.7041
  LLH:  Lat=27.624112360° Lon=105.946463311° H=996.5574m
  原始数据:
2025/11/16 09:55:25.000   27.624112360  105.946463311   996.5574   1  30   0.0007   0.0006   0.0030   0.0002   0.0004   0.0007   4.00    4.5 8525730

[TCP数据流] 2025/11/16 17:55:08 - 固定解 (30颗卫星)
  ECEF: X=-1553934.3688 Y=5438386.7374 Z=2940124.7010
  LLH:  Lat=27.624112351° Lon=105.946463304° H=996.5526m
  原始数据:
2025/11/16 09:55:26.000   27.624112351  105.946463304   996.5526   1  30   0.0007   0.0006   0.0029   0.0001   0.0004   0.0007   5.00    4.2 8525730

[TCP数据流] 2025/11/16 17:55:09 - 固定解 (30颗卫星)
  ECEF: X=-1553934.3684 Y=5438386.7370 Z=2940124.7006
  LLH:  Lat=27.624112349° Lon=105.946463301° H=996.5520m
  原始数据:
2025/11/16 09:55:27.000   27.624112349  105.946463301   996.5520   1  30   0.0007   0.0006   0.0028   0.0001   0.0004   0.0006   6.00    4.2 8525730

[TCP数据流] 2025/11/16 17:55:10 - 固定解 (30颗卫星)
  ECEF: X=-1553934.3647 Y=5438386.7292 Z=2940124.6983
  LLH:  Lat=27.624112367° Lon=105.946463286° H=996.5434m
  原始数据:
2025/11/16 09:55:28.000   27.624112367  105.946463286   996.5434   1  30   0.0007   0.0006   0.0029  -0.0001   0.0005   0.0005   7.00    4.5 8525730

[TCP数据流] 2025/11/16 17:55:11 - 固定解 (30颗卫星)
  ECEF: X=-1553934.3643 Y=5438386.7291 Z=2940124.6979
  LLH:  Lat=27.624112365° Lon=105.946463283° H=996.5430m
  原始数据:
2025/11/16 09:55:29.000   27.624112365  105.946463283   996.5430   1  30   0.0007   0.0006   0.0029  -0.0001   0.0005   0.0005   8.00    4.1 8525730

[TCP数据流] 2025/11/16 17:55:12 - 固定解 (30颗卫星)
  ECEF: X=-1553934.3640 Y=5438386.7289 Z=2940124.6976
  LLH:  Lat=27.624112363° Lon=105.946463280° H=996.5426m
  原始数据:
2025/11/16 09:55:30.000   27.624112363  105.946463280   996.5426   1  30   0.0007   0.0006   0.0029  -0.0001   0.0005   0.0005   9.00    3.8 8525730

[TCP数据流] 2025/11/16 17:55:13 - 固定解 (30颗卫星)
  ECEF: X=-1553934.3637 Y=5438386.7286 Z=2940124.6971
  LLH:  Lat=27.624112361° Lon=105.946463278° H=996.5421m
  原始数据:
2025/11/16 09:55:31.000   27.624112361  105.946463278   996.5421   1  30   0.0007   0.0006   0.0028  -0.0001   0.0005   0.0005  10.00    3.6 8525730

[TCP数据流] 2025/11/16 17:55:14 - 固定解 (30颗卫星)
  ECEF: X=-1553934.3634 Y=5438386.7284 Z=2940124.6968
  LLH:  Lat=27.624112359° Lon=105.946463276° H=996.5417m
  原始数据:
2025/11/16 09:55:32.000   27.624112359  105.946463276   996.5417   1  30   0.0007   0.0006   0.0028  -0.0001   0.0005   0.0005  11.00    3.3 8525730

[TCP数据流] 2025/11/16 17:55:15 - 固定解 (30颗卫星)
  ECEF: X=-1553934.3632 Y=5438386.7283 Z=2940124.6965
  LLH:  Lat=27.624112358° Lon=105.946463274° H=996.5414m
  原始数据:
2025/11/16 09:55:33.000   27.624112358  105.946463274   996.5414   1  30   0.0007   0.0005   0.0028  -0.0001   0.0005   0.0005  12.00    3.1 8525730

[TCP数据流] 2025/11/16 17:55:16 - 固定解 (22颗卫星)
  ECEF: X=-1553934.3634 Y=5438386.7184 Z=2940124.6871
  LLH:  Lat=27.624112322° Lon=105.946463304° H=996.5287m
  原始数据:
2025/11/16 09:55:34.000   27.624112322  105.946463304   996.5287   1  22   0.0008   0.0006   0.0032  -0.0003   0.0007  -0.0005  13.00    3.3 8525730

[TCP数据流] 2025/11/16 17:55:17 - 浮点解 (30颗卫星)
  ECEF: X=-1553934.6314 Y=5438386.2921 Z=2940124.1959
  LLH:  Lat=27.624109802° Lon=105.946467100° H=996.0030m
  原始数据:
2025/11/16 09:55:35.000   27.624109802  105.946467100   996.0030   2  30   0.0513   0.0683   0.0893  -0.0196   0.0250  -0.0266  14.00    2.8 8525730

[TCP数据流] 2025/11/16 17:55:18 - 浮点解 (30颗卫星)
  ECEF: X=-1553934.6277 Y=5438386.2777 Z=2940124.1802
  LLH:  Lat=27.624109739° Lon=105.946467105° H=995.9825m
  原始数据:
2025/11/16 09:55:36.000   27.624109739  105.946467105   995.9825   2  30   0.0511   0.0679   0.0889  -0.0195   0.0249  -0.0265  15.00    2.7 8525730

[TCP数据流] 2025/11/16 17:55:19 - 浮点解 (30颗卫星)
  ECEF: X=-1553934.6235 Y=5438386.2634 Z=2940124.1644
  LLH:  Lat=27.624109675° Lon=105.946467103° H=995.9620m
  原始数据:
2025/11/16 09:55:37.000   27.624109675  105.946467103   995.9620   2  30   0.0508   0.0676   0.0884  -0.0194   0.0248  -0.0264  16.00    1.1 8525730

[TCP数据流] 2025/11/16 17:55:20 - 浮点解 (30颗卫星)
  ECEF: X=-1553934.6186 Y=5438386.2494 Z=2940124.1483
  LLH:  Lat=27.624109608° Lon=105.946467095° H=995.9414m
  原始数据:
2025/11/16 09:55:38.000   27.624109608  105.946467095   995.9414   2  30   0.0506   0.0673   0.0881  -0.0193   0.0247  -0.0263  17.00    1.2 8525730

[TCP数据流] 2025/11/16 17:55:21 - 浮点解 (30颗卫星)
  ECEF: X=-1553934.6152 Y=5438386.2361 Z=2940124.1318
  LLH:  Lat=27.624109534° Lon=105.946467099° H=995.9216m
  原始数据:
2025/11/16 09:55:39.000   27.624109534  105.946467099   995.9216   2  30   0.0504   0.0669   0.0877  -0.0192   0.0246  -0.0262  18.00    1.2 8525730

[TCP数据流] 2025/11/16 17:55:22 - 浮点解 (30颗卫星)
  ECEF: X=-1553934.6112 Y=5438386.2236 Z=2940124.1147
  LLH:  Lat=27.624109452° Lon=105.946467094° H=995.9021m
  原始数据:
2025/11/16 09:55:40.000   27.624109452  105.946467094   995.9021   2  30   0.0502   0.0666   0.0874  -0.0191   0.0245  -0.0261  19.00    1.2 8525730

[TCP数据流] 2025/11/16 17:55:23 - 浮点解 (30颗卫星)
  ECEF: X=-1553934.6083 Y=5438386.2116 Z=2940124.0984
  LLH:  Lat=27.624109373° Lon=105.946467100° H=995.8836m
  原始数据:
2025/11/16 09:55:41.000   27.624109373  105.946467100   995.8836   2  30   0.0500   0.0663   0.0871  -0.0190   0.0244  -0.0260  20.00    1.2 8525730

[TCP数据流] 2025/11/16 17:55:24 - 浮点解 (30颗卫星)
  ECEF: X=-1553934.6038 Y=5438386.1989 Z=2940124.0803
  LLH:  Lat=27.624109285° Lon=105.946467091° H=995.8633m
  原始数据:
2025/11/16 09:55:42.000   27.624109285  105.946467091   995.8633   2  30   0.0498   0.0660   0.0868  -0.0190   0.0243  -0.0259  21.00    1.0 8525730

[TCP数据流] 2025/11/16 17:55:25 - 浮点解 (23颗卫星)
  ECEF: X=-1553934.6042 Y=5438386.1950 Z=2940124.0738
  LLH:  Lat=27.624109248° Lon=105.946467106° H=995.8570m
  原始数据:
2025/11/16 09:55:43.000   27.624109248  105.946467106   995.8570   2  23   0.0497   0.0658   0.0866  -0.0189   0.0242  -0.0258  22.00    1.0 8525730

[TCP数据流] 2025/11/16 17:55:27 - 浮点解 (30颗卫星)
  ECEF: X=-1553934.6008 Y=5438386.1823 Z=2940124.0554
  LLH:  Lat=27.624109156° Lon=105.946467108° H=995.8369m
  原始数据:
2025/11/16 09:55:45.000   27.624109156  105.946467108   995.8369   2  30   0.0496   0.0655   0.0863  -0.0189   0.0241  -0.0257  24.00    1.0 8525730

[TCP数据流] 2025/11/16 17:55:28 - 浮点解 (30颗卫星)
  ECEF: X=-1553934.5970 Y=5438386.1685 Z=2940124.0379
  LLH:  Lat=27.624109076° Lon=105.946467109° H=995.8161m
  原始数据:
2025/11/16 09:55:46.000   27.624109076  105.946467109   995.8161   2  30   0.0494   0.0652   0.0861  -0.0188   0.0240  -0.0257  25.00    1.1 8525730

[TCP数据流] 2025/11/16 17:55:29 - 浮点解 (30颗卫星)
  ECEF: X=-1553934.5919 Y=5438386.1541 Z=2940124.0199
  LLH:  Lat=27.624108996° Lon=105.946467100° H=995.7942m
  原始数据:
2025/11/16 09:55:47.000   27.624108996  105.946467100   995.7942   2  30   0.0492   0.0649   0.0859  -0.0187   0.0240  -0.0256  26.00    1.0 8525730

[TCP数据流] 2025/11/16 17:55:30 - 浮点解 (30颗卫星)
  ECEF: X=-1553934.5874 Y=5438386.1407 Z=2940124.0029
  LLH:  Lat=27.624108919° Lon=105.946467093° H=995.7738m
  原始数据:
2025/11/16 09:55:48.000   27.624108919  105.946467093   995.7738   2  30   0.0491   0.0647   0.0857  -0.0186   0.0239  -0.0255  27.00    1.0 8525730

[TCP数据流] 2025/11/16 17:55:31 - 浮点解 (30颗卫星)
  ECEF: X=-1553934.5830 Y=5438386.1276 Z=2940123.9862
  LLH:  Lat=27.624108843° Lon=105.946467087° H=995.7538m
  原始数据:
2025/11/16 09:55:49.000   27.624108843  105.946467087   995.7538   2  30   0.0489   0.0644   0.0855  -0.0186   0.0238  -0.0255  28.00    1.0 8525730

[TCP数据流] 2025/11/16 17:55:32 - 浮点解 (30颗卫星)
  ECEF: X=-1553934.5785 Y=5438386.1135 Z=2940123.9693
  LLH:  Lat=27.624108770° Lon=105.946467082° H=995.7329m
  原始数据:
2025/11/16 09:55:50.000   27.624108770  105.946467082   995.7329   2  30   0.0488   0.0641   0.0853  -0.0185   0.0237  -0.0254  29.00    1.0 8525730

[TCP数据流] 2025/11/16 17:55:33 - 浮点解 (30颗卫星)
  ECEF: X=-1553934.5754 Y=5438386.0991 Z=2940123.9530
  LLH:  Lat=27.624108701° Lon=105.946467092° H=995.7123m
  原始数据:
2025/11/16 09:55:51.000   27.624108701  105.946467092   995.7123   2  30   0.0486   0.0638   0.0851  -0.0185   0.0236  -0.0253  30.00    1.0 8525730

[TCP数据流] 2025/11/16 17:55:59 - 浮点解 (29颗卫星)
  ECEF: X=-1553934.5924 Y=5438386.2194 Z=2940124.0879
  LLH:  Lat=27.624109276° Lon=105.946466923° H=995.8815m
  原始数据:
2025/11/16 09:56:17.000   27.624109276  105.946466923   995.8815   2  29   0.0469   0.0629   0.0804  -0.0180   0.0230  -0.0237   0.00    1.0 8525730

[TCP数据流] 2025/11/16 17:56:00 - 浮点解 (29颗卫星)
  ECEF: X=-1553934.6008 Y=5438386.2989 Z=2940124.1864
  LLH:  Lat=27.624109734° Lon=105.946466784° H=995.9969m
  原始数据:
2025/11/16 09:56:18.000   27.624109734  105.946466784   995.9969   2  29   0.0454   0.0620   0.0767  -0.0176   0.0226  -0.0224   1.00    1.0 8525730

[TCP数据流] 2025/11/16 17:56:01 - 浮点解 (29颗卫星)
  ECEF: X=-1553934.6057 Y=5438386.3703 Z=2940124.2670
  LLH:  Lat=27.624110086° Lon=105.946466633° H=996.0963m
  原始数据:
2025/11/16 09:56:19.000   27.624110086  105.946466633   996.0963   2  29   0.0440   0.0612   0.0735  -0.0173   0.0222  -0.0212   0.00    1.1 8525730

[TCP数据流] 2025/11/16 17:56:02 - 浮点解 (22颗卫星)
  ECEF: X=-1553934.5965 Y=5438386.4027 Z=2940124.3095
  LLH:  Lat=27.624110305° Lon=105.946466453° H=996.1414m
  原始数据:
2025/11/16 09:56:20.000   27.624110305  105.946466453   996.1414   2  22   0.0434   0.0605   0.0729  -0.0172   0.0221  -0.0218   0.00    1.2 8525730

[TCP数据流] 2025/11/16 17:56:03 - 浮点解 (22颗卫星)
  ECEF: X=-1553934.6011 Y=5438386.4557 Z=2940124.3719
  LLH:  Lat=27.624110586° Lon=105.946466350° H=996.2166m
  原始数据:
2025/11/16 09:56:21.000   27.624110586  105.946466350   996.2166   2  22   0.0424   0.0598   0.0702  -0.0169   0.0217  -0.0207   0.00    1.0 8525730

[TCP数据流] 2025/11/16 17:56:04 - 浮点解 (29颗卫星)
  ECEF: X=-1553934.6005 Y=5438386.5053 Z=2940124.4303
  LLH:  Lat=27.624110854° Lon=105.946466206° H=996.2858m
  原始数据:
2025/11/16 09:56:22.000   27.624110854  105.946466206   996.2858   2  29   0.0413   0.0591   0.0678  -0.0166   0.0214  -0.0198   0.00    1.0 8525730

[TCP数据流] 2025/11/16 17:56:05 - 固定解 (15颗卫星)
  ECEF: X=-1553934.3807 Y=5438386.7546 Z=2940124.7121
  LLH:  Lat=27.624112357° Lon=105.946463372° H=996.5753m
  原始数据:
2025/11/16 09:56:23.000   27.624112357  105.946463372   996.5753   1  15   0.0015   0.0010   0.0093   0.0009   0.0026   0.0033   0.00    4.1 8525730

[TCP数据流] 2025/11/16 17:56:06 - 固定解 (22颗卫星)
  ECEF: X=-1553934.3625 Y=5438386.7138 Z=2940124.6887
  LLH:  Lat=27.624112354° Lon=105.946463308° H=996.5253m
  原始数据:
2025/11/16 09:56:24.000   27.624112354  105.946463308   996.5253   1  22   0.0008   0.0007   0.0039   0.0004   0.0009   0.0012   1.00    4.1 8525730

[TCP数据流] 2025/11/16 17:56:07 - 固定解 (29颗卫星)
  ECEF: X=-1553934.3612 Y=5438386.7116 Z=2940124.6859
  LLH:  Lat=27.624112342° Lon=105.946463301° H=996.5218m
  原始数据:
2025/11/16 09:56:25.000   27.624112342  105.946463301   996.5218   1  29   0.0007   0.0006   0.0029   0.0004   0.0008   0.0008   2.00    6.3 8525730

[TCP数据流] 2025/11/16 17:56:10 - 固定解 (29颗卫星)
  ECEF: X=-1553934.3606 Y=5438386.7110 Z=2940124.6851
  LLH:  Lat=27.624112339° Lon=105.946463297° H=996.5207m
  原始数据:
2025/11/16 09:56:28.000   27.624112339  105.946463297   996.5207   1  29   0.0007   0.0006   0.0029   0.0004   0.0008   0.0008   5.00    6.0 8525730

[TCP数据流] 2025/11/16 17:56:11 - 固定解 (29颗卫星)
  ECEF: X=-1553934.3600 Y=5438386.7102 Z=2940124.6842
  LLH:  Lat=27.624112336° Lon=105.946463293° H=996.5195m
  原始数据:
2025/11/16 09:56:29.000   27.624112336  105.946463293   996.5195   1  29   0.0007   0.0006   0.0028   0.0004   0.0008   0.0008   6.00    5.6 8525730

[TCP数据流] 2025/11/16 17:56:12 - 固定解 (22颗卫星)
  ECEF: X=-1553934.3514 Y=5438386.7053 Z=2940124.6820
  LLH:  Lat=27.624112348° Lon=105.946463223° H=996.5122m
  原始数据:
2025/11/16 09:56:30.000   27.624112348  105.946463223   996.5122   1  22   0.0011   0.0013   0.0030   0.0009   0.0005   0.0002   7.00    7.3 8525730

[TCP数据流] 2025/11/16 17:56:13 - 固定解 (29颗卫星)
  ECEF: X=-1553934.3591 Y=5438386.7085 Z=2940124.6826
  LLH:  Lat=27.624112331° Lon=105.946463289° H=996.5171m
  原始数据:
2025/11/16 09:56:31.000   27.624112331  105.946463289   996.5171   1  29   0.0007   0.0006   0.0027   0.0003   0.0007   0.0007   8.00    5.1 8525730

[TCP数据流] 2025/11/16 17:56:14 - 固定解 (29颗卫星)
  ECEF: X=-1553934.3585 Y=5438386.7080 Z=2940124.6819
  LLH:  Lat=27.624112328° Lon=105.946463285° H=996.5162m
  原始数据:
2025/11/16 09:56:32.000   27.624112328  105.946463285   996.5162   1  29   0.0007   0.0006   0.0027   0.0003   0.0007   0.0007   9.00    4.7 8525730

[TCP数据流] 2025/11/16 17:56:15 - 固定解 (29颗卫星)
  ECEF: X=-1553934.3582 Y=5438386.7063 Z=2940124.6815
  LLH:  Lat=27.624112332° Lon=105.946463287° H=996.5145m
  原始数据:
2025/11/16 09:56:33.000   27.624112332  105.946463287   996.5145   1  29   0.0007   0.0006   0.0027   0.0004   0.0007   0.0007  10.00    4.6 8525730

[TCP数据流] 2025/11/16 17:56:16 - 固定解 (22颗卫星)
  ECEF: X=-1553934.3566 Y=5438386.7023 Z=2940124.6783
  LLH:  Lat=27.624112325° Lon=105.946463282° H=996.5092m
  原始数据:
2025/11/16 09:56:34.000   27.624112325  105.946463282   996.5092   1  22   0.0007   0.0006   0.0032   0.0004   0.0008   0.0009  11.00    4.2 8525730

[TCP数据流] 2025/11/16 17:56:17 - 固定解 (29颗卫星)
  ECEF: X=-1553934.3573 Y=5438386.7054 Z=2940124.6802
  LLH:  Lat=27.624112326° Lon=105.946463281° H=996.5129m
  原始数据:
2025/11/16 09:56:35.000   27.624112326  105.946463281   996.5129   1  29   0.0007   0.0006   0.0027   0.0003   0.0007   0.0007  12.00    3.8 8525730

[TCP数据流] 2025/11/16 17:56:18 - 固定解 (22颗卫星)
  ECEF: X=-1553934.3611 Y=5438386.7105 Z=2940124.6778
  LLH:  Lat=27.624112282° Lon=105.946463303° H=996.5171m
  原始数据:
2025/11/16 09:56:36.000   27.624112282  105.946463303   996.5171   1  22   0.0009   0.0007   0.0036   0.0003   0.0012   0.0008  13.00    4.0 8525730

[TCP数据流] 2025/11/16 17:56:19 - 固定解 (29颗卫星)
  ECEF: X=-1553934.3566 Y=5438386.7047 Z=2940124.6791
  LLH:  Lat=27.624112321° Lon=105.946463276° H=996.5116m
  原始数据:
2025/11/16 09:56:37.000   27.624112321  105.946463276   996.5116   1  29   0.0007   0.0006   0.0027   0.0003   0.0007   0.0007  14.00    3.3 8525730

[TCP数据流] 2025/11/16 17:56:20 - 固定解 (29颗卫星)
  ECEF: X=-1553934.3555 Y=5438386.7029 Z=2940124.6774
  LLH:  Lat=27.624112316° Lon=105.946463270° H=996.5091m
  原始数据:
2025/11/16 09:56:38.000   27.624112316  105.946463270   996.5091   1  29   0.0007   0.0006   0.0024   0.0003   0.0005   0.0004  15.00    3.1 8525730

[TCP数据流] 2025/11/16 17:56:21 - 固定解 (22颗卫星)
  ECEF: X=-1553934.3593 Y=5438386.7081 Z=2940124.6753
  LLH:  Lat=27.624112274° Lon=105.946463293° H=996.5134m
  原始数据:
2025/11/16 09:56:39.000   27.624112274  105.946463293   996.5134   1  22   0.0009   0.0007   0.0036   0.0003   0.0011   0.0008  16.00    3.2 8525730

[TCP数据流] 2025/11/16 17:56:22 - 浮点解 (29颗卫星)
  ECEF: X=-1553934.5574 Y=5438386.4633 Z=2940124.3942
  LLH:  Lat=27.624110784° Lon=105.946465903° H=996.2228m
  原始数据:
2025/11/16 09:56:40.000   27.624110784  105.946465903   996.2228   2  29   0.0367   0.0542   0.0582  -0.0149   0.0194  -0.0171  17.00    2.8 8525730

[TCP数据流] 2025/11/16 17:56:24 - 固定解 (22颗卫星)
  ECEF: X=-1553934.3338 Y=5438386.7106 Z=2940124.6546
  LLH:  Lat=27.624112128° Lon=105.946463037° H=996.4998m
  原始数据:
2025/11/16 09:56:42.000   27.624112128  105.946463037   996.4998   1  22   0.0013   0.0017   0.0036   0.0012   0.0015   0.0012  19.00    3.1 8525730

[TCP数据流] 2025/11/16 17:56:25 - 固定解 (22颗卫星)
  ECEF: X=-1553934.3512 Y=5438386.7014 Z=2940124.6805
  LLH:  Lat=27.624112352° Lon=105.946463232° H=996.5082m
  原始数据:
2025/11/16 09:56:43.000   27.624112352  105.946463232   996.5082   1  22   0.0010   0.0011   0.0027   0.0007  -0.0007  -0.0008  20.00    7.2 8525730

[TCP数据流] 2025/11/16 17:56:26 - 浮点解 (22颗卫星)
  ECEF: X=-1553934.5480 Y=5438386.4440 Z=2940124.3724
  LLH:  Lat=27.624110698° Lon=105.946465866° H=996.1939m
  原始数据:
2025/11/16 09:56:44.000   27.624110698  105.946465866   996.1939   2  22   0.0366   0.0538   0.0580  -0.0148   0.0193  -0.0171  21.00    3.0 8525730

[TCP数据流] 2025/11/16 17:56:29 - 浮点解 (8颗卫星)
  ECEF: X=-1553934.5475 Y=5438386.4437 Z=2940124.3719
  LLH:  Lat=27.624110696° Lon=105.946465862° H=996.1933m
  原始数据:
2025/11/16 09:56:47.000   27.624110696  105.946465862   996.1933   2   8   0.0366   0.0538   0.0580  -0.0148   0.0193  -0.0171   1.00    0.0 8525730

[TCP数据流] 2025/11/16 17:56:30 - 浮点解 (30颗卫星)
  ECEF: X=-1553934.5459 Y=5438386.4673 Z=2940124.4032
  LLH:  Lat=27.624110853° Lon=105.946465780° H=996.2275m
  原始数据:
2025/11/16 09:56:48.000   27.624110853  105.946465780   996.2275   2  30   0.0358   0.0533   0.0565  -0.0146   0.0190  -0.0165   2.00    1.2 8525730

[TCP数据流] 2025/11/16 17:56:33 - 浮点解 (23颗卫星)
  ECEF: X=-1553934.5490 Y=5438386.4721 Z=2940124.4051
  LLH:  Lat=27.624110845° Lon=105.946465797° H=996.2333m
  原始数据:
2025/11/16 09:56:51.000   27.624110845  105.946465797   996.2333   2  23   0.0356   0.0532   0.0558  -0.0145   0.0189  -0.0161   5.00    1.0 8525730

[TCP数据流] 2025/11/16 17:56:34 - 浮点解 (22颗卫星)
  ECEF: X=-1553934.5431 Y=5438386.4724 Z=2940124.4062
  LLH:  Lat=27.624110860° Lon=105.946465739° H=996.2326m
  原始数据:
2025/11/16 09:56:52.000   27.624110860  105.946465739   996.2326   2  22   0.0354   0.0529   0.0556  -0.0145   0.0188  -0.0162   6.00    1.5 8525730

[TCP数据流] 2025/11/16 17:56:35 - 浮点解 (23颗卫星)
  ECEF: X=-1553934.5399 Y=5438386.4731 Z=2940124.4040
  LLH:  Lat=27.624110843° Lon=105.946465706° H=996.2314m
  原始数据:
2025/11/16 09:56:53.000   27.624110843  105.946465706   996.2314   2  23   0.0351   0.0526   0.0550  -0.0144   0.0187  -0.0160   7.00    1.3 8525730

[TCP数据流] 2025/11/16 17:56:36 - 浮点解 (22颗卫星)
  ECEF: X=-1553934.5355 Y=5438386.4733 Z=2940124.4023
  LLH:  Lat=27.624110834° Lon=105.946465662° H=996.2297m
  原始数据:
2025/11/16 09:56:54.000   27.624110834  105.946465662   996.2297   2  22   0.0350   0.0524   0.0549  -0.0143   0.0187  -0.0161   8.00    1.3 8525730

[TCP数据流] 2025/11/16 17:56:38 - 浮点解 (23颗卫星)
  ECEF: X=-1553934.5365 Y=5438386.4724 Z=2940124.3977
  LLH:  Lat=27.624110799° Lon=105.946465674° H=996.2270m
  原始数据:
2025/11/16 09:56:56.000   27.624110799  105.946465674   996.2270   2  23   0.0349   0.0523   0.0545  -0.0143   0.0186  -0.0160  10.00    1.2 8525730

[TCP数据流] 2025/11/16 17:56:39 - 浮点解 (23颗卫星)
  ECEF: X=-1553934.5323 Y=5438386.4687 Z=2940124.3907
  LLH:  Lat=27.624110763° Lon=105.946465644° H=996.2196m
  原始数据:
2025/11/16 09:56:57.000   27.624110763  105.946465644   996.2196   2  23   0.0347   0.0521   0.0542  -0.0142   0.0185  -0.0159  11.00    1.0 8525730

[TCP数据流] 2025/11/16 17:56:42 - 浮点解 (22颗卫星)
  ECEF: X=-1553934.5284 Y=5438386.4650 Z=2940124.3844
  LLH:  Lat=27.624110732° Lon=105.946465616° H=996.2126m
  原始数据:
2025/11/16 09:57:00.000   27.624110732  105.946465616   996.2126   2  22   0.0346   0.0519   0.0541  -0.0142   0.0185  -0.0159  14.00    1.4 8525730

[TCP数据流] 2025/11/16 17:56:43 - 浮点解 (23颗卫星)
  ECEF: X=-1553934.5244 Y=5438386.4902 Z=2940124.4292
  LLH:  Lat=27.624110993° Lon=105.946465507° H=996.2539m
  原始数据:
2025/11/16 09:57:01.000   27.624110993  105.946465507   996.2539   2  23   0.0339   0.0514   0.0526  -0.0139   0.0182  -0.0153   0.00    1.1 8525730

[TCP数据流] 2025/11/16 17:56:44 - 浮点解 (22颗卫星)
  ECEF: X=-1553934.5199 Y=5438386.5063 Z=2940124.4586
  LLH:  Lat=27.624111169° Lon=105.946465419° H=996.2801m
  原始数据:
2025/11/16 09:57:02.000   27.624111169  105.946465419   996.2801   2  22   0.0335   0.0509   0.0524  -0.0139   0.0181  -0.0156   0.00    1.1 8525730

[TCP数据流] 2025/11/16 17:56:46 - 浮点解 (30颗卫星)
  ECEF: X=-1553934.5151 Y=5438386.5311 Z=2940124.4958
  LLH:  Lat=27.624111372° Lon=105.946465303° H=996.3173m
  原始数据:
2025/11/16 09:57:04.000   27.624111372  105.946465303   996.3173   2  30   0.0328   0.0504   0.0510  -0.0138   0.0179  -0.0151   0.00    1.1 8525730

[TCP数据流] 2025/11/16 17:56:47 - 浮点解 (23颗卫星)
  ECEF: X=-1553934.5202 Y=5438386.5424 Z=2940124.5095
  LLH:  Lat=27.624111430° Lon=105.946465321° H=996.3346m
  原始数据:
2025/11/16 09:57:05.000   27.624111430  105.946465321   996.3346   2  23   0.0325   0.0503   0.0500  -0.0136   0.0178  -0.0144   1.00    1.0 8525730

[TCP数据流] 2025/11/16 17:56:49 - 浮点解 (23颗卫星)
  ECEF: X=-1553934.5219 Y=5438386.5465 Z=2940124.5128
  LLH:  Lat=27.624111438° Lon=105.946465326° H=996.3400m
  原始数据:
2025/11/16 09:57:07.000   27.624111438  105.946465326   996.3400   2  23   0.0322   0.0502   0.0492  -0.0135   0.0176  -0.0138   3.00    1.2 8525730

[TCP数据流] 2025/11/16 17:56:50 - 浮点解 (30颗卫星)
  ECEF: X=-1553934.5174 Y=5438386.5497 Z=2940124.5186
  LLH:  Lat=27.624111477° Lon=105.946465273° H=996.3443m
  原始数据:
2025/11/16 09:57:08.000   27.624111477  105.946465273   996.3443   2  30   0.0318   0.0498   0.0485  -0.0134   0.0175  -0.0136   4.00    1.0 8525730

[TCP数据流] 2025/11/16 17:56:51 - 浮点解 (23颗卫星)
  ECEF: X=-1553934.5194 Y=5438386.5506 Z=2940124.5181
  LLH:  Lat=27.624111467° Lon=105.946465290° H=996.3453m
  原始数据:
2025/11/16 09:57:09.000   27.624111467  105.946465290   996.3453   2  23   0.0316   0.0497   0.0479  -0.0134   0.0174  -0.0133   5.00    1.0 8525730

[TCP数据流] 2025/11/16 17:56:53 - 固定解 (22颗卫星)
  ECEF: X=-1553934.3694 Y=5438386.7270 Z=2940124.6885
  LLH:  Lat=27.624112292° Lon=105.946463338° H=996.5381m
  原始数据:
2025/11/16 09:57:11.000   27.624112292  105.946463338   996.5381   1  22   0.0008   0.0007   0.0030  -0.0003  -0.0004  -0.0002   7.00    5.6 8525730

[TCP数据流] 2025/11/16 17:56:54 - 固定解 (23颗卫星)
  ECEF: X=-1553934.3552 Y=5438386.7082 Z=2940124.6854
  LLH:  Lat=27.624112359° Lon=105.946463252° H=996.5172m
  原始数据:
2025/11/16 09:57:12.000   27.624112359  105.946463252   996.5172   1  23   0.0009   0.0010   0.0024   0.0006  -0.0007  -0.0007   8.00    3.2 8525730

[TCP数据流] 2025/11/16 17:56:55 - 浮点解 (23颗卫星)
  ECEF: X=-1553934.5166 Y=5438386.5432 Z=2940124.5080
  LLH:  Lat=27.624111419° Lon=105.946465283° H=996.3337m
  原始数据:
2025/11/16 09:57:13.000   27.624111419  105.946465283   996.3337   2  23   0.0313   0.0493   0.0473  -0.0132   0.0172  -0.0131   9.00    2.8 8525730

[TCP数据流] 2025/11/16 17:56:56 - 浮点解 (23颗卫星)
  ECEF: X=-1553934.5149 Y=5438386.5405 Z=2940124.5043
  LLH:  Lat=27.624111402° Lon=105.946465275° H=996.3292m
  原始数据:
2025/11/16 09:57:14.000   27.624111402  105.946465275   996.3292   2  23   0.0312   0.0492   0.0470  -0.0132   0.0172  -0.0130  10.00    2.4 8525730

[TCP数据流] 2025/11/16 17:56:57 - 浮点解 (23颗卫星)
  ECEF: X=-1553934.5147 Y=5438386.5369 Z=2940124.5003
  LLH:  Lat=27.624111385° Lon=105.946465282° H=996.3243m
  原始数据:
2025/11/16 09:57:15.000   27.624111385  105.946465282   996.3243   2  23   0.0311   0.0491   0.0468  -0.0132   0.0171  -0.0128  11.00    2.2 8525730

[TCP数据流] 2025/11/16 17:56:58 - 浮点解 (23颗卫星)
  ECEF: X=-1553934.5137 Y=5438386.5332 Z=2940124.4954
  LLH:  Lat=27.624111362° Lon=105.946465283° H=996.3186m
  原始数据:
2025/11/16 09:57:16.000   27.624111362  105.946465283   996.3186   2  23   0.0310   0.0490   0.0466  -0.0132   0.0171  -0.0128  12.00    2.0 8525730

[TCP数据流] 2025/11/16 17:56:59 - 固定解 (15颗卫星)
  ECEF: X=-1553934.3967 Y=5438386.7332 Z=2940124.7098
  LLH:  Lat=27.624112406° Lon=105.946463587° H=996.5599m
  原始数据:
2025/11/16 09:57:17.000   27.624112406  105.946463587   996.5599   1  15   0.0026   0.0022   0.0044   0.0012   0.0020  -0.0022  13.00    3.1 8525730

[TCP数据流] 2025/11/16 17:57:00 - 浮点解 (30颗卫星)
  ECEF: X=-1553934.5131 Y=5438386.5277 Z=2940124.4866
  LLH:  Lat=27.624111314° Lon=105.946465293° H=996.3097m
  原始数据:
2025/11/16 09:57:18.000   27.624111314  105.946465293   996.3097   2  30   0.0309   0.0488   0.0465  -0.0131   0.0170  -0.0127  14.00    1.7 8525730

[TCP数据流] 2025/11/16 17:57:01 - 浮点解 (22颗卫星)
  ECEF: X=-1553934.5121 Y=5438386.5266 Z=2940124.4816
  LLH:  Lat=27.624111280° Lon=105.946465286° H=996.3062m
  原始数据:
2025/11/16 09:57:19.000   27.624111280  105.946465286   996.3062   2  22   0.0309   0.0487   0.0464  -0.0131   0.0170  -0.0127  15.00    2.2 8525730

[TCP数据流] 2025/11/16 17:57:03 - 浮点解 (30颗卫星)
  ECEF: X=-1553934.5110 Y=5438386.5224 Z=2940124.4741
  LLH:  Lat=27.624111238° Lon=105.946465287° H=996.2988m
  原始数据:
2025/11/16 09:57:21.000   27.624111238  105.946465287   996.2988   2  30   0.0308   0.0485   0.0463  -0.0130   0.0169  -0.0127  17.00    1.5 8525730

[TCP数据流] 2025/11/16 17:57:04 - 浮点解 (30颗卫星)
  ECEF: X=-1553934.5099 Y=5438386.5175 Z=2940124.4665
  LLH:  Lat=27.624111198° Lon=105.946465290° H=996.2909m
  原始数据:
2025/11/16 09:57:22.000   27.624111198  105.946465290   996.2909   2  30   0.0307   0.0484   0.0462  -0.0130   0.0169  -0.0127  18.00    1.2 8525730

[TCP数据流] 2025/11/16 17:57:05 - 浮点解 (30颗卫星)
  ECEF: X=-1553934.5089 Y=5438386.5133 Z=2940124.4588
  LLH:  Lat=27.624111155° Lon=105.946465292° H=996.2835m
  原始数据:
2025/11/16 09:57:23.000   27.624111155  105.946465292   996.2835   2  30   0.0306   0.0483   0.0461  -0.0129   0.0168  -0.0127  19.00    1.2 8525730

[TCP数据流] 2025/11/16 17:57:06 - 浮点解 (30颗卫星)
  ECEF: X=-1553934.5069 Y=5438386.5093 Z=2940124.4521
  LLH:  Lat=27.624111120° Lon=105.946465283° H=996.2765m
  原始数据:
2025/11/16 09:57:24.000   27.624111120  105.946465283   996.2765   2  30   0.0306   0.0481   0.0460  -0.0129   0.0168  -0.0127  20.00    1.0 8525730

[TCP数据流] 2025/11/16 17:57:07 - 浮点解 (30颗卫星)
  ECEF: X=-1553934.5048 Y=5438386.5051 Z=2940124.4456
  LLH:  Lat=27.624111087° Lon=105.946465275° H=996.2694m
  原始数据:
2025/11/16 09:57:25.000   27.624111087  105.946465275   996.2694   2  30   0.0305   0.0480   0.0459  -0.0129   0.0167  -0.0126  21.00    1.0 8525730

[TCP数据流] 2025/11/16 17:57:08 - 浮点解 (30颗卫星)
  ECEF: X=-1553934.5044 Y=5438386.5009 Z=2940124.4394
  LLH:  Lat=27.624111055° Lon=105.946465282° H=996.2629m
  原始数据:
2025/11/16 09:57:26.000   27.624111055  105.946465282   996.2629   2  30   0.0304   0.0478   0.0458  -0.0128   0.0167  -0.0126  22.00    1.0 8525730

[TCP数据流] 2025/11/16 17:57:09 - 浮点解 (30颗卫星)
  ECEF: X=-1553934.5021 Y=5438386.4972 Z=2940124.4328
  LLH:  Lat=27.624111020° Lon=105.946465270° H=996.2561m
  原始数据:
2025/11/16 09:57:27.000   27.624111020  105.946465270   996.2561   2  30   0.0304   0.0477   0.0457  -0.0128   0.0166  -0.0126  23.00    1.0 8525730

[TCP数据流] 2025/11/16 17:57:10 - 浮点解 (30颗卫星)
  ECEF: X=-1553934.5002 Y=5438386.4933 Z=2940124.4270
  LLH:  Lat=27.624110991° Lon=105.946465263° H=996.2496m
  原始数据:
2025/11/16 09:57:28.000   27.624110991  105.946465263   996.2496   2  30   0.0303   0.0476   0.0456  -0.0128   0.0166  -0.0126  24.00    1.0 8525730

[TCP数据流] 2025/11/16 17:57:11 - 浮点解 (30颗卫星)
  ECEF: X=-1553934.4986 Y=5438386.4891 Z=2940124.4209
  LLH:  Lat=27.624110961° Lon=105.946465259° H=996.2428m
  原始数据:
2025/11/16 09:57:29.000   27.624110961  105.946465259   996.2428   2  30   0.0303   0.0475   0.0456  -0.0128   0.0165  -0.0126  25.00    1.0 8525730

[TCP数据流] 2025/11/16 17:57:12 - 浮点解 (30颗卫星)
  ECEF: X=-1553934.4959 Y=5438386.4851 Z=2940124.4152
  LLH:  Lat=27.624110935° Lon=105.946465244° H=996.2361m
  原始数据:
2025/11/16 09:57:30.000   27.624110935  105.946465244   996.2361   2  30   0.0302   0.0473   0.0455  -0.0127   0.0165  -0.0126  26.00    1.0 8525730

[TCP数据流] 2025/11/16 17:57:13 - 浮点解 (30颗卫星)
  ECEF: X=-1553934.4954 Y=5438386.4803 Z=2940124.4096
  LLH:  Lat=27.624110910° Lon=105.946465252° H=996.2293m
  原始数据:
2025/11/16 09:57:31.000   27.624110910  105.946465252   996.2293   2  30   0.0302   0.0472   0.0454  -0.0127   0.0165  -0.0125  27.00    1.0 8525730

[TCP数据流] 2025/11/16 17:57:14 - 浮点解 (30颗卫星)
  ECEF: X=-1553934.4932 Y=5438386.4757 Z=2940124.4041
  LLH:  Lat=27.624110887° Lon=105.946465243° H=996.2223m
  原始数据:
2025/11/16 09:57:32.000   27.624110887  105.946465243   996.2223   2  30   0.0301   0.0471   0.0454  -0.0127   0.0164  -0.0125  28.00    1.0 8525730

[TCP数据流] 2025/11/16 17:57:15 - 浮点解 (30颗卫星)
  ECEF: X=-1553934.4913 Y=5438386.4712 Z=2940124.3986
  LLH:  Lat=27.624110863° Lon=105.946465238° H=996.2154m
  原始数据:
2025/11/16 09:57:33.000   27.624110863  105.946465238   996.2154   2  30   0.0301   0.0470   0.0453  -0.0127   0.0164  -0.0125  29.00    1.0 8525730

[TCP数据流] 2025/11/16 17:57:16 - 浮点解 (30颗卫星)
  ECEF: X=-1553934.4891 Y=5438386.4670 Z=2940124.3924
  LLH:  Lat=27.624110833° Lon=105.946465228° H=996.2084m
  原始数据:
2025/11/16 09:57:34.000   27.624110833  105.946465228   996.2084   2  30   0.0300   0.0469   0.0452  -0.0126   0.0163  -0.0125  30.00    1.0 8525730

[TCP数据流] 2025/11/16 17:57:38 - 浮点解 (30颗卫星)
  ECEF: X=-1553934.4287 Y=5438386.4430 Z=2940124.4423
  LLH:  Lat=27.624111398° Lon=105.946464706° H=996.1964m
  原始数据:
2025/11/16 09:57:56.000   27.624111398  105.946464706   996.1964   2  30   0.0264   0.0432   0.0393  -0.0110   0.0156  -0.0090  10.00    1.1 8525730

[TCP数据流] 2025/11/16 17:57:39 - 浮点解 (30颗卫星)
  ECEF: X=-1553934.4281 Y=5438386.4383 Z=2940124.4378
  LLH:  Lat=27.624111382° Lon=105.946464714° H=996.1902m
  原始数据:
2025/11/16 09:57:57.000   27.624111382  105.946464714   996.1902   2  30   0.0263   0.0431   0.0392  -0.0109   0.0155  -0.0090  11.00    1.0 8525730

[TCP数据流] 2025/11/16 17:57:40 - 浮点解 (30颗卫星)
  ECEF: X=-1553934.4269 Y=5438386.4338 Z=2940124.4328
  LLH:  Lat=27.624111361° Lon=105.946464714° H=996.1837m
  原始数据:
2025/11/16 09:57:58.000   27.624111361  105.946464714   996.1837   2  30   0.0262   0.0429   0.0390  -0.0109   0.0155  -0.0089  12.00    1.0 8525730

[TCP数据流] 2025/11/16 17:57:41 - 浮点解 (30颗卫星)
  ECEF: X=-1553934.4265 Y=5438386.4289 Z=2940124.4276
  LLH:  Lat=27.624111340° Lon=105.946464724° H=996.1771m
  原始数据:
2025/11/16 09:57:59.000   27.624111340  105.946464724   996.1771   2  30   0.0262   0.0428   0.0389  -0.0108   0.0154  -0.0089  13.00    1.0 8525730

[TCP数据流] 2025/11/16 17:57:42 - 浮点解 (30颗卫星)
  ECEF: X=-1553934.4260 Y=5438386.4242 Z=2940124.4222
  LLH:  Lat=27.624111316° Lon=105.946464732° H=996.1704m
  原始数据:
2025/11/16 09:58:00.000   27.624111316  105.946464732   996.1704   2  30   0.0261   0.0427   0.0388  -0.0108   0.0154  -0.0088  14.00    1.0 8525730

[TCP数据流] 2025/11/16 17:57:43 - 浮点解 (30颗卫星)
  ECEF: X=-1553934.4261 Y=5438386.4194 Z=2940124.4170
  LLH:  Lat=27.624111294° Lon=105.946464747° H=996.1640m
  原始数据:
2025/11/16 09:58:01.000   27.624111294  105.946464747   996.1640   2  30   0.0260   0.0425   0.0387  -0.0107   0.0153  -0.0088  15.00    1.0 8525730

[TCP数据流] 2025/11/16 17:57:44 - 浮点解 (30颗卫星)
  ECEF: X=-1553934.4260 Y=5438386.4147 Z=2940124.4119
  LLH:  Lat=27.624111272° Lon=105.946464759° H=996.1576m
  原始数据:
2025/11/16 09:58:02.000   27.624111272  105.946464759   996.1576   2  30   0.0260   0.0424   0.0386  -0.0107   0.0153  -0.0088  16.00    1.1 8525730

[TCP数据流] 2025/11/16 17:57:45 - 浮点解 (30颗卫星)
  ECEF: X=-1553934.4250 Y=5438386.4104 Z=2940124.4072
  LLH:  Lat=27.624111253° Lon=105.946464761° H=996.1515m
  原始数据:
2025/11/16 09:58:03.000   27.624111253  105.946464761   996.1515   2  30   0.0259   0.0423   0.0385  -0.0107   0.0153  -0.0087  17.00    1.0 8525730

[TCP数据流] 2025/11/16 17:57:46 - 浮点解 (30颗卫星)
  ECEF: X=-1553934.4246 Y=5438386.4057 Z=2940124.4019
  LLH:  Lat=27.624111230° Lon=105.946464770° H=996.1449m
  原始数据:
2025/11/16 09:58:04.000   27.624111230  105.946464770   996.1449   2  30   0.0259   0.0422   0.0384  -0.0106   0.0152  -0.0087  18.00    1.0 8525730

[TCP数据流] 2025/11/16 17:57:47 - 浮点解 (30颗卫星)
  ECEF: X=-1553934.4237 Y=5438386.4015 Z=2940124.3971
  LLH:  Lat=27.624111209° Lon=105.946464773° H=996.1389m
  原始数据:
2025/11/16 09:58:05.000   27.624111209  105.946464773   996.1389   2  30   0.0258   0.0421   0.0383  -0.0106   0.0152  -0.0087  19.00    1.0 8525730

[TCP数据流] 2025/11/16 17:57:48 - 浮点解 (30颗卫星)
  ECEF: X=-1553934.4233 Y=5438386.3972 Z=2940124.3924
  LLH:  Lat=27.624111189° Lon=105.946464781° H=996.1330m
  原始数据:
2025/11/16 09:58:06.000   27.624111189  105.946464781   996.1330   2  30   0.0258   0.0420   0.0383  -0.0106   0.0151  -0.0086  20.00    1.1 8525730

[TCP数据流] 2025/11/16 17:57:49 - 浮点解 (23颗卫星)
  ECEF: X=-1553934.4228 Y=5438386.3929 Z=2940124.3874
  LLH:  Lat=27.624111167° Lon=105.946464788° H=996.1269m
  原始数据:
2025/11/16 09:58:07.000   27.624111167  105.946464788   996.1269   2  23   0.0257   0.0419   0.0382  -0.0106   0.0151  -0.0086  21.00    1.1 8525730

[TCP数据流] 2025/11/16 17:57:50 - 浮点解 (30颗卫星)
  ECEF: X=-1553934.4226 Y=5438386.3887 Z=2940124.3825
  LLH:  Lat=27.624111145° Lon=105.946464798° H=996.1210m
  原始数据:
2025/11/16 09:58:08.000   27.624111145  105.946464798   996.1210   2  30   0.0257   0.0418   0.0382  -0.0105   0.0151  -0.0086  22.00    1.0 8525730

[TCP数据流] 2025/11/16 17:57:51 - 浮点解 (30颗卫星)
  ECEF: X=-1553934.4217 Y=5438386.3848 Z=2940124.3777
  LLH:  Lat=27.624111124° Lon=105.946464800° H=996.1152m
  原始数据:
2025/11/16 09:58:09.000   27.624111124  105.946464800   996.1152   2  30   0.0257   0.0417   0.0381  -0.0105   0.0151  -0.0086  23.00    1.0 8525730

[TCP数据流] 2025/11/16 17:57:52 - 浮点解 (30颗卫星)
  ECEF: X=-1553934.4209 Y=5438386.3809 Z=2940124.3729
  LLH:  Lat=27.624111102° Lon=105.946464803° H=996.1095m
  原始数据:
2025/11/16 09:58:10.000   27.624111102  105.946464803   996.1095   2  30   0.0256   0.0417   0.0380  -0.0105   0.0150  -0.0086  24.00    1.0 8525730

[TCP数据流] 2025/11/16 17:57:53 - 浮点解 (30颗卫星)
  ECEF: X=-1553934.4198 Y=5438386.3769 Z=2940124.3680
  LLH:  Lat=27.624111080° Lon=105.946464804° H=996.1035m
  原始数据:
2025/11/16 09:58:11.000   27.624111080  105.946464804   996.1035   2  30   0.0256   0.0416   0.0380  -0.0105   0.0150  -0.0086  25.00    1.0 8525730

[TCP数据流] 2025/11/16 17:57:54 - 浮点解 (30颗卫星)
  ECEF: X=-1553934.4191 Y=5438386.3729 Z=2940124.3631
  LLH:  Lat=27.624111058° Lon=105.946464808° H=996.0977m
  原始数据:
2025/11/16 09:58:12.000   27.624111058  105.946464808   996.0977   2  30   0.0255   0.0415   0.0380  -0.0105   0.0150  -0.0086  26.00    1.0 8525730

[TCP数据流] 2025/11/16 17:57:55 - 浮点解 (30颗卫星)
  ECEF: X=-1553934.4186 Y=5438386.3690 Z=2940124.3582
  LLH:  Lat=27.624111035° Lon=105.946464814° H=996.0920m
  原始数据:
2025/11/16 09:58:13.000   27.624111035  105.946464814   996.0920   2  30   0.0255   0.0414   0.0379  -0.0104   0.0149  -0.0085  27.00    1.0 8525730

[TCP数据流] 2025/11/16 17:57:56 - 浮点解 (30颗卫星)
  ECEF: X=-1553934.4178 Y=5438386.3650 Z=2940124.3537
  LLH:  Lat=27.624111016° Lon=105.946464817° H=996.0863m
  原始数据:
2025/11/16 09:58:14.000   27.624111016  105.946464817   996.0863   2  30   0.0255   0.0413   0.0379  -0.0104   0.0149  -0.0085  28.00    1.0 8525730

[TCP数据流] 2025/11/16 17:57:57 - 浮点解 (30颗卫星)
  ECEF: X=-1553934.4173 Y=5438386.3612 Z=2940124.3494
  LLH:  Lat=27.624110997° Lon=105.946464823° H=996.0809m
  原始数据:
2025/11/16 09:58:15.000   27.624110997  105.946464823   996.0809   2  30   0.0254   0.0412   0.0378  -0.0104   0.0149  -0.0085  29.00    1.0 8525730

[TCP数据流] 2025/11/16 17:57:58 - 浮点解 (30颗卫星)
  ECEF: X=-1553934.4169 Y=5438386.3573 Z=2940124.3449
  LLH:  Lat=27.624110978° Lon=105.946464830° H=996.0754m
  原始数据:
2025/11/16 09:58:16.000   27.624110978  105.946464830   996.0754   2  30   0.0254   0.0411   0.0378  -0.0104   0.0148  -0.0085  30.00    1.0 8525730

[TCP数据流] 2025/11/16 17:58:04 - 浮点解 (30颗卫星)
  ECEF: X=-1553934.4064 Y=5438386.3622 Z=2940124.3621
  LLH:  Lat=27.624111107° Lon=105.946464714° H=996.0850m
  原始数据:
2025/11/16 09:58:22.000   27.624111107  105.946464714   996.0850   2  30   0.0249   0.0407   0.0371  -0.0102   0.0148  -0.0080   1.00    1.0 8525730

[TCP数据流] 2025/11/16 17:58:05 - 浮点解 (30颗卫星)
  ECEF: X=-1553934.3963 Y=5438386.3638 Z=2940124.3754
  LLH:  Lat=27.624111219° Lon=105.946464611° H=996.0901m
  原始数据:
2025/11/16 09:58:23.000   27.624111219  105.946464611   996.0901   2  30   0.0245   0.0403   0.0364  -0.0100   0.0147  -0.0076   1.00    1.0 8525730

[TCP数据流] 2025/11/16 17:58:06 - 浮点解 (30颗卫星)
  ECEF: X=-1553934.3890 Y=5438386.3696 Z=2940124.3914
  LLH:  Lat=27.624111332° Lon=105.946464524° H=996.1007m
  原始数据:
2025/11/16 09:58:24.000   27.624111332  105.946464524   996.1007   2  30   0.0241   0.0399   0.0357  -0.0098   0.0146  -0.0072   0.00    1.1 8525730

[TCP数据流] 2025/11/16 17:58:07 - 浮点解 (30颗卫星)
  ECEF: X=-1553934.3796 Y=5438386.3704 Z=2940124.4034
  LLH:  Lat=27.624111435° Lon=105.946464430° H=996.1046m
  原始数据:
2025/11/16 09:58:25.000   27.624111435  105.946464430   996.1046   2  30   0.0237   0.0395   0.0352  -0.0097   0.0145  -0.0069   1.00    1.0 8525730

[TCP数据流] 2025/11/16 17:58:08 - 浮点解 (30颗卫星)
  ECEF: X=-1553934.3706 Y=5438386.3726 Z=2940124.4165
  LLH:  Lat=27.624111542° Lon=105.946464336° H=996.1104m
  原始数据:
2025/11/16 09:58:26.000   27.624111542  105.946464336   996.1104   2  30   0.0233   0.0391   0.0346  -0.0095   0.0145  -0.0065   0.00    1.0 8525730

[TCP数据流] 2025/11/16 17:58:09 - 浮点解 (30颗卫星)
  ECEF: X=-1553934.3611 Y=5438386.3741 Z=2940124.4270
  LLH:  Lat=27.624111630° Lon=105.946464239° H=996.1142m
  原始数据:
2025/11/16 09:58:27.000   27.624111630  105.946464239   996.1142   2  30   0.0230   0.0388   0.0341  -0.0094   0.0144  -0.0062   1.00    1.0 8525730

[TCP数据流] 2025/11/16 17:58:10 - 浮点解 (30颗卫星)
  ECEF: X=-1553934.3530 Y=5438386.3740 Z=2940124.4357
  LLH:  Lat=27.624111710° Lon=105.946464161° H=996.1162m
  原始数据:
2025/11/16 09:58:28.000   27.624111710  105.946464161   996.1162   2  30   0.0226   0.0384   0.0336  -0.0093   0.0143  -0.0059   1.00    1.0 8525730

[TCP数据流] 2025/11/16 17:58:11 - 浮点解 (30颗卫星)
  ECEF: X=-1553934.3475 Y=5438386.3719 Z=2940124.4415
  LLH:  Lat=27.624111771° Lon=105.946464113° H=996.1157m
  原始数据:
2025/11/16 09:58:29.000   27.624111771  105.946464113   996.1157   2  30   0.0224   0.0381   0.0332  -0.0091   0.0142  -0.0057   2.00    1.0 8525730

[TCP数据流] 2025/11/16 17:58:12 - 浮点解 (30颗卫星)
  ECEF: X=-1553934.3434 Y=5438386.3707 Z=2940124.4440
  LLH:  Lat=27.624111800° Lon=105.946464077° H=996.1149m
  原始数据:
2025/11/16 09:58:30.000   27.624111800  105.946464077   996.1149   2  30   0.0222   0.0379   0.0328  -0.0090   0.0141  -0.0055   3.00    1.1 8525730

[TCP数据流] 2025/11/16 17:58:13 - 浮点解 (30颗卫星)
  ECEF: X=-1553934.3399 Y=5438386.3668 Z=2940124.4445
  LLH:  Lat=27.624111824° Lon=105.946464053° H=996.1109m
  原始数据:
2025/11/16 09:58:31.000   27.624111824  105.946464053   996.1109   2  30   0.0220   0.0377   0.0325  -0.0089   0.0141  -0.0054   4.00    1.1 8525730

[TCP数据流] 2025/11/16 17:58:14 - 浮点解 (30颗卫星)
  ECEF: X=-1553934.3385 Y=5438386.3630 Z=2940124.4435
  LLH:  Lat=27.624111833° Lon=105.946464050° H=996.1069m
  原始数据:
2025/11/16 09:58:32.000   27.624111833  105.946464050   996.1069   2  30   0.0218   0.0375   0.0323  -0.0089   0.0140  -0.0053   5.00    1.1 8525730

[TCP数据流] 2025/11/16 17:58:15 - 浮点解 (30颗卫星)
  ECEF: X=-1553934.3376 Y=5438386.3595 Z=2940124.4409
  LLH:  Lat=27.624111827° Lon=105.946464051° H=996.1025m
  原始数据:
2025/11/16 09:58:33.000   27.624111827  105.946464051   996.1025   2  30   0.0217   0.0373   0.0320  -0.0088   0.0139  -0.0052   6.00    1.0 8525730

[TCP数据流] 2025/11/16 17:58:16 - 浮点解 (30颗卫星)
  ECEF: X=-1553934.3367 Y=5438386.3550 Z=2940124.4372
  LLH:  Lat=27.624111817° Lon=105.946464055° H=996.0967m
  原始数据:
2025/11/16 09:58:34.000   27.624111817  105.946464055   996.0967   2  30   0.0216   0.0371   0.0319  -0.0088   0.0139  -0.0051   7.00    1.0 8525730

[TCP数据流] 2025/11/16 17:58:17 - 浮点解 (30颗卫星)
  ECEF: X=-1553934.3361 Y=5438386.3504 Z=2940124.4337
  LLH:  Lat=27.624111808° Lon=105.946464062° H=996.0910m
  原始数据:
2025/11/16 09:58:35.000   27.624111808  105.946464062   996.0910   2  30   0.0215   0.0370   0.0317  -0.0087   0.0138  -0.0051   8.00    1.0 8525730

[TCP数据流] 2025/11/16 17:58:18 - 浮点解 (23颗卫星)
  ECEF: X=-1553934.3354 Y=5438386.3455 Z=2940124.4300
  LLH:  Lat=27.624111799° Lon=105.946464069° H=996.0850m
  原始数据:
2025/11/16 09:58:36.000   27.624111799  105.946464069   996.0850   2  23   0.0214   0.0369   0.0316  -0.0087   0.0138  -0.0050   9.00    1.2 8525730

[TCP数据流] 2025/11/16 17:58:19 - 浮点解 (30颗卫星)
  ECEF: X=-1553934.3350 Y=5438386.3418 Z=2940124.4255
  LLH:  Lat=27.624111779° Lon=105.946464075° H=996.0796m
  原始数据:
2025/11/16 09:58:37.000   27.624111779  105.946464075   996.0796   2  30   0.0214   0.0368   0.0315  -0.0086   0.0138  -0.0050  10.00    1.0 8525730

[TCP数据流] 2025/11/16 17:58:20 - 浮点解 (30颗卫星)
  ECEF: X=-1553934.3346 Y=5438386.3377 Z=2940124.4211
  LLH:  Lat=27.624111760° Lon=105.946464083° H=996.0740m
  原始数据:
2025/11/16 09:58:38.000   27.624111760  105.946464083   996.0740   2  30   0.0213   0.0367   0.0314  -0.0086   0.0137  -0.0049  11.00    1.0 8525730

[TCP数据流] 2025/11/16 17:58:21 - 浮点解 (30颗卫星)
  ECEF: X=-1553934.3344 Y=5438386.3334 Z=2940124.4165
  LLH:  Lat=27.624111741° Lon=105.946464093° H=996.0682m
  原始数据:
2025/11/16 09:58:39.000   27.624111741  105.946464093   996.0682   2  30   0.0213   0.0366   0.0313  -0.0086   0.0137  -0.0049  12.00    1.0 8525730

[TCP数据流] 2025/11/16 17:58:22 - 浮点解 (30颗卫星)
  ECEF: X=-1553934.3345 Y=5438386.3294 Z=2940124.4121
  LLH:  Lat=27.624111722° Lon=105.946464105° H=996.0627m
  原始数据:
2025/11/16 09:58:40.000   27.624111722  105.946464105   996.0627   2  30   0.0212   0.0365   0.0312  -0.0085   0.0137  -0.0049  13.00    1.0 8525730

[TCP数据流] 2025/11/16 17:58:23 - 浮点解 (30颗卫星)
  ECEF: X=-1553934.3345 Y=5438386.3254 Z=2940124.4077
  LLH:  Lat=27.624111703° Lon=105.946464116° H=996.0573m
  原始数据:
2025/11/16 09:58:41.000   27.624111703  105.946464116   996.0573   2  30   0.0212   0.0364   0.0312  -0.0085   0.0136  -0.0049  14.00    1.0 8525730

[TCP数据流] 2025/11/16 17:58:24 - 浮点解 (30颗卫星)
  ECEF: X=-1553934.3345 Y=5438386.3216 Z=2940124.4032
  LLH:  Lat=27.624111682° Lon=105.946464127° H=996.0520m
  原始数据:
2025/11/16 09:58:42.000   27.624111682  105.946464127   996.0520   2  30   0.0211   0.0364   0.0311  -0.0085   0.0136  -0.0049  15.00    1.0 8525730

[TCP数据流] 2025/11/16 17:58:25 - 浮点解 (30颗卫星)
  ECEF: X=-1553934.3352 Y=5438386.3184 Z=2940124.3993
  LLH:  Lat=27.624111663° Lon=105.946464142° H=996.0476m
  原始数据:
2025/11/16 09:58:43.000   27.624111663  105.946464142   996.0476   2  30   0.0211   0.0363   0.0311  -0.0085   0.0136  -0.0048  16.00    1.0 8525730

[TCP数据流] 2025/11/16 17:58:26 - 浮点解 (30颗卫星)
  ECEF: X=-1553934.3354 Y=5438386.3153 Z=2940124.3957
  LLH:  Lat=27.624111646° Lon=105.946464153° H=996.0433m
  原始数据:
2025/11/16 09:58:44.000   27.624111646  105.946464153   996.0433   2  30   0.0211   0.0362   0.0310  -0.0085   0.0135  -0.0048  17.00    1.0 8525730

[TCP数据流] 2025/11/16 17:58:27 - 浮点解 (30颗卫星)
  ECEF: X=-1553934.3356 Y=5438386.3120 Z=2940124.3917
  LLH:  Lat=27.624111627° Lon=105.946464164° H=996.0387m
  原始数据:
2025/11/16 09:58:45.000   27.624111627  105.946464164   996.0387   2  30   0.0210   0.0361   0.0310  -0.0084   0.0135  -0.0048  18.00    1.0 8525730

[TCP数据流] 2025/11/16 17:58:28 - 浮点解 (30颗卫星)
  ECEF: X=-1553934.3363 Y=5438386.3092 Z=2940124.3874
  LLH:  Lat=27.624111604° Lon=105.946464179° H=996.0345m
  原始数据:
2025/11/16 09:58:46.000   27.624111604  105.946464179   996.0345   2  30   0.0210   0.0361   0.0309  -0.0084   0.0135  -0.0048  19.00    1.0 8525730

[TCP数据流] 2025/11/16 17:58:29 - 浮点解 (30颗卫星)
  ECEF: X=-1553934.3378 Y=5438386.3064 Z=2940124.3834
  LLH:  Lat=27.624111581° Lon=105.946464201° H=996.0306m
  原始数据:
2025/11/16 09:58:47.000   27.624111581  105.946464201   996.0306   2  30   0.0210   0.0360   0.0309  -0.0084   0.0135  -0.0048  20.00    1.0 8525730

[TCP数据流] 2025/11/16 17:58:30 - 浮点解 (30颗卫星)
  ECEF: X=-1553934.3391 Y=5438386.3037 Z=2940124.3797
  LLH:  Lat=27.624111561° Lon=105.946464221° H=996.0269m
  原始数据:
2025/11/16 09:58:48.000   27.624111561  105.946464221   996.0269   2  30   0.0210   0.0359   0.0309  -0.0084   0.0134  -0.0048  21.00    1.0 8525730

[TCP数据流] 2025/11/16 17:58:31 - 浮点解 (30颗卫星)
  ECEF: X=-1553934.3405 Y=5438386.3009 Z=2940124.3758
  LLH:  Lat=27.624111539° Lon=105.946464243° H=996.0231m
  原始数据:
2025/11/16 09:58:49.000   27.624111539  105.946464243   996.0231   2  30   0.0209   0.0359   0.0308  -0.0084   0.0134  -0.0048  22.00    1.0 8525730

[TCP数据流] 2025/11/16 17:58:32 - 浮点解 (30颗卫星)
  ECEF: X=-1553934.3414 Y=5438386.2984 Z=2940124.3719
  LLH:  Lat=27.624111517° Lon=105.946464258° H=996.0194m
  原始数据:
2025/11/16 09:58:50.000   27.624111517  105.946464258   996.0194   2  30   0.0209   0.0358   0.0308  -0.0084   0.0134  -0.0048  23.00    1.0 8525730

[TCP数据流] 2025/11/16 17:58:33 - 浮点解 (30颗卫星)
  ECEF: X=-1553934.3427 Y=5438386.2957 Z=2940124.3682
  LLH:  Lat=27.624111497° Lon=105.946464278° H=996.0157m
  原始数据:
2025/11/16 09:58:51.000   27.624111497  105.946464278   996.0157   2  30   0.0209   0.0358   0.0308  -0.0083   0.0134  -0.0048  24.00    1.0 8525730

[TCP数据流] 2025/11/16 17:58:34 - 浮点解 (30颗卫星)
  ECEF: X=-1553934.3429 Y=5438386.2933 Z=2940124.3644
  LLH:  Lat=27.624111476° Lon=105.946464287° H=996.0119m
  原始数据:
2025/11/16 09:58:52.000   27.624111476  105.946464287   996.0119   2  30   0.0209   0.0357   0.0307  -0.0083   0.0134  -0.0048  25.00    1.0 8525730

[TCP数据流] 2025/11/16 17:58:35 - 浮点解 (30颗卫星)
  ECEF: X=-1553934.3436 Y=5438386.2908 Z=2940124.3609
  LLH:  Lat=27.624111457° Lon=105.946464301° H=996.0083m
  原始数据:
2025/11/16 09:58:53.000   27.624111457  105.946464301   996.0083   2  30   0.0208   0.0357   0.0307  -0.0083   0.0133  -0.0048  26.00    1.0 8525730

[TCP数据流] 2025/11/16 17:58:36 - 浮点解 (30颗卫星)
  ECEF: X=-1553934.3443 Y=5438386.2881 Z=2940124.3574
  LLH:  Lat=27.624111439° Lon=105.946464315° H=996.0046m
  原始数据:
2025/11/16 09:58:54.000   27.624111439  105.946464315   996.0046   2  30   0.0208   0.0356   0.0307  -0.0083   0.0133  -0.0048  27.00    1.0 8525730

[TCP数据流] 2025/11/16 17:58:37 - 浮点解 (30颗卫星)
  ECEF: X=-1553934.3448 Y=5438386.2856 Z=2940124.3539
  LLH:  Lat=27.624111421° Lon=105.946464327° H=996.0010m
  原始数据:
2025/11/16 09:58:55.000   27.624111421  105.946464327   996.0010   2  30   0.0208   0.0355   0.0307  -0.0083   0.0133  -0.0047  28.00    1.0 8525730

[TCP数据流] 2025/11/16 17:58:38 - 浮点解 (30颗卫星)
  ECEF: X=-1553934.3457 Y=5438386.2832 Z=2940124.3507
  LLH:  Lat=27.624111404° Lon=105.946464343° H=995.9976m
  原始数据:
2025/11/16 09:58:56.000   27.624111404  105.946464343   995.9976   2  30   0.0208   0.0355   0.0306  -0.0083   0.0133  -0.0047  29.00    1.0 8525730

[TCP数据流] 2025/11/16 17:58:39 - 浮点解 (30颗卫星)
  ECEF: X=-1553934.3463 Y=5438386.2807 Z=2940124.3476
  LLH:  Lat=27.624111389° Lon=105.946464355° H=995.9942m
  原始数据:
2025/11/16 09:58:57.000   27.624111389  105.946464355   995.9942   2  30   0.0208   0.0354   0.0306  -0.0083   0.0133  -0.0047  30.00    1.0 8525730

[TCP数据流] 2025/11/16 17:59:00 - 浮点解 (30颗卫星)
  ECEF: X=-1553934.3150 Y=5438386.2827 Z=2940124.3792
  LLH:  Lat=27.624111669° Lon=105.946464045° H=996.0029m
  原始数据:
2025/11/16 09:59:18.000   27.624111669  105.946464045   996.0029   2  30   0.0194   0.0339   0.0285  -0.0077   0.0128  -0.0035   7.00    1.1 8525730

[TCP数据流] 2025/11/16 18:01:23 - 固定解 (30颗卫星)
  ECEF: X=-1553934.3561 Y=5438386.7104 Z=2940124.6884
  LLH:  Lat=27.624112373° Lon=105.946463255° H=996.5207m
  原始数据:
2025/11/16 10:01:41.000   27.624112373  105.946463255   996.5207   1  30   0.0009   0.0005   0.0022   0.0003  -0.0006  -0.0005   5.00    6.0 8525730

[TCP数据流] 2025/11/16 18:01:24 - 固定解 (30颗卫星)
  ECEF: X=-1553934.3562 Y=5438386.7106 Z=2940124.6883
  LLH:  Lat=27.624112372° Lon=105.946463255° H=996.5208m
  原始数据:
2025/11/16 10:01:42.000   27.624112372  105.946463255   996.5208   1  30   0.0009   0.0005   0.0022   0.0003  -0.0006  -0.0005   6.00    6.2 8525730

[TCP数据流] 2025/11/16 18:01:25 - 固定解 (30颗卫星)
  ECEF: X=-1553934.3562 Y=5438386.7107 Z=2940124.6882
  LLH:  Lat=27.624112370° Lon=105.946463255° H=996.5209m
  原始数据:
2025/11/16 10:01:43.000   27.624112370  105.946463255   996.5209   1  30   0.0009   0.0005   0.0022   0.0003  -0.0005  -0.0005   7.00    6.3 8525730

[TCP数据流] 2025/11/16 18:01:26 - 固定解 (30颗卫星)
  ECEF: X=-1553934.3564 Y=5438386.7121 Z=2940124.6883
  LLH:  Lat=27.624112365° Lon=105.946463253° H=996.5222m
  原始数据:
2025/11/16 10:01:44.000   27.624112365  105.946463253   996.5222   1  30   0.0009   0.0005   0.0021   0.0003  -0.0005  -0.0004   8.00    3.3 8525730

[TCP数据流] 2025/11/16 18:01:27 - 固定解 (30颗卫星)
  ECEF: X=-1553934.3563 Y=5438386.7139 Z=2940124.6889
  LLH:  Lat=27.624112363° Lon=105.946463247° H=996.5240m
  原始数据:
2025/11/16 10:01:45.000   27.624112363  105.946463247   996.5240   1  30   0.0009   0.0005   0.0021   0.0003  -0.0005  -0.0004   9.00    3.2 8525730

[TCP数据流] 2025/11/16 18:01:28 - 固定解 (30颗卫星)
  ECEF: X=-1553934.3564 Y=5438386.7142 Z=2940124.6889
  LLH:  Lat=27.624112362° Lon=105.946463247° H=996.5242m
  原始数据:
2025/11/16 10:01:46.000   27.624112362  105.946463247   996.5242   1  30   0.0009   0.0005   0.0021   0.0003  -0.0005  -0.0004  10.00    3.4 8525730

[TCP数据流] 2025/11/16 18:01:29 - 固定解 (23颗卫星)
  ECEF: X=-1553934.3562 Y=5438386.7189 Z=2940124.6924
  LLH:  Lat=27.624112371° Lon=105.946463232° H=996.5298m
  原始数据:
2025/11/16 10:01:47.000   27.624112371  105.946463232   996.5298   1  23   0.0009   0.0005   0.0024   0.0002  -0.0006  -0.0003  11.00    3.7 8525730

[TCP数据流] 2025/11/16 18:01:30 - 固定解 (30颗卫星)
  ECEF: X=-1553934.3564 Y=5438386.7167 Z=2940124.6898
  LLH:  Lat=27.624112359° Lon=105.946463240° H=996.5268m
  原始数据:
2025/11/16 10:01:48.000   27.624112359  105.946463240   996.5268   1  30   0.0009   0.0005   0.0019   0.0003  -0.0003  -0.0003  12.00    3.3 8525730

[TCP数据流] 2025/11/16 18:01:31 - 固定解 (30颗卫星)
  ECEF: X=-1553934.3564 Y=5438386.7168 Z=2940124.6899
  LLH:  Lat=27.624112359° Lon=105.946463240° H=996.5269m
  原始数据:
2025/11/16 10:01:49.000   27.624112359  105.946463240   996.5269   1  30   0.0009   0.0005   0.0019   0.0003  -0.0003  -0.0003  13.00    3.3 8525730

[TCP数据流] 2025/11/16 18:01:32 - 固定解 (30颗卫星)
  ECEF: X=-1553934.3562 Y=5438386.7167 Z=2940124.6903
  LLH:  Lat=27.624112363° Lon=105.946463238° H=996.5269m
  原始数据:
2025/11/16 10:01:50.000   27.624112363  105.946463238   996.5269   1  30   0.0008   0.0005   0.0019   0.0002  -0.0003  -0.0003  14.00    3.3 8525730

[TCP数据流] 2025/11/16 18:01:33 - 固定解 (30颗卫星)
  ECEF: X=-1553934.3561 Y=5438386.7172 Z=2940124.6902
  LLH:  Lat=27.624112360° Lon=105.946463236° H=996.5273m
  原始数据:
2025/11/16 10:01:51.000   27.624112360  105.946463236   996.5273   1  30   0.0009   0.0005   0.0019   0.0003  -0.0003  -0.0003  15.00    3.4 8525730

[TCP数据流] 2025/11/16 18:01:34 - 固定解 (30颗卫星)
  ECEF: X=-1553934.3558 Y=5438386.7158 Z=2940124.6903
  LLH:  Lat=27.624112367° Lon=105.946463237° H=996.5261m
  原始数据:
2025/11/16 10:01:52.000   27.624112367  105.946463237   996.5261   1  30   0.0009   0.0005   0.0019   0.0003  -0.0004  -0.0004  16.00    3.8 8525730

[TCP数据流] 2025/11/16 18:01:35 - 固定解 (30颗卫星)
  ECEF: X=-1553934.3558 Y=5438386.7158 Z=2940124.6904
  LLH:  Lat=27.624112368° Lon=105.946463237° H=996.5261m
  原始数据:
2025/11/16 10:01:53.000   27.624112368  105.946463237   996.5261   1  30   0.0009   0.0005   0.0019   0.0003  -0.0004  -0.0004  17.00    3.8 8525730

[TCP数据流] 2025/11/16 18:01:36 - 固定解 (30颗卫星)
  ECEF: X=-1553934.3561 Y=5438386.7157 Z=2940124.6917
  LLH:  Lat=27.624112378° Lon=105.946463240° H=996.5267m
  原始数据:
2025/11/16 10:01:54.000   27.624112378  105.946463240   996.5267   1  30   0.0008   0.0005   0.0019   0.0002  -0.0004  -0.0004  18.00    3.7 8525730

[TCP数据流] 2025/11/16 18:01:37 - 固定解 (30颗卫星)
  ECEF: X=-1553934.3561 Y=5438386.7157 Z=2940124.6917
  LLH:  Lat=27.624112378° Lon=105.946463240° H=996.5267m
  原始数据:
2025/11/16 10:01:55.000   27.624112378  105.946463240   996.5267   1  30   0.0008   0.0005   0.0019   0.0002  -0.0004  -0.0004  19.00    3.8 8525730

[TCP数据流] 2025/11/16 18:01:38 - 固定解 (30颗卫星)
  ECEF: X=-1553934.3560 Y=5438386.7157 Z=2940124.6918
  LLH:  Lat=27.624112379° Lon=105.946463239° H=996.5267m
  原始数据:
2025/11/16 10:01:56.000   27.624112379  105.946463239   996.5267   1  30   0.0008   0.0005   0.0019   0.0002  -0.0004  -0.0004  20.00    4.0 8525730

[TCP数据流] 2025/11/16 18:01:39 - 固定解 (30颗卫星)
  ECEF: X=-1553934.3557 Y=5438386.7104 Z=2940124.6867
  LLH:  Lat=27.624112360° Lon=105.946463251° H=996.5198m
  原始数据:
2025/11/16 10:01:57.000   27.624112360  105.946463251   996.5198   1  30   0.0008   0.0005   0.0018   0.0003  -0.0003  -0.0005  21.00    3.3 8525730

[TCP数据流] 2025/11/16 18:01:40 - 固定解 (30颗卫星)
  ECEF: X=-1553934.3557 Y=5438386.7104 Z=2940124.6868
  LLH:  Lat=27.624112361° Lon=105.946463251° H=996.5198m
  原始数据:
2025/11/16 10:01:58.000   27.624112361  105.946463251   996.5198   1  30   0.0008   0.0005   0.0018   0.0003  -0.0003  -0.0005  22.00    3.4 8525730

[TCP数据流] 2025/11/16 18:01:41 - 固定解 (30颗卫星)
  ECEF: X=-1553934.3557 Y=5438386.7103 Z=2940124.6868
  LLH:  Lat=27.624112361° Lon=105.946463251° H=996.5197m
  原始数据:
2025/11/16 10:01:59.000   27.624112361  105.946463251   996.5197   1  30   0.0008   0.0005   0.0018   0.0003  -0.0003  -0.0005  23.00    3.5 8525730

[TCP数据流] 2025/11/16 18:01:42 - 固定解 (30颗卫星)
  ECEF: X=-1553934.3556 Y=5438386.7102 Z=2940124.6869
  LLH:  Lat=27.624112362° Lon=105.946463250° H=996.5197m
  原始数据:
2025/11/16 10:02:00.000   27.624112362  105.946463250   996.5197   1  30   0.0008   0.0005   0.0018   0.0003  -0.0003  -0.0005  24.00    3.5 8525730

[TCP数据流] 2025/11/16 18:01:43 - 固定解 (30颗卫星)
  ECEF: X=-1553934.3555 Y=5438386.7102 Z=2940124.6869
  LLH:  Lat=27.624112363° Lon=105.946463250° H=996.5197m
  原始数据:
2025/11/16 10:02:01.000   27.624112363  105.946463250   996.5197   1  30   0.0008   0.0005   0.0018   0.0003  -0.0003  -0.0005  25.00    3.6 8525730

[TCP数据流] 2025/11/16 18:01:44 - 固定解 (30颗卫星)
  ECEF: X=-1553934.3555 Y=5438386.7101 Z=2940124.6869
  LLH:  Lat=27.624112363° Lon=105.946463250° H=996.5196m
  原始数据:
2025/11/16 10:02:02.000   27.624112363  105.946463250   996.5196   1  30   0.0008   0.0005   0.0018   0.0003  -0.0003  -0.0005  26.00    3.6 8525730

[TCP数据流] 2025/11/16 18:01:45 - 固定解 (30颗卫星)
  ECEF: X=-1553934.3555 Y=5438386.7104 Z=2940124.6869
  LLH:  Lat=27.624112362° Lon=105.946463249° H=996.5198m
  原始数据:
2025/11/16 10:02:03.000   27.624112362  105.946463249   996.5198   1  30   0.0008   0.0005   0.0018   0.0003  -0.0003  -0.0005  27.00    3.6 8525730

[TCP数据流] 2025/11/16 18:01:46 - 固定解 (30颗卫星)
  ECEF: X=-1553934.3557 Y=5438386.7134 Z=2940124.6852
  LLH:  Lat=27.624112336° Lon=105.946463243° H=996.5217m
  原始数据:
2025/11/16 10:02:04.000   27.624112336  105.946463243   996.5217   1  30   0.0008   0.0005   0.0018   0.0002  -0.0002  -0.0005  28.00    3.1 8525730

[TCP数据流] 2025/11/16 18:01:47 - 固定解 (30颗卫星)
  ECEF: X=-1553934.3557 Y=5438386.7135 Z=2940124.6853
  LLH:  Lat=27.624112336° Lon=105.946463242° H=996.5218m
  原始数据:
2025/11/16 10:02:05.000   27.624112336  105.946463242   996.5218   1  30   0.0008   0.0005   0.0018   0.0002  -0.0002  -0.0005  29.00    3.1 8525730

[TCP数据流] 2025/11/16 18:01:48 - 固定解 (30颗卫星)
  ECEF: X=-1553934.3557 Y=5438386.7135 Z=2940124.6853
  LLH:  Lat=27.624112336° Lon=105.946463242° H=996.5218m
  原始数据:
2025/11/16 10:02:06.000   27.624112336  105.946463242   996.5218   1  30   0.0008   0.0005   0.0018   0.0002  -0.0002  -0.0005  30.00    3.1 8525730

[TCP数据流] 2025/11/16 18:01:54 - 固定解 (22颗卫星)
  ECEF: X=-1553934.3662 Y=5438386.7366 Z=2940124.6724
  LLH:  Lat=27.624112128° Lon=105.946463280° H=996.5380m
  原始数据:
2025/11/16 10:02:12.000   27.624112128  105.946463280   996.5380   1  22   0.0026   0.0006   0.0035  -0.0008   0.0008  -0.0024   0.00    4.7 8525730

[TCP数据流] 2025/11/16 18:01:55 - 固定解 (30颗卫星)
  ECEF: X=-1553934.3554 Y=5438386.7119 Z=2940124.6852
  LLH:  Lat=27.624112342° Lon=105.946463244° H=996.5203m
  原始数据:
2025/11/16 10:02:13.000   27.624112342  105.946463244   996.5203   1  30   0.0009   0.0005   0.0018   0.0003  -0.0002  -0.0005   1.00    4.6 8525730

[TCP数据流] 2025/11/16 18:01:56 - 固定解 (23颗卫星)
  ECEF: X=-1553934.3561 Y=5438386.7212 Z=2940124.6922
  LLH:  Lat=27.624112360° Lon=105.946463225° H=996.5317m
  原始数据:
2025/11/16 10:02:14.000   27.624112360  105.946463225   996.5317   1  23   0.0009   0.0005   0.0023   0.0002  -0.0005  -0.0003   0.00    6.8 8525730

[TCP数据流] 2025/11/16 18:01:57 - 固定解 (30颗卫星)
  ECEF: X=-1553934.3555 Y=5438386.7129 Z=2940124.6849
  LLH:  Lat=27.624112336° Lon=105.946463242° H=996.5210m
  原始数据:
2025/11/16 10:02:15.000   27.624112336  105.946463242   996.5210   1  30   0.0009   0.0005   0.0018   0.0003  -0.0002  -0.0005   1.00    5.2 8525730

[TCP数据流] 2025/11/16 18:01:58 - 固定解 (30颗卫星)
  ECEF: X=-1553934.3555 Y=5438386.7132 Z=2940124.6848
  LLH:  Lat=27.624112334° Lon=105.946463241° H=996.5213m
  原始数据:
2025/11/16 10:02:16.000   27.624112334  105.946463241   996.5213   1  30   0.0009   0.0005   0.0017   0.0003  -0.0002  -0.0005   2.00    5.5 8525730

[TCP数据流] 2025/11/16 18:01:59 - 固定解 (23颗卫星)
  ECEF: X=-1553934.3570 Y=5438386.7048 Z=2940124.6851
  LLH:  Lat=27.624112368° Lon=105.946463279° H=996.5146m
  原始数据:
2025/11/16 10:02:17.000   27.624112368  105.946463279   996.5146   1  23   0.0013   0.0011   0.0018   0.0011   0.0005   0.0002   3.00   12.4 8525730

[TCP数据流] 2025/11/16 18:02:00 - 固定解 (30颗卫星)
  ECEF: X=-1553934.3556 Y=5438386.7135 Z=2940124.6847
  LLH:  Lat=27.624112332° Lon=105.946463241° H=996.5215m
  原始数据:
2025/11/16 10:02:18.000   27.624112332  105.946463241   996.5215   1  30   0.0009   0.0005   0.0017   0.0003  -0.0002  -0.0005   4.00    5.7 8525730

[TCP数据流] 2025/11/16 18:02:01 - 固定解 (30颗卫星)
  ECEF: X=-1553934.3555 Y=5438386.7138 Z=2940124.6847
  LLH:  Lat=27.624112331° Lon=105.946463240° H=996.5217m
  原始数据:
2025/11/16 10:02:19.000   27.624112331  105.946463240   996.5217   1  30   0.0009   0.0005   0.0017   0.0003  -0.0002  -0.0005   5.00    5.7 8525730

[TCP数据流] 2025/11/16 18:02:02 - 固定解 (30颗卫星)
  ECEF: X=-1553934.3556 Y=5438386.7139 Z=2940124.6847
  LLH:  Lat=27.624112330° Lon=105.946463240° H=996.5218m
  原始数据:
2025/11/16 10:02:20.000   27.624112330  105.946463240   996.5218   1  30   0.0009   0.0005   0.0017   0.0003  -0.0002  -0.0005   6.00    5.8 8525730

[TCP数据流] 2025/11/16 18:02:03 - 固定解 (30颗卫星)
  ECEF: X=-1553934.3555 Y=5438386.7140 Z=2940124.6847
  LLH:  Lat=27.624112330° Lon=105.946463239° H=996.5219m
  原始数据:
2025/11/16 10:02:21.000   27.624112330  105.946463239   996.5219   1  30   0.0009   0.0004   0.0017   0.0003  -0.0002  -0.0005   7.00    5.8 8525730

[TCP数据流] 2025/11/16 18:02:04 - 固定解 (30颗卫星)
  ECEF: X=-1553934.3554 Y=5438386.7134 Z=2940124.6848
  LLH:  Lat=27.624112333° Lon=105.946463240° H=996.5214m
  原始数据:
2025/11/16 10:02:22.000   27.624112333  105.946463240   996.5214   1  30   0.0008   0.0004   0.0017   0.0003  -0.0002  -0.0005   8.00    5.8 8525730

[TCP数据流] 2025/11/16 18:02:05 - 固定解 (30颗卫星)
  ECEF: X=-1553934.3555 Y=5438386.7135 Z=2940124.6848
  LLH:  Lat=27.624112333° Lon=105.946463240° H=996.5215m
  原始数据:
2025/11/16 10:02:23.000   27.624112333  105.946463240   996.5215   1  30   0.0008   0.0004   0.0017   0.0003  -0.0002  -0.0005   9.00    5.8 8525730

[TCP数据流] 2025/11/16 18:02:06 - 固定解 (30颗卫星)
  ECEF: X=-1553934.3555 Y=5438386.7135 Z=2940124.6847
  LLH:  Lat=27.624112332° Lon=105.946463240° H=996.5215m
  原始数据:
2025/11/16 10:02:24.000   27.624112332  105.946463240   996.5215   1  30   0.0008   0.0004   0.0017   0.0003  -0.0002  -0.0005  10.00    5.8 8525730

[TCP数据流] 2025/11/16 18:02:07 - 固定解 (23颗卫星)
  ECEF: X=-1553934.3562 Y=5438386.7228 Z=2940124.6919
  LLH:  Lat=27.624112351° Lon=105.946463221° H=996.5329m
  原始数据:
2025/11/16 10:02:25.000   27.624112351  105.946463221   996.5329   1  23   0.0009   0.0005   0.0022   0.0002  -0.0005  -0.0002  11.00    7.3 8525730

[TCP数据流] 2025/11/16 18:02:08 - 固定解 (30颗卫星)
  ECEF: X=-1553934.3554 Y=5438386.7139 Z=2940124.6847
  LLH:  Lat=27.624112330° Lon=105.946463238° H=996.5218m
  原始数据:
2025/11/16 10:02:26.000   27.624112330  105.946463238   996.5218   1  30   0.0008   0.0004   0.0017   0.0003  -0.0002  -0.0005   0.00    6.1 8525730

========== RTKRCV 退出 ==========
时间: 2025-11-16T10:02:08.911Z
退出码: 0
信号: null
================================

